           
           Efinix FPGA Placement and Routing.
           Version: 2025.1.110.5.9 
           Compiled: Sep 19 2025.
           
           Copyright (C) 2013 - 2025 Efinix, Inc. All rights reserved.

           
           The Tool Is Based on VPR of University of Toronto,
           a free open source code under MIT license.
           
           ***** Beginning stage netlist pre-processing ... *****
INFO     : Successfully Read in Verific binary Netlist dump file "outflow\Ti60_Demo.vdb".
INFO     : ***** Beginning VDB Netlist Checker ... *****
WARNING  : D:\yilingsi_fpga\Efinity_Project\Ti60F225_OV5640_HDMI_Official\example_top.v(11): Input/inout port clk_24m is unconnected and will be removed. [VDB-8003]
WARNING  : D:\yilingsi_fpga\Efinity_Project\Ti60F225_OV5640_HDMI_Official\example_top.v(12): Input/inout port clk_25m is unconnected and will be removed. [VDB-8003]
WARNING  : D:\yilingsi_fpga\Efinity_Project\Ti60F225_OV5640_HDMI_Official\example_top.v(21): Input/inout port clk_pixel_2x is unconnected and will be removed. [VDB-8003]
WARNING  : D:\yilingsi_fpga\Efinity_Project\Ti60F225_OV5640_HDMI_Official\example_top.v(22): Input/inout port clk_pixel_10x is unconnected and will be removed. [VDB-8003]
WARNING  : D:\yilingsi_fpga\Efinity_Project\Ti60F225_OV5640_HDMI_Official\example_top.v(30): Input/inout port dsi_refclk_i is unconnected and will be removed. [VDB-8003]
WARNING  : D:\yilingsi_fpga\Efinity_Project\Ti60F225_OV5640_HDMI_Official\example_top.v(31): Input/inout port dsi_byteclk_i is unconnected and will be removed. [VDB-8003]
WARNING  : D:\yilingsi_fpga\Efinity_Project\Ti60F225_OV5640_HDMI_Official\example_top.v(32): Input/inout port dsi_serclk_i is unconnected and will be removed. [VDB-8003]
WARNING  : D:\yilingsi_fpga\Efinity_Project\Ti60F225_OV5640_HDMI_Official\example_top.v(33): Input/inout port dsi_txcclk_i is unconnected and will be removed. [VDB-8003]
WARNING  : D:\yilingsi_fpga\Efinity_Project\Ti60F225_OV5640_HDMI_Official\example_top.v(60): Input/inout port clk_lvds_1x is unconnected and will be removed. [VDB-8003]
WARNING  : D:\yilingsi_fpga\Efinity_Project\Ti60F225_OV5640_HDMI_Official\example_top.v(61): Input/inout port clk_lvds_7x is unconnected and will be removed. [VDB-8003]
WARNING  : D:\yilingsi_fpga\Efinity_Project\Ti60F225_OV5640_HDMI_Official\example_top.v(62): Input/inout port clk_27m is unconnected and will be removed. [VDB-8003]
WARNING  : D:\yilingsi_fpga\Efinity_Project\Ti60F225_OV5640_HDMI_Official\example_top.v(63): Input/inout port clk_54m is unconnected and will be removed. [VDB-8003]
WARNING  : D:\yilingsi_fpga\Efinity_Project\Ti60F225_OV5640_HDMI_Official\example_top.v(97): Input/inout port i_dqs_n_hi[1] is unconnected and will be removed. [VDB-8003]
WARNING  : D:\yilingsi_fpga\Efinity_Project\Ti60F225_OV5640_HDMI_Official\example_top.v(98): Input/inout port i_dqs_n_lo[1] is unconnected and will be removed. [VDB-8003]
WARNING  : D:\yilingsi_fpga\Efinity_Project\Ti60F225_OV5640_HDMI_Official\example_top.v(121): Input/inout port csi_ctl0_i is unconnected and will be removed. [VDB-8003]
WARNING  : D:\yilingsi_fpga\Efinity_Project\Ti60F225_OV5640_HDMI_Official\example_top.v(125): Input/inout port csi_ctl1_i is unconnected and will be removed. [VDB-8003]
WARNING  : D:\yilingsi_fpga\Efinity_Project\Ti60F225_OV5640_HDMI_Official\example_top.v(129): Input/inout port csi_scl_i is unconnected and will be removed. [VDB-8003]
WARNING  : D:\yilingsi_fpga\Efinity_Project\Ti60F225_OV5640_HDMI_Official\example_top.v(133): Input/inout port csi_sda_i is unconnected and will be removed. [VDB-8003]
WARNING  : D:\yilingsi_fpga\Efinity_Project\Ti60F225_OV5640_HDMI_Official\example_top.v(136): Input/inout port csi_rxc_lp_p_i is unconnected and will be removed. [VDB-8003]
WARNING  : D:\yilingsi_fpga\Efinity_Project\Ti60F225_OV5640_HDMI_Official\example_top.v(137): Input/inout port csi_rxc_lp_n_i is unconnected and will be removed. [VDB-8003]
WARNING  : D:\yilingsi_fpga\Efinity_Project\Ti60F225_OV5640_HDMI_Official\example_top.v(140): Input/inout port csi_rxc_i is unconnected and will be removed. [VDB-8003]
WARNING  : D:\yilingsi_fpga\Efinity_Project\Ti60F225_OV5640_HDMI_Official\example_top.v(147): Input/inout port csi_rxd0_lp_p_i is unconnected and will be removed. [VDB-8003]
WARNING  : D:\yilingsi_fpga\Efinity_Project\Ti60F225_OV5640_HDMI_Official\example_top.v(148): Input/inout port csi_rxd0_lp_n_i is unconnected and will be removed. [VDB-8003]
WARNING  : D:\yilingsi_fpga\Efinity_Project\Ti60F225_OV5640_HDMI_Official\example_top.v(149): Input/inout port csi_rxd0_hs_i[7] is unconnected and will be removed. [VDB-8003]
WARNING  : D:\yilingsi_fpga\Efinity_Project\Ti60F225_OV5640_HDMI_Official\example_top.v(156): Input/inout port csi_rxd1_lp_n_i is unconnected and will be removed. [VDB-8003]
WARNING  : D:\yilingsi_fpga\Efinity_Project\Ti60F225_OV5640_HDMI_Official\example_top.v(157): Input/inout port csi_rxd1_lp_p_i is unconnected and will be removed. [VDB-8003]
WARNING  : D:\yilingsi_fpga\Efinity_Project\Ti60F225_OV5640_HDMI_Official\example_top.v(158): Input/inout port csi_rxd1_hs_i[7] is unconnected and will be removed. [VDB-8003]
WARNING  : D:\yilingsi_fpga\Efinity_Project\Ti60F225_OV5640_HDMI_Official\example_top.v(165): Input/inout port csi_rxd2_lp_p_i is unconnected and will be removed. [VDB-8003]
WARNING  : D:\yilingsi_fpga\Efinity_Project\Ti60F225_OV5640_HDMI_Official\example_top.v(166): Input/inout port csi_rxd2_lp_n_i is unconnected and will be removed. [VDB-8003]
WARNING  : D:\yilingsi_fpga\Efinity_Project\Ti60F225_OV5640_HDMI_Official\example_top.v(167): Input/inout port csi_rxd2_hs_i[7] is unconnected and will be removed. [VDB-8003]
WARNING  : D:\yilingsi_fpga\Efinity_Project\Ti60F225_OV5640_HDMI_Official\example_top.v(174): Input/inout port csi_rxd3_lp_p_i is unconnected and will be removed. [VDB-8003]
WARNING  : D:\yilingsi_fpga\Efinity_Project\Ti60F225_OV5640_HDMI_Official\example_top.v(175): Input/inout port csi_rxd3_lp_n_i is unconnected and will be removed. [VDB-8003]
WARNING  : D:\yilingsi_fpga\Efinity_Project\Ti60F225_OV5640_HDMI_Official\example_top.v(176): Input/inout port csi_rxd3_hs_i[7] is unconnected and will be removed. [VDB-8003]
WARNING  : D:\yilingsi_fpga\Efinity_Project\Ti60F225_OV5640_HDMI_Official\example_top.v(235): Input/inout port dsi_txd0_lp_p_i is unconnected and will be removed. [VDB-8003]
WARNING  : D:\yilingsi_fpga\Efinity_Project\Ti60F225_OV5640_HDMI_Official\example_top.v(236): Input/inout port dsi_txd0_lp_n_i is unconnected and will be removed. [VDB-8003]
WARNING  : D:\yilingsi_fpga\Efinity_Project\Ti60F225_OV5640_HDMI_Official\example_top.v(237): Input/inout port dsi_txd1_lp_p_i is unconnected and will be removed. [VDB-8003]
WARNING  : D:\yilingsi_fpga\Efinity_Project\Ti60F225_OV5640_HDMI_Official\example_top.v(238): Input/inout port dsi_txd1_lp_n_i is unconnected and will be removed. [VDB-8003]
WARNING  : D:\yilingsi_fpga\Efinity_Project\Ti60F225_OV5640_HDMI_Official\example_top.v(239): Input/inout port dsi_txd2_lp_p_i is unconnected and will be removed. [VDB-8003]
WARNING  : D:\yilingsi_fpga\Efinity_Project\Ti60F225_OV5640_HDMI_Official\example_top.v(240): Input/inout port dsi_txd2_lp_n_i is unconnected and will be removed. [VDB-8003]
WARNING  : D:\yilingsi_fpga\Efinity_Project\Ti60F225_OV5640_HDMI_Official\example_top.v(241): Input/inout port dsi_txd3_lp_p_i is unconnected and will be removed. [VDB-8003]
WARNING  : D:\yilingsi_fpga\Efinity_Project\Ti60F225_OV5640_HDMI_Official\example_top.v(242): Input/inout port dsi_txd3_lp_n_i is unconnected and will be removed. [VDB-8003]
WARNING  : D:\yilingsi_fpga\Efinity_Project\Ti60F225_OV5640_HDMI_Official\example_top.v(247): Input/inout port uart_rx_i is unconnected and will be removed. [VDB-8003]
WARNING  : D:\yilingsi_fpga\Efinity_Project\Ti60F225_OV5640_HDMI_Official\example_top.v(257): Input/inout port cmos_sdat_IN is unconnected and will be removed. [VDB-8003]
WARNING  : D:\yilingsi_fpga\Efinity_Project\Ti60F225_OV5640_HDMI_Official\example_top.v(269): Input/inout port cmos_ctl1_i is unconnected and will be removed. [VDB-8003]
WARNING  : D:\yilingsi_fpga\Efinity_Project\Ti60F225_OV5640_HDMI_Official\example_top.v(272): Input/inout port cmos_ctl2_i is unconnected and will be removed. [VDB-8003]
WARNING  : D:\yilingsi_fpga\Efinity_Project\Ti60F225_OV5640_HDMI_Official\example_top.v(275): Input/inout port cmos_ctl3_i is unconnected and will be removed. [VDB-8003]
WARNING  : D:\yilingsi_fpga\Efinity_Project\Ti60F225_OV5640_HDMI_Official\example_top.v(323): Input/inout port lcd_tp_sda_i is unconnected and will be removed. [VDB-8003]
WARNING  : D:\yilingsi_fpga\Efinity_Project\Ti60F225_OV5640_HDMI_Official\example_top.v(327): Input/inout port lcd_tp_scl_i is unconnected and will be removed. [VDB-8003]
WARNING  : D:\yilingsi_fpga\Efinity_Project\Ti60F225_OV5640_HDMI_Official\example_top.v(331): Input/inout port lcd_tp_int_i is unconnected and will be removed. [VDB-8003]
WARNING  : D:\yilingsi_fpga\Efinity_Project\Ti60F225_OV5640_HDMI_Official\example_top.v(351): Input/inout port lcd_b7_0_i[7] is unconnected and will be removed. [VDB-8003]
WARNING  : D:\yilingsi_fpga\Efinity_Project\Ti60F225_OV5640_HDMI_Official\example_top.v(352): Input/inout port lcd_g7_0_i[7] is unconnected and will be removed. [VDB-8003]
WARNING  : D:\yilingsi_fpga\Efinity_Project\Ti60F225_OV5640_HDMI_Official\example_top.v(353): Input/inout port lcd_r7_0_i[7] is unconnected and will be removed. [VDB-8003]
WARNING  : Found 103 warnings in the post-synthesis netlist.
INFO     : VDB Netlist Checker took 0.0093076 seconds.
INFO     : 	VDB Netlist Checker took 0 seconds (approximately) in total CPU time.
INFO     : VDB Netlist Checker virtual memory usage: begin = 121.532 MB, end = 122.336 MB, delta = 0.804 MB
INFO     : 	VDB Netlist Checker peak virtual memory usage = 122.344 MB
INFO     : VDB Netlist Checker resident set memory usage: begin = 131.524 MB, end = 132.752 MB, delta = 1.228 MB
INFO     : 	VDB Netlist Checker peak resident set memory usage = 132.752 MB
INFO     : ***** Ending VDB Netlist Checker ... *****
INFO     : Writing netlist 'example_top' to Verilog file 'outflow\Ti60_Demo.prevpr.v' [VDB-1030]
INFO     : Reading core interface constraints file "outflow\Ti60_Demo.interface.csv"
INFO     : Successfully read core interface constraints file "outflow\Ti60_Demo.interface.csv"
INFO     : Net clk_lvds_1x promoted to global due to interface constraints.
INFO     : Net clk_pixel_10x promoted to global due to interface constraints.
INFO     : Net clk_lvds_7x promoted to global due to interface constraints.
INFO     : Net clk_27m promoted to global due to interface constraints.
INFO     : Net dsi_serclk_i promoted to global due to interface constraints.
INFO     : Net dsi_byteclk_i promoted to global due to interface constraints.
INFO     : Net dsi_txcclk_i promoted to global due to interface constraints.
INFO     : Found 0 constant generator nets.
INFO     : Pass 0: Swept away 0 nets with no fanout.
INFO     : logical_block #0(clk_24m) has no fanout.
INFO     : Removing input.
INFO     : logical_block #1(clk_25m) has no fanout.
INFO     : Removing input.
INFO     : logical_block #5(clk_pixel_2x) has no fanout.
INFO     : Removing input.
INFO     : logical_block #9(dsi_refclk_i) has no fanout.
INFO     : Removing input.
INFO     : logical_block #33(clk_54m) has no fanout.
INFO     : Removing input.
INFO     : logical_block #149(i_dqs_n_hi[1]) has no fanout.
INFO     : Removing input.
INFO     : logical_block #150(i_dqs_n_hi[0]) has no fanout.
INFO     : Removing input.
INFO     : logical_block #151(i_dqs_n_lo[1]) has no fanout.
INFO     : Removing input.
INFO     : logical_block #152(i_dqs_n_lo[0]) has no fanout.
INFO     : Removing input.
INFO     : logical_block #171(csi_ctl0_i) has no fanout.
INFO     : Removing input.
INFO     : logical_block #174(csi_ctl1_i) has no fanout.
INFO     : Removing input.
INFO     : logical_block #177(csi_scl_i) has no fanout.
INFO     : Removing input.
INFO     : logical_block #180(csi_sda_i) has no fanout.
INFO     : Removing input.
INFO     : logical_block #181(csi_rxc_lp_p_i) has no fanout.
INFO     : Removing input.
INFO     : logical_block #182(csi_rxc_lp_n_i) has no fanout.
INFO     : Removing input.
INFO     : logical_block #185(csi_rxc_i) has no fanout.
INFO     : Removing input.
INFO     : logical_block #189(csi_rxd0_lp_p_i) has no fanout.
INFO     : Removing input.
INFO     : logical_block #190(csi_rxd0_lp_n_i) has no fanout.
INFO     : Removing input.
INFO     : logical_block #191(csi_rxd0_hs_i[7]) has no fanout.
INFO     : Removing input.
INFO     : logical_block #192(csi_rxd0_hs_i[6]) has no fanout.
INFO     : Removing input.
INFO     : logical_block #193(csi_rxd0_hs_i[5]) has no fanout.
INFO     : Removing input.
INFO     : logical_block #194(csi_rxd0_hs_i[4]) has no fanout.
INFO     : Removing input.
INFO     : logical_block #195(csi_rxd0_hs_i[3]) has no fanout.
INFO     : Removing input.
INFO     : logical_block #196(csi_rxd0_hs_i[2]) has no fanout.
INFO     : Removing input.
INFO     : logical_block #197(csi_rxd0_hs_i[1]) has no fanout.
INFO     : Removing input.
INFO     : logical_block #198(csi_rxd0_hs_i[0]) has no fanout.
INFO     : Removing input.
INFO     : logical_block #202(csi_rxd1_lp_n_i) has no fanout.
INFO     : Removing input.
INFO     : logical_block #203(csi_rxd1_lp_p_i) has no fanout.
INFO     : Removing input.
INFO     : logical_block #204(csi_rxd1_hs_i[7]) has no fanout.
INFO     : Removing input.
INFO     : logical_block #205(csi_rxd1_hs_i[6]) has no fanout.
INFO     : Removing input.
INFO     : logical_block #206(csi_rxd1_hs_i[5]) has no fanout.
INFO     : Removing input.
INFO     : logical_block #207(csi_rxd1_hs_i[4]) has no fanout.
INFO     : Removing input.
INFO     : logical_block #208(csi_rxd1_hs_i[3]) has no fanout.
INFO     : Removing input.
INFO     : logical_block #209(csi_rxd1_hs_i[2]) has no fanout.
INFO     : Removing input.
INFO     : logical_block #210(csi_rxd1_hs_i[1]) has no fanout.
INFO     : Removing input.
INFO     : logical_block #211(csi_rxd1_hs_i[0]) has no fanout.
INFO     : Removing input.
INFO     : logical_block #215(csi_rxd2_lp_p_i) has no fanout.
INFO     : Removing input.
INFO     : logical_block #216(csi_rxd2_lp_n_i) has no fanout.
INFO     : Removing input.
INFO     : logical_block #217(csi_rxd2_hs_i[7]) has no fanout.
INFO     : Removing input.
INFO     : logical_block #218(csi_rxd2_hs_i[6]) has no fanout.
INFO     : Removing input.
INFO     : logical_block #219(csi_rxd2_hs_i[5]) has no fanout.
INFO     : Removing input.
INFO     : logical_block #220(csi_rxd2_hs_i[4]) has no fanout.
INFO     : Removing input.
INFO     : logical_block #221(csi_rxd2_hs_i[3]) has no fanout.
INFO     : Removing input.
INFO     : logical_block #222(csi_rxd2_hs_i[2]) has no fanout.
INFO     : Removing input.
INFO     : logical_block #223(csi_rxd2_hs_i[1]) has no fanout.
INFO     : Removing input.
INFO     : logical_block #224(csi_rxd2_hs_i[0]) has no fanout.
INFO     : Removing input.
INFO     : logical_block #228(csi_rxd3_lp_p_i) has no fanout.
INFO     : Removing input.
INFO     : logical_block #229(csi_rxd3_lp_n_i) has no fanout.
INFO     : Removing input.
INFO     : logical_block #230(csi_rxd3_hs_i[7]) has no fanout.
INFO     : Removing input.
INFO     : logical_block #231(csi_rxd3_hs_i[6]) has no fanout.
INFO     : Removing input.
INFO     : logical_block #232(csi_rxd3_hs_i[5]) has no fanout.
INFO     : Removing input.
INFO     : logical_block #233(csi_rxd3_hs_i[4]) has no fanout.
INFO     : Removing input.
INFO     : logical_block #234(csi_rxd3_hs_i[3]) has no fanout.
INFO     : Removing input.
INFO     : logical_block #235(csi_rxd3_hs_i[2]) has no fanout.
INFO     : Removing input.
INFO     : logical_block #236(csi_rxd3_hs_i[1]) has no fanout.
INFO     : Removing input.
INFO     : logical_block #237(csi_rxd3_hs_i[0]) has no fanout.
INFO     : Removing input.
INFO     : logical_block #310(dsi_txd0_lp_p_i) has no fanout.
INFO     : Removing input.
INFO     : logical_block #311(dsi_txd0_lp_n_i) has no fanout.
INFO     : Removing input.
INFO     : logical_block #312(dsi_txd1_lp_p_i) has no fanout.
INFO     : Removing input.
INFO     : logical_block #313(dsi_txd1_lp_n_i) has no fanout.
INFO     : Removing input.
INFO     : logical_block #314(dsi_txd2_lp_p_i) has no fanout.
INFO     : Removing input.
INFO     : logical_block #315(dsi_txd2_lp_n_i) has no fanout.
INFO     : Removing input.
INFO     : logical_block #316(dsi_txd3_lp_p_i) has no fanout.
INFO     : Removing input.
INFO     : logical_block #317(dsi_txd3_lp_n_i) has no fanout.
INFO     : Removing input.
INFO     : logical_block #318(uart_rx_i) has no fanout.
INFO     : Removing input.
INFO     : logical_block #327(cmos_sdat_IN) has no fanout.
INFO     : Removing input.
INFO     : logical_block #343(cmos_ctl1_i) has no fanout.
INFO     : Removing input.
INFO     : logical_block #346(cmos_ctl2_i) has no fanout.
INFO     : Removing input.
INFO     : logical_block #349(cmos_ctl3_i) has no fanout.
INFO     : Removing input.
INFO     : logical_block #445(lcd_tp_sda_i) has no fanout.
INFO     : Removing input.
INFO     : logical_block #448(lcd_tp_scl_i) has no fanout.
INFO     : Removing input.
INFO     : logical_block #451(lcd_tp_int_i) has no fanout.
INFO     : Removing input.
INFO     : logical_block #506(lcd_b7_0_i[7]) has no fanout.
INFO     : Removing input.
INFO     : logical_block #507(lcd_b7_0_i[6]) has no fanout.
INFO     : Removing input.
INFO     : logical_block #508(lcd_b7_0_i[5]) has no fanout.
INFO     : Removing input.
INFO     : logical_block #509(lcd_b7_0_i[4]) has no fanout.
INFO     : Removing input.
INFO     : logical_block #510(lcd_b7_0_i[3]) has no fanout.
INFO     : Removing input.
INFO     : logical_block #511(lcd_b7_0_i[2]) has no fanout.
INFO     : Removing input.
INFO     : logical_block #512(lcd_b7_0_i[1]) has no fanout.
INFO     : Removing input.
INFO     : logical_block #513(lcd_b7_0_i[0]) has no fanout.
INFO     : Removing input.
INFO     : logical_block #514(lcd_g7_0_i[7]) has no fanout.
INFO     : Removing input.
INFO     : logical_block #515(lcd_g7_0_i[6]) has no fanout.
INFO     : Removing input.
INFO     : logical_block #516(lcd_g7_0_i[5]) has no fanout.
INFO     : Removing input.
INFO     : logical_block #517(lcd_g7_0_i[4]) has no fanout.
INFO     : Removing input.
INFO     : logical_block #518(lcd_g7_0_i[3]) has no fanout.
INFO     : Removing input.
INFO     : logical_block #519(lcd_g7_0_i[2]) has no fanout.
INFO     : Removing input.
INFO     : logical_block #520(lcd_g7_0_i[1]) has no fanout.
INFO     : Removing input.
INFO     : logical_block #521(lcd_g7_0_i[0]) has no fanout.
INFO     : Removing input.
INFO     : logical_block #522(lcd_r7_0_i[7]) has no fanout.
INFO     : Removing input.
INFO     : logical_block #523(lcd_r7_0_i[6]) has no fanout.
INFO     : Removing input.
INFO     : logical_block #524(lcd_r7_0_i[5]) has no fanout.
INFO     : Removing input.
INFO     : logical_block #525(lcd_r7_0_i[4]) has no fanout.
INFO     : Removing input.
INFO     : logical_block #526(lcd_r7_0_i[3]) has no fanout.
INFO     : Removing input.
INFO     : logical_block #527(lcd_r7_0_i[2]) has no fanout.
INFO     : Removing input.
INFO     : logical_block #528(lcd_r7_0_i[1]) has no fanout.
INFO     : Removing input.
INFO     : logical_block #529(lcd_r7_0_i[0]) has no fanout.
INFO     : Removing input.
INFO     : Pass 0: Swept away 96 blocks with no fanout.
INFO     : Pass 1: Swept away 0 nets with no fanout.
INFO     : Pass 1: Swept away 0 blocks with no fanout.
INFO     : Swept away 0 nets and 96 blocks in total.
INFO     : Removed 0 LUT buffers
INFO     : Sweept away 96 nodes
INFO     : Successfully created VPR logical netlist from Verific binary DataBase file "outflow\Ti60_Demo.vdb".
INFO     : Netlist pre-processing took 0.338883 seconds.
INFO     : 	Netlist pre-processing took 0.171875 seconds (approximately) in total CPU time.
INFO     : Netlist pre-processing virtual memory usage: begin = 121.532 MB, end = 384.984 MB, delta = 263.452 MB
INFO     : 	Netlist pre-processing peak virtual memory usage = 384.992 MB
INFO     : Netlist pre-processing resident set memory usage: begin = 131.052 MB, end = 396.66 MB, delta = 265.608 MB
INFO     : 	Netlist pre-processing peak resident set memory usage = 396.66 MB
           ***** Ending stage netlist pre-processing *****
           
INFO     : Load Global Network took 0.435396 seconds.
INFO     : 	Load Global Network took 0.15625 seconds (approximately) in total CPU time.
INFO     : Load Global Network virtual memory usage: begin = 384.984 MB, end = 384.992 MB, delta = 0.008 MB
INFO     : 	Load Global Network peak virtual memory usage = 384.992 MB
INFO     : Load Global Network resident set memory usage: begin = 396.768 MB, end = 397.508 MB, delta = 0.74 MB
INFO     : 	Load Global Network peak resident set memory usage = 397.508 MB
INFO     : Reading C:/Efinity/2025.1/arch/.\rr_pb_hier_mapping.xml
           ***** Beginning stage pre-packing ... *****
           ***** Ending stage pre-packing *****
           
           ***** Beginning stage packing ... *****
INFO     : Generate proto netlist for file "work_pnr\Ti60_Demo.net_proto" took 0.015 seconds
INFO     : Creating IO constraints file 'work_pnr\Ti60_Demo.io_place'
INFO     : Packing took 0.0426398 seconds.
INFO     : 	Packing took 0.015625 seconds (approximately) in total CPU time.
INFO     : Packing virtual memory usage: begin = 384.992 MB, end = 384.992 MB, delta = 0 MB
INFO     : 	Packing peak virtual memory usage = 384.992 MB
INFO     : Packing resident set memory usage: begin = 397.96 MB, end = 398.348 MB, delta = 0.388 MB
INFO     : 	Packing peak resident set memory usage = 398.348 MB
           ***** Ending stage packing *****
           
INFO     : Read proto netlist file work_pnr\Ti60_Demo.net_proto
INFO     : Read proto netlist for file "work_pnr\Ti60_Demo.net_proto" took 0.006 seconds
INFO     : Setup net and block data structure took 0.05 seconds
INFO     : Reading core interface constraints file "outflow\Ti60_Demo.interface.csv"
INFO     : Successfully read core interface constraints file "outflow\Ti60_Demo.interface.csv"
WARNING  : Found 103 warnings in the post-synthesis netlist.
INFO     : Reading core interface constraints file "outflow\Ti60_Demo.interface.csv"
INFO     : Successfully read core interface constraints file "outflow\Ti60_Demo.interface.csv"
           ***** Beginning stage packed netlist loading ... *****
INFO     : Read proto netlist file work_pnr\Ti60_Demo.net_proto
INFO     : Read proto netlist for file "work_pnr\Ti60_Demo.net_proto" took 0.005 seconds
INFO     : Setup net and block data structure took 0.049 seconds
INFO     : Packed netlist loading took 0.0578893 seconds.
INFO     : 	Packed netlist loading took 0.0625 seconds (approximately) in total CPU time.
INFO     : Packed netlist loading virtual memory usage: begin = 415.656 MB, end = 415.656 MB, delta = 0 MB
INFO     : 	Packed netlist loading peak virtual memory usage = 415.656 MB
INFO     : Packed netlist loading resident set memory usage: begin = 430.532 MB, end = 430.556 MB, delta = 0.024 MB
INFO     : 	Packed netlist loading peak resident set memory usage = 430.556 MB
           ***** Ending stage packed netlist loading *****
           
           ***** Beginning stage pre-placement ... *****
           
           ***** Ending stage pre-placement *****
           
WARNING  : [SDC D:/yilingsi_fpga/Efinity_Project/Ti60F225_OV5640_HDMI_Official/Ti60_Demo.pt.sdc:14] No valid object(s) found for 'dsi_refclk_i'
WARNING  : [SDC D:/yilingsi_fpga/Efinity_Project/Ti60F225_OV5640_HDMI_Official/Ti60_Demo.pt.sdc:14] No valid pin(s) found for clock
WARNING  : [SDC D:/yilingsi_fpga/Efinity_Project/Ti60F225_OV5640_HDMI_Official/Ti60_Demo.pt.sdc:14] Unable to run 'create_clock' constraint due to warnings found
WARNING  : [SDC D:/yilingsi_fpga/Efinity_Project/Ti60F225_OV5640_HDMI_Official/Ti60_Demo.pt.sdc:24] No valid object(s) found for 'clk_pixel_2x'
WARNING  : [SDC D:/yilingsi_fpga/Efinity_Project/Ti60F225_OV5640_HDMI_Official/Ti60_Demo.pt.sdc:24] No valid pin(s) found for clock
WARNING  : [SDC D:/yilingsi_fpga/Efinity_Project/Ti60F225_OV5640_HDMI_Official/Ti60_Demo.pt.sdc:24] Unable to run 'create_clock' constraint due to warnings found
WARNING  : [SDC D:/yilingsi_fpga/Efinity_Project/Ti60F225_OV5640_HDMI_Official/Ti60_Demo.pt.sdc:29] No valid object(s) found for 'clk_54m'
WARNING  : [SDC D:/yilingsi_fpga/Efinity_Project/Ti60F225_OV5640_HDMI_Official/Ti60_Demo.pt.sdc:29] No valid pin(s) found for clock
WARNING  : [SDC D:/yilingsi_fpga/Efinity_Project/Ti60F225_OV5640_HDMI_Official/Ti60_Demo.pt.sdc:29] Unable to run 'create_clock' constraint due to warnings found
WARNING  : No ports matched 'csi_rxc_i'
WARNING  : [SDC D:/yilingsi_fpga/Efinity_Project/Ti60F225_OV5640_HDMI_Official/Ti60_Demo.pt.sdc:33] No valid pin(s) found for clock
WARNING  : [SDC D:/yilingsi_fpga/Efinity_Project/Ti60F225_OV5640_HDMI_Official/Ti60_Demo.pt.sdc:33] Unable to run 'create_clock' constraint due to warnings found
WARNING  : [SDC D:/yilingsi_fpga/Efinity_Project/Ti60F225_OV5640_HDMI_Official/Ti60_Demo.pt.sdc:35] set_clock_groups: Defaulting to -exclusive since none of the required option was specified
WARNING  : No clocks matched 'csi_rxc_i'
WARNING  : No clocks matched 'csi_rxc_i'
WARNING  : No ports matched 'i_dqs_n_hi[0]'
WARNING  : No ports matched 'i_dqs_n_lo[0]'
WARNING  : [SDC D:/yilingsi_fpga/Efinity_Project/Ti60F225_OV5640_HDMI_Official/Ti60_Demo.pt.sdc:341] set_input_delay: No valid input port(s) found
WARNING  : [SDC D:/yilingsi_fpga/Efinity_Project/Ti60F225_OV5640_HDMI_Official/Ti60_Demo.pt.sdc:341] Unable to run 'set_input_delay' constraint due to warnings found
WARNING  : No ports matched 'i_dqs_n_lo[0]'
WARNING  : No ports matched 'i_dqs_n_hi[0]'
WARNING  : [SDC D:/yilingsi_fpga/Efinity_Project/Ti60F225_OV5640_HDMI_Official/Ti60_Demo.pt.sdc:342] set_input_delay: No valid input port(s) found
WARNING  : [SDC D:/yilingsi_fpga/Efinity_Project/Ti60F225_OV5640_HDMI_Official/Ti60_Demo.pt.sdc:342] Unable to run 'set_input_delay' constraint due to warnings found
WARNING  : No ports matched 'i_dqs_n_hi[1]'
WARNING  : No ports matched 'i_dqs_n_lo[1]'
WARNING  : [SDC D:/yilingsi_fpga/Efinity_Project/Ti60F225_OV5640_HDMI_Official/Ti60_Demo.pt.sdc:347] set_input_delay: No valid input port(s) found
WARNING  : [SDC D:/yilingsi_fpga/Efinity_Project/Ti60F225_OV5640_HDMI_Official/Ti60_Demo.pt.sdc:347] Unable to run 'set_input_delay' constraint due to warnings found
WARNING  : No ports matched 'i_dqs_n_lo[1]'
WARNING  : No ports matched 'i_dqs_n_hi[1]'
WARNING  : [SDC D:/yilingsi_fpga/Efinity_Project/Ti60F225_OV5640_HDMI_Official/Ti60_Demo.pt.sdc:348] set_input_delay: No valid input port(s) found
WARNING  : [SDC D:/yilingsi_fpga/Efinity_Project/Ti60F225_OV5640_HDMI_Official/Ti60_Demo.pt.sdc:348] Unable to run 'set_input_delay' constraint due to warnings found
WARNING  : No ports matched 'csi_rxc_i~CLKOUT~218~278'
WARNING  : No ports matched 'csi_rxd0_fifo_rd_o'
WARNING  : [SDC D:/yilingsi_fpga/Efinity_Project/Ti60F225_OV5640_HDMI_Official/Ti60_Demo.pt.sdc:576] No clocks matched 'csi_rxc_i'
WARNING  : [SDC D:/yilingsi_fpga/Efinity_Project/Ti60F225_OV5640_HDMI_Official/Ti60_Demo.pt.sdc:576] set_output_delay: No valid clock found for -clock
WARNING  : [SDC D:/yilingsi_fpga/Efinity_Project/Ti60F225_OV5640_HDMI_Official/Ti60_Demo.pt.sdc:576] Unable to run 'set_output_delay' constraint due to warnings found
WARNING  : No ports matched 'csi_rxc_i~CLKOUT~218~278'
WARNING  : No ports matched 'csi_rxd0_fifo_rd_o'
WARNING  : [SDC D:/yilingsi_fpga/Efinity_Project/Ti60F225_OV5640_HDMI_Official/Ti60_Demo.pt.sdc:577] No clocks matched 'csi_rxc_i'
WARNING  : [SDC D:/yilingsi_fpga/Efinity_Project/Ti60F225_OV5640_HDMI_Official/Ti60_Demo.pt.sdc:577] set_output_delay: No valid clock found for -clock
WARNING  : [SDC D:/yilingsi_fpga/Efinity_Project/Ti60F225_OV5640_HDMI_Official/Ti60_Demo.pt.sdc:577] Unable to run 'set_output_delay' constraint due to warnings found
WARNING  : No ports matched 'csi_rxc_i~CLKOUT~218~278'
WARNING  : [SDC D:/yilingsi_fpga/Efinity_Project/Ti60F225_OV5640_HDMI_Official/Ti60_Demo.pt.sdc:578] No clocks matched 'csi_rxc_i'
WARNING  : [SDC D:/yilingsi_fpga/Efinity_Project/Ti60F225_OV5640_HDMI_Official/Ti60_Demo.pt.sdc:578] set_output_delay: No valid clock found for -clock
WARNING  : [SDC D:/yilingsi_fpga/Efinity_Project/Ti60F225_OV5640_HDMI_Official/Ti60_Demo.pt.sdc:578] Unable to run 'set_output_delay' constraint due to warnings found
WARNING  : No ports matched 'csi_rxc_i~CLKOUT~218~278'
WARNING  : [SDC D:/yilingsi_fpga/Efinity_Project/Ti60F225_OV5640_HDMI_Official/Ti60_Demo.pt.sdc:579] No clocks matched 'csi_rxc_i'
WARNING  : [SDC D:/yilingsi_fpga/Efinity_Project/Ti60F225_OV5640_HDMI_Official/Ti60_Demo.pt.sdc:579] set_output_delay: No valid clock found for -clock
WARNING  : [SDC D:/yilingsi_fpga/Efinity_Project/Ti60F225_OV5640_HDMI_Official/Ti60_Demo.pt.sdc:579] Unable to run 'set_output_delay' constraint due to warnings found
WARNING  : No ports matched 'csi_rxc_i~CLKOUT~218~278'
WARNING  : No ports matched 'csi_rxd0_fifo_empty_i'
WARNING  : [SDC D:/yilingsi_fpga/Efinity_Project/Ti60F225_OV5640_HDMI_Official/Ti60_Demo.pt.sdc:580] No clocks matched 'csi_rxc_i'
WARNING  : [SDC D:/yilingsi_fpga/Efinity_Project/Ti60F225_OV5640_HDMI_Official/Ti60_Demo.pt.sdc:580] set_input_delay: No valid clock found for -clock
WARNING  : [SDC D:/yilingsi_fpga/Efinity_Project/Ti60F225_OV5640_HDMI_Official/Ti60_Demo.pt.sdc:580] Unable to run 'set_input_delay' constraint due to warnings found
WARNING  : No ports matched 'csi_rxc_i~CLKOUT~218~278'
WARNING  : No ports matched 'csi_rxd0_fifo_empty_i'
WARNING  : [SDC D:/yilingsi_fpga/Efinity_Project/Ti60F225_OV5640_HDMI_Official/Ti60_Demo.pt.sdc:581] No clocks matched 'csi_rxc_i'
WARNING  : [SDC D:/yilingsi_fpga/Efinity_Project/Ti60F225_OV5640_HDMI_Official/Ti60_Demo.pt.sdc:581] set_input_delay: No valid clock found for -clock
WARNING  : [SDC D:/yilingsi_fpga/Efinity_Project/Ti60F225_OV5640_HDMI_Official/Ti60_Demo.pt.sdc:581] Unable to run 'set_input_delay' constraint due to warnings found
WARNING  : No ports matched 'csi_rxc_i~CLKOUT~218~278'
WARNING  : No ports matched 'csi_rxd0_hs_i[*]'
WARNING  : [SDC D:/yilingsi_fpga/Efinity_Project/Ti60F225_OV5640_HDMI_Official/Ti60_Demo.pt.sdc:582] No clocks matched 'csi_rxc_i'
WARNING  : [SDC D:/yilingsi_fpga/Efinity_Project/Ti60F225_OV5640_HDMI_Official/Ti60_Demo.pt.sdc:582] set_input_delay: No valid clock found for -clock
WARNING  : [SDC D:/yilingsi_fpga/Efinity_Project/Ti60F225_OV5640_HDMI_Official/Ti60_Demo.pt.sdc:582] Unable to run 'set_input_delay' constraint due to warnings found
WARNING  : No ports matched 'csi_rxc_i~CLKOUT~218~278'
WARNING  : No ports matched 'csi_rxd0_hs_i[*]'
WARNING  : [SDC D:/yilingsi_fpga/Efinity_Project/Ti60F225_OV5640_HDMI_Official/Ti60_Demo.pt.sdc:583] No clocks matched 'csi_rxc_i'
WARNING  : [SDC D:/yilingsi_fpga/Efinity_Project/Ti60F225_OV5640_HDMI_Official/Ti60_Demo.pt.sdc:583] set_input_delay: No valid clock found for -clock
WARNING  : [SDC D:/yilingsi_fpga/Efinity_Project/Ti60F225_OV5640_HDMI_Official/Ti60_Demo.pt.sdc:583] Unable to run 'set_input_delay' constraint due to warnings found
WARNING  : No ports matched 'csi_rxc_i~CLKOUT~218~294'
WARNING  : No ports matched 'csi_rxd1_fifo_rd_o'
WARNING  : [SDC D:/yilingsi_fpga/Efinity_Project/Ti60F225_OV5640_HDMI_Official/Ti60_Demo.pt.sdc:584] No clocks matched 'csi_rxc_i'
WARNING  : [SDC D:/yilingsi_fpga/Efinity_Project/Ti60F225_OV5640_HDMI_Official/Ti60_Demo.pt.sdc:584] set_output_delay: No valid clock found for -clock
WARNING  : [SDC D:/yilingsi_fpga/Efinity_Project/Ti60F225_OV5640_HDMI_Official/Ti60_Demo.pt.sdc:584] Unable to run 'set_output_delay' constraint due to warnings found
WARNING  : No ports matched 'csi_rxc_i~CLKOUT~218~294'
WARNING  : No ports matched 'csi_rxd1_fifo_rd_o'
WARNING  : [SDC D:/yilingsi_fpga/Efinity_Project/Ti60F225_OV5640_HDMI_Official/Ti60_Demo.pt.sdc:585] No clocks matched 'csi_rxc_i'
WARNING  : [SDC D:/yilingsi_fpga/Efinity_Project/Ti60F225_OV5640_HDMI_Official/Ti60_Demo.pt.sdc:585] set_output_delay: No valid clock found for -clock
WARNING  : [SDC D:/yilingsi_fpga/Efinity_Project/Ti60F225_OV5640_HDMI_Official/Ti60_Demo.pt.sdc:585] Unable to run 'set_output_delay' constraint due to warnings found
WARNING  : No ports matched 'csi_rxc_i~CLKOUT~218~294'
WARNING  : [SDC D:/yilingsi_fpga/Efinity_Project/Ti60F225_OV5640_HDMI_Official/Ti60_Demo.pt.sdc:586] No clocks matched 'csi_rxc_i'
WARNING  : [SDC D:/yilingsi_fpga/Efinity_Project/Ti60F225_OV5640_HDMI_Official/Ti60_Demo.pt.sdc:586] set_output_delay: No valid clock found for -clock
WARNING  : [SDC D:/yilingsi_fpga/Efinity_Project/Ti60F225_OV5640_HDMI_Official/Ti60_Demo.pt.sdc:586] Unable to run 'set_output_delay' constraint due to warnings found
WARNING  : No ports matched 'csi_rxc_i~CLKOUT~218~294'
WARNING  : [SDC D:/yilingsi_fpga/Efinity_Project/Ti60F225_OV5640_HDMI_Official/Ti60_Demo.pt.sdc:587] No clocks matched 'csi_rxc_i'
WARNING  : [SDC D:/yilingsi_fpga/Efinity_Project/Ti60F225_OV5640_HDMI_Official/Ti60_Demo.pt.sdc:587] set_output_delay: No valid clock found for -clock
WARNING  : [SDC D:/yilingsi_fpga/Efinity_Project/Ti60F225_OV5640_HDMI_Official/Ti60_Demo.pt.sdc:587] Unable to run 'set_output_delay' constraint due to warnings found
WARNING  : No ports matched 'csi_rxc_i~CLKOUT~218~294'
WARNING  : No ports matched 'csi_rxd1_fifo_empty_i'
WARNING  : [SDC D:/yilingsi_fpga/Efinity_Project/Ti60F225_OV5640_HDMI_Official/Ti60_Demo.pt.sdc:588] No clocks matched 'csi_rxc_i'
WARNING  : [SDC D:/yilingsi_fpga/Efinity_Project/Ti60F225_OV5640_HDMI_Official/Ti60_Demo.pt.sdc:588] set_input_delay: No valid clock found for -clock
WARNING  : [SDC D:/yilingsi_fpga/Efinity_Project/Ti60F225_OV5640_HDMI_Official/Ti60_Demo.pt.sdc:588] Unable to run 'set_input_delay' constraint due to warnings found
WARNING  : No ports matched 'csi_rxc_i~CLKOUT~218~294'
WARNING  : No ports matched 'csi_rxd1_fifo_empty_i'
WARNING  : [SDC D:/yilingsi_fpga/Efinity_Project/Ti60F225_OV5640_HDMI_Official/Ti60_Demo.pt.sdc:589] No clocks matched 'csi_rxc_i'
WARNING  : [SDC D:/yilingsi_fpga/Efinity_Project/Ti60F225_OV5640_HDMI_Official/Ti60_Demo.pt.sdc:589] set_input_delay: No valid clock found for -clock
WARNING  : [SDC D:/yilingsi_fpga/Efinity_Project/Ti60F225_OV5640_HDMI_Official/Ti60_Demo.pt.sdc:589] Unable to run 'set_input_delay' constraint due to warnings found
WARNING  : No ports matched 'csi_rxc_i~CLKOUT~218~294'
WARNING  : No ports matched 'csi_rxd1_hs_i[*]'
WARNING  : [SDC D:/yilingsi_fpga/Efinity_Project/Ti60F225_OV5640_HDMI_Official/Ti60_Demo.pt.sdc:590] No clocks matched 'csi_rxc_i'
WARNING  : [SDC D:/yilingsi_fpga/Efinity_Project/Ti60F225_OV5640_HDMI_Official/Ti60_Demo.pt.sdc:590] set_input_delay: No valid clock found for -clock
WARNING  : [SDC D:/yilingsi_fpga/Efinity_Project/Ti60F225_OV5640_HDMI_Official/Ti60_Demo.pt.sdc:590] Unable to run 'set_input_delay' constraint due to warnings found
WARNING  : No ports matched 'csi_rxc_i~CLKOUT~218~294'
WARNING  : No ports matched 'csi_rxd1_hs_i[*]'
WARNING  : [SDC D:/yilingsi_fpga/Efinity_Project/Ti60F225_OV5640_HDMI_Official/Ti60_Demo.pt.sdc:591] No clocks matched 'csi_rxc_i'
WARNING  : [SDC D:/yilingsi_fpga/Efinity_Project/Ti60F225_OV5640_HDMI_Official/Ti60_Demo.pt.sdc:591] set_input_delay: No valid clock found for -clock
WARNING  : [SDC D:/yilingsi_fpga/Efinity_Project/Ti60F225_OV5640_HDMI_Official/Ti60_Demo.pt.sdc:591] Unable to run 'set_input_delay' constraint due to warnings found
WARNING  : No ports matched 'csi_rxc_i~CLKOUT~218~245'
WARNING  : No ports matched 'csi_rxd2_fifo_rd_o'
WARNING  : [SDC D:/yilingsi_fpga/Efinity_Project/Ti60F225_OV5640_HDMI_Official/Ti60_Demo.pt.sdc:592] No clocks matched 'csi_rxc_i'
WARNING  : [SDC D:/yilingsi_fpga/Efinity_Project/Ti60F225_OV5640_HDMI_Official/Ti60_Demo.pt.sdc:592] set_output_delay: No valid clock found for -clock
WARNING  : [SDC D:/yilingsi_fpga/Efinity_Project/Ti60F225_OV5640_HDMI_Official/Ti60_Demo.pt.sdc:592] Unable to run 'set_output_delay' constraint due to warnings found
WARNING  : No ports matched 'csi_rxc_i~CLKOUT~218~245'
WARNING  : No ports matched 'csi_rxd2_fifo_rd_o'
WARNING  : [SDC D:/yilingsi_fpga/Efinity_Project/Ti60F225_OV5640_HDMI_Official/Ti60_Demo.pt.sdc:593] No clocks matched 'csi_rxc_i'
WARNING  : [SDC D:/yilingsi_fpga/Efinity_Project/Ti60F225_OV5640_HDMI_Official/Ti60_Demo.pt.sdc:593] set_output_delay: No valid clock found for -clock
WARNING  : [SDC D:/yilingsi_fpga/Efinity_Project/Ti60F225_OV5640_HDMI_Official/Ti60_Demo.pt.sdc:593] Unable to run 'set_output_delay' constraint due to warnings found
WARNING  : No ports matched 'csi_rxc_i~CLKOUT~218~245'
WARNING  : [SDC D:/yilingsi_fpga/Efinity_Project/Ti60F225_OV5640_HDMI_Official/Ti60_Demo.pt.sdc:594] No clocks matched 'csi_rxc_i'
WARNING  : [SDC D:/yilingsi_fpga/Efinity_Project/Ti60F225_OV5640_HDMI_Official/Ti60_Demo.pt.sdc:594] set_output_delay: No valid clock found for -clock
WARNING  : [SDC D:/yilingsi_fpga/Efinity_Project/Ti60F225_OV5640_HDMI_Official/Ti60_Demo.pt.sdc:594] Unable to run 'set_output_delay' constraint due to warnings found
WARNING  : No ports matched 'csi_rxc_i~CLKOUT~218~245'
WARNING  : [SDC D:/yilingsi_fpga/Efinity_Project/Ti60F225_OV5640_HDMI_Official/Ti60_Demo.pt.sdc:595] No clocks matched 'csi_rxc_i'
WARNING  : [SDC D:/yilingsi_fpga/Efinity_Project/Ti60F225_OV5640_HDMI_Official/Ti60_Demo.pt.sdc:595] set_output_delay: No valid clock found for -clock
WARNING  : [SDC D:/yilingsi_fpga/Efinity_Project/Ti60F225_OV5640_HDMI_Official/Ti60_Demo.pt.sdc:595] Unable to run 'set_output_delay' constraint due to warnings found
WARNING  : No ports matched 'csi_rxc_i~CLKOUT~218~245'
WARNING  : No ports matched 'csi_rxd2_fifo_empty_i'
WARNING  : [SDC D:/yilingsi_fpga/Efinity_Project/Ti60F225_OV5640_HDMI_Official/Ti60_Demo.pt.sdc:596] No clocks matched 'csi_rxc_i'
WARNING  : [SDC D:/yilingsi_fpga/Efinity_Project/Ti60F225_OV5640_HDMI_Official/Ti60_Demo.pt.sdc:596] set_input_delay: No valid clock found for -clock
WARNING  : [SDC D:/yilingsi_fpga/Efinity_Project/Ti60F225_OV5640_HDMI_Official/Ti60_Demo.pt.sdc:596] Unable to run 'set_input_delay' constraint due to warnings found
WARNING  : No ports matched 'csi_rxc_i~CLKOUT~218~245'
WARNING  : No ports matched 'csi_rxd2_fifo_empty_i'
WARNING  : [SDC D:/yilingsi_fpga/Efinity_Project/Ti60F225_OV5640_HDMI_Official/Ti60_Demo.pt.sdc:597] No clocks matched 'csi_rxc_i'
WARNING  : [SDC D:/yilingsi_fpga/Efinity_Project/Ti60F225_OV5640_HDMI_Official/Ti60_Demo.pt.sdc:597] set_input_delay: No valid clock found for -clock
WARNING  : [SDC D:/yilingsi_fpga/Efinity_Project/Ti60F225_OV5640_HDMI_Official/Ti60_Demo.pt.sdc:597] Unable to run 'set_input_delay' constraint due to warnings found
WARNING  : No ports matched 'csi_rxc_i~CLKOUT~218~245'
WARNING  : No ports matched 'csi_rxd2_hs_i[*]'
WARNING  : [SDC D:/yilingsi_fpga/Efinity_Project/Ti60F225_OV5640_HDMI_Official/Ti60_Demo.pt.sdc:598] No clocks matched 'csi_rxc_i'
WARNING  : [SDC D:/yilingsi_fpga/Efinity_Project/Ti60F225_OV5640_HDMI_Official/Ti60_Demo.pt.sdc:598] set_input_delay: No valid clock found for -clock
WARNING  : [SDC D:/yilingsi_fpga/Efinity_Project/Ti60F225_OV5640_HDMI_Official/Ti60_Demo.pt.sdc:598] Unable to run 'set_input_delay' constraint due to warnings found
WARNING  : No ports matched 'csi_rxc_i~CLKOUT~218~245'
WARNING  : No ports matched 'csi_rxd2_hs_i[*]'
WARNING  : [SDC D:/yilingsi_fpga/Efinity_Project/Ti60F225_OV5640_HDMI_Official/Ti60_Demo.pt.sdc:599] No clocks matched 'csi_rxc_i'
WARNING  : [SDC D:/yilingsi_fpga/Efinity_Project/Ti60F225_OV5640_HDMI_Official/Ti60_Demo.pt.sdc:599] set_input_delay: No valid clock found for -clock
WARNING  : [SDC D:/yilingsi_fpga/Efinity_Project/Ti60F225_OV5640_HDMI_Official/Ti60_Demo.pt.sdc:599] Unable to run 'set_input_delay' constraint due to warnings found
WARNING  : No ports matched 'csi_rxc_i~CLKOUT~218~255'
WARNING  : No ports matched 'csi_rxd3_fifo_rd_o'
WARNING  : [SDC D:/yilingsi_fpga/Efinity_Project/Ti60F225_OV5640_HDMI_Official/Ti60_Demo.pt.sdc:600] No clocks matched 'csi_rxc_i'
WARNING  : [SDC D:/yilingsi_fpga/Efinity_Project/Ti60F225_OV5640_HDMI_Official/Ti60_Demo.pt.sdc:600] set_output_delay: No valid clock found for -clock
WARNING  : [SDC D:/yilingsi_fpga/Efinity_Project/Ti60F225_OV5640_HDMI_Official/Ti60_Demo.pt.sdc:600] Unable to run 'set_output_delay' constraint due to warnings found
WARNING  : No ports matched 'csi_rxc_i~CLKOUT~218~255'
WARNING  : No ports matched 'csi_rxd3_fifo_rd_o'
WARNING  : [SDC D:/yilingsi_fpga/Efinity_Project/Ti60F225_OV5640_HDMI_Official/Ti60_Demo.pt.sdc:601] No clocks matched 'csi_rxc_i'
WARNING  : [SDC D:/yilingsi_fpga/Efinity_Project/Ti60F225_OV5640_HDMI_Official/Ti60_Demo.pt.sdc:601] set_output_delay: No valid clock found for -clock
WARNING  : [SDC D:/yilingsi_fpga/Efinity_Project/Ti60F225_OV5640_HDMI_Official/Ti60_Demo.pt.sdc:601] Unable to run 'set_output_delay' constraint due to warnings found
WARNING  : No ports matched 'csi_rxc_i~CLKOUT~218~255'
WARNING  : [SDC D:/yilingsi_fpga/Efinity_Project/Ti60F225_OV5640_HDMI_Official/Ti60_Demo.pt.sdc:602] No clocks matched 'csi_rxc_i'
WARNING  : [SDC D:/yilingsi_fpga/Efinity_Project/Ti60F225_OV5640_HDMI_Official/Ti60_Demo.pt.sdc:602] set_output_delay: No valid clock found for -clock
WARNING  : [SDC D:/yilingsi_fpga/Efinity_Project/Ti60F225_OV5640_HDMI_Official/Ti60_Demo.pt.sdc:602] Unable to run 'set_output_delay' constraint due to warnings found
WARNING  : No ports matched 'csi_rxc_i~CLKOUT~218~255'
WARNING  : [SDC D:/yilingsi_fpga/Efinity_Project/Ti60F225_OV5640_HDMI_Official/Ti60_Demo.pt.sdc:603] No clocks matched 'csi_rxc_i'
WARNING  : [SDC D:/yilingsi_fpga/Efinity_Project/Ti60F225_OV5640_HDMI_Official/Ti60_Demo.pt.sdc:603] set_output_delay: No valid clock found for -clock
WARNING  : [SDC D:/yilingsi_fpga/Efinity_Project/Ti60F225_OV5640_HDMI_Official/Ti60_Demo.pt.sdc:603] Unable to run 'set_output_delay' constraint due to warnings found
WARNING  : No ports matched 'csi_rxc_i~CLKOUT~218~255'
WARNING  : No ports matched 'csi_rxd3_fifo_empty_i'
WARNING  : [SDC D:/yilingsi_fpga/Efinity_Project/Ti60F225_OV5640_HDMI_Official/Ti60_Demo.pt.sdc:604] No clocks matched 'csi_rxc_i'
WARNING  : [SDC D:/yilingsi_fpga/Efinity_Project/Ti60F225_OV5640_HDMI_Official/Ti60_Demo.pt.sdc:604] set_input_delay: No valid clock found for -clock
WARNING  : [SDC D:/yilingsi_fpga/Efinity_Project/Ti60F225_OV5640_HDMI_Official/Ti60_Demo.pt.sdc:604] Unable to run 'set_input_delay' constraint due to warnings found
WARNING  : No ports matched 'csi_rxc_i~CLKOUT~218~255'
WARNING  : No ports matched 'csi_rxd3_fifo_empty_i'
WARNING  : [SDC D:/yilingsi_fpga/Efinity_Project/Ti60F225_OV5640_HDMI_Official/Ti60_Demo.pt.sdc:605] No clocks matched 'csi_rxc_i'
WARNING  : [SDC D:/yilingsi_fpga/Efinity_Project/Ti60F225_OV5640_HDMI_Official/Ti60_Demo.pt.sdc:605] set_input_delay: No valid clock found for -clock
WARNING  : [SDC D:/yilingsi_fpga/Efinity_Project/Ti60F225_OV5640_HDMI_Official/Ti60_Demo.pt.sdc:605] Unable to run 'set_input_delay' constraint due to warnings found
WARNING  : No ports matched 'csi_rxc_i~CLKOUT~218~255'
WARNING  : No ports matched 'csi_rxd3_hs_i[*]'
WARNING  : [SDC D:/yilingsi_fpga/Efinity_Project/Ti60F225_OV5640_HDMI_Official/Ti60_Demo.pt.sdc:606] No clocks matched 'csi_rxc_i'
WARNING  : [SDC D:/yilingsi_fpga/Efinity_Project/Ti60F225_OV5640_HDMI_Official/Ti60_Demo.pt.sdc:606] set_input_delay: No valid clock found for -clock
WARNING  : [SDC D:/yilingsi_fpga/Efinity_Project/Ti60F225_OV5640_HDMI_Official/Ti60_Demo.pt.sdc:606] Unable to run 'set_input_delay' constraint due to warnings found
WARNING  : No ports matched 'csi_rxc_i~CLKOUT~218~255'
WARNING  : No ports matched 'csi_rxd3_hs_i[*]'
WARNING  : [SDC D:/yilingsi_fpga/Efinity_Project/Ti60F225_OV5640_HDMI_Official/Ti60_Demo.pt.sdc:607] No clocks matched 'csi_rxc_i'
WARNING  : [SDC D:/yilingsi_fpga/Efinity_Project/Ti60F225_OV5640_HDMI_Official/Ti60_Demo.pt.sdc:607] set_input_delay: No valid clock found for -clock
WARNING  : [SDC D:/yilingsi_fpga/Efinity_Project/Ti60F225_OV5640_HDMI_Official/Ti60_Demo.pt.sdc:607] Unable to run 'set_input_delay' constraint due to warnings found
INFO     : SDC file 'Ti60_Demo.pt.sdc' parsed successfully.
INFO     : 14 clocks (including virtual clocks), 46 inputs and 232 outputs were constrained.
INFO     : Reading core interface constraints file "outflow\Ti60_Demo.interface.csv"
INFO     : Successfully read core interface constraints file "outflow\Ti60_Demo.interface.csv"
INFO     : Writing IO placement constraints to "outflow\Ti60_Demo.interface.io"
INFO     : Reading placement constraints from 'outflow\Ti60_Demo.interface.io'.
INFO     : Reading placement constraints from 'work_pnr\Ti60_Demo.io_place'.
INFO     : Reading core interface constraints file "outflow\Ti60_Demo.interface.csv"
INFO     : Successfully read core interface constraints file "outflow\Ti60_Demo.interface.csv"
INFO     : Found 154 synchronizers as follows: 
INFO     : 	Synchronizer 0: 
INFO     :  ddr3_ctl_axi/u_efx_ddr3_soft_controller/genblk1.inst_ddr3_axi/inst_efx_ddr3/top_mc/fifo_rd/popToPushGray_buffercc/buffers_0[6]~FF
INFO     :  ddr3_ctl_axi/u_efx_ddr3_soft_controller/genblk1.inst_ddr3_axi/inst_efx_ddr3/top_mc/fifo_rd/popToPushGray_buffercc_io_dataOut[6]~FF
INFO     : 	Synchronizer 1: 
INFO     :  ddr3_ctl_axi/u_efx_ddr3_soft_controller/genblk1.inst_ddr3_axi/inst_efx_ddr3/top_mc/fifo_rd/popToPushGray_buffercc/buffers_0[5]~FF
INFO     :  ddr3_ctl_axi/u_efx_ddr3_soft_controller/genblk1.inst_ddr3_axi/inst_efx_ddr3/top_mc/fifo_rd/popToPushGray_buffercc_io_dataOut[5]~FF
INFO     : 	Synchronizer 2: 
INFO     :  ddr3_ctl_axi/u_efx_ddr3_soft_controller/genblk1.inst_ddr3_axi/inst_efx_ddr3/top_mc/fifo_rd/popToPushGray_buffercc/buffers_0[4]~FF
INFO     :  ddr3_ctl_axi/u_efx_ddr3_soft_controller/genblk1.inst_ddr3_axi/inst_efx_ddr3/top_mc/fifo_rd/popToPushGray_buffercc_io_dataOut[4]~FF
INFO     : 	Synchronizer 3: 
INFO     :  ddr3_ctl_axi/u_efx_ddr3_soft_controller/genblk1.inst_ddr3_axi/inst_efx_ddr3/top_mc/fifo_rd/popToPushGray_buffercc/buffers_0[3]~FF
INFO     :  ddr3_ctl_axi/u_efx_ddr3_soft_controller/genblk1.inst_ddr3_axi/inst_efx_ddr3/top_mc/fifo_rd/popToPushGray_buffercc_io_dataOut[3]~FF
INFO     : 	Synchronizer 4: 
INFO     :  ddr3_ctl_axi/u_efx_ddr3_soft_controller/genblk1.inst_ddr3_axi/inst_efx_ddr3/top_mc/fifo_rd/popToPushGray_buffercc/buffers_0[2]~FF
INFO     :  ddr3_ctl_axi/u_efx_ddr3_soft_controller/genblk1.inst_ddr3_axi/inst_efx_ddr3/top_mc/fifo_rd/popToPushGray_buffercc_io_dataOut[2]~FF
INFO     : 	Synchronizer 5: 
INFO     :  ddr3_ctl_axi/u_efx_ddr3_soft_controller/genblk1.inst_ddr3_axi/inst_efx_ddr3/top_mc/fifo_rd/popToPushGray_buffercc/buffers_0[1]~FF
INFO     :  ddr3_ctl_axi/u_efx_ddr3_soft_controller/genblk1.inst_ddr3_axi/inst_efx_ddr3/top_mc/fifo_rd/popToPushGray_buffercc_io_dataOut[1]~FF
INFO     : 	Synchronizer 6: 
INFO     :  ddr3_ctl_axi/u_efx_ddr3_soft_controller/genblk1.inst_ddr3_axi/inst_efx_ddr3/top_mc/fifo_rd/popToPushGray_buffercc/buffers_0[0]~FF
INFO     :  ddr3_ctl_axi/u_efx_ddr3_soft_controller/genblk1.inst_ddr3_axi/inst_efx_ddr3/top_mc/fifo_rd/popToPushGray_buffercc_io_dataOut[0]~FF
INFO     : 	Synchronizer 7: 
INFO     :  u_axi4_ctrl/Gen_FIFO_W8.u_W0_FIFO_8/u_efx_fifo_top/xefx_fifo_ctl/genblk7.wr2rd_addr_sync/dff_5/i41_2
INFO     : 	Synchronizer 8: 
INFO     :  u_axi4_ctrl/Gen_FIFO_W8.u_W0_FIFO_8/u_efx_fifo_top/xefx_fifo_ctl/genblk7.wr2rd_addr_sync/dff_5/i40_2
INFO     : 	Synchronizer 9: 
INFO     :  u_axi4_ctrl/Gen_FIFO_W8.u_W0_FIFO_8/u_efx_fifo_top/xefx_fifo_ctl/genblk7.wr2rd_addr_sync/dff_5/i39_2
INFO     : 	Synchronizer 10: 
INFO     :  u_axi4_ctrl/Gen_RFIFO_16.u_R0_FIFO_16/u_efx_fifo_top/xefx_fifo_ctl/genblk7.wr2rd_addr_sync/dff_5/i30_2
INFO     : 	Synchronizer 11: 
INFO     :  u_axi4_ctrl/Gen_FIFO_W8.u_W0_FIFO_8/u_efx_fifo_top/xefx_fifo_ctl/genblk7.wr2rd_addr_sync/dff_5/i37_2
INFO     : 	Synchronizer 12: 
INFO     :  ddr3_ctl_axi/u_efx_ddr3_soft_controller/genblk1.inst_ddr3_axi/inst_efx_ddr3/top_mc/fifo_rdpush/pushToPopGray_buffercc/buffers_0[0]~FF
INFO     :  ddr3_ctl_axi/u_efx_ddr3_soft_controller/genblk1.inst_ddr3_axi/inst_efx_ddr3/top_mc/fifo_rdpush/pushToPopGray_buffercc_io_dataOut[0]~FF
INFO     : 	Synchronizer 13: 
INFO     :  ddr3_ctl_axi/u_efx_ddr3_soft_controller/genblk1.inst_ddr3_axi/inst_efx_ddr3/top_mc/fifo_rdpush/popToPushGray_buffercc/buffers_0[1]~FF
INFO     :  ddr3_ctl_axi/u_efx_ddr3_soft_controller/genblk1.inst_ddr3_axi/inst_efx_ddr3/top_mc/fifo_rdpush/popToPushGray_buffercc_io_dataOut[1]~FF
INFO     : 	Synchronizer 14: 
INFO     :  ddr3_ctl_axi/u_efx_ddr3_soft_controller/genblk1.inst_ddr3_axi/inst_efx_ddr3/top_mc/fifo_rdpush/popToPushGray_buffercc/buffers_0[4]~FF
INFO     :  ddr3_ctl_axi/u_efx_ddr3_soft_controller/genblk1.inst_ddr3_axi/inst_efx_ddr3/top_mc/fifo_rdpush/popToPushGray_buffercc_io_dataOut[4]~FF
INFO     : 	Synchronizer 15: 
INFO     :  ddr3_ctl_axi/u_efx_ddr3_soft_controller/genblk1.inst_ddr3_axi/inst_efx_ddr3/top_mc/fifo_rdpush/popToPushGray_buffercc/buffers_0[2]~FF
INFO     :  ddr3_ctl_axi/u_efx_ddr3_soft_controller/genblk1.inst_ddr3_axi/inst_efx_ddr3/top_mc/fifo_rdpush/popToPushGray_buffercc_io_dataOut[2]~FF
INFO     : 	Synchronizer 16: 
INFO     :  ddr3_ctl_axi/u_efx_ddr3_soft_controller/genblk1.inst_ddr3_axi/inst_efx_ddr3/top_mc/fifo_rdpush/popToPushGray_buffercc/buffers_0[5]~FF
INFO     :  ddr3_ctl_axi/u_efx_ddr3_soft_controller/genblk1.inst_ddr3_axi/inst_efx_ddr3/top_mc/fifo_rdpush/popToPushGray_buffercc_io_dataOut[5]~FF
INFO     : 	Synchronizer 17: 
INFO     :  ddr3_ctl_axi/u_efx_ddr3_soft_controller/genblk1.inst_ddr3_axi/inst_efx_ddr3/top_mc/fifo_rdpush/popToPushGray_buffercc/buffers_0[6]~FF
INFO     :  ddr3_ctl_axi/u_efx_ddr3_soft_controller/genblk1.inst_ddr3_axi/inst_efx_ddr3/top_mc/fifo_rdpush/popToPushGray_buffercc_io_dataOut[6]~FF
INFO     : 	Synchronizer 18: 
INFO     :  ddr3_ctl_axi/u_efx_ddr3_soft_controller/genblk1.inst_ddr3_axi/inst_efx_ddr3/top_mc/fifo_rdpush/popToPushGray_buffercc/buffers_0[3]~FF
INFO     :  ddr3_ctl_axi/u_efx_ddr3_soft_controller/genblk1.inst_ddr3_axi/inst_efx_ddr3/top_mc/fifo_rdpush/popToPushGray_buffercc_io_dataOut[3]~FF
INFO     : 	Synchronizer 19: 
INFO     :  ddr3_ctl_axi/u_efx_ddr3_soft_controller/genblk1.inst_ddr3_axi/inst_efx_ddr3/top_mc/fifo_wr/popToPushGray_buffercc/buffers_0[6]~FF
INFO     :  ddr3_ctl_axi/u_efx_ddr3_soft_controller/genblk1.inst_ddr3_axi/inst_efx_ddr3/top_mc/fifo_wr/popToPushGray_buffercc_io_dataOut[6]~FF
INFO     : 	Synchronizer 20: 
INFO     :  ddr3_ctl_axi/u_efx_ddr3_soft_controller/genblk1.inst_ddr3_axi/inst_efx_ddr3/top_mc/fifo_wr/popToPushGray_buffercc/buffers_0[5]~FF
INFO     :  ddr3_ctl_axi/u_efx_ddr3_soft_controller/genblk1.inst_ddr3_axi/inst_efx_ddr3/top_mc/fifo_wr/popToPushGray_buffercc_io_dataOut[5]~FF
INFO     : 	Synchronizer 21: 
INFO     :  ddr3_ctl_axi/u_efx_ddr3_soft_controller/genblk1.inst_ddr3_axi/inst_efx_ddr3/top_mc/fifo_wr/popToPushGray_buffercc/buffers_0[4]~FF
INFO     :  ddr3_ctl_axi/u_efx_ddr3_soft_controller/genblk1.inst_ddr3_axi/inst_efx_ddr3/top_mc/fifo_wr/popToPushGray_buffercc_io_dataOut[4]~FF
INFO     : 	Synchronizer 22: 
INFO     :  ddr3_ctl_axi/u_efx_ddr3_soft_controller/genblk1.inst_ddr3_axi/inst_efx_ddr3/top_mc/fifo_wr/popToPushGray_buffercc/buffers_0[3]~FF
INFO     :  ddr3_ctl_axi/u_efx_ddr3_soft_controller/genblk1.inst_ddr3_axi/inst_efx_ddr3/top_mc/fifo_wr/popToPushGray_buffercc_io_dataOut[3]~FF
INFO     : 	Synchronizer 23: 
INFO     :  ddr3_ctl_axi/u_efx_ddr3_soft_controller/genblk1.inst_ddr3_axi/inst_efx_ddr3/top_mc/fifo_wr/popToPushGray_buffercc/buffers_0[2]~FF
INFO     :  ddr3_ctl_axi/u_efx_ddr3_soft_controller/genblk1.inst_ddr3_axi/inst_efx_ddr3/top_mc/fifo_wr/popToPushGray_buffercc_io_dataOut[2]~FF
INFO     : 	Synchronizer 24: 
INFO     :  ddr3_ctl_axi/u_efx_ddr3_soft_controller/genblk1.inst_ddr3_axi/inst_efx_ddr3/top_mc/fifo_wr/popToPushGray_buffercc/buffers_0[1]~FF
INFO     :  ddr3_ctl_axi/u_efx_ddr3_soft_controller/genblk1.inst_ddr3_axi/inst_efx_ddr3/top_mc/fifo_wr/popToPushGray_buffercc_io_dataOut[1]~FF
INFO     : 	Synchronizer 25: 
INFO     :  ddr3_ctl_axi/u_efx_ddr3_soft_controller/genblk1.inst_ddr3_axi/inst_efx_ddr3/top_mc/fifo_wr/popToPushGray_buffercc/buffers_0[0]~FF
INFO     :  ddr3_ctl_axi/u_efx_ddr3_soft_controller/genblk1.inst_ddr3_axi/inst_efx_ddr3/top_mc/fifo_wr/popToPushGray_buffercc_io_dataOut[0]~FF
INFO     : 	Synchronizer 26: 
INFO     :  ddr3_ctl_axi/u_efx_ddr3_soft_controller/genblk1.inst_ddr3_axi/inst_efx_ddr3/top_mc/fifo_ar/pushToPopGray_buffercc/buffers_0[6]~FF
INFO     :  ddr3_ctl_axi/u_efx_ddr3_soft_controller/genblk1.inst_ddr3_axi/inst_efx_ddr3/top_mc/fifo_ar/pushToPopGray_buffercc_io_dataOut[6]~FF
INFO     : 	Synchronizer 27: 
INFO     :  ddr3_ctl_axi/u_efx_ddr3_soft_controller/genblk1.inst_ddr3_axi/inst_efx_ddr3/top_mc/fifo_ar/pushToPopGray_buffercc/buffers_0[5]~FF
INFO     :  ddr3_ctl_axi/u_efx_ddr3_soft_controller/genblk1.inst_ddr3_axi/inst_efx_ddr3/top_mc/fifo_ar/pushToPopGray_buffercc_io_dataOut[5]~FF
INFO     : 	Synchronizer 28: 
INFO     :  ddr3_ctl_axi/u_efx_ddr3_soft_controller/genblk1.inst_ddr3_axi/inst_efx_ddr3/top_mc/fifo_rdpush/popToPushGray_buffercc/buffers_0[0]~FF
INFO     :  ddr3_ctl_axi/u_efx_ddr3_soft_controller/genblk1.inst_ddr3_axi/inst_efx_ddr3/top_mc/fifo_rdpush/popToPushGray_buffercc_io_dataOut[0]~FF
INFO     : 	Synchronizer 29: 
INFO     :  ddr3_ctl_axi/u_efx_ddr3_soft_controller/genblk1.inst_ddr3_axi/inst_efx_ddr3/top_mc/fifo_ar/pushToPopGray_buffercc/buffers_0[4]~FF
INFO     :  ddr3_ctl_axi/u_efx_ddr3_soft_controller/genblk1.inst_ddr3_axi/inst_efx_ddr3/top_mc/fifo_ar/pushToPopGray_buffercc_io_dataOut[4]~FF
INFO     : 	Synchronizer 30: 
INFO     :  ddr3_ctl_axi/u_efx_ddr3_soft_controller/genblk1.inst_ddr3_axi/inst_efx_ddr3/top_mc/fifo_ar/pushToPopGray_buffercc/buffers_0[3]~FF
INFO     :  ddr3_ctl_axi/u_efx_ddr3_soft_controller/genblk1.inst_ddr3_axi/inst_efx_ddr3/top_mc/fifo_ar/pushToPopGray_buffercc_io_dataOut[3]~FF
INFO     : 	Synchronizer 31: 
INFO     :  ddr3_ctl_axi/u_efx_ddr3_soft_controller/genblk1.inst_ddr3_axi/inst_efx_ddr3/top_mc/fifo_ack/popToPushGray_buffercc/buffers_0[0]~FF
INFO     :  ddr3_ctl_axi/u_efx_ddr3_soft_controller/genblk1.inst_ddr3_axi/inst_efx_ddr3/top_mc/fifo_ack/popToPushGray_buffercc_io_dataOut[0]~FF
INFO     : 	Synchronizer 32: 
INFO     :  ddr3_ctl_axi/u_efx_ddr3_soft_controller/genblk1.inst_ddr3_axi/inst_efx_ddr3/top_mc/fifo_ar/pushToPopGray_buffercc/buffers_0[2]~FF
INFO     :  ddr3_ctl_axi/u_efx_ddr3_soft_controller/genblk1.inst_ddr3_axi/inst_efx_ddr3/top_mc/fifo_ar/pushToPopGray_buffercc_io_dataOut[2]~FF
INFO     : 	Synchronizer 33: 
INFO     :  ddr3_ctl_axi/u_efx_ddr3_soft_controller/genblk1.inst_ddr3_axi/inst_efx_ddr3/top_mc/fifo_ar/pushToPopGray_buffercc/buffers_0[1]~FF
INFO     :  ddr3_ctl_axi/u_efx_ddr3_soft_controller/genblk1.inst_ddr3_axi/inst_efx_ddr3/top_mc/fifo_ar/pushToPopGray_buffercc_io_dataOut[1]~FF
INFO     : 	Synchronizer 34: 
INFO     :  ddr3_ctl_axi/u_efx_ddr3_soft_controller/genblk1.inst_ddr3_axi/inst_efx_ddr3/top_mc/fifo_aw/pushToPopGray_buffercc/buffers_0[6]~FF
INFO     :  ddr3_ctl_axi/u_efx_ddr3_soft_controller/genblk1.inst_ddr3_axi/inst_efx_ddr3/top_mc/fifo_aw/pushToPopGray_buffercc_io_dataOut[6]~FF
INFO     : 	Synchronizer 35: 
INFO     :  u_axi4_ctrl/Gen_RFIFO_16.u_R0_FIFO_16/u_efx_fifo_top/xefx_fifo_ctl/genblk7.wr2rd_addr_sync/dff_5/i25_2
INFO     : 	Synchronizer 36: 
INFO     :  ddr3_ctl_axi/u_efx_ddr3_soft_controller/genblk1.inst_ddr3_axi/inst_efx_ddr3/top_mc/fifo_ack/popToPushGray_buffercc/buffers_0[2]~FF
INFO     :  ddr3_ctl_axi/u_efx_ddr3_soft_controller/genblk1.inst_ddr3_axi/inst_efx_ddr3/top_mc/fifo_ack/popToPushGray_buffercc_io_dataOut[2]~FF
INFO     : 	Synchronizer 37: 
INFO     :  ddr3_ctl_axi/u_efx_ddr3_soft_controller/genblk1.inst_ddr3_axi/inst_efx_ddr3/top_mc/fifo_aw/pushToPopGray_buffercc/buffers_0[5]~FF
INFO     :  ddr3_ctl_axi/u_efx_ddr3_soft_controller/genblk1.inst_ddr3_axi/inst_efx_ddr3/top_mc/fifo_aw/pushToPopGray_buffercc_io_dataOut[5]~FF
INFO     : 	Synchronizer 38: 
INFO     :  u_axi4_ctrl/Gen_RFIFO_16.u_R0_FIFO_16/u_efx_fifo_top/xefx_fifo_ctl/genblk7.wr2rd_addr_sync/dff_5/i24_2
INFO     : 	Synchronizer 39: 
INFO     :  ddr3_ctl_axi/u_efx_ddr3_soft_controller/genblk1.inst_ddr3_axi/inst_efx_ddr3/top_mc/ac_fifo/popToPushGray_buffercc/buffers_0[6]~FF
INFO     :  ddr3_ctl_axi/u_efx_ddr3_soft_controller/genblk1.inst_ddr3_axi/inst_efx_ddr3/top_mc/ac_fifo/popToPushGray_buffercc_io_dataOut[6]~FF
INFO     : 	Synchronizer 40: 
INFO     :  ddr3_ctl_axi/u_efx_ddr3_soft_controller/genblk1.inst_ddr3_axi/inst_efx_ddr3/top_mc/fifo_aw/pushToPopGray_buffercc/buffers_0[4]~FF
INFO     :  ddr3_ctl_axi/u_efx_ddr3_soft_controller/genblk1.inst_ddr3_axi/inst_efx_ddr3/top_mc/fifo_aw/pushToPopGray_buffercc_io_dataOut[4]~FF
INFO     : 	Synchronizer 41: 
INFO     :  u_axi4_ctrl/Gen_RFIFO_16.u_R0_FIFO_16/u_efx_fifo_top/xefx_fifo_ctl/genblk7.wr2rd_addr_sync/dff_5/i23_2
INFO     : 	Synchronizer 42: 
INFO     :  ddr3_ctl_axi/u_efx_ddr3_soft_controller/genblk1.inst_ddr3_axi/inst_efx_ddr3/top_mc/ac_fifo/popToPushGray_buffercc/buffers_0[5]~FF
INFO     :  ddr3_ctl_axi/u_efx_ddr3_soft_controller/genblk1.inst_ddr3_axi/inst_efx_ddr3/top_mc/ac_fifo/popToPushGray_buffercc_io_dataOut[5]~FF
INFO     : 	Synchronizer 43: 
INFO     :  ddr3_ctl_axi/u_efx_ddr3_soft_controller/genblk1.inst_ddr3_axi/inst_efx_ddr3/top_mc/fifo_ar/pushToPopGray_buffercc/buffers_0[0]~FF
INFO     :  ddr3_ctl_axi/u_efx_ddr3_soft_controller/genblk1.inst_ddr3_axi/inst_efx_ddr3/top_mc/fifo_ar/pushToPopGray_buffercc_io_dataOut[0]~FF
INFO     : 	Synchronizer 44: 
INFO     :  ddr3_ctl_axi/u_efx_ddr3_soft_controller/genblk1.inst_ddr3_axi/inst_efx_ddr3/top_mc/fifo_aw/pushToPopGray_buffercc/buffers_0[3]~FF
INFO     :  ddr3_ctl_axi/u_efx_ddr3_soft_controller/genblk1.inst_ddr3_axi/inst_efx_ddr3/top_mc/fifo_aw/pushToPopGray_buffercc_io_dataOut[3]~FF
INFO     : 	Synchronizer 45: 
INFO     :  u_axi4_ctrl/Gen_RFIFO_16.u_R0_FIFO_16/u_efx_fifo_top/xefx_fifo_ctl/genblk7.wr2rd_addr_sync/dff_5/i22_2
INFO     : 	Synchronizer 46: 
INFO     :  ddr3_ctl_axi/u_efx_ddr3_soft_controller/genblk1.inst_ddr3_axi/inst_efx_ddr3/top_mc/ac_fifo/popToPushGray_buffercc/buffers_0[4]~FF
INFO     :  ddr3_ctl_axi/u_efx_ddr3_soft_controller/genblk1.inst_ddr3_axi/inst_efx_ddr3/top_mc/ac_fifo/popToPushGray_buffercc_io_dataOut[4]~FF
INFO     : 	Synchronizer 47: 
INFO     :  ddr3_ctl_axi/u_efx_ddr3_soft_controller/genblk1.inst_ddr3_axi/inst_efx_ddr3/top_mc/fifo_aw/pushToPopGray_buffercc/buffers_0[2]~FF
INFO     :  ddr3_ctl_axi/u_efx_ddr3_soft_controller/genblk1.inst_ddr3_axi/inst_efx_ddr3/top_mc/fifo_aw/pushToPopGray_buffercc_io_dataOut[2]~FF
INFO     : 	Synchronizer 48: 
INFO     :  u_axi4_ctrl/Gen_RFIFO_16.u_R0_FIFO_16/u_efx_fifo_top/xefx_fifo_ctl/genblk7.wr2rd_addr_sync/dff_5/i21_2
INFO     : 	Synchronizer 49: 
INFO     :  ddr3_ctl_axi/u_efx_ddr3_soft_controller/genblk1.inst_ddr3_axi/inst_efx_ddr3/top_mc/ac_fifo/popToPushGray_buffercc/buffers_0[3]~FF
INFO     :  ddr3_ctl_axi/u_efx_ddr3_soft_controller/genblk1.inst_ddr3_axi/inst_efx_ddr3/top_mc/ac_fifo/popToPushGray_buffercc_io_dataOut[3]~FF
INFO     : 	Synchronizer 50: 
INFO     :  ddr3_ctl_axi/u_efx_ddr3_soft_controller/genblk1.inst_ddr3_axi/inst_efx_ddr3/top_mc/fifo_aw/pushToPopGray_buffercc/buffers_0[1]~FF
INFO     :  ddr3_ctl_axi/u_efx_ddr3_soft_controller/genblk1.inst_ddr3_axi/inst_efx_ddr3/top_mc/fifo_aw/pushToPopGray_buffercc_io_dataOut[1]~FF
INFO     : 	Synchronizer 51: 
INFO     :  ddr3_ctl_axi/u_efx_ddr3_soft_controller/genblk1.inst_ddr3_axi/inst_efx_ddr3/top_mc/ac_fifo/popToPushGray_buffercc/buffers_0[2]~FF
INFO     :  ddr3_ctl_axi/u_efx_ddr3_soft_controller/genblk1.inst_ddr3_axi/inst_efx_ddr3/top_mc/ac_fifo/popToPushGray_buffercc_io_dataOut[2]~FF
INFO     : 	Synchronizer 52: 
INFO     :  u_axi4_ctrl/Gen_RFIFO_16.u_R0_FIFO_16/u_efx_fifo_top/xefx_fifo_ctl/genblk7.xrd2wr_addr_sync/dff_5/i38_2
INFO     : 	Synchronizer 53: 
INFO     :  ddr3_ctl_axi/u_efx_ddr3_soft_controller/genblk1.inst_ddr3_axi/inst_efx_ddr3/top_mc/ac_fifo/popToPushGray_buffercc/buffers_0[1]~FF
INFO     :  ddr3_ctl_axi/u_efx_ddr3_soft_controller/genblk1.inst_ddr3_axi/inst_efx_ddr3/top_mc/ac_fifo/popToPushGray_buffercc_io_dataOut[1]~FF
INFO     : 	Synchronizer 54: 
INFO     :  u_axi4_ctrl/Gen_RFIFO_16.u_R0_FIFO_16/u_efx_fifo_top/xefx_fifo_ctl/genblk7.xrd2wr_addr_sync/dff_5/i37_2
INFO     : 	Synchronizer 55: 
INFO     :  ddr3_ctl_axi/u_efx_ddr3_soft_controller/genblk1.inst_ddr3_axi/inst_efx_ddr3/top_mc/fifo_aw/pushToPopGray_buffercc/buffers_0[0]~FF
INFO     :  ddr3_ctl_axi/u_efx_ddr3_soft_controller/genblk1.inst_ddr3_axi/inst_efx_ddr3/top_mc/fifo_aw/pushToPopGray_buffercc_io_dataOut[0]~FF
INFO     : 	Synchronizer 56: 
INFO     :  u_axi4_ctrl/Gen_FIFO_W8.u_W0_FIFO_8/u_efx_fifo_top/xefx_fifo_ctl/genblk7.wr2rd_addr_sync/dff_5/i38_2
INFO     : 	Synchronizer 57: 
INFO     :  ddr3_ctl_axi/u_efx_ddr3_soft_controller/genblk1.inst_ddr3_axi/inst_efx_ddr3/top_mc/fifo_ar/popToPushGray_buffercc/buffers_0[6]~FF
INFO     :  ddr3_ctl_axi/u_efx_ddr3_soft_controller/genblk1.inst_ddr3_axi/inst_efx_ddr3/top_mc/fifo_ar/popToPushGray_buffercc_io_dataOut[6]~FF
INFO     : 	Synchronizer 58: 
INFO     :  u_axi4_ctrl/Gen_RFIFO_16.u_R0_FIFO_16/u_efx_fifo_top/xefx_fifo_ctl/genblk7.xrd2wr_addr_sync/dff_5/i35_2
INFO     : 	Synchronizer 59: 
INFO     :  ddr3_ctl_axi/u_efx_ddr3_soft_controller/genblk1.inst_ddr3_axi/inst_efx_ddr3/top_mc/ac_fifo/popToPushGray_buffercc/buffers_0[0]~FF
INFO     :  ddr3_ctl_axi/u_efx_ddr3_soft_controller/genblk1.inst_ddr3_axi/inst_efx_ddr3/top_mc/ac_fifo/popToPushGray_buffercc_io_dataOut[0]~FF
INFO     : 	Synchronizer 60: 
INFO     :  ddr3_ctl_axi/u_efx_ddr3_soft_controller/genblk1.inst_ddr3_axi/inst_efx_ddr3/top_mc/fifo_wr/pushToPopGray_buffercc/buffers_0[0]~FF
INFO     :  ddr3_ctl_axi/u_efx_ddr3_soft_controller/genblk1.inst_ddr3_axi/inst_efx_ddr3/top_mc/fifo_wr/pushToPopGray_buffercc_io_dataOut[0]~FF
INFO     : 	Synchronizer 61: 
INFO     :  ddr3_ctl_axi/u_efx_ddr3_soft_controller/genblk1.inst_ddr3_axi/inst_efx_ddr3/top_mc/fifo_rdpush/pushToPopGray_buffercc/buffers_0[5]~FF
INFO     :  ddr3_ctl_axi/u_efx_ddr3_soft_controller/genblk1.inst_ddr3_axi/inst_efx_ddr3/top_mc/fifo_rdpush/pushToPopGray_buffercc_io_dataOut[5]~FF
INFO     : 	Synchronizer 62: 
INFO     :  ddr3_ctl_axi/u_efx_ddr3_soft_controller/genblk1.inst_ddr3_axi/inst_efx_ddr3/top_mc/fifo_aw/popToPushGray_buffercc/buffers_0[0]~FF
INFO     :  ddr3_ctl_axi/u_efx_ddr3_soft_controller/genblk1.inst_ddr3_axi/inst_efx_ddr3/top_mc/fifo_aw/popToPushGray_buffercc_io_dataOut[0]~FF
INFO     : 	Synchronizer 63: 
INFO     :  ddr3_ctl_axi/u_efx_ddr3_soft_controller/genblk1.inst_ddr3_axi/inst_efx_ddr3/top_mc/fifo_rdpush/pushToPopGray_buffercc/buffers_0[6]~FF
INFO     :  ddr3_ctl_axi/u_efx_ddr3_soft_controller/genblk1.inst_ddr3_axi/inst_efx_ddr3/top_mc/fifo_rdpush/pushToPopGray_buffercc_io_dataOut[6]~FF
INFO     : 	Synchronizer 64: 
INFO     :  ddr3_ctl_axi/u_efx_ddr3_soft_controller/genblk1.inst_ddr3_axi/inst_efx_ddr3/top_mc/fifo_ack/popToPushGray_buffercc/buffers_0[6]~FF
INFO     :  ddr3_ctl_axi/u_efx_ddr3_soft_controller/genblk1.inst_ddr3_axi/inst_efx_ddr3/top_mc/fifo_ack/popToPushGray_buffercc_io_dataOut[6]~FF
INFO     : 	Synchronizer 65: 
INFO     :  ddr3_ctl_axi/u_efx_ddr3_soft_controller/genblk1.inst_ddr3_axi/inst_efx_ddr3/top_mc/fifo_wr/pushToPopGray_buffercc/buffers_0[1]~FF
INFO     :  ddr3_ctl_axi/u_efx_ddr3_soft_controller/genblk1.inst_ddr3_axi/inst_efx_ddr3/top_mc/fifo_wr/pushToPopGray_buffercc_io_dataOut[1]~FF
INFO     : 	Synchronizer 66: 
INFO     :  ddr3_ctl_axi/u_efx_ddr3_soft_controller/genblk1.inst_ddr3_axi/inst_efx_ddr3/top_mc/controller_main/get_wr_ack[2]~FF
INFO     : 	Synchronizer 67: 
INFO     :  ddr3_ctl_axi/u_efx_ddr3_soft_controller/genblk1.inst_ddr3_axi/inst_efx_ddr3/top_mc/fifo_aw/popToPushGray_buffercc/buffers_0[1]~FF
INFO     :  ddr3_ctl_axi/u_efx_ddr3_soft_controller/genblk1.inst_ddr3_axi/inst_efx_ddr3/top_mc/fifo_aw/popToPushGray_buffercc_io_dataOut[1]~FF
INFO     : 	Synchronizer 68: 
INFO     :  ddr3_ctl_axi/u_efx_ddr3_soft_controller/genblk1.inst_ddr3_axi/inst_efx_ddr3/top_mc/fifo_wr/pushToPopGray_buffercc/buffers_0[2]~FF
INFO     :  ddr3_ctl_axi/u_efx_ddr3_soft_controller/genblk1.inst_ddr3_axi/inst_efx_ddr3/top_mc/fifo_wr/pushToPopGray_buffercc_io_dataOut[2]~FF
INFO     : 	Synchronizer 69: 
INFO     :  ddr3_ctl_axi/u_efx_ddr3_soft_controller/genblk1.inst_ddr3_axi/inst_efx_ddr3/top_mc/fifo_aw/popToPushGray_buffercc/buffers_0[2]~FF
INFO     :  ddr3_ctl_axi/u_efx_ddr3_soft_controller/genblk1.inst_ddr3_axi/inst_efx_ddr3/top_mc/fifo_aw/popToPushGray_buffercc_io_dataOut[2]~FF
INFO     : 	Synchronizer 70: 
INFO     :  ddr3_ctl_axi/u_efx_ddr3_soft_controller/genblk1.inst_ddr3_axi/inst_efx_ddr3/top_mc/fifo_wr/pushToPopGray_buffercc/buffers_0[3]~FF
INFO     :  ddr3_ctl_axi/u_efx_ddr3_soft_controller/genblk1.inst_ddr3_axi/inst_efx_ddr3/top_mc/fifo_wr/pushToPopGray_buffercc_io_dataOut[3]~FF
INFO     : 	Synchronizer 71: 
INFO     :  ddr3_ctl_axi/u_efx_ddr3_soft_controller/genblk1.inst_ddr3_axi/inst_efx_ddr3/top_mc/fifo_ar/popToPushGray_buffercc/buffers_0[0]~FF
INFO     :  ddr3_ctl_axi/u_efx_ddr3_soft_controller/genblk1.inst_ddr3_axi/inst_efx_ddr3/top_mc/fifo_ar/popToPushGray_buffercc_io_dataOut[0]~FF
INFO     : 	Synchronizer 72: 
INFO     :  ddr3_ctl_axi/u_efx_ddr3_soft_controller/genblk1.inst_ddr3_axi/inst_efx_ddr3/top_mc/fifo_aw/popToPushGray_buffercc/buffers_0[3]~FF
INFO     :  ddr3_ctl_axi/u_efx_ddr3_soft_controller/genblk1.inst_ddr3_axi/inst_efx_ddr3/top_mc/fifo_aw/popToPushGray_buffercc_io_dataOut[3]~FF
INFO     : 	Synchronizer 73: 
INFO     :  ddr3_ctl_axi/u_efx_ddr3_soft_controller/genblk1.inst_ddr3_axi/inst_efx_ddr3/top_mc/fifo_wr/pushToPopGray_buffercc/buffers_0[4]~FF
INFO     :  ddr3_ctl_axi/u_efx_ddr3_soft_controller/genblk1.inst_ddr3_axi/inst_efx_ddr3/top_mc/fifo_wr/pushToPopGray_buffercc_io_dataOut[4]~FF
INFO     : 	Synchronizer 74: 
INFO     :  ddr3_ctl_axi/u_efx_ddr3_soft_controller/genblk1.inst_ddr3_axi/inst_efx_ddr3/top_mc/fifo_aw/popToPushGray_buffercc/buffers_0[4]~FF
INFO     :  ddr3_ctl_axi/u_efx_ddr3_soft_controller/genblk1.inst_ddr3_axi/inst_efx_ddr3/top_mc/fifo_aw/popToPushGray_buffercc_io_dataOut[4]~FF
INFO     : 	Synchronizer 75: 
INFO     :  ddr3_ctl_axi/u_efx_ddr3_soft_controller/genblk1.inst_ddr3_axi/inst_efx_ddr3/top_mc/fifo_wr/pushToPopGray_buffercc/buffers_0[5]~FF
INFO     :  ddr3_ctl_axi/u_efx_ddr3_soft_controller/genblk1.inst_ddr3_axi/inst_efx_ddr3/top_mc/fifo_wr/pushToPopGray_buffercc_io_dataOut[5]~FF
INFO     : 	Synchronizer 76: 
INFO     :  ddr3_ctl_axi/u_efx_ddr3_soft_controller/genblk1.inst_ddr3_axi/inst_efx_ddr3/top_mc/fifo_aw/popToPushGray_buffercc/buffers_0[5]~FF
INFO     :  ddr3_ctl_axi/u_efx_ddr3_soft_controller/genblk1.inst_ddr3_axi/inst_efx_ddr3/top_mc/fifo_aw/popToPushGray_buffercc_io_dataOut[5]~FF
INFO     : 	Synchronizer 77: 
INFO     :  ddr3_ctl_axi/u_efx_ddr3_soft_controller/genblk1.inst_ddr3_axi/inst_efx_ddr3/top_mc/fifo_wr/pushToPopGray_buffercc/buffers_0[6]~FF
INFO     :  ddr3_ctl_axi/u_efx_ddr3_soft_controller/genblk1.inst_ddr3_axi/inst_efx_ddr3/top_mc/fifo_wr/pushToPopGray_buffercc_io_dataOut[6]~FF
INFO     : 	Synchronizer 78: 
INFO     :  ddr3_ctl_axi/u_efx_ddr3_soft_controller/genblk1.inst_ddr3_axi/inst_efx_ddr3/top_mc/fifo_ar/popToPushGray_buffercc/buffers_0[1]~FF
INFO     :  ddr3_ctl_axi/u_efx_ddr3_soft_controller/genblk1.inst_ddr3_axi/inst_efx_ddr3/top_mc/fifo_ar/popToPushGray_buffercc_io_dataOut[1]~FF
INFO     : 	Synchronizer 79: 
INFO     :  ddr3_ctl_axi/u_efx_ddr3_soft_controller/genblk1.inst_ddr3_axi/inst_efx_ddr3/top_mc/fifo_ack/popToPushGray_buffercc/buffers_0[5]~FF
INFO     :  ddr3_ctl_axi/u_efx_ddr3_soft_controller/genblk1.inst_ddr3_axi/inst_efx_ddr3/top_mc/fifo_ack/popToPushGray_buffercc_io_dataOut[5]~FF
INFO     : 	Synchronizer 80: 
INFO     :  ddr3_ctl_axi/u_efx_ddr3_soft_controller/genblk1.inst_ddr3_axi/inst_efx_ddr3/top_mc/fifo_aw/popToPushGray_buffercc/buffers_0[6]~FF
INFO     :  ddr3_ctl_axi/u_efx_ddr3_soft_controller/genblk1.inst_ddr3_axi/inst_efx_ddr3/top_mc/fifo_aw/popToPushGray_buffercc_io_dataOut[6]~FF
INFO     : 	Synchronizer 81: 
INFO     :  ddr3_ctl_axi/u_efx_ddr3_soft_controller/genblk1.inst_ddr3_axi/inst_efx_ddr3/top_mc/fifo_ar/popToPushGray_buffercc/buffers_0[2]~FF
INFO     :  ddr3_ctl_axi/u_efx_ddr3_soft_controller/genblk1.inst_ddr3_axi/inst_efx_ddr3/top_mc/fifo_ar/popToPushGray_buffercc_io_dataOut[2]~FF
INFO     : 	Synchronizer 82: 
INFO     :  ddr3_ctl_axi/u_efx_ddr3_soft_controller/genblk1.inst_ddr3_axi/inst_efx_ddr3/top_mc/fifo_ack/popToPushGray_buffercc/buffers_0[1]~FF
INFO     :  ddr3_ctl_axi/u_efx_ddr3_soft_controller/genblk1.inst_ddr3_axi/inst_efx_ddr3/top_mc/fifo_ack/popToPushGray_buffercc_io_dataOut[1]~FF
INFO     : 	Synchronizer 83: 
INFO     :  ddr3_ctl_axi/u_efx_ddr3_soft_controller/genblk1.inst_ddr3_axi/inst_efx_ddr3/top_mc/fifo_ar/popToPushGray_buffercc/buffers_0[3]~FF
INFO     :  ddr3_ctl_axi/u_efx_ddr3_soft_controller/genblk1.inst_ddr3_axi/inst_efx_ddr3/top_mc/fifo_ar/popToPushGray_buffercc_io_dataOut[3]~FF
INFO     : 	Synchronizer 84: 
INFO     :  ddr3_ctl_axi/u_efx_ddr3_soft_controller/genblk1.inst_ddr3_axi/inst_efx_ddr3/top_mc/fifo_ack/popToPushGray_buffercc/buffers_0[4]~FF
INFO     :  ddr3_ctl_axi/u_efx_ddr3_soft_controller/genblk1.inst_ddr3_axi/inst_efx_ddr3/top_mc/fifo_ack/popToPushGray_buffercc_io_dataOut[4]~FF
INFO     : 	Synchronizer 85: 
INFO     :  ddr3_ctl_axi/u_efx_ddr3_soft_controller/genblk1.inst_ddr3_axi/inst_efx_ddr3/top_mc/fifo_ar/popToPushGray_buffercc/buffers_0[4]~FF
INFO     :  ddr3_ctl_axi/u_efx_ddr3_soft_controller/genblk1.inst_ddr3_axi/inst_efx_ddr3/top_mc/fifo_ar/popToPushGray_buffercc_io_dataOut[4]~FF
INFO     : 	Synchronizer 86: 
INFO     :  ddr3_ctl_axi/u_efx_ddr3_soft_controller/genblk1.inst_ddr3_axi/inst_efx_ddr3/top_mc/fifo_ar/popToPushGray_buffercc/buffers_0[5]~FF
INFO     :  ddr3_ctl_axi/u_efx_ddr3_soft_controller/genblk1.inst_ddr3_axi/inst_efx_ddr3/top_mc/fifo_ar/popToPushGray_buffercc_io_dataOut[5]~FF
INFO     : 	Synchronizer 87: 
INFO     :  ddr3_ctl_axi/u_efx_ddr3_soft_controller/genblk1.inst_ddr3_axi/inst_efx_ddr3/top_mc/fifo_rdpush/pushToPopGray_buffercc/buffers_0[1]~FF
INFO     :  ddr3_ctl_axi/u_efx_ddr3_soft_controller/genblk1.inst_ddr3_axi/inst_efx_ddr3/top_mc/fifo_rdpush/pushToPopGray_buffercc_io_dataOut[1]~FF
INFO     : 	Synchronizer 88: 
INFO     :  ddr3_ctl_axi/u_efx_ddr3_soft_controller/genblk1.inst_ddr3_axi/inst_efx_ddr3/top_mc/fifo_rdpush/pushToPopGray_buffercc/buffers_0[2]~FF
INFO     :  ddr3_ctl_axi/u_efx_ddr3_soft_controller/genblk1.inst_ddr3_axi/inst_efx_ddr3/top_mc/fifo_rdpush/pushToPopGray_buffercc_io_dataOut[2]~FF
INFO     : 	Synchronizer 89: 
INFO     :  ddr3_ctl_axi/u_efx_ddr3_soft_controller/genblk1.inst_ddr3_axi/inst_efx_ddr3/top_mc/fifo_rdpush/pushToPopGray_buffercc/buffers_0[3]~FF
INFO     :  ddr3_ctl_axi/u_efx_ddr3_soft_controller/genblk1.inst_ddr3_axi/inst_efx_ddr3/top_mc/fifo_rdpush/pushToPopGray_buffercc_io_dataOut[3]~FF
INFO     : 	Synchronizer 90: 
INFO     :  ddr3_ctl_axi/u_efx_ddr3_soft_controller/genblk1.inst_ddr3_axi/inst_efx_ddr3/top_mc/fifo_rdpush/pushToPopGray_buffercc/buffers_0[4]~FF
INFO     :  ddr3_ctl_axi/u_efx_ddr3_soft_controller/genblk1.inst_ddr3_axi/inst_efx_ddr3/top_mc/fifo_rdpush/pushToPopGray_buffercc_io_dataOut[4]~FF
INFO     : 	Synchronizer 91: 
INFO     :  ddr3_ctl_axi/u_efx_ddr3_soft_controller/genblk1.inst_ddr3_axi/inst_efx_ddr3/top_mc/controller_main/ram_rd_ack_a[0]~FF
INFO     :  ddr3_ctl_axi/u_efx_ddr3_soft_controller/genblk1.inst_ddr3_axi/inst_efx_ddr3/top_mc/controller_main/ram_rd_ack_a[1]~FF
INFO     : 	Synchronizer 92: 
INFO     :  ddr3_ctl_axi/u_efx_ddr3_soft_controller/genblk1.inst_ddr3_axi/inst_efx_ddr3/top_mc/fifo_rd/pushToPopGray_buffercc/buffers_0[0]~FF
INFO     :  ddr3_ctl_axi/u_efx_ddr3_soft_controller/genblk1.inst_ddr3_axi/inst_efx_ddr3/top_mc/fifo_rd/pushToPopGray_buffercc_io_dataOut[0]~FF
INFO     : 	Synchronizer 93: 
INFO     :  ddr3_ctl_axi/u_efx_ddr3_soft_controller/genblk1.inst_ddr3_axi/inst_efx_ddr3/top_mc/controller_main/ram_wr_ack_p~FF
INFO     : 	Synchronizer 94: 
INFO     :  ddr3_ctl_axi/u_efx_ddr3_soft_controller/genblk1.inst_ddr3_axi/inst_efx_ddr3/top_mc/controller_main/ram_wr_ack_p1~FF
INFO     : 	Synchronizer 95: 
INFO     :  ddr3_ctl_axi/u_efx_ddr3_soft_controller/genblk1.inst_ddr3_axi/inst_efx_ddr3/top_mc/fifo_rd/pushToPopGray_buffercc/buffers_0[1]~FF
INFO     :  ddr3_ctl_axi/u_efx_ddr3_soft_controller/genblk1.inst_ddr3_axi/inst_efx_ddr3/top_mc/fifo_rd/pushToPopGray_buffercc_io_dataOut[1]~FF
INFO     : 	Synchronizer 96: 
INFO     :  ddr3_ctl_axi/u_efx_ddr3_soft_controller/genblk1.inst_ddr3_axi/inst_efx_ddr3/top_mc/fifo_rd/pushToPopGray_buffercc/buffers_0[2]~FF
INFO     :  ddr3_ctl_axi/u_efx_ddr3_soft_controller/genblk1.inst_ddr3_axi/inst_efx_ddr3/top_mc/fifo_rd/pushToPopGray_buffercc_io_dataOut[2]~FF
INFO     : 	Synchronizer 97: 
INFO     :  ddr3_ctl_axi/u_efx_ddr3_soft_controller/genblk1.inst_ddr3_axi/inst_efx_ddr3/top_mc/controller_main/get_wr_ack[0]~FF
INFO     :  ddr3_ctl_axi/u_efx_ddr3_soft_controller/genblk1.inst_ddr3_axi/inst_efx_ddr3/top_mc/controller_main/get_wr_ack[1]~FF
INFO     : 	Synchronizer 98: 
INFO     :  ddr3_ctl_axi/u_efx_ddr3_soft_controller/genblk1.inst_ddr3_axi/inst_efx_ddr3/top_mc/fifo_rd/pushToPopGray_buffercc/buffers_0[3]~FF
INFO     :  ddr3_ctl_axi/u_efx_ddr3_soft_controller/genblk1.inst_ddr3_axi/inst_efx_ddr3/top_mc/fifo_rd/pushToPopGray_buffercc_io_dataOut[3]~FF
INFO     : 	Synchronizer 99: 
INFO     :  ddr3_ctl_axi/u_efx_ddr3_soft_controller/genblk1.inst_ddr3_axi/inst_efx_ddr3/top_mc/fifo_rd/pushToPopGray_buffercc/buffers_0[4]~FF
INFO     :  ddr3_ctl_axi/u_efx_ddr3_soft_controller/genblk1.inst_ddr3_axi/inst_efx_ddr3/top_mc/fifo_rd/pushToPopGray_buffercc_io_dataOut[4]~FF
INFO     : 	Synchronizer 100: 
INFO     :  ddr3_ctl_axi/u_efx_ddr3_soft_controller/genblk1.inst_ddr3_axi/inst_efx_ddr3/top_mc/controller_main/get_dqs_wr_start_p[2]~FF
INFO     : 	Synchronizer 101: 
INFO     :  ddr3_ctl_axi/u_efx_ddr3_soft_controller/genblk1.inst_ddr3_axi/inst_efx_ddr3/top_mc/fifo_rd/pushToPopGray_buffercc/buffers_0[5]~FF
INFO     :  ddr3_ctl_axi/u_efx_ddr3_soft_controller/genblk1.inst_ddr3_axi/inst_efx_ddr3/top_mc/fifo_rd/pushToPopGray_buffercc_io_dataOut[5]~FF
INFO     : 	Synchronizer 102: 
INFO     :  ddr3_ctl_axi/u_efx_ddr3_soft_controller/genblk1.inst_ddr3_axi/inst_efx_ddr3/top_mc/fifo_rd/pushToPopGray_buffercc/buffers_0[6]~FF
INFO     :  ddr3_ctl_axi/u_efx_ddr3_soft_controller/genblk1.inst_ddr3_axi/inst_efx_ddr3/top_mc/fifo_rd/pushToPopGray_buffercc_io_dataOut[6]~FF
INFO     : 	Synchronizer 103: 
INFO     :  ddr3_ctl_axi/u_efx_ddr3_soft_controller/genblk1.inst_ddr3_axi/inst_efx_ddr3/top_mc/controller_main/ram_rd_ack_ap[2]~FF
INFO     : 	Synchronizer 104: 
INFO     :  ddr3_ctl_axi/u_efx_ddr3_soft_controller/genblk1.inst_ddr3_axi/inst_efx_ddr3/top_mc/fifo_ack/pushToPopGray_buffercc/buffers_0[0]~FF
INFO     :  ddr3_ctl_axi/u_efx_ddr3_soft_controller/genblk1.inst_ddr3_axi/inst_efx_ddr3/top_mc/fifo_ack/pushToPopGray_buffercc_io_dataOut[0]~FF
INFO     : 	Synchronizer 105: 
INFO     :  ddr3_ctl_axi/u_efx_ddr3_soft_controller/genblk1.inst_ddr3_axi/inst_efx_ddr3/top_mc/fifo_ack/pushToPopGray_buffercc/buffers_0[1]~FF
INFO     :  ddr3_ctl_axi/u_efx_ddr3_soft_controller/genblk1.inst_ddr3_axi/inst_efx_ddr3/top_mc/fifo_ack/pushToPopGray_buffercc_io_dataOut[1]~FF
INFO     : 	Synchronizer 106: 
INFO     :  ddr3_ctl_axi/u_efx_ddr3_soft_controller/genblk1.inst_ddr3_axi/inst_efx_ddr3/top_mc/fifo_ack/pushToPopGray_buffercc/buffers_0[2]~FF
INFO     :  ddr3_ctl_axi/u_efx_ddr3_soft_controller/genblk1.inst_ddr3_axi/inst_efx_ddr3/top_mc/fifo_ack/pushToPopGray_buffercc_io_dataOut[2]~FF
INFO     : 	Synchronizer 107: 
INFO     :  ddr3_ctl_axi/u_efx_ddr3_soft_controller/genblk1.inst_ddr3_axi/inst_efx_ddr3/top_mc/fifo_ack/pushToPopGray_buffercc/buffers_0[3]~FF
INFO     :  ddr3_ctl_axi/u_efx_ddr3_soft_controller/genblk1.inst_ddr3_axi/inst_efx_ddr3/top_mc/fifo_ack/pushToPopGray_buffercc_io_dataOut[3]~FF
INFO     : 	Synchronizer 108: 
INFO     :  ddr3_ctl_axi/u_efx_ddr3_soft_controller/genblk1.inst_ddr3_axi/inst_efx_ddr3/top_mc/fifo_ack/pushToPopGray_buffercc/buffers_0[4]~FF
INFO     :  ddr3_ctl_axi/u_efx_ddr3_soft_controller/genblk1.inst_ddr3_axi/inst_efx_ddr3/top_mc/fifo_ack/pushToPopGray_buffercc_io_dataOut[4]~FF
INFO     : 	Synchronizer 109: 
INFO     :  ddr3_ctl_axi/u_efx_ddr3_soft_controller/genblk1.inst_ddr3_axi/inst_efx_ddr3/top_mc/fifo_ack/pushToPopGray_buffercc/buffers_0[5]~FF
INFO     :  ddr3_ctl_axi/u_efx_ddr3_soft_controller/genblk1.inst_ddr3_axi/inst_efx_ddr3/top_mc/fifo_ack/pushToPopGray_buffercc_io_dataOut[5]~FF
INFO     : 	Synchronizer 110: 
INFO     :  ddr3_ctl_axi/u_efx_ddr3_soft_controller/genblk1.inst_ddr3_axi/inst_efx_ddr3/top_mc/fifo_ack/pushToPopGray_buffercc/buffers_0[6]~FF
INFO     :  ddr3_ctl_axi/u_efx_ddr3_soft_controller/genblk1.inst_ddr3_axi/inst_efx_ddr3/top_mc/fifo_ack/pushToPopGray_buffercc_io_dataOut[6]~FF
INFO     : 	Synchronizer 111: 
INFO     :  u_axi4_ctrl/Gen_RFIFO_16.u_R0_FIFO_16/u_efx_fifo_top/xefx_fifo_ctl/genblk7.wr2rd_addr_sync/dff_5/i26_2
INFO     : 	Synchronizer 112: 
INFO     :  u_axi4_ctrl/Gen_RFIFO_16.u_R0_FIFO_16/u_efx_fifo_top/xefx_fifo_ctl/genblk7.wr2rd_addr_sync/dff_5/i27_2
INFO     : 	Synchronizer 113: 
INFO     :  u_axi4_ctrl/Gen_RFIFO_16.u_R0_FIFO_16/u_efx_fifo_top/xefx_fifo_ctl/genblk7.wr2rd_addr_sync/dff_5/i28_2
INFO     : 	Synchronizer 114: 
INFO     :  u_axi4_ctrl/Gen_RFIFO_16.u_R0_FIFO_16/u_efx_fifo_top/xefx_fifo_ctl/genblk7.wr2rd_addr_sync/dff_5/i29_2
INFO     : 	Synchronizer 115: 
INFO     :  ddr3_ctl_axi/u_efx_ddr3_soft_controller/genblk1.inst_ddr3_axi/inst_efx_ddr3/top_mc/ac_fifo/pushToPopGray_buffercc/buffers_0[0]~FF
INFO     :  ddr3_ctl_axi/u_efx_ddr3_soft_controller/genblk1.inst_ddr3_axi/inst_efx_ddr3/top_mc/ac_fifo/pushToPopGray_buffercc_io_dataOut[0]~FF
INFO     : 	Synchronizer 116: 
INFO     :  ddr3_ctl_axi/u_efx_ddr3_soft_controller/genblk1.inst_ddr3_axi/inst_efx_ddr3/top_mc/ac_fifo/pushToPopGray_buffercc/buffers_0[1]~FF
INFO     :  ddr3_ctl_axi/u_efx_ddr3_soft_controller/genblk1.inst_ddr3_axi/inst_efx_ddr3/top_mc/ac_fifo/pushToPopGray_buffercc_io_dataOut[1]~FF
INFO     : 	Synchronizer 117: 
INFO     :  ddr3_ctl_axi/u_efx_ddr3_soft_controller/genblk1.inst_ddr3_axi/inst_efx_ddr3/top_mc/ac_fifo/pushToPopGray_buffercc/buffers_0[2]~FF
INFO     :  ddr3_ctl_axi/u_efx_ddr3_soft_controller/genblk1.inst_ddr3_axi/inst_efx_ddr3/top_mc/ac_fifo/pushToPopGray_buffercc_io_dataOut[2]~FF
INFO     : 	Synchronizer 118: 
INFO     :  ddr3_ctl_axi/u_efx_ddr3_soft_controller/genblk1.inst_ddr3_axi/inst_efx_ddr3/top_mc/ac_fifo/pushToPopGray_buffercc/buffers_0[3]~FF
INFO     :  ddr3_ctl_axi/u_efx_ddr3_soft_controller/genblk1.inst_ddr3_axi/inst_efx_ddr3/top_mc/ac_fifo/pushToPopGray_buffercc_io_dataOut[3]~FF
INFO     : 	Synchronizer 119: 
INFO     :  ddr3_ctl_axi/u_efx_ddr3_soft_controller/genblk1.inst_ddr3_axi/inst_efx_ddr3/top_mc/ac_fifo/pushToPopGray_buffercc/buffers_0[4]~FF
INFO     :  ddr3_ctl_axi/u_efx_ddr3_soft_controller/genblk1.inst_ddr3_axi/inst_efx_ddr3/top_mc/ac_fifo/pushToPopGray_buffercc_io_dataOut[4]~FF
INFO     : 	Synchronizer 120: 
INFO     :  ddr3_ctl_axi/u_efx_ddr3_soft_controller/genblk1.inst_ddr3_axi/inst_efx_ddr3/top_mc/ac_fifo/pushToPopGray_buffercc/buffers_0[5]~FF
INFO     :  ddr3_ctl_axi/u_efx_ddr3_soft_controller/genblk1.inst_ddr3_axi/inst_efx_ddr3/top_mc/ac_fifo/pushToPopGray_buffercc_io_dataOut[5]~FF
INFO     : 	Synchronizer 121: 
INFO     :  u_axi4_ctrl/Gen_RFIFO_16.u_R0_FIFO_16/u_efx_fifo_top/xefx_fifo_ctl/genblk7.xrd2wr_addr_sync/dff_5/i39_2
INFO     : 	Synchronizer 122: 
INFO     :  ddr3_ctl_axi/u_efx_ddr3_soft_controller/genblk1.inst_ddr3_axi/inst_efx_ddr3/top_mc/ac_fifo/pushToPopGray_buffercc/buffers_0[6]~FF
INFO     :  ddr3_ctl_axi/u_efx_ddr3_soft_controller/genblk1.inst_ddr3_axi/inst_efx_ddr3/top_mc/ac_fifo/pushToPopGray_buffercc_io_dataOut[6]~FF
INFO     : 	Synchronizer 123: 
INFO     :  u_axi4_ctrl/Gen_RFIFO_16.u_R0_FIFO_16/u_efx_fifo_top/xefx_fifo_ctl/genblk7.xrd2wr_addr_sync/dff_5/i30_2
INFO     : 	Synchronizer 124: 
INFO     :  ddr3_ctl_axi/u_efx_ddr3_soft_controller/genblk1.inst_ddr3_axi/inst_efx_ddr3/top_mc/controller_main/dq_pipe_ap[0]~FF
INFO     :  ddr3_ctl_axi/u_efx_ddr3_soft_controller/genblk1.inst_ddr3_axi/inst_efx_ddr3/top_mc/controller_main/dq_pipe_ap[1]~FF
INFO     :  ddr3_ctl_axi/u_efx_ddr3_soft_controller/genblk1.inst_ddr3_axi/inst_efx_ddr3/top_mc/w_wr_fifo_rd_en~FF
INFO     : 	Synchronizer 125: 
INFO     :  ddr3_ctl_axi/u_efx_ddr3_soft_controller/genblk1.inst_ddr3_axi/inst_efx_ddr3/top_mc/controller_main/dq_pipe_ap[3]~FF
INFO     :  ddr3_ctl_axi/u_efx_ddr3_soft_controller/genblk1.inst_ddr3_axi/inst_efx_ddr3/top_mc/controller_main/dq_pipe_ap[4]~FF
INFO     :  ddr3_ctl_axi/u_efx_ddr3_soft_controller/genblk1.inst_ddr3_axi/inst_efx_ddr3/top_mc/controller_main/dq_pipe_ap[5]~FF
INFO     :  ddr3_ctl_axi/u_efx_ddr3_soft_controller/genblk1.inst_ddr3_axi/inst_efx_ddr3/top_mc/controller_main/dq_pipe_ap[6]~FF
INFO     :  ddr3_ctl_axi/u_efx_ddr3_soft_controller/genblk1.inst_ddr3_axi/inst_efx_ddr3/top_mc/controller_main/dq_pipe_ap[7]~FF
INFO     :  ddr3_ctl_axi/u_efx_ddr3_soft_controller/genblk1.inst_ddr3_axi/inst_efx_ddr3/top_mc/controller_main/dq_pipe_ap[8]~FF
INFO     : 	Synchronizer 126: 
INFO     :  ddr3_ctl_axi/u_efx_ddr3_soft_controller/genblk1.inst_ddr3_axi/inst_efx_ddr3/top_mc/controller_main/get_dqs_wr_start_p[0]~FF
INFO     :  ddr3_ctl_axi/u_efx_ddr3_soft_controller/genblk1.inst_ddr3_axi/inst_efx_ddr3/top_mc/controller_main/get_dqs_wr_start_p[1]~FF
INFO     : 	Synchronizer 127: 
INFO     :  ddr3_ctl_axi/u_efx_ddr3_soft_controller/genblk1.inst_ddr3_axi/inst_efx_ddr3/top_mc/controller_main/r_wr_start_p[0]~FF
INFO     :  ddr3_ctl_axi/u_efx_ddr3_soft_controller/genblk1.inst_ddr3_axi/inst_efx_ddr3/top_mc/controller_main/r_wr_start_p[1]~FF
INFO     :  ddr3_ctl_axi/u_efx_ddr3_soft_controller/genblk1.inst_ddr3_axi/inst_efx_ddr3/top_mc/controller_main/r_wr_start_p[2]~FF
INFO     :  ddr3_ctl_axi/u_efx_ddr3_soft_controller/genblk1.inst_ddr3_axi/inst_efx_ddr3/top_mc/controller_main/r_wr_start_p[3]~FF
INFO     :  ddr3_ctl_axi/u_efx_ddr3_soft_controller/genblk1.inst_ddr3_axi/inst_efx_ddr3/top_mc/controller_main/r_wr_start_p[4]~FF
INFO     :  ddr3_ctl_axi/u_efx_ddr3_soft_controller/genblk1.inst_ddr3_axi/inst_efx_ddr3/top_mc/controller_main/r_wr_start_p[5]~FF
INFO     :  ddr3_ctl_axi/u_efx_ddr3_soft_controller/genblk1.inst_ddr3_axi/inst_efx_ddr3/top_mc/controller_main/r_wr_start_p[6]~FF
INFO     :  ddr3_ctl_axi/u_efx_ddr3_soft_controller/genblk1.inst_ddr3_axi/inst_efx_ddr3/top_mc/controller_main/r_wr_start_p[7]~FF
INFO     : 	Synchronizer 128: 
INFO     :  ddr3_ctl_axi/u_efx_ddr3_soft_controller/genblk1.inst_ddr3_axi/inst_efx_ddr3/top_mc/controller_main/ram_rd_ack_ap[0]~FF
INFO     :  ddr3_ctl_axi/u_efx_ddr3_soft_controller/genblk1.inst_ddr3_axi/inst_efx_ddr3/top_mc/controller_main/ram_rd_ack_ap[1]~FF
INFO     : 	Synchronizer 129: 
INFO     :  u_axi4_ctrl/Gen_RFIFO_16.u_R0_FIFO_16/u_efx_fifo_top/xefx_fifo_ctl/genblk7.xrd2wr_addr_sync/dff_5/i31_2
INFO     : 	Synchronizer 130: 
INFO     :  u_axi4_ctrl/Gen_RFIFO_16.u_R0_FIFO_16/u_efx_fifo_top/xefx_fifo_ctl/genblk7.xrd2wr_addr_sync/dff_5/i32_2
INFO     : 	Synchronizer 131: 
INFO     :  u_axi4_ctrl/Gen_RFIFO_16.u_R0_FIFO_16/u_efx_fifo_top/xefx_fifo_ctl/genblk7.xrd2wr_addr_sync/dff_5/i33_2
INFO     : 	Synchronizer 132: 
INFO     :  u_axi4_ctrl/Gen_RFIFO_16.u_R0_FIFO_16/u_efx_fifo_top/xefx_fifo_ctl/genblk7.xrd2wr_addr_sync/dff_5/i34_2
INFO     : 	Synchronizer 133: 
INFO     :  ddr3_ctl_axi/u_efx_ddr3_soft_controller/genblk1.inst_ddr3_axi/inst_efx_ddr3/top_mc/fifo_ack/popToPushGray_buffercc/buffers_0[3]~FF
INFO     :  ddr3_ctl_axi/u_efx_ddr3_soft_controller/genblk1.inst_ddr3_axi/inst_efx_ddr3/top_mc/fifo_ack/popToPushGray_buffercc_io_dataOut[3]~FF
INFO     : 	Synchronizer 134: 
INFO     :  u_axi4_ctrl/Gen_FIFO_W8.u_W0_FIFO_8/u_efx_fifo_top/genblk2.rd_rst[0]~FF
INFO     :  u_axi4_ctrl/Gen_FIFO_W8.u_W0_FIFO_8/u_efx_fifo_top/genblk2.rd_rst[1]~FF
INFO     : 	Synchronizer 135: 
INFO     :  u_axi4_ctrl/Gen_FIFO_W8.u_W0_FIFO_8/u_efx_fifo_top/genblk2.wr_rst[0]~FF
INFO     :  u_axi4_ctrl/Gen_FIFO_W8.u_W0_FIFO_8/u_efx_fifo_top/genblk2.wr_rst[1]~FF
INFO     : 	Synchronizer 136: 
INFO     :  u_axi4_ctrl/Gen_RFIFO_16.u_R0_FIFO_16/u_efx_fifo_top/genblk2.rd_rst[0]~FF
INFO     :  u_axi4_ctrl/Gen_RFIFO_16.u_R0_FIFO_16/u_efx_fifo_top/genblk2.rd_rst[1]~FF
INFO     : 	Synchronizer 137: 
INFO     :  u_axi4_ctrl/Gen_RFIFO_16.u_R0_FIFO_16/u_efx_fifo_top/genblk2.wr_rst[0]~FF
INFO     :  u_axi4_ctrl/Gen_RFIFO_16.u_R0_FIFO_16/u_efx_fifo_top/genblk2.wr_rst[1]~FF
INFO     : 	Synchronizer 138: 
INFO     :  u_axi4_ctrl/Gen_FIFO_W8.u_W0_FIFO_8/u_efx_fifo_top/xefx_fifo_ctl/genblk7.xrd2wr_addr_sync/dff_5/i30_2
INFO     : 	Synchronizer 139: 
INFO     :  u_axi4_ctrl/Gen_RFIFO_16.u_R0_FIFO_16/u_efx_fifo_top/xefx_fifo_ctl/genblk7.xrd2wr_addr_sync/dff_5/i36_2
INFO     : 	Synchronizer 140: 
INFO     :  u_axi4_ctrl/Gen_FIFO_W8.u_W0_FIFO_8/u_efx_fifo_top/xefx_fifo_ctl/genblk7.xrd2wr_addr_sync/dff_5/i21_2
INFO     : 	Synchronizer 141: 
INFO     :  u_axi4_ctrl/Gen_FIFO_W8.u_W0_FIFO_8/u_efx_fifo_top/xefx_fifo_ctl/genblk7.xrd2wr_addr_sync/dff_5/i22_2
INFO     : 	Synchronizer 142: 
INFO     :  u_axi4_ctrl/Gen_FIFO_W8.u_W0_FIFO_8/u_efx_fifo_top/xefx_fifo_ctl/genblk7.xrd2wr_addr_sync/dff_5/i23_2
INFO     : 	Synchronizer 143: 
INFO     :  u_axi4_ctrl/Gen_FIFO_W8.u_W0_FIFO_8/u_efx_fifo_top/xefx_fifo_ctl/genblk7.xrd2wr_addr_sync/dff_5/i24_2
INFO     : 	Synchronizer 144: 
INFO     :  u_axi4_ctrl/Gen_FIFO_W8.u_W0_FIFO_8/u_efx_fifo_top/xefx_fifo_ctl/genblk7.xrd2wr_addr_sync/dff_5/i25_2
INFO     : 	Synchronizer 145: 
INFO     :  u_axi4_ctrl/Gen_FIFO_W8.u_W0_FIFO_8/u_efx_fifo_top/xefx_fifo_ctl/genblk7.xrd2wr_addr_sync/dff_5/i26_2
INFO     : 	Synchronizer 146: 
INFO     :  u_axi4_ctrl/Gen_FIFO_W8.u_W0_FIFO_8/u_efx_fifo_top/xefx_fifo_ctl/genblk7.xrd2wr_addr_sync/dff_5/i27_2
INFO     : 	Synchronizer 147: 
INFO     :  u_axi4_ctrl/Gen_FIFO_W8.u_W0_FIFO_8/u_efx_fifo_top/xefx_fifo_ctl/genblk7.xrd2wr_addr_sync/dff_5/i28_2
INFO     : 	Synchronizer 148: 
INFO     :  u_axi4_ctrl/Gen_FIFO_W8.u_W0_FIFO_8/u_efx_fifo_top/xefx_fifo_ctl/genblk7.xrd2wr_addr_sync/dff_5/i29_2
INFO     : 	Synchronizer 149: 
INFO     :  u_axi4_ctrl/Gen_FIFO_W8.u_W0_FIFO_8/u_efx_fifo_top/xefx_fifo_ctl/genblk7.wr2rd_addr_sync/dff_5/i42_2
INFO     : 	Synchronizer 150: 
INFO     :  u_axi4_ctrl/Gen_FIFO_W8.u_W0_FIFO_8/u_efx_fifo_top/xefx_fifo_ctl/genblk7.wr2rd_addr_sync/dff_5/i33_2
INFO     : 	Synchronizer 151: 
INFO     :  u_axi4_ctrl/Gen_FIFO_W8.u_W0_FIFO_8/u_efx_fifo_top/xefx_fifo_ctl/genblk7.wr2rd_addr_sync/dff_5/i34_2
INFO     : 	Synchronizer 152: 
INFO     :  u_axi4_ctrl/Gen_FIFO_W8.u_W0_FIFO_8/u_efx_fifo_top/xefx_fifo_ctl/genblk7.wr2rd_addr_sync/dff_5/i35_2
INFO     : 	Synchronizer 153: 
INFO     :  u_axi4_ctrl/Gen_FIFO_W8.u_W0_FIFO_8/u_efx_fifo_top/xefx_fifo_ctl/genblk7.wr2rd_addr_sync/dff_5/i36_2
INFO     : Using optimization level TIMING_1 in qplacer to set options
INFO     : Starting Global Placer with 32 threads ...
            ----------     -------  --------------     -------
             Iteration       WHPWL Worst Slack (ps) Convergence
            ----------     -------  --------------     -------
INFO     :           1      794816             108         4.6%
INFO     :           2      509300             108         8.3%
INFO     :           3      402191              81        12.2%
INFO     :           4      317437             188        18.2%
INFO     :           5      245065             108        27.6%
INFO     :           6      213585             172        36.5%
INFO     :           7      201075             172        41.1%
INFO     :           8      195211             172        45.8%
INFO     :           9      188450             172        49.3%
INFO     :          10      182985             172        53.9%
INFO     :          11      179844             172        57.2%
INFO     :          12      177846             172        60.1%
INFO     :          13      176945             108        62.2%
INFO     :          14      176657             172        63.8%
INFO     :          15      176326             108        65.4%
INFO     :          16      173626             108        67.8%
INFO     :          17      174390             108        68.3%
INFO     :          18      173180             108        68.7%
INFO     :          19      172785             246        70.3%
INFO     :          20      172469             108        71.1%
INFO     :          21      170571             172        73.1%
INFO     :          22      171193             246        74.2%
INFO     :          23      170218             172        75.2%
INFO     :          24      170001             108        77.2%
INFO     :          25      168885             172        78.8%
INFO     :          26      168589             108        79.8%
INFO     :          27      168169             180        81.0%
INFO     :          28      167892             108        82.3%
INFO     :          29      166886             108        84.0%
INFO     :          30      166058             108        85.1%
INFO     :          31      165645             172        86.7%
INFO     :          32      166132             142        87.5%
INFO     :          33      165016             166        89.1%
INFO     :          34      165153              81        90.4%
INFO     :          35      165190             113        91.1%
INFO     :          36      165378            -188        91.9%
INFO     :          37      165987             130        92.7%
INFO     :          38      166266             152        93.2%
INFO     :          39      166378             100        94.2%
INFO     :          40      166377            -193        95.1%
INFO     :          41      162107            -262        95.7%
INFO     :          42      162366            -295        97.2%
INFO     :          43      162677            -414        98.3%
INFO     :          44      162707            -337        98.6%
INFO     :          45      163612            -409        99.0%
INFO     :          46      163709            -395        99.1%
INFO     :          47      164197            -374        99.4%
INFO     : Starting Annealer
            ----------     -------  --------------     -------
             Iteration       WHPWL  Delay Max (ps)     R Limit
            ----------     -------  --------------     -------
INFO     :           0       70894            2994        30.0
INFO     :           1       89749            2486        90.0
INFO     :           2       81891            2782        90.0
INFO     :           3       76071            2578        25.5
INFO     :           4       71966            2683        24.0
INFO     :           5       68062            2640        22.3
INFO     :           6       66754            2604        20.7
INFO     :           7       64087            2644        19.2
INFO     :           8       62947            2633        17.7
INFO     :           9       61777            2633        16.3
INFO     :          10       61056            2598        15.0
INFO     :          11       60001            2516        13.8
INFO     :          12       58700            2469        12.7
INFO     :          13       58304            2469        11.6
INFO     :          14       58019            2469        10.6
INFO     :          15       58044            2427         9.7
INFO     :          16       57510            2427         8.9
INFO     :          17       56905            2427         8.1
INFO     :          18       56664            2427         7.4
INFO     :          19       56338            2427         6.8
INFO     :          20       55875            2427         6.2
INFO     :          21       55808            2427         5.7
INFO     :          22       55658            2427         5.2
INFO     :          23       55349            2427         4.7
INFO     :          24       54864            2427         4.3
INFO     :          25       54820            2427         3.9
INFO     :          26       54704            2427         3.6
INFO     :          27       54426            2427         3.3
INFO     :          28       54185            2427         3.0
INFO     :          29       53953            2427         2.7
INFO     :          30       53963            2427         2.5
INFO     :          31       53622            2427         2.3
INFO     :          32       53750            2427         2.1
INFO     :          33       53401            2427         1.9
INFO     :          34       53346            2427         1.7
INFO     :          35       53418            2427         1.6
INFO     :          36       53356            2427         1.4
INFO     :          37       53243            2427         1.3
INFO     :          38       53582            2427         1.2
INFO     :          39       53544            2427         1.1
INFO     :          40       53482            2427         1.0
INFO     : Counted delay computer calls: 68181
Placement successful: 6183 cells are placed
INFO     : Peak congestion smeared over 1/4 of the chip is 0.258486 at 118,73
INFO     : Congestion-weighted HPWL per net: 14.2255
INFO     : Post-placement cluster-level checks is successful
INFO     : Checks is successful
INFO     : Placement took 16.4383 seconds.
INFO     : 	Placement took 33.0625 seconds (approximately) in total CPU time.
INFO     : Placement virtual memory usage: begin = 122.156 MB, end = 249.564 MB, delta = 127.408 MB
INFO     : 	Placement peak virtual memory usage = 455.044 MB
INFO     : Placement resident set memory usage: begin = 140.94 MB, end = 261.68 MB, delta = 120.74 MB
INFO     : 	Placement peak resident set memory usage = 444.628 MB
INFO     : Post-placement primitive-level checks is successful
