
///////////////////////////////////
// Efinity Synthesis Started 
// Sep 16, 2026 09:48:24
///////////////////////////////////

[EFX-0012 VERI-INFO] default VHDL library search path is now "C:/Efinity/2025.1/sim_models/vhdl/packages/vhdl_2008" (VHDL-1504) 
[EFX-0012 VERI-INFO] undeclared symbol 'raw_20_1', assumed default net type 'wire' (VERI-2561) (D:\yilingsi_fpga\Efinity_Project\Ti60F225_OV5640_HDMI_Official\ip/csi_rx\csi_rx.sv:2020)
[EFX-0012 VERI-INFO] undeclared symbol 'raw_20_2', assumed default net type 'wire' (VERI-2561) (D:\yilingsi_fpga\Efinity_Project\Ti60F225_OV5640_HDMI_Official\ip/csi_rx\csi_rx.sv:2021)
[EFX-0012 VERI-INFO] analyzing included file 'D:\yilingsi_fpga\Efinity_Project\Ti60F225_OV5640_HDMI_Official\ip/DdrCtrl/ddr3_controller.vh' (VERI-1328) (D:\yilingsi_fpga\Efinity_Project\Ti60F225_OV5640_HDMI_Official\ip/DdrCtrl\DdrCtrl.v:294)
[EFX-0012 VERI-INFO] back to file 'D:\yilingsi_fpga\Efinity_Project\Ti60F225_OV5640_HDMI_Official\ip/DdrCtrl\DdrCtrl.v' (VERI-2320) (D:\yilingsi_fpga\Efinity_Project\Ti60F225_OV5640_HDMI_Official\ip/DdrCtrl\DdrCtrl.v:294)
[EFX-0012 VERI-INFO] undeclared symbol '**', assumed default net type '**' (VERI-2561) (D:\yilingsi_fpga\Efinity_Project\Ti60F225_OV5640_HDMI_Official\ip/DdrCtrl\DdrCtrl.v:598)
[EFX-0012 VERI-INFO] undeclared symbol '**', assumed default net type '**' (VERI-2561) (D:\yilingsi_fpga\Efinity_Project\Ti60F225_OV5640_HDMI_Official\ip/DdrCtrl\DdrCtrl.v:598)
[EFX-0012 VERI-INFO] analyzing included file 'D:\yilingsi_fpga\Efinity_Project\Ti60F225_OV5640_HDMI_Official\ip/DdrCtrl/ddr3_controller.vh' (VERI-1328) (D:\yilingsi_fpga\Efinity_Project\Ti60F225_OV5640_HDMI_Official\ip/DdrCtrl\DdrCtrl.v:603)
[EFX-0012 VERI-INFO] back to file 'D:\yilingsi_fpga\Efinity_Project\Ti60F225_OV5640_HDMI_Official\ip/DdrCtrl\DdrCtrl.v' (VERI-2320) (D:\yilingsi_fpga\Efinity_Project\Ti60F225_OV5640_HDMI_Official\ip/DdrCtrl\DdrCtrl.v:603)
[EFX-0012 VERI-INFO] analyzing included file 'D:\yilingsi_fpga\Efinity_Project\Ti60F225_OV5640_HDMI_Official\ip/DdrCtrl/ddr3_controller.vh' (VERI-1328) (D:\yilingsi_fpga\Efinity_Project\Ti60F225_OV5640_HDMI_Official\ip/DdrCtrl\DdrCtrl.v:1586)
[EFX-0012 VERI-INFO] back to file 'D:\yilingsi_fpga\Efinity_Project\Ti60F225_OV5640_HDMI_Official\ip/DdrCtrl\DdrCtrl.v' (VERI-2320) (D:\yilingsi_fpga\Efinity_Project\Ti60F225_OV5640_HDMI_Official\ip/DdrCtrl\DdrCtrl.v:1586)
[EFX-0012 VERI-INFO] analyzing included file 'D:\yilingsi_fpga\Efinity_Project\Ti60F225_OV5640_HDMI_Official\ip/DdrCtrl/ddr3_controller.vh' (VERI-1328) (D:\yilingsi_fpga\Efinity_Project\Ti60F225_OV5640_HDMI_Official\ip/DdrCtrl\DdrCtrl.v:1840)
[EFX-0012 VERI-INFO] back to file 'D:\yilingsi_fpga\Efinity_Project\Ti60F225_OV5640_HDMI_Official\ip/DdrCtrl\DdrCtrl.v' (VERI-2320) (D:\yilingsi_fpga\Efinity_Project\Ti60F225_OV5640_HDMI_Official\ip/DdrCtrl\DdrCtrl.v:1840)
[EFX-0012 VERI-INFO] analyzing included file 'D:\yilingsi_fpga\Efinity_Project\Ti60F225_OV5640_HDMI_Official\ip/DdrCtrl/ddr3_controller.vh' (VERI-1328) (D:\yilingsi_fpga\Efinity_Project\Ti60F225_OV5640_HDMI_Official\ip/DdrCtrl\DdrCtrl.v:2143)
[EFX-0012 VERI-INFO] back to file 'D:\yilingsi_fpga\Efinity_Project\Ti60F225_OV5640_HDMI_Official\ip/DdrCtrl\DdrCtrl.v' (VERI-2320) (D:\yilingsi_fpga\Efinity_Project\Ti60F225_OV5640_HDMI_Official\ip/DdrCtrl\DdrCtrl.v:2143)
[EFX-0012 VERI-INFO] analyzing included file 'D:\yilingsi_fpga\Efinity_Project\Ti60F225_OV5640_HDMI_Official\ip/DdrCtrl/ddr3_controller.vh' (VERI-1328) (D:\yilingsi_fpga\Efinity_Project\Ti60F225_OV5640_HDMI_Official\ip/DdrCtrl\DdrCtrl.v:2592)
[EFX-0012 VERI-INFO] back to file 'D:\yilingsi_fpga\Efinity_Project\Ti60F225_OV5640_HDMI_Official\ip/DdrCtrl\DdrCtrl.v' (VERI-2320) (D:\yilingsi_fpga\Efinity_Project\Ti60F225_OV5640_HDMI_Official\ip/DdrCtrl\DdrCtrl.v:2592)
[EFX-0012 VERI-INFO] analyzing included file 'D:\yilingsi_fpga\Efinity_Project\Ti60F225_OV5640_HDMI_Official\src/lcd_para.v' (VERI-1328) (D:\yilingsi_fpga\Efinity_Project\Ti60F225_OV5640_HDMI_Official\src\lcd_driver.v:37)
[EFX-0012 VERI-INFO] back to file 'D:\yilingsi_fpga\Efinity_Project\Ti60F225_OV5640_HDMI_Official\src\lcd_driver.v' (VERI-2320) (D:\yilingsi_fpga\Efinity_Project\Ti60F225_OV5640_HDMI_Official\src\lcd_driver.v:37)
[EFX-0012 VERI-INFO] analyzing included file 'D:\yilingsi_fpga\Efinity_Project\Ti60F225_OV5640_HDMI_Official\src/lcd_para.v' (VERI-1328) (D:\yilingsi_fpga\Efinity_Project\Ti60F225_OV5640_HDMI_Official\src\lcd_display.v:48)
[EFX-0012 VERI-INFO] back to file 'D:\yilingsi_fpga\Efinity_Project\Ti60F225_OV5640_HDMI_Official\src\lcd_display.v' (VERI-2320) (D:\yilingsi_fpga\Efinity_Project\Ti60F225_OV5640_HDMI_Official\src\lcd_display.v:48)
[EFX-0011 VERI-WARNING] port 'wr_busy' remains unconnected for this instance (VERI-1927) (D:\yilingsi_fpga\Efinity_Project\Ti60F225_OV5640_HDMI_Official\example_top.v:612)
[EFX-0011 VERI-WARNING] port 'wr_addr' is not connected on this instance (VERI-2435) (D:\yilingsi_fpga\Efinity_Project\Ti60F225_OV5640_HDMI_Official\example_top.v:612)
[EFX-0011 VERI-WARNING] port 'axi_awid' remains unconnected for this instance (VERI-1927) (D:\yilingsi_fpga\Efinity_Project\Ti60F225_OV5640_HDMI_Official\example_top.v:966)
[EFX-0011 VERI-WARNING] port 'lcd_xpos' remains unconnected for this instance (VERI-1927) (D:\yilingsi_fpga\Efinity_Project\Ti60F225_OV5640_HDMI_Official\example_top.v:997)
[EFX-0011 VERI-WARNING] port 'TMDS_Clk_p' remains unconnected for this instance (VERI-1927) (D:\yilingsi_fpga\Efinity_Project\Ti60F225_OV5640_HDMI_Official\example_top.v:1043)
[EFX-0012 VERI-INFO] compiling module 'example_top' (VERI-1018) (D:\yilingsi_fpga\Efinity_Project\Ti60F225_OV5640_HDMI_Official\example_top.v:6)
[EFX-0011 VERI-WARNING] expression size 32 truncated to fit in target size 1 (VERI-1209) (D:\yilingsi_fpga\Efinity_Project\Ti60F225_OV5640_HDMI_Official\example_top.v:443)
[EFX-0012 VERI-INFO] compiling module 'DdrCtrl' (VERI-1018) (D:\yilingsi_fpga\Efinity_Project\Ti60F225_OV5640_HDMI_Official\ip/DdrCtrl\DdrCtrl.v:49)
[EFX-0012 VERI-INFO] compiling module 'efx_ddr3_soft_controller_67b4838ef8d24a1cbca605088ccb273e' (VERI-1018) (D:\yilingsi_fpga\Efinity_Project\Ti60F225_OV5640_HDMI_Official\ip/DdrCtrl\DdrCtrl.v:1841)
[EFX-0012 VERI-INFO] compiling module '**' (VERI-1018) (D:\yilingsi_fpga\Efinity_Project\Ti60F225_OV5640_HDMI_Official\ip/DdrCtrl\DdrCtrl.v:2472)
[EFX-0012 VERI-INFO] compiling module '**' (VERI-1018) (D:\yilingsi_fpga\Efinity_Project\Ti60F225_OV5640_HDMI_Official\ip/DdrCtrl\DdrCtrl.v:2587)
[EFX-0011 VERI-WARNING] expression size ** truncated to fit in target size ** (VERI-1209) (D:\yilingsi_fpga\Efinity_Project\Ti60F225_OV5640_HDMI_Official\ip/DdrCtrl\DdrCtrl.v:2587)
[EFX-0012 VERI-INFO] compiling module 'EFX_SRL8' (VERI-1018) (C:/Efinity/2025.1/sim_models/maplib/efinix_maplib.v:884)
[EFX-0011 VERI-WARNING] actual bit length ** differs from formal bit length *** for port '**' (VERI-1330) (D:\yilingsi_fpga\Efinity_Project\Ti60F225_OV5640_HDMI_Official\ip/DdrCtrl\DdrCtrl.v:2472)
[EFX-0012 VERI-INFO] compiling module '**' (VERI-1018) (D:\yilingsi_fpga\Efinity_Project\Ti60F225_OV5640_HDMI_Official\ip/DdrCtrl\DdrCtrl.v:2587)
[EFX-0011 VERI-WARNING] expression size ** truncated to fit in target size ** (VERI-1209) (D:\yilingsi_fpga\Efinity_Project\Ti60F225_OV5640_HDMI_Official\ip/DdrCtrl\DdrCtrl.v:2587)
[EFX-0012 VERI-INFO] compiling module '**' (VERI-1018) (D:\yilingsi_fpga\Efinity_Project\Ti60F225_OV5640_HDMI_Official\ip/DdrCtrl\DdrCtrl.v:2587)
[EFX-0011 VERI-WARNING] expression size ** truncated to fit in target size ** (VERI-1209) (D:\yilingsi_fpga\Efinity_Project\Ti60F225_OV5640_HDMI_Official\ip/DdrCtrl\DdrCtrl.v:2587)
[EFX-0011 VERI-WARNING] actual bit length ** differs from formal bit length *** for port '**' (VERI-1330) (D:\yilingsi_fpga\Efinity_Project\Ti60F225_OV5640_HDMI_Official\ip/DdrCtrl\DdrCtrl.v:2472)
[EFX-0012 VERI-INFO] compiling module '**' (VERI-1018) (D:\yilingsi_fpga\Efinity_Project\Ti60F225_OV5640_HDMI_Official\ip/DdrCtrl\DdrCtrl.v:2884)
[EFX-0012 VERI-INFO] compiling module '**' (VERI-1018) (D:\yilingsi_fpga\Efinity_Project\Ti60F225_OV5640_HDMI_Official\ip/DdrCtrl\DdrCtrl.v:1645)
[EFX-0011 VERI-WARNING] port '**' remains unconnected for this instance (VERI-1927) (D:\yilingsi_fpga\Efinity_Project\Ti60F225_OV5640_HDMI_Official\ip/DdrCtrl\DdrCtrl.v:598)
[EFX-0012 VERI-INFO] compiling module '**' (VERI-1018) (D:\yilingsi_fpga\Efinity_Project\Ti60F225_OV5640_HDMI_Official\ip/DdrCtrl\DdrCtrl.v:598)
[EFX-0012 VERI-INFO] compiling module '**' (VERI-1018) (D:\yilingsi_fpga\Efinity_Project\Ti60F225_OV5640_HDMI_Official\ip/DdrCtrl\DdrCtrl.v:1768)
[EFX-0012 VERI-INFO] compiling module '**' (VERI-1018) (D:\yilingsi_fpga\Efinity_Project\Ti60F225_OV5640_HDMI_Official\ip/DdrCtrl\DdrCtrl.v:1835)
[EFX-0012 VERI-INFO] compiling module '**' (VERI-1018) (D:\yilingsi_fpga\Efinity_Project\Ti60F225_OV5640_HDMI_Official\ip/DdrCtrl\DdrCtrl.v:1768)
[EFX-0012 VERI-INFO] compiling module '**' (VERI-1018) (D:\yilingsi_fpga\Efinity_Project\Ti60F225_OV5640_HDMI_Official\ip/DdrCtrl\DdrCtrl.v:1581)
[EFX-0012 VERI-INFO] extracting RAM for identifier '**' (VERI-2571) (D:\yilingsi_fpga\Efinity_Project\Ti60F225_OV5640_HDMI_Official\ip/DdrCtrl\DdrCtrl.v:1581)
[EFX-0012 VERI-INFO] compiling module '**' (VERI-1018) (D:\yilingsi_fpga\Efinity_Project\Ti60F225_OV5640_HDMI_Official\ip/DdrCtrl\DdrCtrl.v:289)
[EFX-0012 VERI-INFO] compiling module '**' (VERI-1018) (D:\yilingsi_fpga\Efinity_Project\Ti60F225_OV5640_HDMI_Official\ip/DdrCtrl\DdrCtrl.v:249)
[EFX-0012 VERI-INFO] compiling module '**' (VERI-1018) (D:\yilingsi_fpga\Efinity_Project\Ti60F225_OV5640_HDMI_Official\ip/DdrCtrl\DdrCtrl.v:1581)
[EFX-0012 VERI-INFO] extracting RAM for identifier '**' (VERI-2571) (D:\yilingsi_fpga\Efinity_Project\Ti60F225_OV5640_HDMI_Official\ip/DdrCtrl\DdrCtrl.v:1581)
[EFX-0012 VERI-INFO] compiling module '**' (VERI-1018) (D:\yilingsi_fpga\Efinity_Project\Ti60F225_OV5640_HDMI_Official\ip/DdrCtrl\DdrCtrl.v:1581)
[EFX-0012 VERI-INFO] extracting RAM for identifier '**' (VERI-2571) (D:\yilingsi_fpga\Efinity_Project\Ti60F225_OV5640_HDMI_Official\ip/DdrCtrl\DdrCtrl.v:1581)
[EFX-0012 VERI-INFO] compiling module '**' (VERI-1018) (D:\yilingsi_fpga\Efinity_Project\Ti60F225_OV5640_HDMI_Official\ip/DdrCtrl\DdrCtrl.v:1581)
[EFX-0012 VERI-INFO] extracting RAM for identifier '**' (VERI-2571) (D:\yilingsi_fpga\Efinity_Project\Ti60F225_OV5640_HDMI_Official\ip/DdrCtrl\DdrCtrl.v:1581)
[EFX-0012 VERI-INFO] compiling module '**' (VERI-1018) (D:\yilingsi_fpga\Efinity_Project\Ti60F225_OV5640_HDMI_Official\ip/DdrCtrl\DdrCtrl.v:1581)
[EFX-0012 VERI-INFO] extracting RAM for identifier '**' (VERI-2571) (D:\yilingsi_fpga\Efinity_Project\Ti60F225_OV5640_HDMI_Official\ip/DdrCtrl\DdrCtrl.v:1581)
[EFX-0012 VERI-INFO] compiling module '**' (VERI-1018) (D:\yilingsi_fpga\Efinity_Project\Ti60F225_OV5640_HDMI_Official\ip/DdrCtrl\DdrCtrl.v:1581)
[EFX-0012 VERI-INFO] extracting RAM for identifier '**' (VERI-2571) (D:\yilingsi_fpga\Efinity_Project\Ti60F225_OV5640_HDMI_Official\ip/DdrCtrl\DdrCtrl.v:1581)
[EFX-0012 VERI-INFO] compiling module '**' (VERI-1018) (D:\yilingsi_fpga\Efinity_Project\Ti60F225_OV5640_HDMI_Official\ip/DdrCtrl\DdrCtrl.v:1442)
[EFX-0012 VERI-INFO] compiling module '**' (VERI-1018) (D:\yilingsi_fpga\Efinity_Project\Ti60F225_OV5640_HDMI_Official\ip/DdrCtrl\DdrCtrl.v:2138)
[EFX-0012 VERI-INFO] extracting RAM for identifier '**' (VERI-2571) (D:\yilingsi_fpga\Efinity_Project\Ti60F225_OV5640_HDMI_Official\ip/DdrCtrl\DdrCtrl.v:2138)
[EFX-0011 VERI-WARNING] expression size ** truncated to fit in target size ** (VERI-1209) (D:\yilingsi_fpga\Efinity_Project\Ti60F225_OV5640_HDMI_Official\ip/DdrCtrl\DdrCtrl.v:1442)
[EFX-0011 VERI-WARNING] net '**' does not have a driver (VDB-1002) (D:\yilingsi_fpga\Efinity_Project\Ti60F225_OV5640_HDMI_Official\ip/DdrCtrl\DdrCtrl.v:598)
[EFX-0012 VERI-INFO] compiling module '**' (VERI-1018) (D:\yilingsi_fpga\Efinity_Project\Ti60F225_OV5640_HDMI_Official\ip/DdrCtrl\DdrCtrl.v:1768)
[EFX-0012 VERI-INFO] compiling module '**' (VERI-1018) (D:\yilingsi_fpga\Efinity_Project\Ti60F225_OV5640_HDMI_Official\ip/DdrCtrl\DdrCtrl.v:1835)
[EFX-0012 VERI-INFO] compiling module '**' (VERI-1018) (D:\yilingsi_fpga\Efinity_Project\Ti60F225_OV5640_HDMI_Official\ip/DdrCtrl\DdrCtrl.v:1708)
[EFX-0011 VERI-WARNING] actual bit length 4 differs from formal bit length 8 for port 'axi_aid' (VERI-1330) (D:\yilingsi_fpga\Efinity_Project\Ti60F225_OV5640_HDMI_Official\example_top.v:579)
[EFX-0011 VERI-WARNING] actual bit length 4 differs from formal bit length 8 for port 'axi_wid' (VERI-1330) (D:\yilingsi_fpga\Efinity_Project\Ti60F225_OV5640_HDMI_Official\example_top.v:586)
[EFX-0011 VERI-WARNING] actual bit length 4 differs from formal bit length 8 for port 'axi_bid' (VERI-1330) (D:\yilingsi_fpga\Efinity_Project\Ti60F225_OV5640_HDMI_Official\example_top.v:595)
[EFX-0011 VERI-WARNING] actual bit length 4 differs from formal bit length 8 for port 'axi_rid' (VERI-1330) (D:\yilingsi_fpga\Efinity_Project\Ti60F225_OV5640_HDMI_Official\example_top.v:601)
[EFX-0012 VERI-INFO] compiling module 'AXI4_AWARMux(AID_LEN=4)' (VERI-1018) (D:\yilingsi_fpga\Efinity_Project\Ti60F225_OV5640_HDMI_Official\src\axi\AXI4_AWARMux.v:11)
[EFX-0011 VERI-WARNING] expression size 2 truncated to fit in target size 1 (VERI-1209) (D:\yilingsi_fpga\Efinity_Project\Ti60F225_OV5640_HDMI_Official\src\axi\AXI4_AWARMux.v:90)
[EFX-0012 VERI-INFO] compiling module 'i2c_timing_ctrl_16bit(CLK_FREQ=96000000,I2C_FREQ=50000)' (VERI-1018) (D:\yilingsi_fpga\Efinity_Project\Ti60F225_OV5640_HDMI_Official\src\cmos_i2c\i2c_timing_ctrl_16bit.v:32)
[EFX-0012 VERI-INFO] compiling module 'I2C_OV5640_1280720_Config' (VERI-1018) (D:\yilingsi_fpga\Efinity_Project\Ti60F225_OV5640_HDMI_Official\src\cmos_i2c\I2C_OV5640_1280720_Config.v:17)
[EFX-0011 VERI-WARNING] expression size 3 truncated to fit in target size 2 (VERI-1209) (D:\yilingsi_fpga\Efinity_Project\Ti60F225_OV5640_HDMI_Official\example_top.v:713)
[EFX-0011 VERI-WARNING] expression size 5 truncated to fit in target size 4 (VERI-1209) (D:\yilingsi_fpga\Efinity_Project\Ti60F225_OV5640_HDMI_Official\example_top.v:714)
[EFX-0012 VERI-INFO] compiling module 'PWMLite' (VERI-1018) (D:\yilingsi_fpga\Efinity_Project\Ti60F225_OV5640_HDMI_Official\src\PWMLite.v:10)
[EFX-0011 VERI-WARNING] expression size 8 truncated to fit in target size 7 (VERI-1209) (D:\yilingsi_fpga\Efinity_Project\Ti60F225_OV5640_HDMI_Official\src\PWMLite.v:22)
[EFX-0012 VERI-INFO] compiling module 'Sensor_Image_XYCrop(IMAGE_HSIZE_SOURCE=2560,IMAGE_VSIZE_SOURCE=720,IMAGE_HSIZE_TARGET=2560,IMAGE_YSIZE_TARGET=720,PIXEL_DATA_WIDTH=8)' (VERI-1018) (D:\yilingsi_fpga\Efinity_Project\Ti60F225_OV5640_HDMI_Official\src\Sensor_Image_XYCrop.v:32)
[EFX-0011 VERI-WARNING] actual bit length 64 differs from formal bit length 8 for port 'image_out_data' (VERI-1330) (D:\yilingsi_fpga\Efinity_Project\Ti60F225_OV5640_HDMI_Official\example_top.v:867)
[EFX-0012 VERI-INFO] compiling module 'axi4_ctrl(C_ID_LEN=4,C_RD_END_ADDR=1843200,C_W_WIDTH=8,C_R_WIDTH=16)' (VERI-1018) (D:\yilingsi_fpga\Efinity_Project\Ti60F225_OV5640_HDMI_Official\src\axi\axi4_ctrl.v:2)
[EFX-0011 VERI-WARNING] expression size 32 truncated to fit in target size 16 (VERI-1209) (D:\yilingsi_fpga\Efinity_Project\Ti60F225_OV5640_HDMI_Official\src\axi\axi4_ctrl.v:91)
[EFX-0011 VERI-WARNING] expression size 3 truncated to fit in target size 2 (VERI-1209) (D:\yilingsi_fpga\Efinity_Project\Ti60F225_OV5640_HDMI_Official\src\axi\axi4_ctrl.v:113)
[EFX-0011 VERI-WARNING] expression size 3 truncated to fit in target size 2 (VERI-1209) (D:\yilingsi_fpga\Efinity_Project\Ti60F225_OV5640_HDMI_Official\src\axi\axi4_ctrl.v:114)
[EFX-0011 VERI-WARNING] expression size 3 truncated to fit in target size 2 (VERI-1209) (D:\yilingsi_fpga\Efinity_Project\Ti60F225_OV5640_HDMI_Official\src\axi\axi4_ctrl.v:196)
[EFX-0011 VERI-WARNING] expression size 2 truncated to fit in target size 1 (VERI-1209) (D:\yilingsi_fpga\Efinity_Project\Ti60F225_OV5640_HDMI_Official\src\axi\axi4_ctrl.v:238)
[EFX-0011 VERI-WARNING] expression size 23 truncated to fit in target size 22 (VERI-1209) (D:\yilingsi_fpga\Efinity_Project\Ti60F225_OV5640_HDMI_Official\src\axi\axi4_ctrl.v:257)
[EFX-0011 VERI-WARNING] port 'a_wr_rst_i' remains unconnected for this instance (VERI-1927) (D:\yilingsi_fpga\Efinity_Project\Ti60F225_OV5640_HDMI_Official\ip/W0_FIFO_8\W0_FIFO_8.v:108)
[EFX-0012 VERI-INFO] compiling module 'W0_FIFO_8' (VERI-1018) (D:\yilingsi_fpga\Efinity_Project\Ti60F225_OV5640_HDMI_Official\ip/W0_FIFO_8\W0_FIFO_8.v:49)
[EFX-0012 VERI-INFO] compiling module 'efx_fifo_top_8ac53572906a4ff2ba719a308e5fc02d(SYNC_STAGE=3,MODE="FWFT",DEPTH=8192,DATA_WIDTH=8,PROGRAMMABLE_FULL="NONE",PROG_FULL_ASSERT=128,PROG_FULL_NEGATE=128,PROGRAMMABLE_EMPTY="STATIC_SINGLE",PROG_EMPTY_ASSERT=127,PROG_EMPTY_NEGATE=127,ASYM_WIDTH_RATIO=8)' (VERI-1018) (D:\yilingsi_fpga\Efinity_Project\Ti60F225_OV5640_HDMI_Official\ip/W0_FIFO_8\W0_FIFO_8.v:389)
[EFX-0012 VERI-INFO] compiling module 'efx_fifo_ram_8ac53572906a4ff2ba719a308e5fc02d(MODE="FWFT",WR_DEPTH=8192,RDATA_WIDTH=128,WADDR_WIDTH=13,OUTPUT_REG=0,RAM_MUX_RATIO=16)' (VERI-1018) (D:\yilingsi_fpga\Efinity_Project\Ti60F225_OV5640_HDMI_Official\ip/W0_FIFO_8\W0_FIFO_8.v:679)
[EFX-0012 VERI-INFO] extracting RAM for identifier 'ram' (VERI-2571) (D:\yilingsi_fpga\Efinity_Project\Ti60F225_OV5640_HDMI_Official\ip/W0_FIFO_8\W0_FIFO_8.v:715)
[EFX-0012 VERI-INFO] compiling module 'efx_fifo_ctl_8ac53572906a4ff2ba719a308e5fc02d(SYNC_CLK=0,SYNC_STAGE=3,MODE="FWFT",WR_DEPTH=8192,WADDR_WIDTH=13,ASYM_WIDTH_RATIO=8,RAM_MUX_RATIO=16,PROG_FULL_ASSERT=128,PROG_FULL_NEGATE=128,PROGRAMMABLE_EMPTY="STATIC_SINGLE",PROG_EMPTY_ASSERT=127,PROG_EMPTY_NEGATE=127)' (VERI-1018) (D:\yilingsi_fpga\Efinity_Project\Ti60F225_OV5640_HDMI_Official\ip/W0_FIFO_8\W0_FIFO_8.v:914)
[EFX-0011 VERI-WARNING] expression size 32 truncated to fit in target size 14 (VERI-1209) (D:\yilingsi_fpga\Efinity_Project\Ti60F225_OV5640_HDMI_Official\ip/W0_FIFO_8\W0_FIFO_8.v:1190)
[EFX-0011 VERI-WARNING] expression size 32 truncated to fit in target size 10 (VERI-1209) (D:\yilingsi_fpga\Efinity_Project\Ti60F225_OV5640_HDMI_Official\ip/W0_FIFO_8\W0_FIFO_8.v:1191)
[EFX-0012 VERI-INFO] compiling module 'efx_fifo_bin2gray_8ac53572906a4ff2ba719a308e5fc02d(WIDTH=10)' (VERI-1018) (D:\yilingsi_fpga\Efinity_Project\Ti60F225_OV5640_HDMI_Official\ip/W0_FIFO_8\W0_FIFO_8.v:300)
[EFX-0012 VERI-INFO] compiling module 'efx_fifo_datasync_8ac53572906a4ff2ba719a308e5fc02d(STAGE=3,WIDTH=10)' (VERI-1018) (D:\yilingsi_fpga\Efinity_Project\Ti60F225_OV5640_HDMI_Official\ip/W0_FIFO_8\W0_FIFO_8.v:129)
[EFX-0012 VERI-INFO] compiling module 'efx_fifo_gray2bin_8ac53572906a4ff2ba719a308e5fc02d(WIDTH=10)' (VERI-1018) (D:\yilingsi_fpga\Efinity_Project\Ti60F225_OV5640_HDMI_Official\ip/W0_FIFO_8\W0_FIFO_8.v:212)
[EFX-0012 VERI-INFO] compiling module 'efx_fifo_gray2bin_8ac53572906a4ff2ba719a308e5fc02d(WIDTH=9)' (VERI-1018) (D:\yilingsi_fpga\Efinity_Project\Ti60F225_OV5640_HDMI_Official\ip/W0_FIFO_8\W0_FIFO_8.v:212)
[EFX-0012 VERI-INFO] compiling module 'efx_fifo_gray2bin_8ac53572906a4ff2ba719a308e5fc02d(WIDTH=8)' (VERI-1018) (D:\yilingsi_fpga\Efinity_Project\Ti60F225_OV5640_HDMI_Official\ip/W0_FIFO_8\W0_FIFO_8.v:212)
[EFX-0012 VERI-INFO] compiling module 'efx_fifo_gray2bin_8ac53572906a4ff2ba719a308e5fc02d(WIDTH=7)' (VERI-1018) (D:\yilingsi_fpga\Efinity_Project\Ti60F225_OV5640_HDMI_Official\ip/W0_FIFO_8\W0_FIFO_8.v:212)
[EFX-0012 VERI-INFO] compiling module 'efx_fifo_gray2bin_8ac53572906a4ff2ba719a308e5fc02d(WIDTH=6)' (VERI-1018) (D:\yilingsi_fpga\Efinity_Project\Ti60F225_OV5640_HDMI_Official\ip/W0_FIFO_8\W0_FIFO_8.v:212)
[EFX-0012 VERI-INFO] compiling module 'efx_fifo_gray2bin_8ac53572906a4ff2ba719a308e5fc02d' (VERI-1018) (D:\yilingsi_fpga\Efinity_Project\Ti60F225_OV5640_HDMI_Official\ip/W0_FIFO_8\W0_FIFO_8.v:212)
[EFX-0012 VERI-INFO] compiling module 'efx_fifo_gray2bin_8ac53572906a4ff2ba719a308e5fc02d(WIDTH=4)' (VERI-1018) (D:\yilingsi_fpga\Efinity_Project\Ti60F225_OV5640_HDMI_Official\ip/W0_FIFO_8\W0_FIFO_8.v:212)
[EFX-0012 VERI-INFO] compiling module 'efx_fifo_gray2bin_8ac53572906a4ff2ba719a308e5fc02d(WIDTH=3)' (VERI-1018) (D:\yilingsi_fpga\Efinity_Project\Ti60F225_OV5640_HDMI_Official\ip/W0_FIFO_8\W0_FIFO_8.v:212)
[EFX-0012 VERI-INFO] compiling module 'efx_fifo_gray2bin_8ac53572906a4ff2ba719a308e5fc02d(WIDTH=2)' (VERI-1018) (D:\yilingsi_fpga\Efinity_Project\Ti60F225_OV5640_HDMI_Official\ip/W0_FIFO_8\W0_FIFO_8.v:212)
[EFX-0012 VERI-INFO] compiling module 'efx_fifo_bin2gray_8ac53572906a4ff2ba719a308e5fc02d(WIDTH=14)' (VERI-1018) (D:\yilingsi_fpga\Efinity_Project\Ti60F225_OV5640_HDMI_Official\ip/W0_FIFO_8\W0_FIFO_8.v:300)
[EFX-0012 VERI-INFO] compiling module 'efx_fifo_datasync_8ac53572906a4ff2ba719a308e5fc02d(STAGE=3,WIDTH=14)' (VERI-1018) (D:\yilingsi_fpga\Efinity_Project\Ti60F225_OV5640_HDMI_Official\ip/W0_FIFO_8\W0_FIFO_8.v:129)
[EFX-0012 VERI-INFO] compiling module 'efx_fifo_gray2bin_8ac53572906a4ff2ba719a308e5fc02d(WIDTH=14)' (VERI-1018) (D:\yilingsi_fpga\Efinity_Project\Ti60F225_OV5640_HDMI_Official\ip/W0_FIFO_8\W0_FIFO_8.v:212)
[EFX-0012 VERI-INFO] compiling module 'efx_fifo_gray2bin_8ac53572906a4ff2ba719a308e5fc02d(WIDTH=13)' (VERI-1018) (D:\yilingsi_fpga\Efinity_Project\Ti60F225_OV5640_HDMI_Official\ip/W0_FIFO_8\W0_FIFO_8.v:212)
[EFX-0012 VERI-INFO] compiling module 'efx_fifo_gray2bin_8ac53572906a4ff2ba719a308e5fc02d(WIDTH=12)' (VERI-1018) (D:\yilingsi_fpga\Efinity_Project\Ti60F225_OV5640_HDMI_Official\ip/W0_FIFO_8\W0_FIFO_8.v:212)
[EFX-0012 VERI-INFO] compiling module 'efx_fifo_gray2bin_8ac53572906a4ff2ba719a308e5fc02d(WIDTH=11)' (VERI-1018) (D:\yilingsi_fpga\Efinity_Project\Ti60F225_OV5640_HDMI_Official\ip/W0_FIFO_8\W0_FIFO_8.v:212)
[EFX-0011 VERI-WARNING] actual bit length 13 differs from formal bit length 14 for port 'wr_datacount_o' (VERI-1330) (D:\yilingsi_fpga\Efinity_Project\Ti60F225_OV5640_HDMI_Official\ip/W0_FIFO_8\W0_FIFO_8.v:104)
[EFX-0011 VERI-WARNING] actual bit length 9 differs from formal bit length 10 for port 'rd_datacount_o' (VERI-1330) (D:\yilingsi_fpga\Efinity_Project\Ti60F225_OV5640_HDMI_Official\ip/W0_FIFO_8\W0_FIFO_8.v:106)
[EFX-0011 VERI-WARNING] input port 'a_wr_rst_i' is not connected on this instance (VDB-1013) (D:\yilingsi_fpga\Efinity_Project\Ti60F225_OV5640_HDMI_Official\ip/W0_FIFO_8\W0_FIFO_8.v:88)
[EFX-0011 VERI-WARNING] port 'a_wr_rst_i' remains unconnected for this instance (VERI-1927) (D:\yilingsi_fpga\Efinity_Project\Ti60F225_OV5640_HDMI_Official\ip/R0_FIFO_16\R0_FIFO_16.v:108)
[EFX-0012 VERI-INFO] compiling module 'R0_FIFO_16' (VERI-1018) (D:\yilingsi_fpga\Efinity_Project\Ti60F225_OV5640_HDMI_Official\ip/R0_FIFO_16\R0_FIFO_16.v:49)
[EFX-0012 VERI-INFO] compiling module 'efx_fifo_top_999a6bd87d6240e6b5110248e73f14b9(FAMILY="TITANIUM",SYNC_STAGE=3,MODE="FWFT",DATA_WIDTH=128,PROGRAMMABLE_FULL="STATIC_SINGLE",PROG_FULL_ASSERT=256,PROG_FULL_NEGATE=256,PROGRAMMABLE_EMPTY="NONE",PROG_EMPTY_ASSERT=0,PROG_EMPTY_NEGATE=2,ASYM_WIDTH_RATIO=1)' (VERI-1018) (D:\yilingsi_fpga\Efinity_Project\Ti60F225_OV5640_HDMI_Official\ip/R0_FIFO_16\R0_FIFO_16.v:389)
[EFX-0012 VERI-INFO] compiling module 'efx_fifo_ram_999a6bd87d6240e6b5110248e73f14b9(FAMILY="TITANIUM",MODE="FWFT",RD_DEPTH=4096,WDATA_WIDTH=128,RDATA_WIDTH=16,RADDR_WIDTH=12,OUTPUT_REG=0,RAM_MUX_RATIO=8)' (VERI-1018) (D:\yilingsi_fpga\Efinity_Project\Ti60F225_OV5640_HDMI_Official\ip/R0_FIFO_16\R0_FIFO_16.v:679)
[EFX-0012 VERI-INFO] extracting RAM for identifier 'ram' (VERI-2571) (D:\yilingsi_fpga\Efinity_Project\Ti60F225_OV5640_HDMI_Official\ip/R0_FIFO_16\R0_FIFO_16.v:715)
[EFX-0012 VERI-INFO] compiling module 'efx_fifo_ctl_999a6bd87d6240e6b5110248e73f14b9(FAMILY="TITANIUM",SYNC_CLK=0,SYNC_STAGE=3,MODE="FWFT",RADDR_WIDTH=12,ASYM_WIDTH_RATIO=1,RAM_MUX_RATIO=8,PROGRAMMABLE_FULL="STATIC_SINGLE",PROG_FULL_ASSERT=256,PROG_FULL_NEGATE=256,PROG_EMPTY_NEGATE=2)' (VERI-1018) (D:\yilingsi_fpga\Efinity_Project\Ti60F225_OV5640_HDMI_Official\ip/R0_FIFO_16\R0_FIFO_16.v:914)
[EFX-0011 VERI-WARNING] expression size 32 truncated to fit in target size 10 (VERI-1209) (D:\yilingsi_fpga\Efinity_Project\Ti60F225_OV5640_HDMI_Official\ip/R0_FIFO_16\R0_FIFO_16.v:1184)
[EFX-0011 VERI-WARNING] expression size 32 truncated to fit in target size 13 (VERI-1209) (D:\yilingsi_fpga\Efinity_Project\Ti60F225_OV5640_HDMI_Official\ip/R0_FIFO_16\R0_FIFO_16.v:1185)
[EFX-0012 VERI-INFO] compiling module 'efx_fifo_bin2gray_999a6bd87d6240e6b5110248e73f14b9(WIDTH=13)' (VERI-1018) (D:\yilingsi_fpga\Efinity_Project\Ti60F225_OV5640_HDMI_Official\ip/R0_FIFO_16\R0_FIFO_16.v:300)
[EFX-0012 VERI-INFO] compiling module 'efx_fifo_datasync_999a6bd87d6240e6b5110248e73f14b9(STAGE=3,WIDTH=13)' (VERI-1018) (D:\yilingsi_fpga\Efinity_Project\Ti60F225_OV5640_HDMI_Official\ip/R0_FIFO_16\R0_FIFO_16.v:129)
[EFX-0012 VERI-INFO] compiling module 'efx_fifo_gray2bin_999a6bd87d6240e6b5110248e73f14b9(WIDTH=13)' (VERI-1018) (D:\yilingsi_fpga\Efinity_Project\Ti60F225_OV5640_HDMI_Official\ip/R0_FIFO_16\R0_FIFO_16.v:212)
[EFX-0012 VERI-INFO] compiling module 'efx_fifo_gray2bin_999a6bd87d6240e6b5110248e73f14b9(WIDTH=12)' (VERI-1018) (D:\yilingsi_fpga\Efinity_Project\Ti60F225_OV5640_HDMI_Official\ip/R0_FIFO_16\R0_FIFO_16.v:212)
[EFX-0012 VERI-INFO] compiling module 'efx_fifo_gray2bin_999a6bd87d6240e6b5110248e73f14b9(WIDTH=11)' (VERI-1018) (D:\yilingsi_fpga\Efinity_Project\Ti60F225_OV5640_HDMI_Official\ip/R0_FIFO_16\R0_FIFO_16.v:212)
[EFX-0012 VERI-INFO] compiling module 'efx_fifo_gray2bin_999a6bd87d6240e6b5110248e73f14b9(WIDTH=10)' (VERI-1018) (D:\yilingsi_fpga\Efinity_Project\Ti60F225_OV5640_HDMI_Official\ip/R0_FIFO_16\R0_FIFO_16.v:212)
[EFX-0012 VERI-INFO] compiling module 'efx_fifo_gray2bin_999a6bd87d6240e6b5110248e73f14b9(WIDTH=9)' (VERI-1018) (D:\yilingsi_fpga\Efinity_Project\Ti60F225_OV5640_HDMI_Official\ip/R0_FIFO_16\R0_FIFO_16.v:212)
[EFX-0012 VERI-INFO] compiling module 'efx_fifo_gray2bin_999a6bd87d6240e6b5110248e73f14b9(WIDTH=8)' (VERI-1018) (D:\yilingsi_fpga\Efinity_Project\Ti60F225_OV5640_HDMI_Official\ip/R0_FIFO_16\R0_FIFO_16.v:212)
[EFX-0012 VERI-INFO] compiling module 'efx_fifo_gray2bin_999a6bd87d6240e6b5110248e73f14b9(WIDTH=7)' (VERI-1018) (D:\yilingsi_fpga\Efinity_Project\Ti60F225_OV5640_HDMI_Official\ip/R0_FIFO_16\R0_FIFO_16.v:212)
[EFX-0012 VERI-INFO] compiling module 'efx_fifo_gray2bin_999a6bd87d6240e6b5110248e73f14b9(WIDTH=6)' (VERI-1018) (D:\yilingsi_fpga\Efinity_Project\Ti60F225_OV5640_HDMI_Official\ip/R0_FIFO_16\R0_FIFO_16.v:212)
[EFX-0012 VERI-INFO] compiling module 'efx_fifo_gray2bin_999a6bd87d6240e6b5110248e73f14b9' (VERI-1018) (D:\yilingsi_fpga\Efinity_Project\Ti60F225_OV5640_HDMI_Official\ip/R0_FIFO_16\R0_FIFO_16.v:212)
[EFX-0012 VERI-INFO] compiling module 'efx_fifo_gray2bin_999a6bd87d6240e6b5110248e73f14b9(WIDTH=4)' (VERI-1018) (D:\yilingsi_fpga\Efinity_Project\Ti60F225_OV5640_HDMI_Official\ip/R0_FIFO_16\R0_FIFO_16.v:212)
[EFX-0012 VERI-INFO] compiling module 'efx_fifo_gray2bin_999a6bd87d6240e6b5110248e73f14b9(WIDTH=3)' (VERI-1018) (D:\yilingsi_fpga\Efinity_Project\Ti60F225_OV5640_HDMI_Official\ip/R0_FIFO_16\R0_FIFO_16.v:212)
[EFX-0012 VERI-INFO] compiling module 'efx_fifo_gray2bin_999a6bd87d6240e6b5110248e73f14b9(WIDTH=2)' (VERI-1018) (D:\yilingsi_fpga\Efinity_Project\Ti60F225_OV5640_HDMI_Official\ip/R0_FIFO_16\R0_FIFO_16.v:212)
[EFX-0012 VERI-INFO] compiling module 'efx_fifo_bin2gray_999a6bd87d6240e6b5110248e73f14b9(WIDTH=10)' (VERI-1018) (D:\yilingsi_fpga\Efinity_Project\Ti60F225_OV5640_HDMI_Official\ip/R0_FIFO_16\R0_FIFO_16.v:300)
[EFX-0012 VERI-INFO] compiling module 'efx_fifo_datasync_999a6bd87d6240e6b5110248e73f14b9(STAGE=3,WIDTH=10)' (VERI-1018) (D:\yilingsi_fpga\Efinity_Project\Ti60F225_OV5640_HDMI_Official\ip/R0_FIFO_16\R0_FIFO_16.v:129)
[EFX-0011 VERI-WARNING] actual bit length 9 differs from formal bit length 10 for port 'wr_datacount_o' (VERI-1330) (D:\yilingsi_fpga\Efinity_Project\Ti60F225_OV5640_HDMI_Official\ip/R0_FIFO_16\R0_FIFO_16.v:104)
[EFX-0011 VERI-WARNING] actual bit length 12 differs from formal bit length 13 for port 'rd_datacount_o' (VERI-1330) (D:\yilingsi_fpga\Efinity_Project\Ti60F225_OV5640_HDMI_Official\ip/R0_FIFO_16\R0_FIFO_16.v:106)
[EFX-0011 VERI-WARNING] input port 'a_wr_rst_i' is not connected on this instance (VDB-1013) (D:\yilingsi_fpga\Efinity_Project\Ti60F225_OV5640_HDMI_Official\ip/R0_FIFO_16\R0_FIFO_16.v:88)
[EFX-0011 VERI-WARNING] expression size 17 truncated to fit in target size 16 (VERI-1209) (D:\yilingsi_fpga\Efinity_Project\Ti60F225_OV5640_HDMI_Official\src\axi\axi4_ctrl.v:464)
[EFX-0011 VERI-WARNING] expression size 23 truncated to fit in target size 22 (VERI-1209) (D:\yilingsi_fpga\Efinity_Project\Ti60F225_OV5640_HDMI_Official\src\axi\axi4_ctrl.v:574)
[EFX-0011 VERI-WARNING] actual bit length 32 differs from formal bit length 4 for port 'axi_bid' (VERI-1330) (D:\yilingsi_fpga\Efinity_Project\Ti60F225_OV5640_HDMI_Official\example_top.v:938)
[EFX-0011 VERI-WARNING] actual bit length 32 differs from formal bit length 2 for port 'axi_bresp' (VERI-1330) (D:\yilingsi_fpga\Efinity_Project\Ti60F225_OV5640_HDMI_Official\example_top.v:939)
[EFX-0011 VERI-WARNING] actual bit length 32 differs from formal bit length 1 for port 'axi_bvalid' (VERI-1330) (D:\yilingsi_fpga\Efinity_Project\Ti60F225_OV5640_HDMI_Official\example_top.v:940)
[EFX-0011 VERI-WARNING] actual bit length 32 differs from formal bit length 2 for port 'axi_rresp' (VERI-1330) (D:\yilingsi_fpga\Efinity_Project\Ti60F225_OV5640_HDMI_Official\example_top.v:950)
[EFX-0011 VERI-WARNING] actual bit length 64 differs from formal bit length 8 for port 'wframe_data' (VERI-1330) (D:\yilingsi_fpga\Efinity_Project\Ti60F225_OV5640_HDMI_Official\example_top.v:958)
[EFX-0011 VERI-WARNING] actual bit length 8 differs from formal bit length 32 for port 'tp_o' (VERI-1330) (D:\yilingsi_fpga\Efinity_Project\Ti60F225_OV5640_HDMI_Official\example_top.v:965)
[EFX-0011 VERI-WARNING] expression size 8 truncated to fit in target size 4 (VERI-1209) (D:\yilingsi_fpga\Efinity_Project\Ti60F225_OV5640_HDMI_Official\example_top.v:967)
[EFX-0012 VERI-INFO] compiling module 'lcd_driver' (VERI-1018) (D:\yilingsi_fpga\Efinity_Project\Ti60F225_OV5640_HDMI_Official\src\lcd_driver.v:39)
[EFX-0011 VERI-WARNING] expression size 14 truncated to fit in target size 12 (VERI-1209) (D:\yilingsi_fpga\Efinity_Project\Ti60F225_OV5640_HDMI_Official\src\lcd_driver.v:145)
[EFX-0011 VERI-WARNING] actual bit length 24 differs from formal bit length 48 for port 'lcd_data' (VERI-1330) (D:\yilingsi_fpga\Efinity_Project\Ti60F225_OV5640_HDMI_Official\example_top.v:996)
[EFX-0012 VERI-INFO] compiling module 'rgb2dvi(ENABLE_OSERDES=0)' (VERI-1018) (D:\yilingsi_fpga\Efinity_Project\Ti60F225_OV5640_HDMI_Official\src\hdmi_ip\rgb2dvi.v:7)
[EFX-0012 VERI-INFO] compiling module 'tmds_channel' (VERI-1018) (D:\yilingsi_fpga\Efinity_Project\Ti60F225_OV5640_HDMI_Official\src\hdmi_ip\tmds_channel.v:4)
[EFX-0011 VERI-WARNING] actual bit length 32 differs from formal bit length 4 for port 'data_island_data' (VERI-1330) (D:\yilingsi_fpga\Efinity_Project\Ti60F225_OV5640_HDMI_Official\src\hdmi_ip\rgb2dvi.v:50)
[EFX-0011 VERI-WARNING] actual bit length 4 differs from formal bit length 3 for port 'mode' (VERI-1330) (D:\yilingsi_fpga\Efinity_Project\Ti60F225_OV5640_HDMI_Official\src\hdmi_ip\rgb2dvi.v:52)
[EFX-0011 VERI-WARNING] actual bit length 32 differs from formal bit length 4 for port 'data_island_data' (VERI-1330) (D:\yilingsi_fpga\Efinity_Project\Ti60F225_OV5640_HDMI_Official\src\hdmi_ip\rgb2dvi.v:58)
[EFX-0011 VERI-WARNING] actual bit length 4 differs from formal bit length 3 for port 'mode' (VERI-1330) (D:\yilingsi_fpga\Efinity_Project\Ti60F225_OV5640_HDMI_Official\src\hdmi_ip\rgb2dvi.v:60)
[EFX-0011 VERI-WARNING] actual bit length 32 differs from formal bit length 4 for port 'data_island_data' (VERI-1330) (D:\yilingsi_fpga\Efinity_Project\Ti60F225_OV5640_HDMI_Official\src\hdmi_ip\rgb2dvi.v:66)
[EFX-0011 VERI-WARNING] actual bit length 4 differs from formal bit length 3 for port 'mode' (VERI-1330) (D:\yilingsi_fpga\Efinity_Project\Ti60F225_OV5640_HDMI_Official\src\hdmi_ip\rgb2dvi.v:68)
[EFX-0011 VERI-WARNING] actual bit length 32 differs from formal bit length 1 for port 'oe_i' (VERI-1330) (D:\yilingsi_fpga\Efinity_Project\Ti60F225_OV5640_HDMI_Official\example_top.v:1025)
[EFX-0011 VERI-WARNING] net 'w_dev_index_o[7]' does not have a driver (VDB-1002) (D:\yilingsi_fpga\Efinity_Project\Ti60F225_OV5640_HDMI_Official\example_top.v:428)
[EFX-0011 VERI-WARNING] net 'w_dev_cmd_o[7]' does not have a driver (VDB-1002) (D:\yilingsi_fpga\Efinity_Project\Ti60F225_OV5640_HDMI_Official\example_top.v:429)
[EFX-0011 VERI-WARNING] net 'w_dev_wdata_o[31]' does not have a driver (VDB-1002) (D:\yilingsi_fpga\Efinity_Project\Ti60F225_OV5640_HDMI_Official\example_top.v:430)
[EFX-0011 VERI-WARNING] net 'w_dev_wvalid_o' does not have a driver (VDB-1002) (D:\yilingsi_fpga\Efinity_Project\Ti60F225_OV5640_HDMI_Official\example_top.v:431)
[EFX-0011 VERI-WARNING] net 'w_spi_ssn_o' does not have a driver (VDB-1002) (D:\yilingsi_fpga\Efinity_Project\Ti60F225_OV5640_HDMI_Official\example_top.v:435)
[EFX-0011 VERI-WARNING] net 'w_spi_data_o[3]' does not have a driver (VDB-1002) (D:\yilingsi_fpga\Efinity_Project\Ti60F225_OV5640_HDMI_Official\example_top.v:436)
[EFX-0011 VERI-WARNING] net 'w_lcd_b_o[7]' does not have a driver (VDB-1002) (D:\yilingsi_fpga\Efinity_Project\Ti60F225_OV5640_HDMI_Official\example_top.v:453)
[EFX-0011 VERI-WARNING] input port 'wr_addr[31]' remains unconnected for this instance (VDB-1053) (D:\yilingsi_fpga\Efinity_Project\Ti60F225_OV5640_HDMI_Official\example_top.v:537)
[EFX-0011 VERI-WARNING] input port 'SerialClk' is not connected on this instance (VDB-1013) (D:\yilingsi_fpga\Efinity_Project\Ti60F225_OV5640_HDMI_Official\example_top.v:1018)
[EFX-0000 INFO] ... Setting Synthesis Option: mode=speed
[EFX-0012 VERI-INFO] compiling module 'EFX_ADD' (VERI-1018) (C:/Efinity/2025.1/sim_models/maplib/efinix_maplib.v:8)
[EFX-0012 VERI-INFO] compiling module 'EFX_FF' (VERI-1018) (C:/Efinity/2025.1/sim_models/maplib/efinix_maplib.v:21)
[EFX-0012 VERI-INFO] compiling module 'EFX_COMB4' (VERI-1018) (C:/Efinity/2025.1/sim_models/maplib/efinix_maplib.v:38)
[EFX-0012 VERI-INFO] compiling module 'EFX_GBUFCE' (VERI-1018) (C:/Efinity/2025.1/sim_models/maplib/efinix_maplib.v:48)
[EFX-0012 VERI-INFO] compiling module 'EFX_LUT4' (VERI-1018) (C:/Efinity/2025.1/sim_models/maplib/efinix_maplib.v:57)
[EFX-0012 VERI-INFO] compiling module 'EFX_MULT' (VERI-1018) (C:/Efinity/2025.1/sim_models/maplib/efinix_maplib.v:65)
[EFX-0012 VERI-INFO] compiling module 'EFX_DSP48' (VERI-1018) (C:/Efinity/2025.1/sim_models/maplib/efinix_maplib.v:100)
[EFX-0012 VERI-INFO] compiling module 'EFX_DSP24' (VERI-1018) (C:/Efinity/2025.1/sim_models/maplib/efinix_maplib.v:156)
[EFX-0012 VERI-INFO] compiling module 'EFX_DSP12' (VERI-1018) (C:/Efinity/2025.1/sim_models/maplib/efinix_maplib.v:209)
[EFX-0012 VERI-INFO] compiling module 'EFX_RAM_4K' (VERI-1018) (C:/Efinity/2025.1/sim_models/maplib/efinix_maplib.v:262)
[EFX-0012 VERI-INFO] compiling module 'EFX_RAM_5K' (VERI-1018) (C:/Efinity/2025.1/sim_models/maplib/efinix_maplib.v:322)
[EFX-0012 VERI-INFO] compiling module 'EFX_DPRAM_5K' (VERI-1018) (C:/Efinity/2025.1/sim_models/maplib/efinix_maplib.v:394)
[EFX-0012 VERI-INFO] compiling module 'RAMB5' (VERI-1018) (C:/Efinity/2025.1/sim_models/maplib/efinix_maplib.v:499)
[EFX-0012 VERI-INFO] compiling module 'EFX_RAM_10K' (VERI-1018) (C:/Efinity/2025.1/sim_models/maplib/efinix_maplib.v:561)
[EFX-0012 VERI-INFO] compiling module 'EFX_RAM10' (VERI-1018) (C:/Efinity/2025.1/sim_models/maplib/efinix_maplib.v:653)
[EFX-0012 VERI-INFO] compiling module 'EFX_DPRAM10' (VERI-1018) (C:/Efinity/2025.1/sim_models/maplib/efinix_maplib.v:754)
[EFX-0012 VERI-INFO] compiling module 'EFX_SRL8' (VERI-1018) (C:/Efinity/2025.1/sim_models/maplib/efinix_maplib.v:884)
[EFX-0000 INFO] ... Pre-synthesis checks begin
[EFX-0256 WARNING] The primary output port 'csi_ctl0_o' wire 'csi_ctl0_o' is not driven.
[EFX-0256 WARNING] The primary output port 'csi_ctl1_o' wire 'csi_ctl1_o' is not driven.
[EFX-0256 WARNING] The primary output port 'csi_scl_o' wire 'csi_scl_o' is not driven.
[EFX-0256 WARNING] The primary output port 'csi_scl_oe' wire 'csi_scl_oe' is not driven.
[EFX-0256 WARNING] The primary output port 'csi_sda_o' wire 'csi_sda_o' is not driven.
[EFX-0256 WARNING] The primary output port 'csi_sda_oe' wire 'csi_sda_oe' is not driven.
[EFX-0256 WARNING] The primary output port 'csi_rxc_hs_en_o' wire 'csi_rxc_hs_en_o' is not driven.
[EFX-0256 WARNING] The primary output port 'csi_rxc_hs_term_en_o' wire 'csi_rxc_hs_term_en_o' is not driven.
[EFX-0256 WARNING] The primary output port 'csi_rxd0_rst_o' wire 'csi_rxd0_rst_o' is not driven.
[EFX-0256 WARNING] The primary output port 'csi_rxd0_hs_en_o' wire 'csi_rxd0_hs_en_o' is not driven.
[EFX-0256 WARNING] The primary output port 'csi_rxd0_hs_term_en_o' wire 'csi_rxd0_hs_term_en_o' is not driven.
[EFX-0256 WARNING] The primary output port 'csi_rxd1_rst_o' wire 'csi_rxd1_rst_o' is not driven.
[EFX-0256 WARNING] The primary output port 'csi_rxd1_hs_en_o' wire 'csi_rxd1_hs_en_o' is not driven.
[EFX-0256 WARNING] The primary output port 'csi_rxd1_hs_term_en_o' wire 'csi_rxd1_hs_term_en_o' is not driven.
[EFX-0256 WARNING] The primary output port 'csi_rxd2_rst_o' wire 'csi_rxd2_rst_o' is not driven.
[EFX-0256 WARNING] The primary output port 'csi_rxd2_hs_en_o' wire 'csi_rxd2_hs_en_o' is not driven.
[EFX-0256 WARNING] The primary output port 'csi_rxd2_hs_term_en_o' wire 'csi_rxd2_hs_term_en_o' is not driven.
[EFX-0256 WARNING] The primary output port 'csi_rxd3_rst_o' wire 'csi_rxd3_rst_o' is not driven.
[EFX-0256 WARNING] The primary output port 'csi_rxd3_hs_en_o' wire 'csi_rxd3_hs_en_o' is not driven.
[EFX-0256 WARNING] The primary output port 'csi_rxd3_hs_term_en_o' wire 'csi_rxd3_hs_term_en_o' is not driven.
[EFX-0256 WARNING] The primary output port 'dsi_txc_rst_o' wire 'dsi_txc_rst_o' is not driven.
[EFX-0256 WARNING] The primary output port 'dsi_txc_lp_p_oe' wire 'dsi_txc_lp_p_oe' is not driven.
[EFX-0256 WARNING] The primary output port 'dsi_txc_lp_p_o' wire 'dsi_txc_lp_p_o' is not driven.
[EFX-0256 WARNING] The primary output port 'dsi_txc_lp_n_oe' wire 'dsi_txc_lp_n_oe' is not driven.
[EFX-0256 WARNING] The primary output port 'dsi_txc_lp_n_o' wire 'dsi_txc_lp_n_o' is not driven.
[EFX-0256 WARNING] The primary output port 'dsi_txc_hs_oe' wire 'dsi_txc_hs_oe' is not driven.
[EFX-0256 WARNING] The primary output port 'dsi_txc_hs_o[7]' wire 'dsi_txc_hs_o[7]' is not driven.
[EFX-0256 WARNING] The primary output port 'dsi_txc_hs_o[6]' wire 'dsi_txc_hs_o[6]' is not driven.
[EFX-0256 WARNING] The primary output port 'dsi_txc_hs_o[5]' wire 'dsi_txc_hs_o[5]' is not driven.
[EFX-0256 WARNING] The primary output port 'dsi_txc_hs_o[4]' wire 'dsi_txc_hs_o[4]' is not driven.
[EFX-0256 WARNING] The primary output port 'dsi_txc_hs_o[3]' wire 'dsi_txc_hs_o[3]' is not driven.
[EFX-0256 WARNING] The primary output port 'dsi_txc_hs_o[2]' wire 'dsi_txc_hs_o[2]' is not driven.
[EFX-0256 WARNING] The primary output port 'dsi_txc_hs_o[1]' wire 'dsi_txc_hs_o[1]' is not driven.
[EFX-0256 WARNING] The primary output port 'dsi_txc_hs_o[0]' wire 'dsi_txc_hs_o[0]' is not driven.
[EFX-0256 WARNING] The primary output port 'dsi_txd0_rst_o' wire 'dsi_txd0_rst_o' is not driven.
[EFX-0256 WARNING] The primary output port 'dsi_txd0_hs_oe' wire 'dsi_txd0_hs_oe' is not driven.
[EFX-0256 WARNING] The primary output port 'dsi_txd0_hs_o[7]' wire 'dsi_txd0_hs_o[7]' is not driven.
[EFX-0256 WARNING] The primary output port 'dsi_txd0_hs_o[6]' wire 'dsi_txd0_hs_o[6]' is not driven.
[EFX-0256 WARNING] The primary output port 'dsi_txd0_hs_o[5]' wire 'dsi_txd0_hs_o[5]' is not driven.
[EFX-0256 WARNING] The primary output port 'dsi_txd0_hs_o[4]' wire 'dsi_txd0_hs_o[4]' is not driven.
[EFX-0256 WARNING] The primary output port 'dsi_txd0_hs_o[3]' wire 'dsi_txd0_hs_o[3]' is not driven.
[EFX-0256 WARNING] The primary output port 'dsi_txd0_hs_o[2]' wire 'dsi_txd0_hs_o[2]' is not driven.
[EFX-0256 WARNING] The primary output port 'dsi_txd0_hs_o[1]' wire 'dsi_txd0_hs_o[1]' is not driven.
[EFX-0256 WARNING] The primary output port 'dsi_txd0_hs_o[0]' wire 'dsi_txd0_hs_o[0]' is not driven.
[EFX-0256 WARNING] The primary output port 'dsi_txd0_lp_p_oe' wire 'dsi_txd0_lp_p_oe' is not driven.
[EFX-0256 WARNING] The primary output port 'dsi_txd0_lp_p_o' wire 'dsi_txd0_lp_p_o' is not driven.
[EFX-0256 WARNING] The primary output port 'dsi_txd0_lp_n_oe' wire 'dsi_txd0_lp_n_oe' is not driven.
[EFX-0256 WARNING] The primary output port 'dsi_txd0_lp_n_o' wire 'dsi_txd0_lp_n_o' is not driven.
[EFX-0256 WARNING] The primary output port 'dsi_txd1_rst_o' wire 'dsi_txd1_rst_o' is not driven.
[EFX-0256 WARNING] The primary output port 'dsi_txd1_lp_p_oe' wire 'dsi_txd1_lp_p_oe' is not driven.
[EFX-0256 WARNING] The primary output port 'dsi_txd1_lp_p_o' wire 'dsi_txd1_lp_p_o' is not driven.
[EFX-0256 WARNING] The primary output port 'dsi_txd1_lp_n_oe' wire 'dsi_txd1_lp_n_oe' is not driven.
[EFX-0256 WARNING] The primary output port 'dsi_txd1_lp_n_o' wire 'dsi_txd1_lp_n_o' is not driven.
[EFX-0256 WARNING] The primary output port 'dsi_txd1_hs_oe' wire 'dsi_txd1_hs_oe' is not driven.
[EFX-0256 WARNING] The primary output port 'dsi_txd1_hs_o[7]' wire 'dsi_txd1_hs_o[7]' is not driven.
[EFX-0256 WARNING] The primary output port 'dsi_txd1_hs_o[6]' wire 'dsi_txd1_hs_o[6]' is not driven.
[EFX-0256 WARNING] The primary output port 'dsi_txd1_hs_o[5]' wire 'dsi_txd1_hs_o[5]' is not driven.
[EFX-0256 WARNING] The primary output port 'dsi_txd1_hs_o[4]' wire 'dsi_txd1_hs_o[4]' is not driven.
[EFX-0256 WARNING] The primary output port 'dsi_txd1_hs_o[3]' wire 'dsi_txd1_hs_o[3]' is not driven.
[EFX-0256 WARNING] The primary output port 'dsi_txd1_hs_o[2]' wire 'dsi_txd1_hs_o[2]' is not driven.
[EFX-0256 WARNING] The primary output port 'dsi_txd1_hs_o[1]' wire 'dsi_txd1_hs_o[1]' is not driven.
[EFX-0256 WARNING] The primary output port 'dsi_txd1_hs_o[0]' wire 'dsi_txd1_hs_o[0]' is not driven.
[EFX-0256 WARNING] The primary output port 'dsi_txd2_rst_o' wire 'dsi_txd2_rst_o' is not driven.
[EFX-0256 WARNING] The primary output port 'dsi_txd2_lp_p_oe' wire 'dsi_txd2_lp_p_oe' is not driven.
[EFX-0256 WARNING] The primary output port 'dsi_txd2_lp_p_o' wire 'dsi_txd2_lp_p_o' is not driven.
[EFX-0256 WARNING] The primary output port 'dsi_txd2_lp_n_oe' wire 'dsi_txd2_lp_n_oe' is not driven.
[EFX-0256 WARNING] The primary output port 'dsi_txd2_lp_n_o' wire 'dsi_txd2_lp_n_o' is not driven.
[EFX-0256 WARNING] The primary output port 'dsi_txd2_hs_oe' wire 'dsi_txd2_hs_oe' is not driven.
[EFX-0256 WARNING] The primary output port 'dsi_txd2_hs_o[7]' wire 'dsi_txd2_hs_o[7]' is not driven.
[EFX-0256 WARNING] The primary output port 'dsi_txd2_hs_o[6]' wire 'dsi_txd2_hs_o[6]' is not driven.
[EFX-0256 WARNING] The primary output port 'dsi_txd2_hs_o[5]' wire 'dsi_txd2_hs_o[5]' is not driven.
[EFX-0256 WARNING] The primary output port 'dsi_txd2_hs_o[4]' wire 'dsi_txd2_hs_o[4]' is not driven.
[EFX-0256 WARNING] The primary output port 'dsi_txd2_hs_o[3]' wire 'dsi_txd2_hs_o[3]' is not driven.
[EFX-0256 WARNING] The primary output port 'dsi_txd2_hs_o[2]' wire 'dsi_txd2_hs_o[2]' is not driven.
[EFX-0256 WARNING] The primary output port 'dsi_txd2_hs_o[1]' wire 'dsi_txd2_hs_o[1]' is not driven.
[EFX-0256 WARNING] The primary output port 'dsi_txd2_hs_o[0]' wire 'dsi_txd2_hs_o[0]' is not driven.
[EFX-0256 WARNING] The primary output port 'dsi_txd3_rst_o' wire 'dsi_txd3_rst_o' is not driven.
[EFX-0256 WARNING] The primary output port 'dsi_txd3_lp_p_oe' wire 'dsi_txd3_lp_p_oe' is not driven.
[EFX-0256 WARNING] The primary output port 'dsi_txd3_lp_p_o' wire 'dsi_txd3_lp_p_o' is not driven.
[EFX-0256 WARNING] The primary output port 'dsi_txd3_lp_n_oe' wire 'dsi_txd3_lp_n_oe' is not driven.
[EFX-0256 WARNING] The primary output port 'dsi_txd3_lp_n_o' wire 'dsi_txd3_lp_n_o' is not driven.
[EFX-0256 WARNING] The primary output port 'dsi_txd3_hs_oe' wire 'dsi_txd3_hs_oe' is not driven.
[EFX-0256 WARNING] The primary output port 'dsi_txd3_hs_o[7]' wire 'dsi_txd3_hs_o[7]' is not driven.
[EFX-0256 WARNING] The primary output port 'dsi_txd3_hs_o[6]' wire 'dsi_txd3_hs_o[6]' is not driven.
[EFX-0256 WARNING] The primary output port 'dsi_txd3_hs_o[5]' wire 'dsi_txd3_hs_o[5]' is not driven.
[EFX-0256 WARNING] The primary output port 'dsi_txd3_hs_o[4]' wire 'dsi_txd3_hs_o[4]' is not driven.
[EFX-0256 WARNING] The primary output port 'dsi_txd3_hs_o[3]' wire 'dsi_txd3_hs_o[3]' is not driven.
[EFX-0256 WARNING] The primary output port 'dsi_txd3_hs_o[2]' wire 'dsi_txd3_hs_o[2]' is not driven.
[EFX-0256 WARNING] The primary output port 'dsi_txd3_hs_o[1]' wire 'dsi_txd3_hs_o[1]' is not driven.
[EFX-0256 WARNING] The primary output port 'dsi_txd3_hs_o[0]' wire 'dsi_txd3_hs_o[0]' is not driven.
[EFX-0256 WARNING] The primary output port 'uart_tx_o' wire 'uart_tx_o' is not driven.
[EFX-0256 WARNING] The primary output port 'led_o[4]' wire 'led_o[4]' is not driven.
[EFX-0256 WARNING] The primary output port 'lvds_txc_oe' wire 'lvds_txc_oe' is not driven.
[EFX-0256 WARNING] The primary output port 'lvds_txc_o[6]' wire 'lvds_txc_o[6]' is not driven.
[EFX-0256 WARNING] The primary output port 'lvds_txc_o[5]' wire 'lvds_txc_o[5]' is not driven.
[EFX-0256 WARNING] The primary output port 'lvds_txc_o[4]' wire 'lvds_txc_o[4]' is not driven.
[EFX-0256 WARNING] The primary output port 'lvds_txc_o[3]' wire 'lvds_txc_o[3]' is not driven.
[EFX-0256 WARNING] The primary output port 'lvds_txc_o[2]' wire 'lvds_txc_o[2]' is not driven.
[EFX-0256 WARNING] The primary output port 'lvds_txc_o[1]' wire 'lvds_txc_o[1]' is not driven.
[EFX-0256 WARNING] The primary output port 'lvds_txc_o[0]' wire 'lvds_txc_o[0]' is not driven.
[EFX-0256 WARNING] The primary output port 'lvds_txc_rst_o' wire 'lvds_txc_rst_o' is not driven.
[EFX-0256 WARNING] The primary output port 'lvds_txd0_oe' wire 'lvds_txd0_oe' is not driven.
[EFX-0256 WARNING] The primary output port 'lvds_txd0_o[6]' wire 'lvds_txd0_o[6]' is not driven.
[EFX-0256 WARNING] The primary output port 'lvds_txd0_o[5]' wire 'lvds_txd0_o[5]' is not driven.
[EFX-0256 WARNING] The primary output port 'lvds_txd0_o[4]' wire 'lvds_txd0_o[4]' is not driven.
[EFX-0256 WARNING] The primary output port 'lvds_txd0_o[3]' wire 'lvds_txd0_o[3]' is not driven.
[EFX-0256 WARNING] The primary output port 'lvds_txd0_o[2]' wire 'lvds_txd0_o[2]' is not driven.
[EFX-0256 WARNING] The primary output port 'lvds_txd0_o[1]' wire 'lvds_txd0_o[1]' is not driven.
[EFX-0256 WARNING] The primary output port 'lvds_txd0_o[0]' wire 'lvds_txd0_o[0]' is not driven.
[EFX-0256 WARNING] The primary output port 'lvds_txd0_rst_o' wire 'lvds_txd0_rst_o' is not driven.
[EFX-0256 WARNING] The primary output port 'lvds_txd1_oe' wire 'lvds_txd1_oe' is not driven.
[EFX-0256 WARNING] The primary output port 'lvds_txd1_o[6]' wire 'lvds_txd1_o[6]' is not driven.
[EFX-0256 WARNING] The primary output port 'lvds_txd1_o[5]' wire 'lvds_txd1_o[5]' is not driven.
[EFX-0256 WARNING] The primary output port 'lvds_txd1_o[4]' wire 'lvds_txd1_o[4]' is not driven.
[EFX-0256 WARNING] The primary output port 'lvds_txd1_o[3]' wire 'lvds_txd1_o[3]' is not driven.
[EFX-0256 WARNING] The primary output port 'lvds_txd1_o[2]' wire 'lvds_txd1_o[2]' is not driven.
[EFX-0256 WARNING] The primary output port 'lvds_txd1_o[1]' wire 'lvds_txd1_o[1]' is not driven.
[EFX-0256 WARNING] The primary output port 'lvds_txd1_o[0]' wire 'lvds_txd1_o[0]' is not driven.
[EFX-0256 WARNING] The primary output port 'lvds_txd1_rst_o' wire 'lvds_txd1_rst_o' is not driven.
[EFX-0256 WARNING] The primary output port 'lvds_txd2_oe' wire 'lvds_txd2_oe' is not driven.
[EFX-0256 WARNING] The primary output port 'lvds_txd2_o[6]' wire 'lvds_txd2_o[6]' is not driven.
[EFX-0256 WARNING] The primary output port 'lvds_txd2_o[5]' wire 'lvds_txd2_o[5]' is not driven.
[EFX-0256 WARNING] The primary output port 'lvds_txd2_o[4]' wire 'lvds_txd2_o[4]' is not driven.
[EFX-0256 WARNING] The primary output port 'lvds_txd2_o[3]' wire 'lvds_txd2_o[3]' is not driven.
[EFX-0256 WARNING] The primary output port 'lvds_txd2_o[2]' wire 'lvds_txd2_o[2]' is not driven.
[EFX-0256 WARNING] The primary output port 'lvds_txd2_o[1]' wire 'lvds_txd2_o[1]' is not driven.
[EFX-0256 WARNING] The primary output port 'lvds_txd2_o[0]' wire 'lvds_txd2_o[0]' is not driven.
[EFX-0256 WARNING] The primary output port 'lvds_txd2_rst_o' wire 'lvds_txd2_rst_o' is not driven.
[EFX-0256 WARNING] The primary output port 'lvds_txd3_oe' wire 'lvds_txd3_oe' is not driven.
[EFX-0256 WARNING] The primary output port 'lvds_txd3_o[6]' wire 'lvds_txd3_o[6]' is not driven.
[EFX-0256 WARNING] The primary output port 'lvds_txd3_o[5]' wire 'lvds_txd3_o[5]' is not driven.
[EFX-0256 WARNING] The primary output port 'lvds_txd3_o[4]' wire 'lvds_txd3_o[4]' is not driven.
[EFX-0256 WARNING] The primary output port 'lvds_txd3_o[3]' wire 'lvds_txd3_o[3]' is not driven.
[EFX-0256 WARNING] The primary output port 'lvds_txd3_o[2]' wire 'lvds_txd3_o[2]' is not driven.
[EFX-0256 WARNING] The primary output port 'lvds_txd3_o[1]' wire 'lvds_txd3_o[1]' is not driven.
[EFX-0256 WARNING] The primary output port 'lvds_txd3_o[0]' wire 'lvds_txd3_o[0]' is not driven.
[EFX-0256 WARNING] The primary output port 'lvds_txd3_rst_o' wire 'lvds_txd3_rst_o' is not driven.
[EFX-0256 WARNING] The primary output port 'lcd_tp_sda_o' wire 'lcd_tp_sda_o' is not driven.
[EFX-0256 WARNING] The primary output port 'lcd_tp_sda_oe' wire 'lcd_tp_sda_oe' is not driven.
[EFX-0256 WARNING] The primary output port 'lcd_tp_scl_o' wire 'lcd_tp_scl_o' is not driven.
[EFX-0256 WARNING] The primary output port 'lcd_tp_scl_oe' wire 'lcd_tp_scl_oe' is not driven.
[EFX-0256 WARNING] The primary output port 'lcd_tp_int_o' wire 'lcd_tp_int_o' is not driven.
[EFX-0256 WARNING] The primary output port 'lcd_tp_int_oe' wire 'lcd_tp_int_oe' is not driven.
[EFX-0256 WARNING] The primary output port 'lcd_tp_rst_o' wire 'lcd_tp_rst_o' is not driven.
[EFX-0256 WARNING] The primary output port 'lcd_pwm_o' wire 'lcd_pwm_o' is not driven.
[EFX-0256 WARNING] The primary output port 'lcd_blen_o' wire 'lcd_blen_o' is not driven.
[EFX-0256 WARNING] The primary output port 'lcd_vs_o' wire 'lcd_vs_o' is not driven.
[EFX-0256 WARNING] The primary output port 'lcd_hs_o' wire 'lcd_hs_o' is not driven.
[EFX-0256 WARNING] The primary output port 'lcd_de_o' wire 'lcd_de_o' is not driven.
[EFX-0200 WARNING] Removing redundant signal : Shift_Q7_Out[4][7]. (D:\yilingsi_fpga\Efinity_Project\Ti60F225_OV5640_HDMI_Official\ip/DdrCtrl\DdrCtrl.v:2587)
[EFX-0200 WARNING] Removing redundant signal : Shift_Q7_Out[4][6]. (D:\yilingsi_fpga\Efinity_Project\Ti60F225_OV5640_HDMI_Official\ip/DdrCtrl\DdrCtrl.v:2587)
[EFX-0200 WARNING] Removing redundant signal : Shift_Q7_Out[4][5]. (D:\yilingsi_fpga\Efinity_Project\Ti60F225_OV5640_HDMI_Official\ip/DdrCtrl\DdrCtrl.v:2587)
[EFX-0200 WARNING] Removing redundant signal : Shift_Q7_Out[4][4]. (D:\yilingsi_fpga\Efinity_Project\Ti60F225_OV5640_HDMI_Official\ip/DdrCtrl\DdrCtrl.v:2587)
[EFX-0200 WARNING] Removing redundant signal : Shift_Q7_Out[4][3]. (D:\yilingsi_fpga\Efinity_Project\Ti60F225_OV5640_HDMI_Official\ip/DdrCtrl\DdrCtrl.v:2587)
[EFX-0200 WARNING] Removing redundant signal : Shift_Q7_Out[4][2]. (D:\yilingsi_fpga\Efinity_Project\Ti60F225_OV5640_HDMI_Official\ip/DdrCtrl\DdrCtrl.v:2587)
[EFX-0200 WARNING] Removing redundant signal : Shift_Q7_Out[4][1]. (D:\yilingsi_fpga\Efinity_Project\Ti60F225_OV5640_HDMI_Official\ip/DdrCtrl\DdrCtrl.v:2587)
[EFX-0200 WARNING] Removing redundant signal : Shift_Q7_Out[4][0]. (D:\yilingsi_fpga\Efinity_Project\Ti60F225_OV5640_HDMI_Official\ip/DdrCtrl\DdrCtrl.v:2587)
[EFX-0200 WARNING] Removing redundant signal : Shift_Out[7]. (D:\yilingsi_fpga\Efinity_Project\Ti60F225_OV5640_HDMI_Official\ip/DdrCtrl\DdrCtrl.v:2587)
[EFX-0200 WARNING] Removing redundant signal : Shift_Out[6]. (D:\yilingsi_fpga\Efinity_Project\Ti60F225_OV5640_HDMI_Official\ip/DdrCtrl\DdrCtrl.v:2587)
[EFX-0200 WARNING] Removing redundant signal : Shift_Out[5]. (D:\yilingsi_fpga\Efinity_Project\Ti60F225_OV5640_HDMI_Official\ip/DdrCtrl\DdrCtrl.v:2587)
[EFX-0200 WARNING] Removing redundant signal : Shift_Out[4]. (D:\yilingsi_fpga\Efinity_Project\Ti60F225_OV5640_HDMI_Official\ip/DdrCtrl\DdrCtrl.v:2587)
[EFX-0200 WARNING] Removing redundant signal : Shift_Out[3]. (D:\yilingsi_fpga\Efinity_Project\Ti60F225_OV5640_HDMI_Official\ip/DdrCtrl\DdrCtrl.v:2587)
[EFX-0200 WARNING] Removing redundant signal : Shift_Out[2]. (D:\yilingsi_fpga\Efinity_Project\Ti60F225_OV5640_HDMI_Official\ip/DdrCtrl\DdrCtrl.v:2587)
[EFX-0200 WARNING] Removing redundant signal : Shift_Out[1]. (D:\yilingsi_fpga\Efinity_Project\Ti60F225_OV5640_HDMI_Official\ip/DdrCtrl\DdrCtrl.v:2587)
[EFX-0200 WARNING] Removing redundant signal : Shift_Out[0]. (D:\yilingsi_fpga\Efinity_Project\Ti60F225_OV5640_HDMI_Official\ip/DdrCtrl\DdrCtrl.v:2587)
[EFX-0200 WARNING] Removing redundant signal : Shift_Q7_Out[4][31]. (D:\yilingsi_fpga\Efinity_Project\Ti60F225_OV5640_HDMI_Official\ip/DdrCtrl\DdrCtrl.v:2587)
[EFX-0200 WARNING] Removing redundant signal : Shift_Q7_Out[4][30]. (D:\yilingsi_fpga\Efinity_Project\Ti60F225_OV5640_HDMI_Official\ip/DdrCtrl\DdrCtrl.v:2587)
[EFX-0200 WARNING] Removing redundant signal : Shift_Q7_Out[4][29]. (D:\yilingsi_fpga\Efinity_Project\Ti60F225_OV5640_HDMI_Official\ip/DdrCtrl\DdrCtrl.v:2587)
[EFX-0200 WARNING] Removing redundant signal : Shift_Q7_Out[4][28]. (D:\yilingsi_fpga\Efinity_Project\Ti60F225_OV5640_HDMI_Official\ip/DdrCtrl\DdrCtrl.v:2587)
[EFX-0677 INFO] ... Memory 'ram' is not initialized, assuming empty initial contents. (D:\yilingsi_fpga\Efinity_Project\Ti60F225_OV5640_HDMI_Official\ip/DdrCtrl\DdrCtrl.v:1581)
[EFX-0677 INFO] ... Memory 'ram' is not initialized, assuming empty initial contents. (D:\yilingsi_fpga\Efinity_Project\Ti60F225_OV5640_HDMI_Official\ip/DdrCtrl\DdrCtrl.v:1581)
[EFX-0677 INFO] ... Memory 'ram' is not initialized, assuming empty initial contents. (D:\yilingsi_fpga\Efinity_Project\Ti60F225_OV5640_HDMI_Official\ip/DdrCtrl\DdrCtrl.v:1581)
[EFX-0677 INFO] ... Memory 'ram' is not initialized, assuming empty initial contents. (D:\yilingsi_fpga\Efinity_Project\Ti60F225_OV5640_HDMI_Official\ip/DdrCtrl\DdrCtrl.v:1581)
[EFX-0677 INFO] ... Memory 'ram' is not initialized, assuming empty initial contents. (D:\yilingsi_fpga\Efinity_Project\Ti60F225_OV5640_HDMI_Official\ip/DdrCtrl\DdrCtrl.v:1581)
[EFX-0677 INFO] ... Memory 'ram' is not initialized, assuming empty initial contents. (D:\yilingsi_fpga\Efinity_Project\Ti60F225_OV5640_HDMI_Official\ip/DdrCtrl\DdrCtrl.v:1581)
[EFX-0266 INFO] Module Instance 'map_ram' input pin 'wclk' is tied to constant (=0).
[EFX-0266 INFO] Module Instance 'map_ram' input pin 'wdata[0]' is tied to constant (=0).
[EFX-0266 INFO] Module Instance 'map_ram' input pin 'wdata[1]' is tied to constant (=0).
[EFX-0266 INFO] Module Instance 'map_ram' input pin 'wdata[2]' is tied to constant (=0).
[EFX-0266 INFO] Module Instance 'map_ram' input pin 'wdata[3]' is tied to constant (=0).
[EFX-0266 INFO] Module Instance 'map_ram' input pin 'wdata[4]' is tied to constant (=0).
[EFX-0266 INFO] Module Instance 'map_ram' input pin 'wdata[5]' is tied to constant (=0).
[EFX-0266 INFO] Module Instance 'map_ram' input pin 'wdata[6]' is tied to constant (=0).
[EFX-0266 INFO] Module Instance 'map_ram' input pin 'wdata[7]' is tied to constant (=0).
[EFX-0266 INFO] Module Instance 'map_ram' input pin 'wdata[8]' is tied to constant (=0).
[EFX-0266 INFO] Module Instance 'map_ram' input pin 'wdata[9]' is tied to constant (=0).
[EFX-0266 INFO] Module Instance 'map_ram' input pin 'wdata[10]' is tied to constant (=0).
[EFX-0266 INFO] Module Instance 'map_ram' input pin 'wdata[11]' is tied to constant (=0).
[EFX-0266 INFO] Module Instance 'map_ram' input pin 'wdata[12]' is tied to constant (=0).
[EFX-0266 INFO] Module Instance 'map_ram' input pin 'wdata[13]' is tied to constant (=0).
[EFX-0266 INFO] Module Instance 'map_ram' input pin 'wdata[14]' is tied to constant (=0).
[EFX-0266 INFO] Module Instance 'map_ram' input pin 'wdata[15]' is tied to constant (=0).
[EFX-0266 INFO] Module Instance 'map_ram' input pin 'wdata[16]' is tied to constant (=0).
[EFX-0266 INFO] Module Instance 'map_ram' input pin 'wdata[17]' is tied to constant (=0).
[EFX-0266 INFO] Module Instance 'map_ram' input pin 'wdata[18]' is tied to constant (=0).
[EFX-0266 INFO] Module Instance 'map_ram' input pin 'wdata[19]' is tied to constant (=0).
[EFX-0266 INFO] Module Instance 'map_ram' input pin 'wdata[20]' is tied to constant (=0).
[EFX-0266 INFO] Module Instance 'map_ram' input pin 'wdata[21]' is tied to constant (=0).
[EFX-0266 INFO] Module Instance 'map_ram' input pin 'wdata[22]' is tied to constant (=0).
[EFX-0266 INFO] Module Instance 'map_ram' input pin 'wdata[23]' is tied to constant (=0).
[EFX-0266 INFO] Module Instance 'map_ram' input pin 'wdata[24]' is tied to constant (=0).
[EFX-0266 INFO] Module Instance 'map_ram' input pin 'wdata[25]' is tied to constant (=0).
[EFX-0266 INFO] Module Instance 'map_ram' input pin 'wdata[26]' is tied to constant (=0).
[EFX-0266 INFO] Module Instance 'map_ram' input pin 'wdata[27]' is tied to constant (=0).
[EFX-0266 INFO] Module Instance 'map_ram' input pin 'wdata[28]' is tied to constant (=0).
[EFX-0266 INFO] Module Instance 'map_ram' input pin 'wdata[29]' is tied to constant (=0).
[EFX-0266 INFO] Module Instance 'map_ram' input pin 'wdata[30]' is tied to constant (=0).
[EFX-0266 INFO] Module Instance 'map_ram' input pin 'wdata[31]' is tied to constant (=0).
[EFX-0266 INFO] Module Instance 'map_ram' input pin 'wdata[32]' is tied to constant (=0).
[EFX-0266 INFO] Module Instance 'map_ram' input pin 'wdata[33]' is tied to constant (=0).
[EFX-0266 INFO] Module Instance 'map_ram' input pin 'wdata[34]' is tied to constant (=0).
[EFX-0266 INFO] Module Instance 'map_ram' input pin 'wdata[35]' is tied to constant (=0).
[EFX-0266 INFO] Module Instance 'map_ram' input pin 'wdata[36]' is tied to constant (=0).
[EFX-0266 INFO] Module Instance 'map_ram' input pin 'wdata[37]' is tied to constant (=0).
[EFX-0266 INFO] Module Instance 'map_ram' input pin 'wdata[38]' is tied to constant (=0).
[EFX-0266 INFO] Module Instance 'map_ram' input pin 'wdata[39]' is tied to constant (=0).
[EFX-0266 INFO] Module Instance 'map_ram' input pin 'wdata[40]' is tied to constant (=0).
[EFX-0266 INFO] Module Instance 'map_ram' input pin 'wdata[41]' is tied to constant (=0).
[EFX-0266 INFO] Module Instance 'map_ram' input pin 'wdata[42]' is tied to constant (=0).
[EFX-0266 INFO] Module Instance 'map_ram' input pin 'wdata[43]' is tied to constant (=0).
[EFX-0266 INFO] Module Instance 'map_ram' input pin 'wdata[44]' is tied to constant (=0).
[EFX-0266 INFO] Module Instance 'map_ram' input pin 'wdata[45]' is tied to constant (=0).
[EFX-0266 INFO] Module Instance 'map_ram' input pin 'wdata[46]' is tied to constant (=0).
[EFX-0266 INFO] Module Instance 'map_ram' input pin 'wdata[47]' is tied to constant (=0).
[EFX-0266 INFO] Module Instance 'map_ram' input pin 'wdata[48]' is tied to constant (=0).
[EFX-0266 INFO] Module Instance 'map_ram' input pin 'wdata[49]' is tied to constant (=0).
[EFX-0266 INFO] Module Instance 'map_ram' input pin 'wdata[50]' is tied to constant (=0).
[EFX-0266 INFO] Module Instance 'map_ram' input pin 'wdata[51]' is tied to constant (=0).
[EFX-0266 INFO] Module Instance 'map_ram' input pin 'wdata[52]' is tied to constant (=0).
[EFX-0266 INFO] Module Instance 'map_ram' input pin 'wdata[53]' is tied to constant (=0).
[EFX-0266 INFO] Module Instance 'map_ram' input pin 'wdata[54]' is tied to constant (=0).
[EFX-0266 INFO] Module Instance 'map_ram' input pin 'wdata[55]' is tied to constant (=0).
[EFX-0266 INFO] Module Instance 'map_ram' input pin 'wdata[56]' is tied to constant (=0).
[EFX-0266 INFO] Module Instance 'map_ram' input pin 'wdata[57]' is tied to constant (=0).
[EFX-0266 INFO] Module Instance 'map_ram' input pin 'wdata[58]' is tied to constant (=0).
[EFX-0266 INFO] Module Instance 'map_ram' input pin 'wdata[59]' is tied to constant (=0).
[EFX-0266 INFO] Module Instance 'map_ram' input pin 'wdata[60]' is tied to constant (=0).
[EFX-0266 INFO] Module Instance 'map_ram' input pin 'wdata[61]' is tied to constant (=0).
[EFX-0266 INFO] Module Instance 'map_ram' input pin 'wdata[62]' is tied to constant (=0).
[EFX-0266 INFO] Module Instance 'map_ram' input pin 'wdata[63]' is tied to constant (=0).
[EFX-0266 INFO] Module Instance 'map_ram' input pin 'wdata[64]' is tied to constant (=0).
[EFX-0266 INFO] Module Instance 'map_ram' input pin 'wdata[65]' is tied to constant (=0).
[EFX-0266 INFO] Module Instance 'map_ram' input pin 'wdata[66]' is tied to constant (=0).
[EFX-0266 INFO] Module Instance 'map_ram' input pin 'wdata[67]' is tied to constant (=0).
[EFX-0266 INFO] Module Instance 'map_ram' input pin 'wdata[68]' is tied to constant (=0).
[EFX-0266 INFO] Module Instance 'map_ram' input pin 'wdata[69]' is tied to constant (=0).
[EFX-0266 INFO] Module Instance 'map_ram' input pin 'wdata[70]' is tied to constant (=0).
[EFX-0266 INFO] Module Instance 'map_ram' input pin 'wdata[71]' is tied to constant (=0).
[EFX-0266 INFO] Module Instance 'map_ram' input pin 'waddr[0]' is tied to constant (=0).
[EFX-0266 INFO] Module Instance 'map_ram' input pin 'waddr[1]' is tied to constant (=0).
[EFX-0266 INFO] Module Instance 'map_ram' input pin 'waddr[2]' is tied to constant (=0).
[EFX-0266 INFO] Module Instance 'map_ram' input pin 'waddr[3]' is tied to constant (=0).
[EFX-0266 INFO] Module Instance 'map_ram' input pin 'waddr[4]' is tied to constant (=0).
[EFX-0266 INFO] Module Instance 'map_ram' input pin 'waddr[5]' is tied to constant (=0).
[EFX-0266 INFO] Module Instance 'map_ram' input pin 'waddr[6]' is tied to constant (=0).
[EFX-0266 INFO] Module Instance 'map_ram' input pin 'waddr[7]' is tied to constant (=0).
[EFX-0266 INFO] Module Instance 'map_ram' input pin 'waddr[8]' is tied to constant (=0).
[EFX-0266 INFO] Module Instance 'map_ram' input pin 'we' is tied to constant (=0).
[EFX-0266 INFO] Module Instance 'map_ram' input pin 're' is tied to constant (=1).
[EFX-0266 INFO] Module Instance 'fifo_rdpush' input pin 'io_push_payload[0]' is tied to constant (=1).
[EFX-0266 INFO] Module Instance 'fifo_rdpush' input pin 'io_pop_ready' is tied to constant (=1).
[EFX-0266 INFO] Module Instance 'fifo_ack' input pin 'io_pop_ready' is tied to constant (=1).
[EFX-0201 WARNING] Re-wiring to GND non-driven net 'w_ar_fifo_rd_vaild'. (D:\yilingsi_fpga\Efinity_Project\Ti60F225_OV5640_HDMI_Official\ip/DdrCtrl\DdrCtrl.v:598)
[EFX-0201 WARNING] Re-wiring to GND non-driven net 'w_aw_fifo_rd_vaild'. (D:\yilingsi_fpga\Efinity_Project\Ti60F225_OV5640_HDMI_Official\ip/DdrCtrl\DdrCtrl.v:598)
[EFX-0266 INFO] Module Instance 'mux0' input pin 'b_rd_en' is tied to constant (=1).
[EFX-0266 INFO] Module Instance 'phase_u0' input pin 'pll_sel[0]' is tied to constant (=0).
[EFX-0266 INFO] Module Instance 'phase_u0' input pin 'pll_sel[1]' is tied to constant (=0).
[EFX-0266 INFO] Module Instance 'phase_u0' input pin 'pll_sel[2]' is tied to constant (=1).
[EFX-0266 INFO] Module Instance 'phase_u0' input pin 'pll_sel[3]' is tied to constant (=0).
[EFX-0266 INFO] Module Instance 'phase_u0' input pin 'pll_sel[4]' is tied to constant (=0).
[EFX-0266 INFO] Module Instance 'inst_arburst_fifo' input pin 'I_Wr_Data[2]' is tied to constant (=0).
[EFX-0266 INFO] Module Instance 'inst_arburst_fifo' input pin 'I_Wr_Data[3]' is tied to constant (=0).
[EFX-0266 INFO] Module Instance 'inst_arburst_fifo' input pin 'I_Wr_Data[4]' is tied to constant (=0).
[EFX-0266 INFO] Module Instance 'inst_arburst_fifo' input pin 'I_Wr_Data[5]' is tied to constant (=0).
[EFX-0266 INFO] Module Instance 'inst_arburst_fifo' input pin 'I_Wr_Data[6]' is tied to constant (=0).
[EFX-0266 INFO] Module Instance 'inst_arburst_fifo' input pin 'I_Wr_Data[7]' is tied to constant (=0).
[EFX-0266 INFO] Module Instance 'u_wr_addr_fifo' input pin 'I_Wr_Data[42]' is tied to constant (=0).
[EFX-0677 INFO] ... Memory 'ram' is not initialized, assuming empty initial contents. (D:\yilingsi_fpga\Efinity_Project\Ti60F225_OV5640_HDMI_Official\ip/W0_FIFO_8\W0_FIFO_8.v:715)
[EFX-0201 WARNING] Re-wiring to GND non-driven net 'u_efx_fifo_top.a_wr_rst_i'. (D:\yilingsi_fpga\Efinity_Project\Ti60F225_OV5640_HDMI_Official\ip/W0_FIFO_8\W0_FIFO_8.v:88)
[EFX-0201 WARNING] Re-wiring to GND non-driven net 'u_efx_fifo_top.a_rd_rst_i'. (D:\yilingsi_fpga\Efinity_Project\Ti60F225_OV5640_HDMI_Official\ip/W0_FIFO_8\W0_FIFO_8.v:88)
[EFX-0201 WARNING] Re-wiring to GND non-driven net 'u_efx_fifo_top.clk_i'. (D:\yilingsi_fpga\Efinity_Project\Ti60F225_OV5640_HDMI_Official\ip/W0_FIFO_8\W0_FIFO_8.v:88)
[EFX-0677 INFO] ... Memory 'ram' is not initialized, assuming empty initial contents. (D:\yilingsi_fpga\Efinity_Project\Ti60F225_OV5640_HDMI_Official\ip/R0_FIFO_16\R0_FIFO_16.v:715)
[EFX-0201 WARNING] Re-wiring to GND non-driven net 'u_efx_fifo_top.a_wr_rst_i'. (D:\yilingsi_fpga\Efinity_Project\Ti60F225_OV5640_HDMI_Official\ip/R0_FIFO_16\R0_FIFO_16.v:88)
[EFX-0201 WARNING] Re-wiring to GND non-driven net 'u_efx_fifo_top.a_rd_rst_i'. (D:\yilingsi_fpga\Efinity_Project\Ti60F225_OV5640_HDMI_Official\ip/R0_FIFO_16\R0_FIFO_16.v:88)
[EFX-0201 WARNING] Re-wiring to GND non-driven net 'u_efx_fifo_top.clk_i'. (D:\yilingsi_fpga\Efinity_Project\Ti60F225_OV5640_HDMI_Official\ip/R0_FIFO_16\R0_FIFO_16.v:88)
[EFX-0201 WARNING] Re-wiring to GND non-driven net 'ddr3_ctl_axi.wr_addr[31]'. (D:\yilingsi_fpga\Efinity_Project\Ti60F225_OV5640_HDMI_Official\example_top.v:537)
[EFX-0201 WARNING] Re-wiring to GND non-driven net 'ddr3_ctl_axi.wr_addr[30]'. (D:\yilingsi_fpga\Efinity_Project\Ti60F225_OV5640_HDMI_Official\example_top.v:537)
[EFX-0000 INFO] ... Pre-synthesis checks end (Real time : 0s)
[EFX-0000 INFO] ... NameSpace init begin
[EFX-0000 INFO] ... NameSpace init end (Real time : 0s)
[EFX-0000 INFO] ... Mapping design "example_top"
[EFX-0000 INFO] ... Hierarchical pre-synthesis "Ddr_Ctrl_Sc_Fifo_67b4838ef8d24a1cbca605088ccb273e(DATA_WIDTH=8,DATA_DEPTH=32)" begin
[EFX-0000 INFO] ... Hierarchical pre-synthesis "Ddr_Ctrl_Sc_Fifo_67b4838ef8d24a1cbca605088ccb273e(DATA_WIDTH=8,DATA_DEPTH=32)" end (Real time : 0s)
[EFX-0000 INFO] ... Hierarchical pre-synthesis "Ddr_Ctrl_Sc_Fifo_67b4838ef8d24a1cbca605088ccb273e(DATA_DEPTH=32)" begin
[EFX-0000 INFO] ... Hierarchical pre-synthesis "Ddr_Ctrl_Sc_Fifo_67b4838ef8d24a1cbca605088ccb273e(DATA_DEPTH=32)" end (Real time : 0s)
[EFX-0000 INFO] ... Hierarchical pre-synthesis "Ddr_Ctrl_Sc_Fifo_67b4838ef8d24a1cbca605088ccb273e(DATA_WIDTH=48,DATA_DEPTH=32)" begin
[EFX-0000 INFO] ... Hierarchical pre-synthesis "Ddr_Ctrl_Sc_Fifo_67b4838ef8d24a1cbca605088ccb273e(DATA_WIDTH=48,DATA_DEPTH=32)" end (Real time : 0s)
[EFX-0000 INFO] ... Hierarchical pre-synthesis "native_mux_67b4838ef8d24a1cbca605088ccb273e" begin
[EFX-0000 INFO] ... Hierarchical pre-synthesis "native_mux_67b4838ef8d24a1cbca605088ccb273e" end (Real time : 0s)
[EFX-0000 INFO] ... Hierarchical pre-synthesis "reset_sub_67b4838ef8d24a1cbca605088ccb273e(OUT_RST_ACTIVE="LOW",CYCLE=4)" begin
[EFX-0000 INFO] ... Hierarchical pre-synthesis "reset_sub_67b4838ef8d24a1cbca605088ccb273e(OUT_RST_ACTIVE="LOW",CYCLE=4)" end (Real time : 0s)
[EFX-0000 INFO] ... Hierarchical pre-synthesis "reset_ctrl_67b4838ef8d24a1cbca605088ccb273e(NUM_RST=4,CYCLE=4,IN_RST_ACTIVE=4'b0,OUT_RST_ACTIVE=4'b0)" begin
[EFX-0000 INFO] ... Hierarchical pre-synthesis "reset_ctrl_67b4838ef8d24a1cbca605088ccb273e(NUM_RST=4,CYCLE=4,IN_RST_ACTIVE=4'b0,OUT_RST_ACTIVE=4'b0)" end (Real time : 0s)
[EFX-0000 INFO] ... Hierarchical pre-synthesis "reset_ctrl_67b4838ef8d24a1cbca605088ccb273e(CYCLE=4,IN_RST_ACTIVE=4'b0,OUT_RST_ACTIVE=4'b0)" begin
[EFX-0000 INFO] ... Hierarchical pre-synthesis "reset_ctrl_67b4838ef8d24a1cbca605088ccb273e(CYCLE=4,IN_RST_ACTIVE=4'b0,OUT_RST_ACTIVE=4'b0)" end (Real time : 0s)
[EFX-0000 INFO] ... Hierarchical pre-synthesis "buffercc_67b4838ef8d24a1cbca605088ccb273e" begin
[EFX-0000 INFO] ... Hierarchical pre-synthesis "buffercc_67b4838ef8d24a1cbca605088ccb273e" end (Real time : 0s)
[EFX-0000 INFO] ... Hierarchical pre-synthesis "buffercc_1_67b4838ef8d24a1cbca605088ccb273e" begin
[EFX-0000 INFO] ... Hierarchical pre-synthesis "buffercc_1_67b4838ef8d24a1cbca605088ccb273e" end (Real time : 0s)
[EFX-0000 INFO] ... Hierarchical pre-synthesis "streamfifocc64_67b4838ef8d24a1cbca605088ccb273e(DATA_WIDTH=32)" begin
[EFX-0000 INFO] ... Hierarchical pre-synthesis "streamfifocc64_67b4838ef8d24a1cbca605088ccb273e(DATA_WIDTH=32)" end (Real time : 0s)
[EFX-0000 INFO] ... Hierarchical pre-synthesis "streamfifocc64_67b4838ef8d24a1cbca605088ccb273e(DATA_WIDTH=144)" begin
[EFX-0000 INFO] ... Hierarchical pre-synthesis "streamfifocc64_67b4838ef8d24a1cbca605088ccb273e(DATA_WIDTH=144)" end (Real time : 0s)
[EFX-0000 INFO] ... Hierarchical pre-synthesis "streamfifocc64_67b4838ef8d24a1cbca605088ccb273e(DATA_WIDTH=1)" begin
[EFX-0000 INFO] ... Hierarchical pre-synthesis "streamfifocc64_67b4838ef8d24a1cbca605088ccb273e(DATA_WIDTH=1)" end (Real time : 0s)
[EFX-0000 INFO] ... Hierarchical pre-synthesis "streamfifocc64_67b4838ef8d24a1cbca605088ccb273e(DATA_WIDTH=128)" begin
[EFX-0000 INFO] ... Hierarchical pre-synthesis "streamfifocc64_67b4838ef8d24a1cbca605088ccb273e(DATA_WIDTH=128)" end (Real time : 0s)
[EFX-0000 INFO] ... Hierarchical pre-synthesis "streamfifocc64_67b4838ef8d24a1cbca605088ccb273e(DATA_WIDTH=2)" begin
[EFX-0000 INFO] ... Hierarchical pre-synthesis "streamfifocc64_67b4838ef8d24a1cbca605088ccb273e(DATA_WIDTH=2)" end (Real time : 0s)
[EFX-0000 INFO] ... Hierarchical pre-synthesis "streamfifocc64_67b4838ef8d24a1cbca605088ccb273e(DATA_WIDTH=52)" begin
[EFX-0000 INFO] ... Hierarchical pre-synthesis "streamfifocc64_67b4838ef8d24a1cbca605088ccb273e(DATA_WIDTH=52)" end (Real time : 0s)
[EFX-0000 INFO] ... Hierarchical pre-synthesis "user_dual_port_ram_67b4838ef8d24a1cbca605088ccb273e(DATA_WIDTH=72,OUTPUT_REG="FALSE",RAM_INIT_FILE="ddr3_controller.bin")" begin
[EFX-0000 INFO] ... Hierarchical pre-synthesis "user_dual_port_ram_67b4838ef8d24a1cbca605088ccb273e(DATA_WIDTH=72,OUTPUT_REG="FALSE",RAM_INIT_FILE="ddr3_controller.bin")" end (Real time : 0s)
[EFX-0000 INFO] ... Hierarchical pre-synthesis "ddr_3_controller_67b4838ef8d24a1cbca605088ccb273e" begin
[EFX-0000 INFO] ... Hierarchical pre-synthesis "ddr_3_controller_67b4838ef8d24a1cbca605088ccb273e" end (Real time : 0s)
[EFX-0000 INFO] ... Hierarchical pre-synthesis "controller_top_67b4838ef8d24a1cbca605088ccb273e" begin
[EFX-0000 INFO] ... Hierarchical pre-synthesis "controller_top_67b4838ef8d24a1cbca605088ccb273e" end (Real time : 0s)
[EFX-0000 INFO] ... Hierarchical pre-synthesis "reset_sub_67b4838ef8d24a1cbca605088ccb273e(OUT_RST_ACTIVE="LOW",CYCLE=5)" begin
[EFX-0000 INFO] ... Hierarchical pre-synthesis "reset_sub_67b4838ef8d24a1cbca605088ccb273e(OUT_RST_ACTIVE="LOW",CYCLE=5)" end (Real time : 0s)
[EFX-0000 INFO] ... Hierarchical pre-synthesis "reset_ctrl_67b4838ef8d24a1cbca605088ccb273e(NUM_RST=2,CYCLE=5,IN_RST_ACTIVE=2'b0,OUT_RST_ACTIVE=2'b0)" begin
[EFX-0000 INFO] ... Hierarchical pre-synthesis "reset_ctrl_67b4838ef8d24a1cbca605088ccb273e(NUM_RST=2,CYCLE=5,IN_RST_ACTIVE=2'b0,OUT_RST_ACTIVE=2'b0)" end (Real time : 0s)
[EFX-0000 INFO] ... Hierarchical pre-synthesis "phase_shift_67b4838ef8d24a1cbca605088ccb273e" begin
[EFX-0000 INFO] ... Hierarchical pre-synthesis "phase_shift_67b4838ef8d24a1cbca605088ccb273e" end (Real time : 0s)
[EFX-0000 INFO] ... Hierarchical pre-synthesis "top_67b4838ef8d24a1cbca605088ccb273e" begin
[EFX-0000 INFO] ... Hierarchical pre-synthesis "top_67b4838ef8d24a1cbca605088ccb273e" end (Real time : 0s)
[EFX-0000 INFO] ... Hierarchical pre-synthesis "efx_ddr3_axi_67b4838ef8d24a1cbca605088ccb273e" begin
[EFX-0000 INFO] ... Hierarchical pre-synthesis "efx_ddr3_axi_67b4838ef8d24a1cbca605088ccb273e" end (Real time : 0s)
[EFX-0000 INFO] ... Hierarchical pre-synthesis "efx_ddr3_soft_controller_67b4838ef8d24a1cbca605088ccb273e" begin
[EFX-0000 INFO] ... Hierarchical pre-synthesis "efx_ddr3_soft_controller_67b4838ef8d24a1cbca605088ccb273e" end (Real time : 1s)
[EFX-0000 INFO] ... Hierarchical pre-synthesis "DdrCtrl" begin
[EFX-0000 INFO] ... Hierarchical pre-synthesis "DdrCtrl" end (Real time : 0s)
[EFX-0000 INFO] ... Hierarchical pre-synthesis "AXI4_AWARMux(AID_LEN=4)" begin
[EFX-0000 INFO] ... Hierarchical pre-synthesis "AXI4_AWARMux(AID_LEN=4)" end (Real time : 0s)
[EFX-0000 INFO] ... Hierarchical pre-synthesis "i2c_timing_ctrl_16bit(CLK_FREQ=96000000,I2C_FREQ=50000)" begin
[EFX-0000 INFO] ... Hierarchical pre-synthesis "i2c_timing_ctrl_16bit(CLK_FREQ=96000000,I2C_FREQ=50000)" end (Real time : 0s)
[EFX-0000 INFO] ... Hierarchical pre-synthesis "I2C_OV5640_1280720_Config" begin
[EFX-0000 INFO] ... Wide MUX mapping to ram-net, output: 'LUT_DATA' select size : 8 output width: 24
[EFX-0000 INFO] ... Hierarchical pre-synthesis "I2C_OV5640_1280720_Config" end (Real time : 0s)
[EFX-0000 INFO] ... Hierarchical pre-synthesis "PWMLite" begin
[EFX-0000 INFO] ... Hierarchical pre-synthesis "PWMLite" end (Real time : 0s)
[EFX-0000 INFO] ... Hierarchical pre-synthesis "Sensor_Image_XYCrop(IMAGE_HSIZE_SOURCE=2560,IMAGE_VSIZE_SOURCE=720,IMAGE_HSIZE_TARGET=2560,IMAGE_YSIZE_TARGET=720,PIXEL_DATA_WIDTH=8)" begin
[EFX-0000 INFO] ... Hierarchical pre-synthesis "Sensor_Image_XYCrop(IMAGE_HSIZE_SOURCE=2560,IMAGE_VSIZE_SOURCE=720,IMAGE_HSIZE_TARGET=2560,IMAGE_YSIZE_TARGET=720,PIXEL_DATA_WIDTH=8)" end (Real time : 0s)
[EFX-0000 INFO] ... Hierarchical pre-synthesis "efx_fifo_ram_8ac53572906a4ff2ba719a308e5fc02d(MODE="FWFT",WR_DEPTH=8192,RDATA_WIDTH=128,WADDR_WIDTH=13,OUTPUT_REG=0,RAM_MUX_RATIO=16)" begin
[EFX-0000 INFO] ... Hierarchical pre-synthesis "efx_fifo_ram_8ac53572906a4ff2ba719a308e5fc02d(MODE="FWFT",WR_DEPTH=8192,RDATA_WIDTH=128,WADDR_WIDTH=13,OUTPUT_REG=0,RAM_MUX_RATIO=16)" end (Real time : 0s)
[EFX-0000 INFO] ... Hierarchical pre-synthesis "efx_fifo_bin2gray_8ac53572906a4ff2ba719a308e5fc02d(WIDTH=10)" begin
[EFX-0000 INFO] ... Hierarchical pre-synthesis "efx_fifo_bin2gray_8ac53572906a4ff2ba719a308e5fc02d(WIDTH=10)" end (Real time : 0s)
[EFX-0000 INFO] ... Hierarchical pre-synthesis "efx_fifo_datasync_8ac53572906a4ff2ba719a308e5fc02d(STAGE=3,WIDTH=10)" begin
[EFX-0000 INFO] ... Hierarchical pre-synthesis "efx_fifo_datasync_8ac53572906a4ff2ba719a308e5fc02d(STAGE=3,WIDTH=10)" end (Real time : 0s)
[EFX-0000 INFO] ... Hierarchical pre-synthesis "efx_fifo_gray2bin_8ac53572906a4ff2ba719a308e5fc02d(WIDTH=2)" begin
[EFX-0000 INFO] ... Hierarchical pre-synthesis "efx_fifo_gray2bin_8ac53572906a4ff2ba719a308e5fc02d(WIDTH=2)" end (Real time : 0s)
[EFX-0000 INFO] ... Hierarchical pre-synthesis "efx_fifo_gray2bin_8ac53572906a4ff2ba719a308e5fc02d(WIDTH=3)" begin
[EFX-0000 INFO] ... Hierarchical pre-synthesis "efx_fifo_gray2bin_8ac53572906a4ff2ba719a308e5fc02d(WIDTH=3)" end (Real time : 0s)
[EFX-0000 INFO] ... Hierarchical pre-synthesis "efx_fifo_gray2bin_8ac53572906a4ff2ba719a308e5fc02d(WIDTH=4)" begin
[EFX-0000 INFO] ... Hierarchical pre-synthesis "efx_fifo_gray2bin_8ac53572906a4ff2ba719a308e5fc02d(WIDTH=4)" end (Real time : 0s)
[EFX-0000 INFO] ... Hierarchical pre-synthesis "efx_fifo_gray2bin_8ac53572906a4ff2ba719a308e5fc02d" begin
[EFX-0000 INFO] ... Hierarchical pre-synthesis "efx_fifo_gray2bin_8ac53572906a4ff2ba719a308e5fc02d" end (Real time : 0s)
[EFX-0000 INFO] ... Hierarchical pre-synthesis "efx_fifo_gray2bin_8ac53572906a4ff2ba719a308e5fc02d(WIDTH=6)" begin
[EFX-0000 INFO] ... Hierarchical pre-synthesis "efx_fifo_gray2bin_8ac53572906a4ff2ba719a308e5fc02d(WIDTH=6)" end (Real time : 0s)
[EFX-0000 INFO] ... Hierarchical pre-synthesis "efx_fifo_gray2bin_8ac53572906a4ff2ba719a308e5fc02d(WIDTH=7)" begin
[EFX-0000 INFO] ... Hierarchical pre-synthesis "efx_fifo_gray2bin_8ac53572906a4ff2ba719a308e5fc02d(WIDTH=7)" end (Real time : 0s)
[EFX-0000 INFO] ... Hierarchical pre-synthesis "efx_fifo_gray2bin_8ac53572906a4ff2ba719a308e5fc02d(WIDTH=8)" begin
[EFX-0000 INFO] ... Hierarchical pre-synthesis "efx_fifo_gray2bin_8ac53572906a4ff2ba719a308e5fc02d(WIDTH=8)" end (Real time : 0s)
[EFX-0000 INFO] ... Hierarchical pre-synthesis "efx_fifo_gray2bin_8ac53572906a4ff2ba719a308e5fc02d(WIDTH=9)" begin
[EFX-0000 INFO] ... Hierarchical pre-synthesis "efx_fifo_gray2bin_8ac53572906a4ff2ba719a308e5fc02d(WIDTH=9)" end (Real time : 0s)
[EFX-0000 INFO] ... Hierarchical pre-synthesis "efx_fifo_gray2bin_8ac53572906a4ff2ba719a308e5fc02d(WIDTH=10)" begin
[EFX-0000 INFO] ... Hierarchical pre-synthesis "efx_fifo_gray2bin_8ac53572906a4ff2ba719a308e5fc02d(WIDTH=10)" end (Real time : 0s)
[EFX-0000 INFO] ... Hierarchical pre-synthesis "efx_fifo_bin2gray_8ac53572906a4ff2ba719a308e5fc02d(WIDTH=14)" begin
[EFX-0000 INFO] ... Hierarchical pre-synthesis "efx_fifo_bin2gray_8ac53572906a4ff2ba719a308e5fc02d(WIDTH=14)" end (Real time : 0s)
[EFX-0000 INFO] ... Hierarchical pre-synthesis "efx_fifo_datasync_8ac53572906a4ff2ba719a308e5fc02d(STAGE=3,WIDTH=14)" begin
[EFX-0000 INFO] ... Hierarchical pre-synthesis "efx_fifo_datasync_8ac53572906a4ff2ba719a308e5fc02d(STAGE=3,WIDTH=14)" end (Real time : 0s)
[EFX-0000 INFO] ... Hierarchical pre-synthesis "efx_fifo_gray2bin_8ac53572906a4ff2ba719a308e5fc02d(WIDTH=11)" begin
[EFX-0000 INFO] ... Hierarchical pre-synthesis "efx_fifo_gray2bin_8ac53572906a4ff2ba719a308e5fc02d(WIDTH=11)" end (Real time : 0s)
[EFX-0000 INFO] ... Hierarchical pre-synthesis "efx_fifo_gray2bin_8ac53572906a4ff2ba719a308e5fc02d(WIDTH=12)" begin
[EFX-0000 INFO] ... Hierarchical pre-synthesis "efx_fifo_gray2bin_8ac53572906a4ff2ba719a308e5fc02d(WIDTH=12)" end (Real time : 0s)
[EFX-0000 INFO] ... Hierarchical pre-synthesis "efx_fifo_gray2bin_8ac53572906a4ff2ba719a308e5fc02d(WIDTH=13)" begin
[EFX-0000 INFO] ... Hierarchical pre-synthesis "efx_fifo_gray2bin_8ac53572906a4ff2ba719a308e5fc02d(WIDTH=13)" end (Real time : 0s)
[EFX-0000 INFO] ... Hierarchical pre-synthesis "efx_fifo_gray2bin_8ac53572906a4ff2ba719a308e5fc02d(WIDTH=14)" begin
[EFX-0000 INFO] ... Hierarchical pre-synthesis "efx_fifo_gray2bin_8ac53572906a4ff2ba719a308e5fc02d(WIDTH=14)" end (Real time : 0s)
[EFX-0000 INFO] ... Hierarchical pre-synthesis "efx_fifo_ctl_8ac53572906a4ff2ba719a308e5fc02d(SYNC_CLK=0,SYNC_STAGE=3,MODE="FWFT",WR_DEPTH=8192,WADDR_WIDTH=13,ASYM_WIDTH_RATIO=8,RAM_MUX_RATIO=16,PROG_FULL_ASSERT=128,PROG_FULL_NEGATE=128,PROGRAMMABLE_EMPTY="STATIC_SINGLE",PROG_EMPTY_ASSERT=127,PROG_EMPTY_NEGATE=127)" begin
[EFX-0000 INFO] ... Hierarchical pre-synthesis "efx_fifo_ctl_8ac53572906a4ff2ba719a308e5fc02d(SYNC_CLK=0,SYNC_STAGE=3,MODE="FWFT",WR_DEPTH=8192,WADDR_WIDTH=13,ASYM_WIDTH_RATIO=8,RAM_MUX_RATIO=16,PROG_FULL_ASSERT=128,PROG_FULL_NEGATE=128,PROGRAMMABLE_EMPTY="STATIC_SINGLE",PROG_EMPTY_ASSERT=127,PROG_EMPTY_NEGATE=127)" end (Real time : 0s)
[EFX-0000 INFO] ... Hierarchical pre-synthesis "efx_fifo_top_8ac53572906a4ff2ba719a308e5fc02d(SYNC_STAGE=3,MODE="FWFT",DEPTH=8192,DATA_WIDTH=8,PROGRAMMABLE_FULL="NONE",PROG_FULL_ASSERT=128,PROG_FULL_NEGATE=128,PROGRAMMABLE_EMPTY="STATIC_SINGLE",PROG_EMPTY_ASSERT=127,PROG_EMPTY_NEGATE=127,ASYM_WIDTH_RATIO=8)" begin
[EFX-0000 INFO] ... Hierarchical pre-synthesis "efx_fifo_top_8ac53572906a4ff2ba719a308e5fc02d(SYNC_STAGE=3,MODE="FWFT",DEPTH=8192,DATA_WIDTH=8,PROGRAMMABLE_FULL="NONE",PROG_FULL_ASSERT=128,PROG_FULL_NEGATE=128,PROGRAMMABLE_EMPTY="STATIC_SINGLE",PROG_EMPTY_ASSERT=127,PROG_EMPTY_NEGATE=127,ASYM_WIDTH_RATIO=8)" end (Real time : 0s)
[EFX-0000 INFO] ... Hierarchical pre-synthesis "W0_FIFO_8" begin
[EFX-0000 INFO] ... Hierarchical pre-synthesis "W0_FIFO_8" end (Real time : 0s)
[EFX-0000 INFO] ... Hierarchical pre-synthesis "efx_fifo_ram_999a6bd87d6240e6b5110248e73f14b9(FAMILY="TITANIUM",MODE="FWFT",RD_DEPTH=4096,WDATA_WIDTH=128,RDATA_WIDTH=16,RADDR_WIDTH=12,OUTPUT_REG=0,RAM_MUX_RATIO=8)" begin
[EFX-0000 INFO] ... Hierarchical pre-synthesis "efx_fifo_ram_999a6bd87d6240e6b5110248e73f14b9(FAMILY="TITANIUM",MODE="FWFT",RD_DEPTH=4096,WDATA_WIDTH=128,RDATA_WIDTH=16,RADDR_WIDTH=12,OUTPUT_REG=0,RAM_MUX_RATIO=8)" end (Real time : 0s)
[EFX-0000 INFO] ... Hierarchical pre-synthesis "efx_fifo_bin2gray_999a6bd87d6240e6b5110248e73f14b9(WIDTH=13)" begin
[EFX-0000 INFO] ... Hierarchical pre-synthesis "efx_fifo_bin2gray_999a6bd87d6240e6b5110248e73f14b9(WIDTH=13)" end (Real time : 0s)
[EFX-0000 INFO] ... Hierarchical pre-synthesis "efx_fifo_datasync_999a6bd87d6240e6b5110248e73f14b9(STAGE=3,WIDTH=13)" begin
[EFX-0000 INFO] ... Hierarchical pre-synthesis "efx_fifo_datasync_999a6bd87d6240e6b5110248e73f14b9(STAGE=3,WIDTH=13)" end (Real time : 0s)
[EFX-0000 INFO] ... Hierarchical pre-synthesis "efx_fifo_gray2bin_999a6bd87d6240e6b5110248e73f14b9(WIDTH=2)" begin
[EFX-0000 INFO] ... Hierarchical pre-synthesis "efx_fifo_gray2bin_999a6bd87d6240e6b5110248e73f14b9(WIDTH=2)" end (Real time : 0s)
[EFX-0000 INFO] ... Hierarchical pre-synthesis "efx_fifo_gray2bin_999a6bd87d6240e6b5110248e73f14b9(WIDTH=3)" begin
[EFX-0000 INFO] ... Hierarchical pre-synthesis "efx_fifo_gray2bin_999a6bd87d6240e6b5110248e73f14b9(WIDTH=3)" end (Real time : 0s)
[EFX-0000 INFO] ... Hierarchical pre-synthesis "efx_fifo_gray2bin_999a6bd87d6240e6b5110248e73f14b9(WIDTH=4)" begin
[EFX-0000 INFO] ... Hierarchical pre-synthesis "efx_fifo_gray2bin_999a6bd87d6240e6b5110248e73f14b9(WIDTH=4)" end (Real time : 0s)
[EFX-0000 INFO] ... Hierarchical pre-synthesis "efx_fifo_gray2bin_999a6bd87d6240e6b5110248e73f14b9" begin
[EFX-0000 INFO] ... Hierarchical pre-synthesis "efx_fifo_gray2bin_999a6bd87d6240e6b5110248e73f14b9" end (Real time : 0s)
[EFX-0000 INFO] ... Hierarchical pre-synthesis "efx_fifo_gray2bin_999a6bd87d6240e6b5110248e73f14b9(WIDTH=6)" begin
[EFX-0000 INFO] ... Hierarchical pre-synthesis "efx_fifo_gray2bin_999a6bd87d6240e6b5110248e73f14b9(WIDTH=6)" end (Real time : 0s)
[EFX-0000 INFO] ... Hierarchical pre-synthesis "efx_fifo_gray2bin_999a6bd87d6240e6b5110248e73f14b9(WIDTH=7)" begin
[EFX-0000 INFO] ... Hierarchical pre-synthesis "efx_fifo_gray2bin_999a6bd87d6240e6b5110248e73f14b9(WIDTH=7)" end (Real time : 0s)
[EFX-0000 INFO] ... Hierarchical pre-synthesis "efx_fifo_gray2bin_999a6bd87d6240e6b5110248e73f14b9(WIDTH=8)" begin
[EFX-0000 INFO] ... Hierarchical pre-synthesis "efx_fifo_gray2bin_999a6bd87d6240e6b5110248e73f14b9(WIDTH=8)" end (Real time : 0s)
[EFX-0000 INFO] ... Hierarchical pre-synthesis "efx_fifo_gray2bin_999a6bd87d6240e6b5110248e73f14b9(WIDTH=9)" begin
[EFX-0000 INFO] ... Hierarchical pre-synthesis "efx_fifo_gray2bin_999a6bd87d6240e6b5110248e73f14b9(WIDTH=9)" end (Real time : 0s)
[EFX-0000 INFO] ... Hierarchical pre-synthesis "efx_fifo_gray2bin_999a6bd87d6240e6b5110248e73f14b9(WIDTH=10)" begin
[EFX-0000 INFO] ... Hierarchical pre-synthesis "efx_fifo_gray2bin_999a6bd87d6240e6b5110248e73f14b9(WIDTH=10)" end (Real time : 0s)
[EFX-0000 INFO] ... Hierarchical pre-synthesis "efx_fifo_gray2bin_999a6bd87d6240e6b5110248e73f14b9(WIDTH=11)" begin
[EFX-0000 INFO] ... Hierarchical pre-synthesis "efx_fifo_gray2bin_999a6bd87d6240e6b5110248e73f14b9(WIDTH=11)" end (Real time : 0s)
[EFX-0000 INFO] ... Hierarchical pre-synthesis "efx_fifo_gray2bin_999a6bd87d6240e6b5110248e73f14b9(WIDTH=12)" begin
[EFX-0000 INFO] ... Hierarchical pre-synthesis "efx_fifo_gray2bin_999a6bd87d6240e6b5110248e73f14b9(WIDTH=12)" end (Real time : 0s)
[EFX-0000 INFO] ... Hierarchical pre-synthesis "efx_fifo_gray2bin_999a6bd87d6240e6b5110248e73f14b9(WIDTH=13)" begin
[EFX-0000 INFO] ... Hierarchical pre-synthesis "efx_fifo_gray2bin_999a6bd87d6240e6b5110248e73f14b9(WIDTH=13)" end (Real time : 0s)
[EFX-0000 INFO] ... Hierarchical pre-synthesis "efx_fifo_bin2gray_999a6bd87d6240e6b5110248e73f14b9(WIDTH=10)" begin
[EFX-0000 INFO] ... Hierarchical pre-synthesis "efx_fifo_bin2gray_999a6bd87d6240e6b5110248e73f14b9(WIDTH=10)" end (Real time : 0s)
[EFX-0000 INFO] ... Hierarchical pre-synthesis "efx_fifo_datasync_999a6bd87d6240e6b5110248e73f14b9(STAGE=3,WIDTH=10)" begin
[EFX-0000 INFO] ... Hierarchical pre-synthesis "efx_fifo_datasync_999a6bd87d6240e6b5110248e73f14b9(STAGE=3,WIDTH=10)" end (Real time : 0s)
[EFX-0000 INFO] ... Hierarchical pre-synthesis "efx_fifo_ctl_999a6bd87d6240e6b5110248e73f14b9(FAMILY="TITANIUM",SYNC_CLK=0,SYNC_STAGE=3,MODE="FWFT",RADDR_WIDTH=12,ASYM_WIDTH_RATIO=1,RAM_MUX_RATIO=8,PROGRAMMABLE_FULL="STATIC_SINGLE",PROG_FULL_ASSERT=256,PROG_FULL_NEGATE=256,PROG_EMPTY_NEGATE=2)" begin
[EFX-0000 INFO] ... Hierarchical pre-synthesis "efx_fifo_ctl_999a6bd87d6240e6b5110248e73f14b9(FAMILY="TITANIUM",SYNC_CLK=0,SYNC_STAGE=3,MODE="FWFT",RADDR_WIDTH=12,ASYM_WIDTH_RATIO=1,RAM_MUX_RATIO=8,PROGRAMMABLE_FULL="STATIC_SINGLE",PROG_FULL_ASSERT=256,PROG_FULL_NEGATE=256,PROG_EMPTY_NEGATE=2)" end (Real time : 0s)
[EFX-0000 INFO] ... Hierarchical pre-synthesis "efx_fifo_top_999a6bd87d6240e6b5110248e73f14b9(FAMILY="TITANIUM",SYNC_STAGE=3,MODE="FWFT",DATA_WIDTH=128,PROGRAMMABLE_FULL="STATIC_SINGLE",PROG_FULL_ASSERT=256,PROG_FULL_NEGATE=256,PROGRAMMABLE_EMPTY="NONE",PROG_EMPTY_ASSERT=0,PROG_EMPTY_NEGATE=2,ASYM_WIDTH_RATIO=1)" begin
[EFX-0000 INFO] ... Hierarchical pre-synthesis "efx_fifo_top_999a6bd87d6240e6b5110248e73f14b9(FAMILY="TITANIUM",SYNC_STAGE=3,MODE="FWFT",DATA_WIDTH=128,PROGRAMMABLE_FULL="STATIC_SINGLE",PROG_FULL_ASSERT=256,PROG_FULL_NEGATE=256,PROGRAMMABLE_EMPTY="NONE",PROG_EMPTY_ASSERT=0,PROG_EMPTY_NEGATE=2,ASYM_WIDTH_RATIO=1)" end (Real time : 0s)
[EFX-0000 INFO] ... Hierarchical pre-synthesis "R0_FIFO_16" begin
[EFX-0000 INFO] ... Hierarchical pre-synthesis "R0_FIFO_16" end (Real time : 0s)
[EFX-0000 INFO] ... Hierarchical pre-synthesis "axi4_ctrl(C_ID_LEN=4,C_RD_END_ADDR=1843200,C_W_WIDTH=8,C_R_WIDTH=16)" begin
[EFX-0000 INFO] ... Hierarchical pre-synthesis "axi4_ctrl(C_ID_LEN=4,C_RD_END_ADDR=1843200,C_W_WIDTH=8,C_R_WIDTH=16)" end (Real time : 0s)
[EFX-0000 INFO] ... Hierarchical pre-synthesis "lcd_driver" begin
[EFX-0000 INFO] ... Hierarchical pre-synthesis "lcd_driver" end (Real time : 0s)
[EFX-0000 INFO] ... Hierarchical pre-synthesis "tmds_channel" begin
[EFX-0000 INFO] ... Hierarchical pre-synthesis "tmds_channel" end (Real time : 0s)
[EFX-0000 INFO] ... Hierarchical pre-synthesis "rgb2dvi(ENABLE_OSERDES=0)" begin
[EFX-0000 INFO] ... Hierarchical pre-synthesis "rgb2dvi(ENABLE_OSERDES=0)" end (Real time : 0s)
[EFX-0000 INFO] ... Hierarchical pre-synthesis "example_top" begin
[EFX-0000 INFO] ... Clock Enable Synthesis Performed on 844 flops.
[EFX-0000 INFO] ... Hierarchical pre-synthesis "example_top" end (Real time : 0s)
[EFX-0000 INFO] ... Flat optimizations begin
[EFX-0000 INFO] ... Flat optimizations end (Real time : 0s)
[EFX-0000 INFO] ... Flat synthesis begin
[EFX-0000 INFO] ... Flat synthesis end (Real time : 0s)
[EFX-0000 INFO] ... Flat optimizations begin
[EFX-0000 INFO] ... Flat optimizations end (Real time : 0s)
[EFX-0000 INFO] ... Check and break combinational loops begin
[EFX-0000 INFO] ... Check and break combinational loops end (Real time : 0s)
[EFX-0000 INFO] ... Setup for logic synthesis begin
[EFX-0000 INFO] ... Setup for logic synthesis end (Real time : 0s)
[EFX-0000 INFO] ... LUT mapping begin
[EFX-0000 INFO] ... LS, strategy: 3, nd: 3494, ed: 10918, lv: 8, pw: 7466.12
[EFX-0000 INFO] ... LUT mapping end (Real time : 6s)
[EFX-0000 INFO] ... Post-synthesis Verific netlist creation begin
[EFX-0000 INFO] ... Post-synthesis Verific netlist creation end (Real time : 0s)
[EFX-0011 VERI-WARNING] Input/inout port clk_24m is unconnected and will be removed. (VDB-8003) (D:\yilingsi_fpga\Efinity_Project\Ti60F225_OV5640_HDMI_Official\example_top.v:11)
[EFX-0011 VERI-WARNING] Input/inout port clk_25m is unconnected and will be removed. (VDB-8003) (D:\yilingsi_fpga\Efinity_Project\Ti60F225_OV5640_HDMI_Official\example_top.v:12)
[EFX-0011 VERI-WARNING] Input/inout port clk_pixel_2x is unconnected and will be removed. (VDB-8003) (D:\yilingsi_fpga\Efinity_Project\Ti60F225_OV5640_HDMI_Official\example_top.v:21)
[EFX-0011 VERI-WARNING] Input/inout port clk_pixel_10x is unconnected and will be removed. (VDB-8003) (D:\yilingsi_fpga\Efinity_Project\Ti60F225_OV5640_HDMI_Official\example_top.v:22)
[EFX-0011 VERI-WARNING] Input/inout port dsi_refclk_i is unconnected and will be removed. (VDB-8003) (D:\yilingsi_fpga\Efinity_Project\Ti60F225_OV5640_HDMI_Official\example_top.v:30)
[EFX-0011 VERI-WARNING] Input/inout port dsi_byteclk_i is unconnected and will be removed. (VDB-8003) (D:\yilingsi_fpga\Efinity_Project\Ti60F225_OV5640_HDMI_Official\example_top.v:31)
[EFX-0011 VERI-WARNING] Input/inout port dsi_serclk_i is unconnected and will be removed. (VDB-8003) (D:\yilingsi_fpga\Efinity_Project\Ti60F225_OV5640_HDMI_Official\example_top.v:32)
[EFX-0011 VERI-WARNING] Input/inout port dsi_txcclk_i is unconnected and will be removed. (VDB-8003) (D:\yilingsi_fpga\Efinity_Project\Ti60F225_OV5640_HDMI_Official\example_top.v:33)
[EFX-0011 VERI-WARNING] Input/inout port clk_lvds_1x is unconnected and will be removed. (VDB-8003) (D:\yilingsi_fpga\Efinity_Project\Ti60F225_OV5640_HDMI_Official\example_top.v:60)
[EFX-0011 VERI-WARNING] Input/inout port clk_lvds_7x is unconnected and will be removed. (VDB-8003) (D:\yilingsi_fpga\Efinity_Project\Ti60F225_OV5640_HDMI_Official\example_top.v:61)
[EFX-0011 VERI-WARNING] Input/inout port clk_27m is unconnected and will be removed. (VDB-8003) (D:\yilingsi_fpga\Efinity_Project\Ti60F225_OV5640_HDMI_Official\example_top.v:62)
[EFX-0011 VERI-WARNING] Input/inout port clk_54m is unconnected and will be removed. (VDB-8003) (D:\yilingsi_fpga\Efinity_Project\Ti60F225_OV5640_HDMI_Official\example_top.v:63)
[EFX-0011 VERI-WARNING] Input/inout port i_dqs_n_hi[1] is unconnected and will be removed. (VDB-8003) (D:\yilingsi_fpga\Efinity_Project\Ti60F225_OV5640_HDMI_Official\example_top.v:97)
[EFX-0011 VERI-WARNING] Input/inout port i_dqs_n_lo[1] is unconnected and will be removed. (VDB-8003) (D:\yilingsi_fpga\Efinity_Project\Ti60F225_OV5640_HDMI_Official\example_top.v:98)
[EFX-0011 VERI-WARNING] Input/inout port csi_ctl0_i is unconnected and will be removed. (VDB-8003) (D:\yilingsi_fpga\Efinity_Project\Ti60F225_OV5640_HDMI_Official\example_top.v:121)
[EFX-0011 VERI-WARNING] Input/inout port csi_ctl1_i is unconnected and will be removed. (VDB-8003) (D:\yilingsi_fpga\Efinity_Project\Ti60F225_OV5640_HDMI_Official\example_top.v:125)
[EFX-0011 VERI-WARNING] Input/inout port csi_scl_i is unconnected and will be removed. (VDB-8003) (D:\yilingsi_fpga\Efinity_Project\Ti60F225_OV5640_HDMI_Official\example_top.v:129)
[EFX-0011 VERI-WARNING] Input/inout port csi_sda_i is unconnected and will be removed. (VDB-8003) (D:\yilingsi_fpga\Efinity_Project\Ti60F225_OV5640_HDMI_Official\example_top.v:133)
[EFX-0011 VERI-WARNING] Input/inout port csi_rxc_lp_p_i is unconnected and will be removed. (VDB-8003) (D:\yilingsi_fpga\Efinity_Project\Ti60F225_OV5640_HDMI_Official\example_top.v:136)
[EFX-0011 VERI-WARNING] Input/inout port csi_rxc_lp_n_i is unconnected and will be removed. (VDB-8003) (D:\yilingsi_fpga\Efinity_Project\Ti60F225_OV5640_HDMI_Official\example_top.v:137)
[EFX-0011 VERI-WARNING] Input/inout port csi_rxc_i is unconnected and will be removed. (VDB-8003) (D:\yilingsi_fpga\Efinity_Project\Ti60F225_OV5640_HDMI_Official\example_top.v:140)
[EFX-0011 VERI-WARNING] Input/inout port csi_rxd0_lp_p_i is unconnected and will be removed. (VDB-8003) (D:\yilingsi_fpga\Efinity_Project\Ti60F225_OV5640_HDMI_Official\example_top.v:147)
[EFX-0011 VERI-WARNING] Input/inout port csi_rxd0_lp_n_i is unconnected and will be removed. (VDB-8003) (D:\yilingsi_fpga\Efinity_Project\Ti60F225_OV5640_HDMI_Official\example_top.v:148)
[EFX-0011 VERI-WARNING] Input/inout port csi_rxd0_hs_i[7] is unconnected and will be removed. (VDB-8003) (D:\yilingsi_fpga\Efinity_Project\Ti60F225_OV5640_HDMI_Official\example_top.v:149)
[EFX-0011 VERI-WARNING] Input/inout port csi_rxd1_lp_n_i is unconnected and will be removed. (VDB-8003) (D:\yilingsi_fpga\Efinity_Project\Ti60F225_OV5640_HDMI_Official\example_top.v:156)
[EFX-0011 VERI-WARNING] Input/inout port csi_rxd1_lp_p_i is unconnected and will be removed. (VDB-8003) (D:\yilingsi_fpga\Efinity_Project\Ti60F225_OV5640_HDMI_Official\example_top.v:157)
[EFX-0011 VERI-WARNING] Input/inout port csi_rxd1_hs_i[7] is unconnected and will be removed. (VDB-8003) (D:\yilingsi_fpga\Efinity_Project\Ti60F225_OV5640_HDMI_Official\example_top.v:158)
[EFX-0011 VERI-WARNING] Input/inout port csi_rxd2_lp_p_i is unconnected and will be removed. (VDB-8003) (D:\yilingsi_fpga\Efinity_Project\Ti60F225_OV5640_HDMI_Official\example_top.v:165)
[EFX-0011 VERI-WARNING] Input/inout port csi_rxd2_lp_n_i is unconnected and will be removed. (VDB-8003) (D:\yilingsi_fpga\Efinity_Project\Ti60F225_OV5640_HDMI_Official\example_top.v:166)
[EFX-0011 VERI-WARNING] Input/inout port csi_rxd2_hs_i[7] is unconnected and will be removed. (VDB-8003) (D:\yilingsi_fpga\Efinity_Project\Ti60F225_OV5640_HDMI_Official\example_top.v:167)
[EFX-0011 VERI-WARNING] Input/inout port csi_rxd3_lp_p_i is unconnected and will be removed. (VDB-8003) (D:\yilingsi_fpga\Efinity_Project\Ti60F225_OV5640_HDMI_Official\example_top.v:174)
[EFX-0011 VERI-WARNING] Input/inout port csi_rxd3_lp_n_i is unconnected and will be removed. (VDB-8003) (D:\yilingsi_fpga\Efinity_Project\Ti60F225_OV5640_HDMI_Official\example_top.v:175)
[EFX-0011 VERI-WARNING] Input/inout port csi_rxd3_hs_i[7] is unconnected and will be removed. (VDB-8003) (D:\yilingsi_fpga\Efinity_Project\Ti60F225_OV5640_HDMI_Official\example_top.v:176)
[EFX-0011 VERI-WARNING] Input/inout port dsi_txd0_lp_p_i is unconnected and will be removed. (VDB-8003) (D:\yilingsi_fpga\Efinity_Project\Ti60F225_OV5640_HDMI_Official\example_top.v:235)
[EFX-0011 VERI-WARNING] Input/inout port dsi_txd0_lp_n_i is unconnected and will be removed. (VDB-8003) (D:\yilingsi_fpga\Efinity_Project\Ti60F225_OV5640_HDMI_Official\example_top.v:236)
[EFX-0011 VERI-WARNING] Input/inout port dsi_txd1_lp_p_i is unconnected and will be removed. (VDB-8003) (D:\yilingsi_fpga\Efinity_Project\Ti60F225_OV5640_HDMI_Official\example_top.v:237)
[EFX-0011 VERI-WARNING] Input/inout port dsi_txd1_lp_n_i is unconnected and will be removed. (VDB-8003) (D:\yilingsi_fpga\Efinity_Project\Ti60F225_OV5640_HDMI_Official\example_top.v:238)
[EFX-0011 VERI-WARNING] Input/inout port dsi_txd2_lp_p_i is unconnected and will be removed. (VDB-8003) (D:\yilingsi_fpga\Efinity_Project\Ti60F225_OV5640_HDMI_Official\example_top.v:239)
[EFX-0011 VERI-WARNING] Input/inout port dsi_txd2_lp_n_i is unconnected and will be removed. (VDB-8003) (D:\yilingsi_fpga\Efinity_Project\Ti60F225_OV5640_HDMI_Official\example_top.v:240)
[EFX-0011 VERI-WARNING] Input/inout port dsi_txd3_lp_p_i is unconnected and will be removed. (VDB-8003) (D:\yilingsi_fpga\Efinity_Project\Ti60F225_OV5640_HDMI_Official\example_top.v:241)
[EFX-0011 VERI-WARNING] Input/inout port dsi_txd3_lp_n_i is unconnected and will be removed. (VDB-8003) (D:\yilingsi_fpga\Efinity_Project\Ti60F225_OV5640_HDMI_Official\example_top.v:242)
[EFX-0011 VERI-WARNING] Input/inout port uart_rx_i is unconnected and will be removed. (VDB-8003) (D:\yilingsi_fpga\Efinity_Project\Ti60F225_OV5640_HDMI_Official\example_top.v:247)
[EFX-0011 VERI-WARNING] Input/inout port cmos_sdat_IN is unconnected and will be removed. (VDB-8003) (D:\yilingsi_fpga\Efinity_Project\Ti60F225_OV5640_HDMI_Official\example_top.v:257)
[EFX-0011 VERI-WARNING] Input/inout port cmos_ctl1_i is unconnected and will be removed. (VDB-8003) (D:\yilingsi_fpga\Efinity_Project\Ti60F225_OV5640_HDMI_Official\example_top.v:269)
[EFX-0011 VERI-WARNING] Input/inout port cmos_ctl2_i is unconnected and will be removed. (VDB-8003) (D:\yilingsi_fpga\Efinity_Project\Ti60F225_OV5640_HDMI_Official\example_top.v:272)
[EFX-0011 VERI-WARNING] Input/inout port cmos_ctl3_i is unconnected and will be removed. (VDB-8003) (D:\yilingsi_fpga\Efinity_Project\Ti60F225_OV5640_HDMI_Official\example_top.v:275)
[EFX-0011 VERI-WARNING] Input/inout port lcd_tp_sda_i is unconnected and will be removed. (VDB-8003) (D:\yilingsi_fpga\Efinity_Project\Ti60F225_OV5640_HDMI_Official\example_top.v:323)
[EFX-0011 VERI-WARNING] Input/inout port lcd_tp_scl_i is unconnected and will be removed. (VDB-8003) (D:\yilingsi_fpga\Efinity_Project\Ti60F225_OV5640_HDMI_Official\example_top.v:327)
[EFX-0011 VERI-WARNING] Input/inout port lcd_tp_int_i is unconnected and will be removed. (VDB-8003) (D:\yilingsi_fpga\Efinity_Project\Ti60F225_OV5640_HDMI_Official\example_top.v:331)
[EFX-0011 VERI-WARNING] Input/inout port lcd_b7_0_i[7] is unconnected and will be removed. (VDB-8003) (D:\yilingsi_fpga\Efinity_Project\Ti60F225_OV5640_HDMI_Official\example_top.v:351)
[EFX-0011 VERI-WARNING] Input/inout port lcd_g7_0_i[7] is unconnected and will be removed. (VDB-8003) (D:\yilingsi_fpga\Efinity_Project\Ti60F225_OV5640_HDMI_Official\example_top.v:352)
[EFX-0011 VERI-WARNING] Input/inout port lcd_r7_0_i[7] is unconnected and will be removed. (VDB-8003) (D:\yilingsi_fpga\Efinity_Project\Ti60F225_OV5640_HDMI_Official\example_top.v:353)
[EFX-0011 VERI-WARNING] Found 103 warnings in the post-synthesis netlist. 
[EFX-0000 INFO] Resource Summary 
[EFX-0000 INFO] =============================== 
[EFX-0000 INFO] EFX_ADD         : 	734
[EFX-0000 INFO] EFX_LUT4        : 	3484
[EFX-0000 INFO] EFX_FF          : 	2764
[EFX-0000 INFO] EFX_SRL8        : 	534
[EFX-0000 INFO] EFX_RAM10       : 	43
[EFX-0000 INFO] =============================== 
[EFX-0000 INFO] ... Post-Map Verilog Writer begin
[EFX-0000 INFO] ... Post-Map Verilog Writer end (Real time : 0s)
