WARNING  : [SDC D:/yilingsi_fpga/Efinity_Project/Ti60F225_OV5640_Face_Reproduction/Ti60_Demo.pt.sdc:14] No valid object(s) found for 'dsi_refclk_i'
WARNING  : [SDC D:/yilingsi_fpga/Efinity_Project/Ti60F225_OV5640_Face_Reproduction/Ti60_Demo.pt.sdc:14] No valid pin(s) found for clock
WARNING  : [SDC D:/yilingsi_fpga/Efinity_Project/Ti60F225_OV5640_Face_Reproduction/Ti60_Demo.pt.sdc:14] Unable to run 'create_clock' constraint due to warnings found
WARNING  : [SDC D:/yilingsi_fpga/Efinity_Project/Ti60F225_OV5640_Face_Reproduction/Ti60_Demo.pt.sdc:24] No valid object(s) found for 'clk_pixel_2x'
WARNING  : [SDC D:/yilingsi_fpga/Efinity_Project/Ti60F225_OV5640_Face_Reproduction/Ti60_Demo.pt.sdc:24] No valid pin(s) found for clock
WARNING  : [SDC D:/yilingsi_fpga/Efinity_Project/Ti60F225_OV5640_Face_Reproduction/Ti60_Demo.pt.sdc:24] Unable to run 'create_clock' constraint due to warnings found
WARNING  : [SDC D:/yilingsi_fpga/Efinity_Project/Ti60F225_OV5640_Face_Reproduction/Ti60_Demo.pt.sdc:29] No valid object(s) found for 'clk_54m'
WARNING  : [SDC D:/yilingsi_fpga/Efinity_Project/Ti60F225_OV5640_Face_Reproduction/Ti60_Demo.pt.sdc:29] No valid pin(s) found for clock
WARNING  : [SDC D:/yilingsi_fpga/Efinity_Project/Ti60F225_OV5640_Face_Reproduction/Ti60_Demo.pt.sdc:29] Unable to run 'create_clock' constraint due to warnings found
WARNING  : No ports matched 'csi_rxc_i'
WARNING  : [SDC D:/yilingsi_fpga/Efinity_Project/Ti60F225_OV5640_Face_Reproduction/Ti60_Demo.pt.sdc:33] No valid pin(s) found for clock
WARNING  : [SDC D:/yilingsi_fpga/Efinity_Project/Ti60F225_OV5640_Face_Reproduction/Ti60_Demo.pt.sdc:33] Unable to run 'create_clock' constraint due to warnings found
WARNING  : [SDC D:/yilingsi_fpga/Efinity_Project/Ti60F225_OV5640_Face_Reproduction/Ti60_Demo.pt.sdc:35] set_clock_groups: Defaulting to -exclusive since none of the required option was specified
WARNING  : No clocks matched 'csi_rxc_i'
WARNING  : No clocks matched 'csi_rxc_i'
WARNING  : No ports matched 'i_dqs_n_lo[0]'
WARNING  : No ports matched 'i_dqs_n_hi[0]'
WARNING  : [SDC D:/yilingsi_fpga/Efinity_Project/Ti60F225_OV5640_Face_Reproduction/Ti60_Demo.pt.sdc:341] set_input_delay: No valid input port(s) found
WARNING  : [SDC D:/yilingsi_fpga/Efinity_Project/Ti60F225_OV5640_Face_Reproduction/Ti60_Demo.pt.sdc:341] Unable to run 'set_input_delay' constraint due to warnings found
WARNING  : No ports matched 'i_dqs_n_lo[0]'
WARNING  : No ports matched 'i_dqs_n_hi[0]'
WARNING  : [SDC D:/yilingsi_fpga/Efinity_Project/Ti60F225_OV5640_Face_Reproduction/Ti60_Demo.pt.sdc:342] set_input_delay: No valid input port(s) found
WARNING  : [SDC D:/yilingsi_fpga/Efinity_Project/Ti60F225_OV5640_Face_Reproduction/Ti60_Demo.pt.sdc:342] Unable to run 'set_input_delay' constraint due to warnings found
WARNING  : No ports matched 'i_dqs_n_hi[1]'
WARNING  : No ports matched 'i_dqs_n_lo[1]'
WARNING  : [SDC D:/yilingsi_fpga/Efinity_Project/Ti60F225_OV5640_Face_Reproduction/Ti60_Demo.pt.sdc:347] set_input_delay: No valid input port(s) found
WARNING  : [SDC D:/yilingsi_fpga/Efinity_Project/Ti60F225_OV5640_Face_Reproduction/Ti60_Demo.pt.sdc:347] Unable to run 'set_input_delay' constraint due to warnings found
WARNING  : No ports matched 'i_dqs_n_lo[1]'
WARNING  : No ports matched 'i_dqs_n_hi[1]'
WARNING  : [SDC D:/yilingsi_fpga/Efinity_Project/Ti60F225_OV5640_Face_Reproduction/Ti60_Demo.pt.sdc:348] set_input_delay: No valid input port(s) found
WARNING  : [SDC D:/yilingsi_fpga/Efinity_Project/Ti60F225_OV5640_Face_Reproduction/Ti60_Demo.pt.sdc:348] Unable to run 'set_input_delay' constraint due to warnings found
WARNING  : No ports matched 'csi_rxc_i~CLKOUT~218~278'
WARNING  : No ports matched 'csi_rxd0_fifo_rd_o'
WARNING  : [SDC D:/yilingsi_fpga/Efinity_Project/Ti60F225_OV5640_Face_Reproduction/Ti60_Demo.pt.sdc:576] No clocks matched 'csi_rxc_i'
WARNING  : [SDC D:/yilingsi_fpga/Efinity_Project/Ti60F225_OV5640_Face_Reproduction/Ti60_Demo.pt.sdc:576] set_output_delay: No valid clock found for -clock
WARNING  : [SDC D:/yilingsi_fpga/Efinity_Project/Ti60F225_OV5640_Face_Reproduction/Ti60_Demo.pt.sdc:576] Unable to run 'set_output_delay' constraint due to warnings found
WARNING  : No ports matched 'csi_rxc_i~CLKOUT~218~278'
WARNING  : No ports matched 'csi_rxd0_fifo_rd_o'
WARNING  : [SDC D:/yilingsi_fpga/Efinity_Project/Ti60F225_OV5640_Face_Reproduction/Ti60_Demo.pt.sdc:577] No clocks matched 'csi_rxc_i'
WARNING  : [SDC D:/yilingsi_fpga/Efinity_Project/Ti60F225_OV5640_Face_Reproduction/Ti60_Demo.pt.sdc:577] set_output_delay: No valid clock found for -clock
WARNING  : [SDC D:/yilingsi_fpga/Efinity_Project/Ti60F225_OV5640_Face_Reproduction/Ti60_Demo.pt.sdc:577] Unable to run 'set_output_delay' constraint due to warnings found
WARNING  : No ports matched 'csi_rxc_i~CLKOUT~218~278'
WARNING  : [SDC D:/yilingsi_fpga/Efinity_Project/Ti60F225_OV5640_Face_Reproduction/Ti60_Demo.pt.sdc:578] No clocks matched 'csi_rxc_i'
WARNING  : [SDC D:/yilingsi_fpga/Efinity_Project/Ti60F225_OV5640_Face_Reproduction/Ti60_Demo.pt.sdc:578] set_output_delay: No valid clock found for -clock
WARNING  : [SDC D:/yilingsi_fpga/Efinity_Project/Ti60F225_OV5640_Face_Reproduction/Ti60_Demo.pt.sdc:578] Unable to run 'set_output_delay' constraint due to warnings found
WARNING  : No ports matched 'csi_rxc_i~CLKOUT~218~278'
WARNING  : [SDC D:/yilingsi_fpga/Efinity_Project/Ti60F225_OV5640_Face_Reproduction/Ti60_Demo.pt.sdc:579] No clocks matched 'csi_rxc_i'
WARNING  : [SDC D:/yilingsi_fpga/Efinity_Project/Ti60F225_OV5640_Face_Reproduction/Ti60_Demo.pt.sdc:579] set_output_delay: No valid clock found for -clock
WARNING  : [SDC D:/yilingsi_fpga/Efinity_Project/Ti60F225_OV5640_Face_Reproduction/Ti60_Demo.pt.sdc:579] Unable to run 'set_output_delay' constraint due to warnings found
WARNING  : No ports matched 'csi_rxc_i~CLKOUT~218~278'
WARNING  : No ports matched 'csi_rxd0_fifo_empty_i'
WARNING  : [SDC D:/yilingsi_fpga/Efinity_Project/Ti60F225_OV5640_Face_Reproduction/Ti60_Demo.pt.sdc:580] No clocks matched 'csi_rxc_i'
WARNING  : [SDC D:/yilingsi_fpga/Efinity_Project/Ti60F225_OV5640_Face_Reproduction/Ti60_Demo.pt.sdc:580] set_input_delay: No valid clock found for -clock
WARNING  : [SDC D:/yilingsi_fpga/Efinity_Project/Ti60F225_OV5640_Face_Reproduction/Ti60_Demo.pt.sdc:580] Unable to run 'set_input_delay' constraint due to warnings found
WARNING  : No ports matched 'csi_rxc_i~CLKOUT~218~278'
WARNING  : No ports matched 'csi_rxd0_fifo_empty_i'
WARNING  : [SDC D:/yilingsi_fpga/Efinity_Project/Ti60F225_OV5640_Face_Reproduction/Ti60_Demo.pt.sdc:581] No clocks matched 'csi_rxc_i'
WARNING  : [SDC D:/yilingsi_fpga/Efinity_Project/Ti60F225_OV5640_Face_Reproduction/Ti60_Demo.pt.sdc:581] set_input_delay: No valid clock found for -clock
WARNING  : [SDC D:/yilingsi_fpga/Efinity_Project/Ti60F225_OV5640_Face_Reproduction/Ti60_Demo.pt.sdc:581] Unable to run 'set_input_delay' constraint due to warnings found
WARNING  : No ports matched 'csi_rxc_i~CLKOUT~218~278'
WARNING  : No ports matched 'csi_rxd0_hs_i[*]'
WARNING  : [SDC D:/yilingsi_fpga/Efinity_Project/Ti60F225_OV5640_Face_Reproduction/Ti60_Demo.pt.sdc:582] No clocks matched 'csi_rxc_i'
WARNING  : [SDC D:/yilingsi_fpga/Efinity_Project/Ti60F225_OV5640_Face_Reproduction/Ti60_Demo.pt.sdc:582] set_input_delay: No valid clock found for -clock
WARNING  : [SDC D:/yilingsi_fpga/Efinity_Project/Ti60F225_OV5640_Face_Reproduction/Ti60_Demo.pt.sdc:582] Unable to run 'set_input_delay' constraint due to warnings found
WARNING  : No ports matched 'csi_rxc_i~CLKOUT~218~278'
WARNING  : No ports matched 'csi_rxd0_hs_i[*]'
WARNING  : [SDC D:/yilingsi_fpga/Efinity_Project/Ti60F225_OV5640_Face_Reproduction/Ti60_Demo.pt.sdc:583] No clocks matched 'csi_rxc_i'
WARNING  : [SDC D:/yilingsi_fpga/Efinity_Project/Ti60F225_OV5640_Face_Reproduction/Ti60_Demo.pt.sdc:583] set_input_delay: No valid clock found for -clock
WARNING  : [SDC D:/yilingsi_fpga/Efinity_Project/Ti60F225_OV5640_Face_Reproduction/Ti60_Demo.pt.sdc:583] Unable to run 'set_input_delay' constraint due to warnings found
WARNING  : No ports matched 'csi_rxc_i~CLKOUT~218~294'
WARNING  : No ports matched 'csi_rxd1_fifo_rd_o'
WARNING  : [SDC D:/yilingsi_fpga/Efinity_Project/Ti60F225_OV5640_Face_Reproduction/Ti60_Demo.pt.sdc:584] No clocks matched 'csi_rxc_i'
WARNING  : [SDC D:/yilingsi_fpga/Efinity_Project/Ti60F225_OV5640_Face_Reproduction/Ti60_Demo.pt.sdc:584] set_output_delay: No valid clock found for -clock
WARNING  : [SDC D:/yilingsi_fpga/Efinity_Project/Ti60F225_OV5640_Face_Reproduction/Ti60_Demo.pt.sdc:584] Unable to run 'set_output_delay' constraint due to warnings found
WARNING  : No ports matched 'csi_rxc_i~CLKOUT~218~294'
WARNING  : No ports matched 'csi_rxd1_fifo_rd_o'
WARNING  : [SDC D:/yilingsi_fpga/Efinity_Project/Ti60F225_OV5640_Face_Reproduction/Ti60_Demo.pt.sdc:585] No clocks matched 'csi_rxc_i'
WARNING  : [SDC D:/yilingsi_fpga/Efinity_Project/Ti60F225_OV5640_Face_Reproduction/Ti60_Demo.pt.sdc:585] set_output_delay: No valid clock found for -clock
WARNING  : [SDC D:/yilingsi_fpga/Efinity_Project/Ti60F225_OV5640_Face_Reproduction/Ti60_Demo.pt.sdc:585] Unable to run 'set_output_delay' constraint due to warnings found
WARNING  : No ports matched 'csi_rxc_i~CLKOUT~218~294'
WARNING  : [SDC D:/yilingsi_fpga/Efinity_Project/Ti60F225_OV5640_Face_Reproduction/Ti60_Demo.pt.sdc:586] No clocks matched 'csi_rxc_i'
WARNING  : [SDC D:/yilingsi_fpga/Efinity_Project/Ti60F225_OV5640_Face_Reproduction/Ti60_Demo.pt.sdc:586] set_output_delay: No valid clock found for -clock
WARNING  : [SDC D:/yilingsi_fpga/Efinity_Project/Ti60F225_OV5640_Face_Reproduction/Ti60_Demo.pt.sdc:586] Unable to run 'set_output_delay' constraint due to warnings found
WARNING  : No ports matched 'csi_rxc_i~CLKOUT~218~294'
WARNING  : [SDC D:/yilingsi_fpga/Efinity_Project/Ti60F225_OV5640_Face_Reproduction/Ti60_Demo.pt.sdc:587] No clocks matched 'csi_rxc_i'
WARNING  : [SDC D:/yilingsi_fpga/Efinity_Project/Ti60F225_OV5640_Face_Reproduction/Ti60_Demo.pt.sdc:587] set_output_delay: No valid clock found for -clock
WARNING  : [SDC D:/yilingsi_fpga/Efinity_Project/Ti60F225_OV5640_Face_Reproduction/Ti60_Demo.pt.sdc:587] Unable to run 'set_output_delay' constraint due to warnings found
WARNING  : No ports matched 'csi_rxc_i~CLKOUT~218~294'
WARNING  : No ports matched 'csi_rxd1_fifo_empty_i'
WARNING  : [SDC D:/yilingsi_fpga/Efinity_Project/Ti60F225_OV5640_Face_Reproduction/Ti60_Demo.pt.sdc:588] No clocks matched 'csi_rxc_i'
WARNING  : [SDC D:/yilingsi_fpga/Efinity_Project/Ti60F225_OV5640_Face_Reproduction/Ti60_Demo.pt.sdc:588] set_input_delay: No valid clock found for -clock
WARNING  : [SDC D:/yilingsi_fpga/Efinity_Project/Ti60F225_OV5640_Face_Reproduction/Ti60_Demo.pt.sdc:588] Unable to run 'set_input_delay' constraint due to warnings found
WARNING  : No ports matched 'csi_rxc_i~CLKOUT~218~294'
WARNING  : No ports matched 'csi_rxd1_fifo_empty_i'
WARNING  : [SDC D:/yilingsi_fpga/Efinity_Project/Ti60F225_OV5640_Face_Reproduction/Ti60_Demo.pt.sdc:589] No clocks matched 'csi_rxc_i'
WARNING  : [SDC D:/yilingsi_fpga/Efinity_Project/Ti60F225_OV5640_Face_Reproduction/Ti60_Demo.pt.sdc:589] set_input_delay: No valid clock found for -clock
WARNING  : [SDC D:/yilingsi_fpga/Efinity_Project/Ti60F225_OV5640_Face_Reproduction/Ti60_Demo.pt.sdc:589] Unable to run 'set_input_delay' constraint due to warnings found
WARNING  : No ports matched 'csi_rxc_i~CLKOUT~218~294'
WARNING  : No ports matched 'csi_rxd1_hs_i[*]'
WARNING  : [SDC D:/yilingsi_fpga/Efinity_Project/Ti60F225_OV5640_Face_Reproduction/Ti60_Demo.pt.sdc:590] No clocks matched 'csi_rxc_i'
WARNING  : [SDC D:/yilingsi_fpga/Efinity_Project/Ti60F225_OV5640_Face_Reproduction/Ti60_Demo.pt.sdc:590] set_input_delay: No valid clock found for -clock
WARNING  : [SDC D:/yilingsi_fpga/Efinity_Project/Ti60F225_OV5640_Face_Reproduction/Ti60_Demo.pt.sdc:590] Unable to run 'set_input_delay' constraint due to warnings found
WARNING  : No ports matched 'csi_rxc_i~CLKOUT~218~294'
WARNING  : No ports matched 'csi_rxd1_hs_i[*]'
WARNING  : [SDC D:/yilingsi_fpga/Efinity_Project/Ti60F225_OV5640_Face_Reproduction/Ti60_Demo.pt.sdc:591] No clocks matched 'csi_rxc_i'
WARNING  : [SDC D:/yilingsi_fpga/Efinity_Project/Ti60F225_OV5640_Face_Reproduction/Ti60_Demo.pt.sdc:591] set_input_delay: No valid clock found for -clock
WARNING  : [SDC D:/yilingsi_fpga/Efinity_Project/Ti60F225_OV5640_Face_Reproduction/Ti60_Demo.pt.sdc:591] Unable to run 'set_input_delay' constraint due to warnings found
WARNING  : No ports matched 'csi_rxc_i~CLKOUT~218~245'
WARNING  : No ports matched 'csi_rxd2_fifo_rd_o'
WARNING  : [SDC D:/yilingsi_fpga/Efinity_Project/Ti60F225_OV5640_Face_Reproduction/Ti60_Demo.pt.sdc:592] No clocks matched 'csi_rxc_i'
WARNING  : [SDC D:/yilingsi_fpga/Efinity_Project/Ti60F225_OV5640_Face_Reproduction/Ti60_Demo.pt.sdc:592] set_output_delay: No valid clock found for -clock
WARNING  : [SDC D:/yilingsi_fpga/Efinity_Project/Ti60F225_OV5640_Face_Reproduction/Ti60_Demo.pt.sdc:592] Unable to run 'set_output_delay' constraint due to warnings found
WARNING  : No ports matched 'csi_rxc_i~CLKOUT~218~245'
WARNING  : No ports matched 'csi_rxd2_fifo_rd_o'
WARNING  : [SDC D:/yilingsi_fpga/Efinity_Project/Ti60F225_OV5640_Face_Reproduction/Ti60_Demo.pt.sdc:593] No clocks matched 'csi_rxc_i'
WARNING  : [SDC D:/yilingsi_fpga/Efinity_Project/Ti60F225_OV5640_Face_Reproduction/Ti60_Demo.pt.sdc:593] set_output_delay: No valid clock found for -clock
WARNING  : [SDC D:/yilingsi_fpga/Efinity_Project/Ti60F225_OV5640_Face_Reproduction/Ti60_Demo.pt.sdc:593] Unable to run 'set_output_delay' constraint due to warnings found
WARNING  : No ports matched 'csi_rxc_i~CLKOUT~218~245'
WARNING  : [SDC D:/yilingsi_fpga/Efinity_Project/Ti60F225_OV5640_Face_Reproduction/Ti60_Demo.pt.sdc:594] No clocks matched 'csi_rxc_i'
WARNING  : [SDC D:/yilingsi_fpga/Efinity_Project/Ti60F225_OV5640_Face_Reproduction/Ti60_Demo.pt.sdc:594] set_output_delay: No valid clock found for -clock
WARNING  : [SDC D:/yilingsi_fpga/Efinity_Project/Ti60F225_OV5640_Face_Reproduction/Ti60_Demo.pt.sdc:594] Unable to run 'set_output_delay' constraint due to warnings found
WARNING  : No ports matched 'csi_rxc_i~CLKOUT~218~245'
WARNING  : [SDC D:/yilingsi_fpga/Efinity_Project/Ti60F225_OV5640_Face_Reproduction/Ti60_Demo.pt.sdc:595] No clocks matched 'csi_rxc_i'
WARNING  : [SDC D:/yilingsi_fpga/Efinity_Project/Ti60F225_OV5640_Face_Reproduction/Ti60_Demo.pt.sdc:595] set_output_delay: No valid clock found for -clock
WARNING  : [SDC D:/yilingsi_fpga/Efinity_Project/Ti60F225_OV5640_Face_Reproduction/Ti60_Demo.pt.sdc:595] Unable to run 'set_output_delay' constraint due to warnings found
WARNING  : No ports matched 'csi_rxc_i~CLKOUT~218~245'
WARNING  : No ports matched 'csi_rxd2_fifo_empty_i'
WARNING  : [SDC D:/yilingsi_fpga/Efinity_Project/Ti60F225_OV5640_Face_Reproduction/Ti60_Demo.pt.sdc:596] No clocks matched 'csi_rxc_i'
WARNING  : [SDC D:/yilingsi_fpga/Efinity_Project/Ti60F225_OV5640_Face_Reproduction/Ti60_Demo.pt.sdc:596] set_input_delay: No valid clock found for -clock
WARNING  : [SDC D:/yilingsi_fpga/Efinity_Project/Ti60F225_OV5640_Face_Reproduction/Ti60_Demo.pt.sdc:596] Unable to run 'set_input_delay' constraint due to warnings found
WARNING  : No ports matched 'csi_rxc_i~CLKOUT~218~245'
WARNING  : No ports matched 'csi_rxd2_fifo_empty_i'
WARNING  : [SDC D:/yilingsi_fpga/Efinity_Project/Ti60F225_OV5640_Face_Reproduction/Ti60_Demo.pt.sdc:597] No clocks matched 'csi_rxc_i'
WARNING  : [SDC D:/yilingsi_fpga/Efinity_Project/Ti60F225_OV5640_Face_Reproduction/Ti60_Demo.pt.sdc:597] set_input_delay: No valid clock found for -clock
WARNING  : [SDC D:/yilingsi_fpga/Efinity_Project/Ti60F225_OV5640_Face_Reproduction/Ti60_Demo.pt.sdc:597] Unable to run 'set_input_delay' constraint due to warnings found
WARNING  : No ports matched 'csi_rxc_i~CLKOUT~218~245'
WARNING  : No ports matched 'csi_rxd2_hs_i[*]'
WARNING  : [SDC D:/yilingsi_fpga/Efinity_Project/Ti60F225_OV5640_Face_Reproduction/Ti60_Demo.pt.sdc:598] No clocks matched 'csi_rxc_i'
WARNING  : [SDC D:/yilingsi_fpga/Efinity_Project/Ti60F225_OV5640_Face_Reproduction/Ti60_Demo.pt.sdc:598] set_input_delay: No valid clock found for -clock
WARNING  : [SDC D:/yilingsi_fpga/Efinity_Project/Ti60F225_OV5640_Face_Reproduction/Ti60_Demo.pt.sdc:598] Unable to run 'set_input_delay' constraint due to warnings found
WARNING  : No ports matched 'csi_rxc_i~CLKOUT~218~245'
WARNING  : No ports matched 'csi_rxd2_hs_i[*]'
WARNING  : [SDC D:/yilingsi_fpga/Efinity_Project/Ti60F225_OV5640_Face_Reproduction/Ti60_Demo.pt.sdc:599] No clocks matched 'csi_rxc_i'
WARNING  : [SDC D:/yilingsi_fpga/Efinity_Project/Ti60F225_OV5640_Face_Reproduction/Ti60_Demo.pt.sdc:599] set_input_delay: No valid clock found for -clock
WARNING  : [SDC D:/yilingsi_fpga/Efinity_Project/Ti60F225_OV5640_Face_Reproduction/Ti60_Demo.pt.sdc:599] Unable to run 'set_input_delay' constraint due to warnings found
WARNING  : No ports matched 'csi_rxc_i~CLKOUT~218~255'
WARNING  : No ports matched 'csi_rxd3_fifo_rd_o'
WARNING  : [SDC D:/yilingsi_fpga/Efinity_Project/Ti60F225_OV5640_Face_Reproduction/Ti60_Demo.pt.sdc:600] No clocks matched 'csi_rxc_i'
WARNING  : [SDC D:/yilingsi_fpga/Efinity_Project/Ti60F225_OV5640_Face_Reproduction/Ti60_Demo.pt.sdc:600] set_output_delay: No valid clock found for -clock
WARNING  : [SDC D:/yilingsi_fpga/Efinity_Project/Ti60F225_OV5640_Face_Reproduction/Ti60_Demo.pt.sdc:600] Unable to run 'set_output_delay' constraint due to warnings found
WARNING  : No ports matched 'csi_rxc_i~CLKOUT~218~255'
WARNING  : No ports matched 'csi_rxd3_fifo_rd_o'
WARNING  : [SDC D:/yilingsi_fpga/Efinity_Project/Ti60F225_OV5640_Face_Reproduction/Ti60_Demo.pt.sdc:601] No clocks matched 'csi_rxc_i'
WARNING  : [SDC D:/yilingsi_fpga/Efinity_Project/Ti60F225_OV5640_Face_Reproduction/Ti60_Demo.pt.sdc:601] set_output_delay: No valid clock found for -clock
WARNING  : [SDC D:/yilingsi_fpga/Efinity_Project/Ti60F225_OV5640_Face_Reproduction/Ti60_Demo.pt.sdc:601] Unable to run 'set_output_delay' constraint due to warnings found
WARNING  : No ports matched 'csi_rxc_i~CLKOUT~218~255'
WARNING  : [SDC D:/yilingsi_fpga/Efinity_Project/Ti60F225_OV5640_Face_Reproduction/Ti60_Demo.pt.sdc:602] No clocks matched 'csi_rxc_i'
WARNING  : [SDC D:/yilingsi_fpga/Efinity_Project/Ti60F225_OV5640_Face_Reproduction/Ti60_Demo.pt.sdc:602] set_output_delay: No valid clock found for -clock
WARNING  : [SDC D:/yilingsi_fpga/Efinity_Project/Ti60F225_OV5640_Face_Reproduction/Ti60_Demo.pt.sdc:602] Unable to run 'set_output_delay' constraint due to warnings found
WARNING  : No ports matched 'csi_rxc_i~CLKOUT~218~255'
WARNING  : [SDC D:/yilingsi_fpga/Efinity_Project/Ti60F225_OV5640_Face_Reproduction/Ti60_Demo.pt.sdc:603] No clocks matched 'csi_rxc_i'
WARNING  : [SDC D:/yilingsi_fpga/Efinity_Project/Ti60F225_OV5640_Face_Reproduction/Ti60_Demo.pt.sdc:603] set_output_delay: No valid clock found for -clock
WARNING  : [SDC D:/yilingsi_fpga/Efinity_Project/Ti60F225_OV5640_Face_Reproduction/Ti60_Demo.pt.sdc:603] Unable to run 'set_output_delay' constraint due to warnings found
WARNING  : No ports matched 'csi_rxc_i~CLKOUT~218~255'
WARNING  : No ports matched 'csi_rxd3_fifo_empty_i'
WARNING  : [SDC D:/yilingsi_fpga/Efinity_Project/Ti60F225_OV5640_Face_Reproduction/Ti60_Demo.pt.sdc:604] No clocks matched 'csi_rxc_i'
WARNING  : [SDC D:/yilingsi_fpga/Efinity_Project/Ti60F225_OV5640_Face_Reproduction/Ti60_Demo.pt.sdc:604] set_input_delay: No valid clock found for -clock
WARNING  : [SDC D:/yilingsi_fpga/Efinity_Project/Ti60F225_OV5640_Face_Reproduction/Ti60_Demo.pt.sdc:604] Unable to run 'set_input_delay' constraint due to warnings found
WARNING  : No ports matched 'csi_rxc_i~CLKOUT~218~255'
WARNING  : No ports matched 'csi_rxd3_fifo_empty_i'
WARNING  : [SDC D:/yilingsi_fpga/Efinity_Project/Ti60F225_OV5640_Face_Reproduction/Ti60_Demo.pt.sdc:605] No clocks matched 'csi_rxc_i'
WARNING  : [SDC D:/yilingsi_fpga/Efinity_Project/Ti60F225_OV5640_Face_Reproduction/Ti60_Demo.pt.sdc:605] set_input_delay: No valid clock found for -clock
WARNING  : [SDC D:/yilingsi_fpga/Efinity_Project/Ti60F225_OV5640_Face_Reproduction/Ti60_Demo.pt.sdc:605] Unable to run 'set_input_delay' constraint due to warnings found
WARNING  : No ports matched 'csi_rxc_i~CLKOUT~218~255'
WARNING  : No ports matched 'csi_rxd3_hs_i[*]'
WARNING  : [SDC D:/yilingsi_fpga/Efinity_Project/Ti60F225_OV5640_Face_Reproduction/Ti60_Demo.pt.sdc:606] No clocks matched 'csi_rxc_i'
WARNING  : [SDC D:/yilingsi_fpga/Efinity_Project/Ti60F225_OV5640_Face_Reproduction/Ti60_Demo.pt.sdc:606] set_input_delay: No valid clock found for -clock
WARNING  : [SDC D:/yilingsi_fpga/Efinity_Project/Ti60F225_OV5640_Face_Reproduction/Ti60_Demo.pt.sdc:606] Unable to run 'set_input_delay' constraint due to warnings found
WARNING  : No ports matched 'csi_rxc_i~CLKOUT~218~255'
WARNING  : No ports matched 'csi_rxd3_hs_i[*]'
WARNING  : [SDC D:/yilingsi_fpga/Efinity_Project/Ti60F225_OV5640_Face_Reproduction/Ti60_Demo.pt.sdc:607] No clocks matched 'csi_rxc_i'
WARNING  : [SDC D:/yilingsi_fpga/Efinity_Project/Ti60F225_OV5640_Face_Reproduction/Ti60_Demo.pt.sdc:607] set_input_delay: No valid clock found for -clock
WARNING  : [SDC D:/yilingsi_fpga/Efinity_Project/Ti60F225_OV5640_Face_Reproduction/Ti60_Demo.pt.sdc:607] Unable to run 'set_input_delay' constraint due to warnings found
INFO     : ~~~~~~~~~~~~~~~~~~~~~~~~~~~~~~~~~~~~~~~~~~~~~~~~~~~~~~~~~~~~~~~~~~~~~~~~~~~~~~~~
INFO     : Router Setup
INFO     : ~~~~~~~~~~~~~~~~~~~~~~~~~~~~~~~~~~~~~~~~~~~~~~~~~~~~~~~~~~~~~~~~~~~~~~~~~~~~~~~~
INFO     : [Setup Parallel Routing Scheduler]
INFO     : ~~~~~~~~~~~~~~~~~~~~~~~~~~~~~~~~~~~~~~~~~~~~~~~~~~~~~~~~~~~~~~~~~~~~~~~~~~~~~~~~
INFO     : Route Circuit with 32 threads
INFO     : ~~~~~~~~~~~~~~~~~~~~~~~~~~~~~~~~~~~~~~~~~~~~~~~~~~~~~~~~~~~~~~~~~~~~~~~~~~~~~~~~
INFO     : Beneficial skew enabled! Optimizing clock skews ... 
INFO     : Non-legalized beneficial skew improved geomean CPD by 0.17% (from 3471ps to 3465ps)
INFO     : CSS improved CPD of clock tdqss_clk by 0.00% (from 2049ps to 2049ps)
INFO     : CSS improved CPD of clock core_clk by 0.00% (from 4225ps to 4225ps)
INFO     : CSS improved CPD of clock tac_clk by 0.00% (from 1904ps to 1904ps)
INFO     : CSS improved CPD of clock twd_clk by 0.00% (from 1915ps to 1915ps)
INFO     : CSS improved CPD of clock clk_sys by 0.00% (from 5375ps to 5375ps)
INFO     : CSS improved CPD of clock clk_pixel by 0.00% (from 12472ps to 12472ps)
INFO     : CSS improved CPD of clock cmos_pclk by 0.00% (from 2871ps to 2871ps)
INFO     : Discretized beneficial skew improved geomean CPD by 0.00% (from 3471ps to 3471ps in 6 iterations and 0.4 sec)
INFO     : ~~~~~~~~~~~~~~~~~~~~~~~~~~~~~~~~~~~~~~~~~~~~~~~~~~~~~~~~~~~~~~~~~~~~~~~~~~~~~~~~
INFO     : Overridding delay budgets for 366 synchronizer-related pins

INFO     : Iter  1: overlap=59986   heapops=11327813   (0%) cpd=234   frr=1.00  msec=2794
INFO     : [Setup Delay Budgets | 306.5 ms]
INFO     : ~~~~~~~~~~~~~~~~~~~~~~~~~~~~~~~~~~~~~~~~~~~~~~~~~~~~~~~~~~~~~~~~~~~~~~~~~~~~~~~~
INFO     : Hold Fixing
INFO     : ~~~~~~~~~~~~~~~~~~~~~~~~~~~~~~~~~~~~~~~~~~~~~~~~~~~~~~~~~~~~~~~~~~~~~~~~~~~~~~~~
INFO     : Total min wire delay:   8887793
INFO     : Hold fix wire delay:        827
INFO     : Hold fix delay ratio:     0.01%
INFO     : Pins requiring hold fix:  0.01%
INFO     : ~~~~~~~~~~~~~~~~~~~~~~~~~~~~~~~~~~~~~~~~~~~~~~~~~~~~~~~~~~~~~~~~~~~~~~~~~~~~~~~~
INFO     : Iter  2: overlap=31402   heapops=9910583    (28%) cpd=224   frr=0.96  msec=1809
INFO     : Iter  3: overlap=24440   heapops=9440973    (35%) cpd=224   frr=0.96  msec=1757
INFO     : Iter  4: overlap=19146   heapops=9064336    (41%) cpd=224   frr=0.96  msec=1728
INFO     : Iter  5: overlap=14376   heapops=8284957    (55%) cpd=224   frr=0.96  msec=1589
INFO     : Iter  6: overlap=10765   heapops=7857794    (54%) cpd=224   frr=0.96  msec=1591
INFO     : Iter  7: overlap=7479    heapops=6778227    (66%) cpd=224   frr=0.96  msec=1405
INFO     : Iter  8: overlap=5448    heapops=6127570    (72%) cpd=224   frr=0.96  msec=1284
INFO     : Iter  9: overlap=3491    heapops=4573652    (80%) cpd=224   frr=0.96  msec=1035
INFO     : Iter 10: overlap=2234    heapops=3528606    (85%) cpd=224   frr=0.96  msec=842
INFO     : Iter 11: overlap=1558    heapops=3470277    (86%) cpd=224   frr=0.96  msec=838
INFO     : Iter 12: overlap=945     heapops=1844368    (90%) cpd=224   frr=0.96  msec=562
INFO     : Iter 13: overlap=632     heapops=1722837    (92%) cpd=224   frr=0.96  msec=520
INFO     : Iter 14: overlap=349     heapops=755727     (94%) cpd=13041 frr=55.73  msec=370
INFO     : Iter 15: overlap=295     heapops=530225     (94%) cpd=224   frr=0.96  msec=344
INFO     : Iter 16: overlap=235     heapops=644112     (94%) cpd=13219 frr=56.49  msec=387
INFO     : Iter 17: overlap=307     heapops=320408     (94%) cpd=224   frr=0.96  msec=299
INFO     : [Rebuild Parallel Routing Scheduler]
INFO     : Iter 18: overlap=128     heapops=584477     (95%) cpd=13461 frr=57.53  msec=477
INFO     : Iter 19: overlap=304     heapops=164233     (94%) cpd=224   frr=0.96  msec=250
INFO     : Iter 20: overlap=119     heapops=340307     (95%) cpd=13600 frr=58.12  msec=297
INFO     : Iter 21: overlap=196     heapops=153678     (94%) cpd=224   frr=0.96  msec=238
INFO     : Iter 22: overlap=62      heapops=126891     (95%) cpd=13472 frr=57.57  msec=228
INFO     : Iter 23: overlap=167     heapops=247268     (94%) cpd=224   frr=0.96  msec=272
INFO     : Iter 24: overlap=41      heapops=240372     (95%) cpd=13739 frr=58.71  msec=292
INFO     : Iter 25: overlap=103     heapops=134427     (95%) cpd=13109 frr=56.02  msec=230
INFO     : Iter 26: overlap=36      heapops=115376     (95%) cpd=13377 frr=57.17  msec=229
INFO     : Iter 27: overlap=60      heapops=137939     (94%) cpd=224   frr=0.96  msec=230
INFO     : Iter 28: overlap=7       heapops=116112     (95%) cpd=13319 frr=56.92  msec=229
INFO     : Iter 29: overlap=34      heapops=133588     (94%) cpd=13043 frr=55.74  msec=229
INFO     : Iter 30: overlap=2       heapops=108309     (95%) cpd=13492 frr=57.66  msec=222
INFO     : Iter 31: overlap=14      heapops=128862     (95%) cpd=13135 frr=56.13  msec=225
INFO     : Iter 32: overlap=3       heapops=106478     (95%) cpd=13325 frr=56.94  msec=223
INFO     : Iter 33: overlap=10      heapops=127230     (95%) cpd=13134 frr=56.13  msec=228
INFO     : Iter 34: overlap=3       heapops=106668     (95%) cpd=13446 frr=57.46  msec=218
INFO     : Iter 35: overlap=3       heapops=121891     (95%) cpd=13149 frr=56.19  msec=222
INFO     : ~~~~~~~~~~~~~~~~~~~~~~~~~~~~~~~~~~~~~~~~~~~~~~~~~~~~~~~~~~~~~~~~~~~~~~~~~~~~~~~~
INFO     : Beneficial skew enabled! Optimizing clock skews ... 
INFO     : Non-legalized beneficial skew improved geomean CPD by 0.00% (from 3669ps to 3669ps)
INFO     : CSS improved CPD of clock tdqss_clk by 0.00% (from 2049ps to 2049ps)
INFO     : CSS improved CPD of clock core_clk by 0.00% (from 4295ps to 4295ps)
INFO     : CSS improved CPD of clock tac_clk by 0.00% (from 2021ps to 2021ps)
INFO     : CSS improved CPD of clock twd_clk by 0.00% (from 1926ps to 1926ps)
INFO     : CSS improved CPD of clock clk_sys by 0.00% (from 6020ps to 6020ps)
INFO     : CSS improved CPD of clock clk_pixel by 0.35% (from 13368ps to 13321ps)
INFO     : CSS improved CPD of clock cmos_pclk by 0.00% (from 3251ps to 3251ps)
INFO     : Discretized beneficial skew improved geomean CPD by 0.05% (from 3669ps to 3667ps in 1 iterations and 0.5 sec)
INFO     : ~~~~~~~~~~~~~~~~~~~~~~~~~~~~~~~~~~~~~~~~~~~~~~~~~~~~~~~~~~~~~~~~~~~~~~~~~~~~~~~~
INFO     : Iter 36: overlap=0       heapops=105230     (95%) cpd=13321 frr=56.93  msec=683
INFO     : ~~~~~~~~~~~~~~~~~~~~~~~~~~~~~~~~~~~~~~~~~~~~~~~~~~~~~~~~~~~~~~~~~~~~~~~~~~~~~~~~
INFO     : Routing Result
INFO     : ~~~~~~~~~~~~~~~~~~~~~~~~~~~~~~~~~~~~~~~~~~~~~~~~~~~~~~~~~~~~~~~~~~~~~~~~~~~~~~~~
INFO     : Routing Succeeded in 24.94 seconds taking 36 iterations! 
INFO     : 
INFO     : First iteration critical path delay = 0.234 ns 
INFO     : Last iteration critical path delay  = 13.321 ns (ratio = 56.93)
INFO     : Max Routing Heap Size = 100,001
INFO     : Routing trace written to file 'outflow\Ti60_Demo.troutingtraces' 
INFO     : ~~~~~~~~~~~~~~~~~~~~~~~~~~~~~~~~~~~~~~~~~~~~~~~~~~~~~~~~~~~~~~~~~~~~~~~~~~~~~~~~
INFO     : Routing took 30.3072 seconds.
INFO     : 	Routing took 98.5156 seconds (approximately) in total CPU time.
INFO     : Routing virtual memory usage: begin = 260.096 MB, end = 417.448 MB, delta = 157.352 MB
INFO     : 	Routing peak virtual memory usage = 1380.38 MB
INFO     : Routing resident set memory usage: begin = 265.376 MB, end = 422.684 MB, delta = 157.308 MB
INFO     : 	Routing peak resident set memory usage = 1392.25 MB
           ***** Beginning stage final timing analysis ... *****
WARNING  : [SDC D:/yilingsi_fpga/Efinity_Project/Ti60F225_OV5640_Face_Reproduction/Ti60_Demo.pt.sdc:14] No valid object(s) found for 'dsi_refclk_i'
WARNING  : [SDC D:/yilingsi_fpga/Efinity_Project/Ti60F225_OV5640_Face_Reproduction/Ti60_Demo.pt.sdc:14] No valid pin(s) found for clock
WARNING  : [SDC D:/yilingsi_fpga/Efinity_Project/Ti60F225_OV5640_Face_Reproduction/Ti60_Demo.pt.sdc:14] Unable to run 'create_clock' constraint due to warnings found
WARNING  : [SDC D:/yilingsi_fpga/Efinity_Project/Ti60F225_OV5640_Face_Reproduction/Ti60_Demo.pt.sdc:24] No valid object(s) found for 'clk_pixel_2x'
WARNING  : [SDC D:/yilingsi_fpga/Efinity_Project/Ti60F225_OV5640_Face_Reproduction/Ti60_Demo.pt.sdc:24] No valid pin(s) found for clock
WARNING  : [SDC D:/yilingsi_fpga/Efinity_Project/Ti60F225_OV5640_Face_Reproduction/Ti60_Demo.pt.sdc:24] Unable to run 'create_clock' constraint due to warnings found
WARNING  : [SDC D:/yilingsi_fpga/Efinity_Project/Ti60F225_OV5640_Face_Reproduction/Ti60_Demo.pt.sdc:29] No valid object(s) found for 'clk_54m'
WARNING  : [SDC D:/yilingsi_fpga/Efinity_Project/Ti60F225_OV5640_Face_Reproduction/Ti60_Demo.pt.sdc:29] No valid pin(s) found for clock
WARNING  : [SDC D:/yilingsi_fpga/Efinity_Project/Ti60F225_OV5640_Face_Reproduction/Ti60_Demo.pt.sdc:29] Unable to run 'create_clock' constraint due to warnings found
WARNING  : No ports matched 'csi_rxc_i'
WARNING  : [SDC D:/yilingsi_fpga/Efinity_Project/Ti60F225_OV5640_Face_Reproduction/Ti60_Demo.pt.sdc:33] No valid pin(s) found for clock
WARNING  : [SDC D:/yilingsi_fpga/Efinity_Project/Ti60F225_OV5640_Face_Reproduction/Ti60_Demo.pt.sdc:33] Unable to run 'create_clock' constraint due to warnings found
WARNING  : [SDC D:/yilingsi_fpga/Efinity_Project/Ti60F225_OV5640_Face_Reproduction/Ti60_Demo.pt.sdc:35] set_clock_groups: Defaulting to -exclusive since none of the required option was specified
WARNING  : No clocks matched 'csi_rxc_i'
WARNING  : No clocks matched 'csi_rxc_i'
WARNING  : No ports matched 'i_dqs_n_lo[0]'
WARNING  : No ports matched 'i_dqs_n_hi[0]'
WARNING  : [SDC D:/yilingsi_fpga/Efinity_Project/Ti60F225_OV5640_Face_Reproduction/Ti60_Demo.pt.sdc:341] set_input_delay: No valid input port(s) found
WARNING  : [SDC D:/yilingsi_fpga/Efinity_Project/Ti60F225_OV5640_Face_Reproduction/Ti60_Demo.pt.sdc:341] Unable to run 'set_input_delay' constraint due to warnings found
WARNING  : No ports matched 'i_dqs_n_lo[0]'
WARNING  : No ports matched 'i_dqs_n_hi[0]'
WARNING  : [SDC D:/yilingsi_fpga/Efinity_Project/Ti60F225_OV5640_Face_Reproduction/Ti60_Demo.pt.sdc:342] set_input_delay: No valid input port(s) found
WARNING  : [SDC D:/yilingsi_fpga/Efinity_Project/Ti60F225_OV5640_Face_Reproduction/Ti60_Demo.pt.sdc:342] Unable to run 'set_input_delay' constraint due to warnings found
WARNING  : No ports matched 'i_dqs_n_lo[1]'
WARNING  : No ports matched 'i_dqs_n_hi[1]'
WARNING  : [SDC D:/yilingsi_fpga/Efinity_Project/Ti60F225_OV5640_Face_Reproduction/Ti60_Demo.pt.sdc:347] set_input_delay: No valid input port(s) found
WARNING  : [SDC D:/yilingsi_fpga/Efinity_Project/Ti60F225_OV5640_Face_Reproduction/Ti60_Demo.pt.sdc:347] Unable to run 'set_input_delay' constraint due to warnings found
WARNING  : No ports matched 'i_dqs_n_lo[1]'
WARNING  : No ports matched 'i_dqs_n_hi[1]'
WARNING  : [SDC D:/yilingsi_fpga/Efinity_Project/Ti60F225_OV5640_Face_Reproduction/Ti60_Demo.pt.sdc:348] set_input_delay: No valid input port(s) found
WARNING  : [SDC D:/yilingsi_fpga/Efinity_Project/Ti60F225_OV5640_Face_Reproduction/Ti60_Demo.pt.sdc:348] Unable to run 'set_input_delay' constraint due to warnings found
WARNING  : No ports matched 'csi_rxc_i~CLKOUT~218~278'
WARNING  : No ports matched 'csi_rxd0_fifo_rd_o'
WARNING  : [SDC D:/yilingsi_fpga/Efinity_Project/Ti60F225_OV5640_Face_Reproduction/Ti60_Demo.pt.sdc:576] No clocks matched 'csi_rxc_i'
WARNING  : [SDC D:/yilingsi_fpga/Efinity_Project/Ti60F225_OV5640_Face_Reproduction/Ti60_Demo.pt.sdc:576] set_output_delay: No valid clock found for -clock
WARNING  : [SDC D:/yilingsi_fpga/Efinity_Project/Ti60F225_OV5640_Face_Reproduction/Ti60_Demo.pt.sdc:576] Unable to run 'set_output_delay' constraint due to warnings found
WARNING  : No ports matched 'csi_rxc_i~CLKOUT~218~278'
WARNING  : No ports matched 'csi_rxd0_fifo_rd_o'
WARNING  : [SDC D:/yilingsi_fpga/Efinity_Project/Ti60F225_OV5640_Face_Reproduction/Ti60_Demo.pt.sdc:577] No clocks matched 'csi_rxc_i'
WARNING  : [SDC D:/yilingsi_fpga/Efinity_Project/Ti60F225_OV5640_Face_Reproduction/Ti60_Demo.pt.sdc:577] set_output_delay: No valid clock found for -clock
WARNING  : [SDC D:/yilingsi_fpga/Efinity_Project/Ti60F225_OV5640_Face_Reproduction/Ti60_Demo.pt.sdc:577] Unable to run 'set_output_delay' constraint due to warnings found
WARNING  : No ports matched 'csi_rxc_i~CLKOUT~218~278'
WARNING  : [SDC D:/yilingsi_fpga/Efinity_Project/Ti60F225_OV5640_Face_Reproduction/Ti60_Demo.pt.sdc:578] No clocks matched 'csi_rxc_i'
WARNING  : [SDC D:/yilingsi_fpga/Efinity_Project/Ti60F225_OV5640_Face_Reproduction/Ti60_Demo.pt.sdc:578] set_output_delay: No valid clock found for -clock
WARNING  : [SDC D:/yilingsi_fpga/Efinity_Project/Ti60F225_OV5640_Face_Reproduction/Ti60_Demo.pt.sdc:578] Unable to run 'set_output_delay' constraint due to warnings found
WARNING  : No ports matched 'csi_rxc_i~CLKOUT~218~278'
WARNING  : [SDC D:/yilingsi_fpga/Efinity_Project/Ti60F225_OV5640_Face_Reproduction/Ti60_Demo.pt.sdc:579] No clocks matched 'csi_rxc_i'
WARNING  : [SDC D:/yilingsi_fpga/Efinity_Project/Ti60F225_OV5640_Face_Reproduction/Ti60_Demo.pt.sdc:579] set_output_delay: No valid clock found for -clock
WARNING  : [SDC D:/yilingsi_fpga/Efinity_Project/Ti60F225_OV5640_Face_Reproduction/Ti60_Demo.pt.sdc:579] Unable to run 'set_output_delay' constraint due to warnings found
WARNING  : No ports matched 'csi_rxc_i~CLKOUT~218~278'
WARNING  : No ports matched 'csi_rxd0_fifo_empty_i'
WARNING  : [SDC D:/yilingsi_fpga/Efinity_Project/Ti60F225_OV5640_Face_Reproduction/Ti60_Demo.pt.sdc:580] No clocks matched 'csi_rxc_i'
WARNING  : [SDC D:/yilingsi_fpga/Efinity_Project/Ti60F225_OV5640_Face_Reproduction/Ti60_Demo.pt.sdc:580] set_input_delay: No valid clock found for -clock
WARNING  : [SDC D:/yilingsi_fpga/Efinity_Project/Ti60F225_OV5640_Face_Reproduction/Ti60_Demo.pt.sdc:580] Unable to run 'set_input_delay' constraint due to warnings found
WARNING  : No ports matched 'csi_rxc_i~CLKOUT~218~278'
WARNING  : No ports matched 'csi_rxd0_fifo_empty_i'
WARNING  : [SDC D:/yilingsi_fpga/Efinity_Project/Ti60F225_OV5640_Face_Reproduction/Ti60_Demo.pt.sdc:581] No clocks matched 'csi_rxc_i'
WARNING  : [SDC D:/yilingsi_fpga/Efinity_Project/Ti60F225_OV5640_Face_Reproduction/Ti60_Demo.pt.sdc:581] set_input_delay: No valid clock found for -clock
WARNING  : [SDC D:/yilingsi_fpga/Efinity_Project/Ti60F225_OV5640_Face_Reproduction/Ti60_Demo.pt.sdc:581] Unable to run 'set_input_delay' constraint due to warnings found
WARNING  : No ports matched 'csi_rxc_i~CLKOUT~218~278'
WARNING  : No ports matched 'csi_rxd0_hs_i[*]'
WARNING  : [SDC D:/yilingsi_fpga/Efinity_Project/Ti60F225_OV5640_Face_Reproduction/Ti60_Demo.pt.sdc:582] No clocks matched 'csi_rxc_i'
WARNING  : [SDC D:/yilingsi_fpga/Efinity_Project/Ti60F225_OV5640_Face_Reproduction/Ti60_Demo.pt.sdc:582] set_input_delay: No valid clock found for -clock
WARNING  : [SDC D:/yilingsi_fpga/Efinity_Project/Ti60F225_OV5640_Face_Reproduction/Ti60_Demo.pt.sdc:582] Unable to run 'set_input_delay' constraint due to warnings found
WARNING  : No ports matched 'csi_rxc_i~CLKOUT~218~278'
WARNING  : No ports matched 'csi_rxd0_hs_i[*]'
WARNING  : [SDC D:/yilingsi_fpga/Efinity_Project/Ti60F225_OV5640_Face_Reproduction/Ti60_Demo.pt.sdc:583] No clocks matched 'csi_rxc_i'
WARNING  : [SDC D:/yilingsi_fpga/Efinity_Project/Ti60F225_OV5640_Face_Reproduction/Ti60_Demo.pt.sdc:583] set_input_delay: No valid clock found for -clock
WARNING  : [SDC D:/yilingsi_fpga/Efinity_Project/Ti60F225_OV5640_Face_Reproduction/Ti60_Demo.pt.sdc:583] Unable to run 'set_input_delay' constraint due to warnings found
WARNING  : No ports matched 'csi_rxc_i~CLKOUT~218~294'
WARNING  : No ports matched 'csi_rxd1_fifo_rd_o'
WARNING  : [SDC D:/yilingsi_fpga/Efinity_Project/Ti60F225_OV5640_Face_Reproduction/Ti60_Demo.pt.sdc:584] No clocks matched 'csi_rxc_i'
WARNING  : [SDC D:/yilingsi_fpga/Efinity_Project/Ti60F225_OV5640_Face_Reproduction/Ti60_Demo.pt.sdc:584] set_output_delay: No valid clock found for -clock
WARNING  : [SDC D:/yilingsi_fpga/Efinity_Project/Ti60F225_OV5640_Face_Reproduction/Ti60_Demo.pt.sdc:584] Unable to run 'set_output_delay' constraint due to warnings found
WARNING  : No ports matched 'csi_rxc_i~CLKOUT~218~294'
WARNING  : No ports matched 'csi_rxd1_fifo_rd_o'
WARNING  : [SDC D:/yilingsi_fpga/Efinity_Project/Ti60F225_OV5640_Face_Reproduction/Ti60_Demo.pt.sdc:585] No clocks matched 'csi_rxc_i'
WARNING  : [SDC D:/yilingsi_fpga/Efinity_Project/Ti60F225_OV5640_Face_Reproduction/Ti60_Demo.pt.sdc:585] set_output_delay: No valid clock found for -clock
WARNING  : [SDC D:/yilingsi_fpga/Efinity_Project/Ti60F225_OV5640_Face_Reproduction/Ti60_Demo.pt.sdc:585] Unable to run 'set_output_delay' constraint due to warnings found
WARNING  : No ports matched 'csi_rxc_i~CLKOUT~218~294'
WARNING  : [SDC D:/yilingsi_fpga/Efinity_Project/Ti60F225_OV5640_Face_Reproduction/Ti60_Demo.pt.sdc:586] No clocks matched 'csi_rxc_i'
WARNING  : [SDC D:/yilingsi_fpga/Efinity_Project/Ti60F225_OV5640_Face_Reproduction/Ti60_Demo.pt.sdc:586] set_output_delay: No valid clock found for -clock
WARNING  : [SDC D:/yilingsi_fpga/Efinity_Project/Ti60F225_OV5640_Face_Reproduction/Ti60_Demo.pt.sdc:586] Unable to run 'set_output_delay' constraint due to warnings found
WARNING  : No ports matched 'csi_rxc_i~CLKOUT~218~294'
WARNING  : [SDC D:/yilingsi_fpga/Efinity_Project/Ti60F225_OV5640_Face_Reproduction/Ti60_Demo.pt.sdc:587] No clocks matched 'csi_rxc_i'
WARNING  : [SDC D:/yilingsi_fpga/Efinity_Project/Ti60F225_OV5640_Face_Reproduction/Ti60_Demo.pt.sdc:587] set_output_delay: No valid clock found for -clock
WARNING  : [SDC D:/yilingsi_fpga/Efinity_Project/Ti60F225_OV5640_Face_Reproduction/Ti60_Demo.pt.sdc:587] Unable to run 'set_output_delay' constraint due to warnings found
WARNING  : No ports matched 'csi_rxc_i~CLKOUT~218~294'
WARNING  : No ports matched 'csi_rxd1_fifo_empty_i'
WARNING  : [SDC D:/yilingsi_fpga/Efinity_Project/Ti60F225_OV5640_Face_Reproduction/Ti60_Demo.pt.sdc:588] No clocks matched 'csi_rxc_i'
WARNING  : [SDC D:/yilingsi_fpga/Efinity_Project/Ti60F225_OV5640_Face_Reproduction/Ti60_Demo.pt.sdc:588] set_input_delay: No valid clock found for -clock
WARNING  : [SDC D:/yilingsi_fpga/Efinity_Project/Ti60F225_OV5640_Face_Reproduction/Ti60_Demo.pt.sdc:588] Unable to run 'set_input_delay' constraint due to warnings found
WARNING  : No ports matched 'csi_rxc_i~CLKOUT~218~294'
WARNING  : No ports matched 'csi_rxd1_fifo_empty_i'
WARNING  : [SDC D:/yilingsi_fpga/Efinity_Project/Ti60F225_OV5640_Face_Reproduction/Ti60_Demo.pt.sdc:589] No clocks matched 'csi_rxc_i'
WARNING  : [SDC D:/yilingsi_fpga/Efinity_Project/Ti60F225_OV5640_Face_Reproduction/Ti60_Demo.pt.sdc:589] set_input_delay: No valid clock found for -clock
WARNING  : [SDC D:/yilingsi_fpga/Efinity_Project/Ti60F225_OV5640_Face_Reproduction/Ti60_Demo.pt.sdc:589] Unable to run 'set_input_delay' constraint due to warnings found
WARNING  : No ports matched 'csi_rxc_i~CLKOUT~218~294'
WARNING  : No ports matched 'csi_rxd1_hs_i[*]'
WARNING  : [SDC D:/yilingsi_fpga/Efinity_Project/Ti60F225_OV5640_Face_Reproduction/Ti60_Demo.pt.sdc:590] No clocks matched 'csi_rxc_i'
WARNING  : [SDC D:/yilingsi_fpga/Efinity_Project/Ti60F225_OV5640_Face_Reproduction/Ti60_Demo.pt.sdc:590] set_input_delay: No valid clock found for -clock
WARNING  : [SDC D:/yilingsi_fpga/Efinity_Project/Ti60F225_OV5640_Face_Reproduction/Ti60_Demo.pt.sdc:590] Unable to run 'set_input_delay' constraint due to warnings found
WARNING  : No ports matched 'csi_rxc_i~CLKOUT~218~294'
WARNING  : No ports matched 'csi_rxd1_hs_i[*]'
WARNING  : [SDC D:/yilingsi_fpga/Efinity_Project/Ti60F225_OV5640_Face_Reproduction/Ti60_Demo.pt.sdc:591] No clocks matched 'csi_rxc_i'
WARNING  : [SDC D:/yilingsi_fpga/Efinity_Project/Ti60F225_OV5640_Face_Reproduction/Ti60_Demo.pt.sdc:591] set_input_delay: No valid clock found for -clock
WARNING  : [SDC D:/yilingsi_fpga/Efinity_Project/Ti60F225_OV5640_Face_Reproduction/Ti60_Demo.pt.sdc:591] Unable to run 'set_input_delay' constraint due to warnings found
WARNING  : No ports matched 'csi_rxc_i~CLKOUT~218~245'
WARNING  : No ports matched 'csi_rxd2_fifo_rd_o'
WARNING  : [SDC D:/yilingsi_fpga/Efinity_Project/Ti60F225_OV5640_Face_Reproduction/Ti60_Demo.pt.sdc:592] No clocks matched 'csi_rxc_i'
WARNING  : [SDC D:/yilingsi_fpga/Efinity_Project/Ti60F225_OV5640_Face_Reproduction/Ti60_Demo.pt.sdc:592] set_output_delay: No valid clock found for -clock
WARNING  : [SDC D:/yilingsi_fpga/Efinity_Project/Ti60F225_OV5640_Face_Reproduction/Ti60_Demo.pt.sdc:592] Unable to run 'set_output_delay' constraint due to warnings found
WARNING  : No ports matched 'csi_rxc_i~CLKOUT~218~245'
WARNING  : No ports matched 'csi_rxd2_fifo_rd_o'
WARNING  : [SDC D:/yilingsi_fpga/Efinity_Project/Ti60F225_OV5640_Face_Reproduction/Ti60_Demo.pt.sdc:593] No clocks matched 'csi_rxc_i'
WARNING  : [SDC D:/yilingsi_fpga/Efinity_Project/Ti60F225_OV5640_Face_Reproduction/Ti60_Demo.pt.sdc:593] set_output_delay: No valid clock found for -clock
WARNING  : [SDC D:/yilingsi_fpga/Efinity_Project/Ti60F225_OV5640_Face_Reproduction/Ti60_Demo.pt.sdc:593] Unable to run 'set_output_delay' constraint due to warnings found
WARNING  : No ports matched 'csi_rxc_i~CLKOUT~218~245'
WARNING  : [SDC D:/yilingsi_fpga/Efinity_Project/Ti60F225_OV5640_Face_Reproduction/Ti60_Demo.pt.sdc:594] No clocks matched 'csi_rxc_i'
WARNING  : [SDC D:/yilingsi_fpga/Efinity_Project/Ti60F225_OV5640_Face_Reproduction/Ti60_Demo.pt.sdc:594] set_output_delay: No valid clock found for -clock
WARNING  : [SDC D:/yilingsi_fpga/Efinity_Project/Ti60F225_OV5640_Face_Reproduction/Ti60_Demo.pt.sdc:594] Unable to run 'set_output_delay' constraint due to warnings found
WARNING  : No ports matched 'csi_rxc_i~CLKOUT~218~245'
WARNING  : [SDC D:/yilingsi_fpga/Efinity_Project/Ti60F225_OV5640_Face_Reproduction/Ti60_Demo.pt.sdc:595] No clocks matched 'csi_rxc_i'
WARNING  : [SDC D:/yilingsi_fpga/Efinity_Project/Ti60F225_OV5640_Face_Reproduction/Ti60_Demo.pt.sdc:595] set_output_delay: No valid clock found for -clock
WARNING  : [SDC D:/yilingsi_fpga/Efinity_Project/Ti60F225_OV5640_Face_Reproduction/Ti60_Demo.pt.sdc:595] Unable to run 'set_output_delay' constraint due to warnings found
WARNING  : No ports matched 'csi_rxc_i~CLKOUT~218~245'
WARNING  : No ports matched 'csi_rxd2_fifo_empty_i'
WARNING  : [SDC D:/yilingsi_fpga/Efinity_Project/Ti60F225_OV5640_Face_Reproduction/Ti60_Demo.pt.sdc:596] No clocks matched 'csi_rxc_i'
WARNING  : [SDC D:/yilingsi_fpga/Efinity_Project/Ti60F225_OV5640_Face_Reproduction/Ti60_Demo.pt.sdc:596] set_input_delay: No valid clock found for -clock
WARNING  : [SDC D:/yilingsi_fpga/Efinity_Project/Ti60F225_OV5640_Face_Reproduction/Ti60_Demo.pt.sdc:596] Unable to run 'set_input_delay' constraint due to warnings found
WARNING  : No ports matched 'csi_rxc_i~CLKOUT~218~245'
WARNING  : No ports matched 'csi_rxd2_fifo_empty_i'
WARNING  : [SDC D:/yilingsi_fpga/Efinity_Project/Ti60F225_OV5640_Face_Reproduction/Ti60_Demo.pt.sdc:597] No clocks matched 'csi_rxc_i'
WARNING  : [SDC D:/yilingsi_fpga/Efinity_Project/Ti60F225_OV5640_Face_Reproduction/Ti60_Demo.pt.sdc:597] set_input_delay: No valid clock found for -clock
WARNING  : [SDC D:/yilingsi_fpga/Efinity_Project/Ti60F225_OV5640_Face_Reproduction/Ti60_Demo.pt.sdc:597] Unable to run 'set_input_delay' constraint due to warnings found
WARNING  : No ports matched 'csi_rxc_i~CLKOUT~218~245'
WARNING  : No ports matched 'csi_rxd2_hs_i[*]'
WARNING  : [SDC D:/yilingsi_fpga/Efinity_Project/Ti60F225_OV5640_Face_Reproduction/Ti60_Demo.pt.sdc:598] No clocks matched 'csi_rxc_i'
WARNING  : [SDC D:/yilingsi_fpga/Efinity_Project/Ti60F225_OV5640_Face_Reproduction/Ti60_Demo.pt.sdc:598] set_input_delay: No valid clock found for -clock
WARNING  : [SDC D:/yilingsi_fpga/Efinity_Project/Ti60F225_OV5640_Face_Reproduction/Ti60_Demo.pt.sdc:598] Unable to run 'set_input_delay' constraint due to warnings found
WARNING  : No ports matched 'csi_rxc_i~CLKOUT~218~245'
WARNING  : No ports matched 'csi_rxd2_hs_i[*]'
WARNING  : [SDC D:/yilingsi_fpga/Efinity_Project/Ti60F225_OV5640_Face_Reproduction/Ti60_Demo.pt.sdc:599] No clocks matched 'csi_rxc_i'
WARNING  : [SDC D:/yilingsi_fpga/Efinity_Project/Ti60F225_OV5640_Face_Reproduction/Ti60_Demo.pt.sdc:599] set_input_delay: No valid clock found for -clock
WARNING  : [SDC D:/yilingsi_fpga/Efinity_Project/Ti60F225_OV5640_Face_Reproduction/Ti60_Demo.pt.sdc:599] Unable to run 'set_input_delay' constraint due to warnings found
WARNING  : No ports matched 'csi_rxc_i~CLKOUT~218~255'
WARNING  : No ports matched 'csi_rxd3_fifo_rd_o'
WARNING  : [SDC D:/yilingsi_fpga/Efinity_Project/Ti60F225_OV5640_Face_Reproduction/Ti60_Demo.pt.sdc:600] No clocks matched 'csi_rxc_i'
WARNING  : [SDC D:/yilingsi_fpga/Efinity_Project/Ti60F225_OV5640_Face_Reproduction/Ti60_Demo.pt.sdc:600] set_output_delay: No valid clock found for -clock
WARNING  : [SDC D:/yilingsi_fpga/Efinity_Project/Ti60F225_OV5640_Face_Reproduction/Ti60_Demo.pt.sdc:600] Unable to run 'set_output_delay' constraint due to warnings found
WARNING  : No ports matched 'csi_rxc_i~CLKOUT~218~255'
WARNING  : No ports matched 'csi_rxd3_fifo_rd_o'
WARNING  : [SDC D:/yilingsi_fpga/Efinity_Project/Ti60F225_OV5640_Face_Reproduction/Ti60_Demo.pt.sdc:601] No clocks matched 'csi_rxc_i'
WARNING  : [SDC D:/yilingsi_fpga/Efinity_Project/Ti60F225_OV5640_Face_Reproduction/Ti60_Demo.pt.sdc:601] set_output_delay: No valid clock found for -clock
WARNING  : [SDC D:/yilingsi_fpga/Efinity_Project/Ti60F225_OV5640_Face_Reproduction/Ti60_Demo.pt.sdc:601] Unable to run 'set_output_delay' constraint due to warnings found
WARNING  : No ports matched 'csi_rxc_i~CLKOUT~218~255'
WARNING  : [SDC D:/yilingsi_fpga/Efinity_Project/Ti60F225_OV5640_Face_Reproduction/Ti60_Demo.pt.sdc:602] No clocks matched 'csi_rxc_i'
WARNING  : [SDC D:/yilingsi_fpga/Efinity_Project/Ti60F225_OV5640_Face_Reproduction/Ti60_Demo.pt.sdc:602] set_output_delay: No valid clock found for -clock
WARNING  : [SDC D:/yilingsi_fpga/Efinity_Project/Ti60F225_OV5640_Face_Reproduction/Ti60_Demo.pt.sdc:602] Unable to run 'set_output_delay' constraint due to warnings found
WARNING  : No ports matched 'csi_rxc_i~CLKOUT~218~255'
WARNING  : [SDC D:/yilingsi_fpga/Efinity_Project/Ti60F225_OV5640_Face_Reproduction/Ti60_Demo.pt.sdc:603] No clocks matched 'csi_rxc_i'
WARNING  : [SDC D:/yilingsi_fpga/Efinity_Project/Ti60F225_OV5640_Face_Reproduction/Ti60_Demo.pt.sdc:603] set_output_delay: No valid clock found for -clock
WARNING  : [SDC D:/yilingsi_fpga/Efinity_Project/Ti60F225_OV5640_Face_Reproduction/Ti60_Demo.pt.sdc:603] Unable to run 'set_output_delay' constraint due to warnings found
WARNING  : No ports matched 'csi_rxc_i~CLKOUT~218~255'
WARNING  : No ports matched 'csi_rxd3_fifo_empty_i'
WARNING  : [SDC D:/yilingsi_fpga/Efinity_Project/Ti60F225_OV5640_Face_Reproduction/Ti60_Demo.pt.sdc:604] No clocks matched 'csi_rxc_i'
WARNING  : [SDC D:/yilingsi_fpga/Efinity_Project/Ti60F225_OV5640_Face_Reproduction/Ti60_Demo.pt.sdc:604] set_input_delay: No valid clock found for -clock
WARNING  : [SDC D:/yilingsi_fpga/Efinity_Project/Ti60F225_OV5640_Face_Reproduction/Ti60_Demo.pt.sdc:604] Unable to run 'set_input_delay' constraint due to warnings found
WARNING  : No ports matched 'csi_rxc_i~CLKOUT~218~255'
WARNING  : No ports matched 'csi_rxd3_fifo_empty_i'
WARNING  : [SDC D:/yilingsi_fpga/Efinity_Project/Ti60F225_OV5640_Face_Reproduction/Ti60_Demo.pt.sdc:605] No clocks matched 'csi_rxc_i'
WARNING  : [SDC D:/yilingsi_fpga/Efinity_Project/Ti60F225_OV5640_Face_Reproduction/Ti60_Demo.pt.sdc:605] set_input_delay: No valid clock found for -clock
WARNING  : [SDC D:/yilingsi_fpga/Efinity_Project/Ti60F225_OV5640_Face_Reproduction/Ti60_Demo.pt.sdc:605] Unable to run 'set_input_delay' constraint due to warnings found
WARNING  : No ports matched 'csi_rxc_i~CLKOUT~218~255'
WARNING  : No ports matched 'csi_rxd3_hs_i[*]'
WARNING  : [SDC D:/yilingsi_fpga/Efinity_Project/Ti60F225_OV5640_Face_Reproduction/Ti60_Demo.pt.sdc:606] No clocks matched 'csi_rxc_i'
WARNING  : [SDC D:/yilingsi_fpga/Efinity_Project/Ti60F225_OV5640_Face_Reproduction/Ti60_Demo.pt.sdc:606] set_input_delay: No valid clock found for -clock
WARNING  : [SDC D:/yilingsi_fpga/Efinity_Project/Ti60F225_OV5640_Face_Reproduction/Ti60_Demo.pt.sdc:606] Unable to run 'set_input_delay' constraint due to warnings found
WARNING  : No ports matched 'csi_rxc_i~CLKOUT~218~255'
WARNING  : No ports matched 'csi_rxd3_hs_i[*]'
WARNING  : [SDC D:/yilingsi_fpga/Efinity_Project/Ti60F225_OV5640_Face_Reproduction/Ti60_Demo.pt.sdc:607] No clocks matched 'csi_rxc_i'
WARNING  : [SDC D:/yilingsi_fpga/Efinity_Project/Ti60F225_OV5640_Face_Reproduction/Ti60_Demo.pt.sdc:607] set_input_delay: No valid clock found for -clock
WARNING  : [SDC D:/yilingsi_fpga/Efinity_Project/Ti60F225_OV5640_Face_Reproduction/Ti60_Demo.pt.sdc:607] Unable to run 'set_input_delay' constraint due to warnings found
INFO     : Timer::BuildGraph: ============ Cutting edge BACK edge from u_streaming_connected_components/u_true_ccl/i119:in[1] to u_streaming_connected_components/u_true_ccl/i119:out 
Maximum possible analyzed clocks frequency
 Clock Name  Period (ns)  Frequency (MHz)     Edge
 tdqss_clk       2.159       463.177         (R-R)
 core_clk        4.405       227.015         (R-R)
 tac_clk         2.131       469.263         (R-R)
 twd_clk         2.036       491.159         (R-R)
 clk_sys         6.130       163.132         (R-R)
 clk_pixel      13.431        74.455         (R-R)
 cmos_pclk       6.722       148.765         (F-R)

Geomean max period: 4.194

Setup (Max) Clock Relationship
  Launch Clock    Capture Clock   Constraint (ns)     Slack (ns)          Edge
   tdqss_clk        tdqss_clk           2.604           0.445            (R-R)
   tdqss_clk        core_clk            2.604           1.855            (R-R)
   core_clk         tdqss_clk           2.604           1.649            (R-R)
   core_clk         core_clk            5.208           0.803            (R-R)
   core_clk         tac_clk             2.604           1.927            (R-R)
   core_clk         twd_clk             0.541           0.317            (R-R)
   tac_clk          core_clk            2.604           1.735            (R-R)
   tac_clk          tac_clk             2.604           0.473            (R-R)
   twd_clk          twd_clk             2.604           0.568            (R-R)
   clk_sys          clk_sys            10.417           4.287            (R-R)
   clk_pixel        clk_pixel          13.441           0.010            (R-R)
   cmos_pclk        cmos_pclk          10.000           7.102            (R-R)
   cmos_pclk        cmos_pclk           5.000           1.639            (F-R)

Hold (Min) Clock Relationship
  Launch Clock    Capture Clock   Constraint (ns)     Slack (ns)          Edge
   tdqss_clk        tdqss_clk           0.000           0.096            (R-R)
   tdqss_clk        core_clk            0.000           0.140            (R-R)
   core_clk         tdqss_clk           0.000           0.070            (R-R)
   core_clk         core_clk            0.000           0.030            (R-R)
   core_clk         tac_clk             0.000           0.053            (R-R)
   core_clk         twd_clk            -1.883           2.024            (R-R)
   tac_clk          core_clk            0.000           0.169            (R-R)
   tac_clk          tac_clk             0.000           0.026            (R-R)
   twd_clk          twd_clk             0.000           0.022            (R-R)
   clk_sys          clk_sys             0.000           0.035            (R-R)
   clk_pixel        clk_pixel           0.000           0.045            (R-R)
   cmos_pclk        cmos_pclk           0.000           0.094            (R-R)
   cmos_pclk        cmos_pclk          -5.000           6.000            (F-R)

INFO     : Write Timing Report to "outflow\Ti60_Demo.timing.rpt" ...
INFO     : final timing analysis took 13.0093 seconds.
INFO     : 	final timing analysis took 12.8906 seconds (approximately) in total CPU time.
INFO     : final timing analysis virtual memory usage: begin = 462.624 MB, end = 536.552 MB, delta = 73.928 MB
INFO     : 	final timing analysis peak virtual memory usage = 1380.38 MB
INFO     : final timing analysis resident set memory usage: begin = 466.212 MB, end = 535.168 MB, delta = 68.956 MB
INFO     : 	final timing analysis peak resident set memory usage = 1392.25 MB
           ***** Ending stage final timing analysis *****
           
           ***** Beginning stage netlist pre-processing ... *****
INFO     : Successfully Read in Verific binary Netlist dump file "outflow\Ti60_Demo.vdb".
INFO     : ***** Beginning VDB Netlist Checker ... *****
WARNING  : D:\yilingsi_fpga\Efinity_Project\Ti60F225_OV5640_Face_Reproduction\example_top.v(11): Input/inout port clk_24m is unconnected and will be removed. [VDB-8003]
WARNING  : D:\yilingsi_fpga\Efinity_Project\Ti60F225_OV5640_Face_Reproduction\example_top.v(12): Input/inout port clk_25m is unconnected and will be removed. [VDB-8003]
WARNING  : D:\yilingsi_fpga\Efinity_Project\Ti60F225_OV5640_Face_Reproduction\example_top.v(21): Input/inout port clk_pixel_2x is unconnected and will be removed. [VDB-8003]
WARNING  : D:\yilingsi_fpga\Efinity_Project\Ti60F225_OV5640_Face_Reproduction\example_top.v(22): Input/inout port clk_pixel_10x is unconnected and will be removed. [VDB-8003]
WARNING  : D:\yilingsi_fpga\Efinity_Project\Ti60F225_OV5640_Face_Reproduction\example_top.v(30): Input/inout port dsi_refclk_i is unconnected and will be removed. [VDB-8003]
WARNING  : D:\yilingsi_fpga\Efinity_Project\Ti60F225_OV5640_Face_Reproduction\example_top.v(31): Input/inout port dsi_byteclk_i is unconnected and will be removed. [VDB-8003]
WARNING  : D:\yilingsi_fpga\Efinity_Project\Ti60F225_OV5640_Face_Reproduction\example_top.v(32): Input/inout port dsi_serclk_i is unconnected and will be removed. [VDB-8003]
WARNING  : D:\yilingsi_fpga\Efinity_Project\Ti60F225_OV5640_Face_Reproduction\example_top.v(33): Input/inout port dsi_txcclk_i is unconnected and will be removed. [VDB-8003]
WARNING  : D:\yilingsi_fpga\Efinity_Project\Ti60F225_OV5640_Face_Reproduction\example_top.v(60): Input/inout port clk_lvds_1x is unconnected and will be removed. [VDB-8003]
WARNING  : D:\yilingsi_fpga\Efinity_Project\Ti60F225_OV5640_Face_Reproduction\example_top.v(61): Input/inout port clk_lvds_7x is unconnected and will be removed. [VDB-8003]
WARNING  : D:\yilingsi_fpga\Efinity_Project\Ti60F225_OV5640_Face_Reproduction\example_top.v(62): Input/inout port clk_27m is unconnected and will be removed. [VDB-8003]
WARNING  : D:\yilingsi_fpga\Efinity_Project\Ti60F225_OV5640_Face_Reproduction\example_top.v(63): Input/inout port clk_54m is unconnected and will be removed. [VDB-8003]
WARNING  : D:\yilingsi_fpga\Efinity_Project\Ti60F225_OV5640_Face_Reproduction\example_top.v(97): Input/inout port i_dqs_n_hi[1] is unconnected and will be removed. [VDB-8003]
WARNING  : D:\yilingsi_fpga\Efinity_Project\Ti60F225_OV5640_Face_Reproduction\example_top.v(98): Input/inout port i_dqs_n_lo[1] is unconnected and will be removed. [VDB-8003]
WARNING  : D:\yilingsi_fpga\Efinity_Project\Ti60F225_OV5640_Face_Reproduction\example_top.v(121): Input/inout port csi_ctl0_i is unconnected and will be removed. [VDB-8003]
WARNING  : D:\yilingsi_fpga\Efinity_Project\Ti60F225_OV5640_Face_Reproduction\example_top.v(125): Input/inout port csi_ctl1_i is unconnected and will be removed. [VDB-8003]
WARNING  : D:\yilingsi_fpga\Efinity_Project\Ti60F225_OV5640_Face_Reproduction\example_top.v(129): Input/inout port csi_scl_i is unconnected and will be removed. [VDB-8003]
WARNING  : D:\yilingsi_fpga\Efinity_Project\Ti60F225_OV5640_Face_Reproduction\example_top.v(133): Input/inout port csi_sda_i is unconnected and will be removed. [VDB-8003]
WARNING  : D:\yilingsi_fpga\Efinity_Project\Ti60F225_OV5640_Face_Reproduction\example_top.v(136): Input/inout port csi_rxc_lp_p_i is unconnected and will be removed. [VDB-8003]
WARNING  : D:\yilingsi_fpga\Efinity_Project\Ti60F225_OV5640_Face_Reproduction\example_top.v(137): Input/inout port csi_rxc_lp_n_i is unconnected and will be removed. [VDB-8003]
WARNING  : D:\yilingsi_fpga\Efinity_Project\Ti60F225_OV5640_Face_Reproduction\example_top.v(140): Input/inout port csi_rxc_i is unconnected and will be removed. [VDB-8003]
WARNING  : D:\yilingsi_fpga\Efinity_Project\Ti60F225_OV5640_Face_Reproduction\example_top.v(147): Input/inout port csi_rxd0_lp_p_i is unconnected and will be removed. [VDB-8003]
WARNING  : D:\yilingsi_fpga\Efinity_Project\Ti60F225_OV5640_Face_Reproduction\example_top.v(148): Input/inout port csi_rxd0_lp_n_i is unconnected and will be removed. [VDB-8003]
WARNING  : D:\yilingsi_fpga\Efinity_Project\Ti60F225_OV5640_Face_Reproduction\example_top.v(149): Input/inout port csi_rxd0_hs_i[7] is unconnected and will be removed. [VDB-8003]
WARNING  : D:\yilingsi_fpga\Efinity_Project\Ti60F225_OV5640_Face_Reproduction\example_top.v(156): Input/inout port csi_rxd1_lp_n_i is unconnected and will be removed. [VDB-8003]
WARNING  : D:\yilingsi_fpga\Efinity_Project\Ti60F225_OV5640_Face_Reproduction\example_top.v(157): Input/inout port csi_rxd1_lp_p_i is unconnected and will be removed. [VDB-8003]
WARNING  : D:\yilingsi_fpga\Efinity_Project\Ti60F225_OV5640_Face_Reproduction\example_top.v(158): Input/inout port csi_rxd1_hs_i[7] is unconnected and will be removed. [VDB-8003]
WARNING  : D:\yilingsi_fpga\Efinity_Project\Ti60F225_OV5640_Face_Reproduction\example_top.v(165): Input/inout port csi_rxd2_lp_p_i is unconnected and will be removed. [VDB-8003]
WARNING  : D:\yilingsi_fpga\Efinity_Project\Ti60F225_OV5640_Face_Reproduction\example_top.v(166): Input/inout port csi_rxd2_lp_n_i is unconnected and will be removed. [VDB-8003]
WARNING  : D:\yilingsi_fpga\Efinity_Project\Ti60F225_OV5640_Face_Reproduction\example_top.v(167): Input/inout port csi_rxd2_hs_i[7] is unconnected and will be removed. [VDB-8003]
WARNING  : D:\yilingsi_fpga\Efinity_Project\Ti60F225_OV5640_Face_Reproduction\example_top.v(174): Input/inout port csi_rxd3_lp_p_i is unconnected and will be removed. [VDB-8003]
WARNING  : D:\yilingsi_fpga\Efinity_Project\Ti60F225_OV5640_Face_Reproduction\example_top.v(175): Input/inout port csi_rxd3_lp_n_i is unconnected and will be removed. [VDB-8003]
WARNING  : D:\yilingsi_fpga\Efinity_Project\Ti60F225_OV5640_Face_Reproduction\example_top.v(176): Input/inout port csi_rxd3_hs_i[7] is unconnected and will be removed. [VDB-8003]
WARNING  : D:\yilingsi_fpga\Efinity_Project\Ti60F225_OV5640_Face_Reproduction\example_top.v(235): Input/inout port dsi_txd0_lp_p_i is unconnected and will be removed. [VDB-8003]
WARNING  : D:\yilingsi_fpga\Efinity_Project\Ti60F225_OV5640_Face_Reproduction\example_top.v(236): Input/inout port dsi_txd0_lp_n_i is unconnected and will be removed. [VDB-8003]
WARNING  : D:\yilingsi_fpga\Efinity_Project\Ti60F225_OV5640_Face_Reproduction\example_top.v(237): Input/inout port dsi_txd1_lp_p_i is unconnected and will be removed. [VDB-8003]
WARNING  : D:\yilingsi_fpga\Efinity_Project\Ti60F225_OV5640_Face_Reproduction\example_top.v(238): Input/inout port dsi_txd1_lp_n_i is unconnected and will be removed. [VDB-8003]
WARNING  : D:\yilingsi_fpga\Efinity_Project\Ti60F225_OV5640_Face_Reproduction\example_top.v(239): Input/inout port dsi_txd2_lp_p_i is unconnected and will be removed. [VDB-8003]
WARNING  : D:\yilingsi_fpga\Efinity_Project\Ti60F225_OV5640_Face_Reproduction\example_top.v(240): Input/inout port dsi_txd2_lp_n_i is unconnected and will be removed. [VDB-8003]
WARNING  : D:\yilingsi_fpga\Efinity_Project\Ti60F225_OV5640_Face_Reproduction\example_top.v(241): Input/inout port dsi_txd3_lp_p_i is unconnected and will be removed. [VDB-8003]
WARNING  : D:\yilingsi_fpga\Efinity_Project\Ti60F225_OV5640_Face_Reproduction\example_top.v(242): Input/inout port dsi_txd3_lp_n_i is unconnected and will be removed. [VDB-8003]
WARNING  : D:\yilingsi_fpga\Efinity_Project\Ti60F225_OV5640_Face_Reproduction\example_top.v(257): Input/inout port cmos_sdat_IN is unconnected and will be removed. [VDB-8003]
WARNING  : D:\yilingsi_fpga\Efinity_Project\Ti60F225_OV5640_Face_Reproduction\example_top.v(269): Input/inout port cmos_ctl1_i is unconnected and will be removed. [VDB-8003]
WARNING  : D:\yilingsi_fpga\Efinity_Project\Ti60F225_OV5640_Face_Reproduction\example_top.v(272): Input/inout port cmos_ctl2_i is unconnected and will be removed. [VDB-8003]
WARNING  : D:\yilingsi_fpga\Efinity_Project\Ti60F225_OV5640_Face_Reproduction\example_top.v(275): Input/inout port cmos_ctl3_i is unconnected and will be removed. [VDB-8003]
WARNING  : D:\yilingsi_fpga\Efinity_Project\Ti60F225_OV5640_Face_Reproduction\example_top.v(323): Input/inout port lcd_tp_sda_i is unconnected and will be removed. [VDB-8003]
WARNING  : D:\yilingsi_fpga\Efinity_Project\Ti60F225_OV5640_Face_Reproduction\example_top.v(327): Input/inout port lcd_tp_scl_i is unconnected and will be removed. [VDB-8003]
WARNING  : D:\yilingsi_fpga\Efinity_Project\Ti60F225_OV5640_Face_Reproduction\example_top.v(331): Input/inout port lcd_tp_int_i is unconnected and will be removed. [VDB-8003]
WARNING  : D:\yilingsi_fpga\Efinity_Project\Ti60F225_OV5640_Face_Reproduction\example_top.v(351): Input/inout port lcd_b7_0_i[7] is unconnected and will be removed. [VDB-8003]
WARNING  : D:\yilingsi_fpga\Efinity_Project\Ti60F225_OV5640_Face_Reproduction\example_top.v(352): Input/inout port lcd_g7_0_i[7] is unconnected and will be removed. [VDB-8003]
WARNING  : D:\yilingsi_fpga\Efinity_Project\Ti60F225_OV5640_Face_Reproduction\example_top.v(353): Input/inout port lcd_r7_0_i[7] is unconnected and will be removed. [VDB-8003]
WARNING  : CE port of EFX_DSP48 instance u_bbox_filter_720p/n377_pp_0x0 is permanently disabled [VDB-8002]
WARNING  : CE port of EFX_DSP48 instance u_bbox_filter_720p/n578_pp_1x0 is permanently disabled [VDB-8002]
WARNING  : CE port of EFX_DSP48 instance u_bbox_filter_720p/n578_pp_0x0 is permanently disabled [VDB-8002]
WARNING  : CE port of EFX_DSP48 instance u_bbox_filter_720p/n377_pp_1x0 is permanently disabled [VDB-8002]
WARNING  : Found 106 warnings in the post-synthesis netlist.
INFO     : VDB Netlist Checker took 0.0333906 seconds.
INFO     : 	VDB Netlist Checker took 0.03125 seconds (approximately) in total CPU time.
INFO     : VDB Netlist Checker virtual memory usage: begin = 464.152 MB, end = 464.296 MB, delta = 0.144 MB
INFO     : 	VDB Netlist Checker peak virtual memory usage = 1380.38 MB
INFO     : VDB Netlist Checker resident set memory usage: begin = 470.672 MB, end = 470.808 MB, delta = 0.136 MB
INFO     : 	VDB Netlist Checker peak resident set memory usage = 1392.25 MB
INFO     : ***** Ending VDB Netlist Checker ... *****
INFO     : Writing netlist 'example_top' to Verilog file 'outflow\Ti60_Demo.prevpr.v' [VDB-1030]
INFO     : Reading core interface constraints file "outflow\Ti60_Demo.interface.csv"
INFO     : Successfully read core interface constraints file "outflow\Ti60_Demo.interface.csv"
INFO     : Net clk_lvds_1x promoted to global due to interface constraints.
INFO     : Net clk_pixel_10x promoted to global due to interface constraints.
INFO     : Net clk_lvds_7x promoted to global due to interface constraints.
INFO     : Net clk_27m promoted to global due to interface constraints.
INFO     : Net dsi_serclk_i promoted to global due to interface constraints.
INFO     : Net dsi_byteclk_i promoted to global due to interface constraints.
INFO     : Net dsi_txcclk_i promoted to global due to interface constraints.
INFO     : Found 0 constant generator nets.
INFO     : Pass 0: Swept away 0 nets with no fanout.
INFO     : logical_block #0(clk_24m) has no fanout.
INFO     : Removing input.
INFO     : logical_block #1(clk_25m) has no fanout.
INFO     : Removing input.
INFO     : logical_block #5(clk_pixel_2x) has no fanout.
INFO     : Removing input.
INFO     : logical_block #9(dsi_refclk_i) has no fanout.
INFO     : Removing input.
INFO     : logical_block #33(clk_54m) has no fanout.
INFO     : Removing input.
INFO     : logical_block #149(i_dqs_n_hi[1]) has no fanout.
INFO     : Removing input.
INFO     : logical_block #150(i_dqs_n_hi[0]) has no fanout.
INFO     : Removing input.
INFO     : logical_block #151(i_dqs_n_lo[1]) has no fanout.
INFO     : Removing input.
INFO     : logical_block #152(i_dqs_n_lo[0]) has no fanout.
INFO     : Removing input.
INFO     : logical_block #171(csi_ctl0_i) has no fanout.
INFO     : Removing input.
INFO     : logical_block #174(csi_ctl1_i) has no fanout.
INFO     : Removing input.
INFO     : logical_block #177(csi_scl_i) has no fanout.
INFO     : Removing input.
INFO     : logical_block #180(csi_sda_i) has no fanout.
INFO     : Removing input.
INFO     : logical_block #181(csi_rxc_lp_p_i) has no fanout.
INFO     : Removing input.
INFO     : logical_block #182(csi_rxc_lp_n_i) has no fanout.
INFO     : Removing input.
INFO     : logical_block #185(csi_rxc_i) has no fanout.
INFO     : Removing input.
INFO     : logical_block #189(csi_rxd0_lp_p_i) has no fanout.
INFO     : Removing input.
INFO     : logical_block #190(csi_rxd0_lp_n_i) has no fanout.
INFO     : Removing input.
INFO     : logical_block #191(csi_rxd0_hs_i[7]) has no fanout.
INFO     : Removing input.
INFO     : logical_block #192(csi_rxd0_hs_i[6]) has no fanout.
INFO     : Removing input.
INFO     : logical_block #193(csi_rxd0_hs_i[5]) has no fanout.
INFO     : Removing input.
INFO     : logical_block #194(csi_rxd0_hs_i[4]) has no fanout.
INFO     : Removing input.
INFO     : logical_block #195(csi_rxd0_hs_i[3]) has no fanout.
INFO     : Removing input.
INFO     : logical_block #196(csi_rxd0_hs_i[2]) has no fanout.
INFO     : Removing input.
INFO     : logical_block #197(csi_rxd0_hs_i[1]) has no fanout.
INFO     : Removing input.
INFO     : logical_block #198(csi_rxd0_hs_i[0]) has no fanout.
INFO     : Removing input.
INFO     : logical_block #202(csi_rxd1_lp_n_i) has no fanout.
INFO     : Removing input.
INFO     : logical_block #203(csi_rxd1_lp_p_i) has no fanout.
INFO     : Removing input.
INFO     : logical_block #204(csi_rxd1_hs_i[7]) has no fanout.
INFO     : Removing input.
INFO     : logical_block #205(csi_rxd1_hs_i[6]) has no fanout.
INFO     : Removing input.
INFO     : logical_block #206(csi_rxd1_hs_i[5]) has no fanout.
INFO     : Removing input.
INFO     : logical_block #207(csi_rxd1_hs_i[4]) has no fanout.
INFO     : Removing input.
INFO     : logical_block #208(csi_rxd1_hs_i[3]) has no fanout.
INFO     : Removing input.
INFO     : logical_block #209(csi_rxd1_hs_i[2]) has no fanout.
INFO     : Removing input.
INFO     : logical_block #210(csi_rxd1_hs_i[1]) has no fanout.
INFO     : Removing input.
INFO     : logical_block #211(csi_rxd1_hs_i[0]) has no fanout.
INFO     : Removing input.
INFO     : logical_block #215(csi_rxd2_lp_p_i) has no fanout.
INFO     : Removing input.
INFO     : logical_block #216(csi_rxd2_lp_n_i) has no fanout.
INFO     : Removing input.
INFO     : logical_block #217(csi_rxd2_hs_i[7]) has no fanout.
INFO     : Removing input.
INFO     : logical_block #218(csi_rxd2_hs_i[6]) has no fanout.
INFO     : Removing input.
INFO     : logical_block #219(csi_rxd2_hs_i[5]) has no fanout.
INFO     : Removing input.
INFO     : logical_block #220(csi_rxd2_hs_i[4]) has no fanout.
INFO     : Removing input.
INFO     : logical_block #221(csi_rxd2_hs_i[3]) has no fanout.
INFO     : Removing input.
INFO     : logical_block #222(csi_rxd2_hs_i[2]) has no fanout.
INFO     : Removing input.
INFO     : logical_block #223(csi_rxd2_hs_i[1]) has no fanout.
INFO     : Removing input.
INFO     : logical_block #224(csi_rxd2_hs_i[0]) has no fanout.
INFO     : Removing input.
INFO     : logical_block #228(csi_rxd3_lp_p_i) has no fanout.
INFO     : Removing input.
INFO     : logical_block #229(csi_rxd3_lp_n_i) has no fanout.
INFO     : Removing input.
INFO     : logical_block #230(csi_rxd3_hs_i[7]) has no fanout.
INFO     : Removing input.
INFO     : logical_block #231(csi_rxd3_hs_i[6]) has no fanout.
INFO     : Removing input.
INFO     : logical_block #232(csi_rxd3_hs_i[5]) has no fanout.
INFO     : Removing input.
INFO     : logical_block #233(csi_rxd3_hs_i[4]) has no fanout.
INFO     : Removing input.
INFO     : logical_block #234(csi_rxd3_hs_i[3]) has no fanout.
INFO     : Removing input.
INFO     : logical_block #235(csi_rxd3_hs_i[2]) has no fanout.
INFO     : Removing input.
INFO     : logical_block #236(csi_rxd3_hs_i[1]) has no fanout.
INFO     : Removing input.
INFO     : logical_block #237(csi_rxd3_hs_i[0]) has no fanout.
INFO     : Removing input.
INFO     : logical_block #310(dsi_txd0_lp_p_i) has no fanout.
INFO     : Removing input.
INFO     : logical_block #311(dsi_txd0_lp_n_i) has no fanout.
INFO     : Removing input.
INFO     : logical_block #312(dsi_txd1_lp_p_i) has no fanout.
INFO     : Removing input.
INFO     : logical_block #313(dsi_txd1_lp_n_i) has no fanout.
INFO     : Removing input.
INFO     : logical_block #314(dsi_txd2_lp_p_i) has no fanout.
INFO     : Removing input.
INFO     : logical_block #315(dsi_txd2_lp_n_i) has no fanout.
INFO     : Removing input.
INFO     : logical_block #316(dsi_txd3_lp_p_i) has no fanout.
INFO     : Removing input.
INFO     : logical_block #317(dsi_txd3_lp_n_i) has no fanout.
INFO     : Removing input.
INFO     : logical_block #327(cmos_sdat_IN) has no fanout.
INFO     : Removing input.
INFO     : logical_block #343(cmos_ctl1_i) has no fanout.
INFO     : Removing input.
INFO     : logical_block #346(cmos_ctl2_i) has no fanout.
INFO     : Removing input.
INFO     : logical_block #349(cmos_ctl3_i) has no fanout.
INFO     : Removing input.
INFO     : logical_block #445(lcd_tp_sda_i) has no fanout.
INFO     : Removing input.
INFO     : logical_block #448(lcd_tp_scl_i) has no fanout.
INFO     : Removing input.
INFO     : logical_block #451(lcd_tp_int_i) has no fanout.
INFO     : Removing input.
INFO     : logical_block #506(lcd_b7_0_i[7]) has no fanout.
INFO     : Removing input.
INFO     : logical_block #507(lcd_b7_0_i[6]) has no fanout.
INFO     : Removing input.
INFO     : logical_block #508(lcd_b7_0_i[5]) has no fanout.
INFO     : Removing input.
INFO     : logical_block #509(lcd_b7_0_i[4]) has no fanout.
INFO     : Removing input.
INFO     : logical_block #510(lcd_b7_0_i[3]) has no fanout.
INFO     : Removing input.
INFO     : logical_block #511(lcd_b7_0_i[2]) has no fanout.
INFO     : Removing input.
INFO     : logical_block #512(lcd_b7_0_i[1]) has no fanout.
INFO     : Removing input.
INFO     : logical_block #513(lcd_b7_0_i[0]) has no fanout.
INFO     : Removing input.
INFO     : logical_block #514(lcd_g7_0_i[7]) has no fanout.
INFO     : Removing input.
INFO     : logical_block #515(lcd_g7_0_i[6]) has no fanout.
INFO     : Removing input.
INFO     : logical_block #516(lcd_g7_0_i[5]) has no fanout.
INFO     : Removing input.
INFO     : logical_block #517(lcd_g7_0_i[4]) has no fanout.
INFO     : Removing input.
INFO     : logical_block #518(lcd_g7_0_i[3]) has no fanout.
INFO     : Removing input.
INFO     : logical_block #519(lcd_g7_0_i[2]) has no fanout.
INFO     : Removing input.
INFO     : logical_block #520(lcd_g7_0_i[1]) has no fanout.
INFO     : Removing input.
INFO     : logical_block #521(lcd_g7_0_i[0]) has no fanout.
INFO     : Removing input.
INFO     : logical_block #522(lcd_r7_0_i[7]) has no fanout.
INFO     : Removing input.
INFO     : logical_block #523(lcd_r7_0_i[6]) has no fanout.
INFO     : Removing input.
INFO     : logical_block #524(lcd_r7_0_i[5]) has no fanout.
INFO     : Removing input.
INFO     : logical_block #525(lcd_r7_0_i[4]) has no fanout.
INFO     : Removing input.
INFO     : logical_block #526(lcd_r7_0_i[3]) has no fanout.
INFO     : Removing input.
INFO     : logical_block #527(lcd_r7_0_i[2]) has no fanout.
INFO     : Removing input.
INFO     : logical_block #528(lcd_r7_0_i[1]) has no fanout.
INFO     : Removing input.
INFO     : logical_block #529(lcd_r7_0_i[0]) has no fanout.
INFO     : Removing input.
INFO     : Pass 0: Swept away 95 blocks with no fanout.
INFO     : Pass 1: Swept away 0 nets with no fanout.
INFO     : Pass 1: Swept away 0 blocks with no fanout.
INFO     : Swept away 0 nets and 95 blocks in total.
INFO     : Removed 0 LUT buffers
INFO     : Sweept away 95 nodes
INFO     : Successfully created VPR logical netlist from Verific binary DataBase file "outflow\Ti60_Demo.vdb".
INFO     : Netlist pre-processing took 1.12852 seconds.
INFO     : 	Netlist pre-processing took 0.671875 seconds (approximately) in total CPU time.
INFO     : Netlist pre-processing virtual memory usage: begin = 431.352 MB, end = 1671.12 MB, delta = 1239.76 MB
INFO     : 	Netlist pre-processing peak virtual memory usage = 1672.16 MB
INFO     : Netlist pre-processing resident set memory usage: begin = 437.828 MB, end = 1677.8 MB, delta = 1239.97 MB
INFO     : 	Netlist pre-processing peak resident set memory usage = 1678.84 MB
           ***** Ending stage netlist pre-processing *****
           
           ***** Beginning stage packed netlist loading ... *****
INFO     : Load Global Network took 0.352233 seconds.
INFO     : 	Load Global Network took 0.140625 seconds (approximately) in total CPU time.
INFO     : Load Global Network virtual memory usage: begin = 1671.12 MB, end = 1671.12 MB, delta = 0 MB
INFO     : 	Load Global Network peak virtual memory usage = 1672.16 MB
INFO     : Load Global Network resident set memory usage: begin = 1677.8 MB, end = 1677.84 MB, delta = 0.036 MB
INFO     : 	Load Global Network peak resident set memory usage = 1678.84 MB
INFO     : Reading C:/Efinity/2025.1/arch/.\rr_pb_hier_mapping.xml
INFO     : Read proto netlist file work_pnr\Ti60_Demo.net_proto
INFO     : Read proto netlist for file "work_pnr\Ti60_Demo.net_proto" took 0.022 seconds
INFO     : Setup net and block data structure took 0.172 seconds
INFO     : Reading core interface constraints file "outflow\Ti60_Demo.interface.csv"
INFO     : Successfully read core interface constraints file "outflow\Ti60_Demo.interface.csv"
INFO     : Packed netlist loading took 0.712668 seconds.
INFO     : 	Packed netlist loading took 0.4375 seconds (approximately) in total CPU time.
INFO     : Packed netlist loading virtual memory usage: begin = 1671.12 MB, end = 1672.16 MB, delta = 1.048 MB
INFO     : 	Packed netlist loading peak virtual memory usage = 1672.16 MB
INFO     : Packed netlist loading resident set memory usage: begin = 1677.8 MB, end = 1678.93 MB, delta = 1.132 MB
INFO     : 	Packed netlist loading peak resident set memory usage = 1678.93 MB
           ***** Ending stage packed netlist loading *****
           
INFO     : Run checks after load placement.
INFO     : Reading core interface constraints file "outflow\Ti60_Demo.interface.csv"
INFO     : Successfully read core interface constraints file "outflow\Ti60_Demo.interface.csv"
INFO     : Successfully loaded placement data from "outflow\Ti60_Demo.place".
           ***** Beginning stage bitstream generation ... *****
INFO     : Reading core interface constraints file "outflow\Ti60_Demo.interface.csv"
INFO     : Successfully read core interface constraints file "outflow\Ti60_Demo.interface.csv"
INFO     : Finished writing bitstream file work_pnr\Ti60_Demo.lbf.
INFO     : Bitstream generation took 1.59034 seconds.
INFO     : 	Bitstream generation took 1.3125 seconds (approximately) in total CPU time.
INFO     : Bitstream generation virtual memory usage: begin = 498.3 MB, end = 626.316 MB, delta = 128.016 MB
INFO     : 	Bitstream generation peak virtual memory usage = 1672.16 MB
INFO     : Bitstream generation resident set memory usage: begin = 505.596 MB, end = 634.328 MB, delta = 128.732 MB
INFO     : 	Bitstream generation peak resident set memory usage = 1679.12 MB
           ***** Ending stage bitstream generation *****
           
INFO     : The entire flow of EFX_PNR took 267.559 seconds.
INFO     : 	The entire flow of EFX_PNR took 627.766 seconds (approximately) in total CPU time.
INFO     : The entire flow of EFX_PNR virtual memory usage: begin = 19.852 MB, end = 626.316 MB, delta = 606.464 MB
INFO     : 	The entire flow of EFX_PNR peak virtual memory usage = 1672.16 MB
INFO     : The entire flow of EFX_PNR resident set memory usage: begin = 21.164 MB, end = 634.348 MB, delta = 613.184 MB
INFO     : 	The entire flow of EFX_PNR peak resident set memory usage = 1679.12 MB
