
///////////////////////////////////
// Efinity Synthesis Started 
// Sep 16, 2026 09:48:24
///////////////////////////////////


///////////////////////////////////
// Efinity Synthesis Started 
// Sep 16, 2026 23:42:15
///////////////////////////////////

[EFX-0010 VERI-ERROR] cannot open Verilog file 'D:\yilingsi_fpga\Efinity_Project\Ti60F225_OV5640_Face_Reproduction\ip/W0_FIFO\W0_FIFO.v' (SORT-1002) 
[EFX-0010 VERI-ERROR] cannot open Verilog file 'D:\yilingsi_fpga\Efinity_Project\Ti60F225_OV5640_Face_Reproduction\ip/R0_FIFO\R0_FIFO.v' (SORT-1002) 
[EFX-0010 VERI-ERROR] cannot open Verilog file 'D:\yilingsi_fpga\Efinity_Project\Ti60F225_OV5640_Face_Reproduction\ip/DdrCtrl\DdrCtrl.v' (SORT-1002) 
[EFX-0010 VERI-ERROR] cannot open Verilog file 'D:\yilingsi_fpga\Efinity_Project\Ti60F225_OV5640_Face_Reproduction\ip/W0_FIFO_8\W0_FIFO_8.v' (SORT-1002) 
[EFX-0010 VERI-ERROR] cannot open Verilog file 'D:\yilingsi_fpga\Efinity_Project\Ti60F225_OV5640_Face_Reproduction\ip/W0_FIFO_64\W0_FIFO_64.v' (SORT-1002) 
[EFX-0010 VERI-ERROR] cannot open Verilog file 'D:\yilingsi_fpga\Efinity_Project\Ti60F225_OV5640_Face_Reproduction\ip/FIFO_W48R24\FIFO_W48R24.v' (SORT-1002) 
[EFX-0010 VERI-ERROR] cannot open Verilog file 'D:\yilingsi_fpga\Efinity_Project\Ti60F225_OV5640_Face_Reproduction\ip/R0_FIFO_8\R0_FIFO_8.v' (SORT-1002) 
[EFX-0021 ERROR] Elaboration of module 'example_top' failed. Please check previous error messages.

///////////////////////////////////
// Efinity Synthesis Started 
// Sep 16, 2026 23:46:07
///////////////////////////////////


///////////////////////////////////
// Efinity Synthesis Started 
// Sep 16, 2026 23:49:44
///////////////////////////////////


///////////////////////////////////
// Efinity Synthesis Started 
// Sep 20, 2026 11:16:59
///////////////////////////////////


///////////////////////////////////
// Efinity Synthesis Started 
// Sep 20, 2026 12:35:38
///////////////////////////////////


///////////////////////////////////
// Efinity Synthesis Started 
// Sep 20, 2026 13:46:12
///////////////////////////////////


///////////////////////////////////
// Efinity Synthesis Started 
// Sep 20, 2026 13:46:40
///////////////////////////////////


///////////////////////////////////
// Efinity Synthesis Started 
// Sep 20, 2026 13:48:24
///////////////////////////////////


///////////////////////////////////
// Efinity Synthesis Started 
// Sep 21, 2026 13:10:51
///////////////////////////////////


///////////////////////////////////
// Efinity Synthesis Started 
// Sep 21, 2026 20:14:21
///////////////////////////////////


///////////////////////////////////
// Efinity Synthesis Started 
// Sep 21, 2026 20:31:35
///////////////////////////////////


///////////////////////////////////
// Efinity Synthesis Started 
// Sep 21, 2026 21:58:53
///////////////////////////////////


///////////////////////////////////
// Efinity Synthesis Started 
// Sep 21, 2026 22:15:40
///////////////////////////////////


///////////////////////////////////
// Efinity Synthesis Started 
// Sep 21, 2026 22:46:52
///////////////////////////////////

[EFX-0010 VERI-ERROR] instantiating unknown module 'edge_despeckle' (VERI-1063) (D:\Efinity_Project\Efinity_Project\Ti60F225_OV5640_Face_Reproduction\example_top.v:1347)
[EFX-0021 ERROR] Elaboration of module 'example_top' failed. Please check previous error messages.

///////////////////////////////////
// Efinity Synthesis Started 
// Sep 21, 2026 22:52:43
///////////////////////////////////


///////////////////////////////////
// Efinity Synthesis Started 
// Sep 21, 2026 23:15:35
///////////////////////////////////

[EFX-0010 VERI-ERROR] instantiating unknown module 'nms_hist' (VERI-1063) (D:\Efinity_Project\Efinity_Project\Ti60F225_OV5640_Face_Reproduction\example_top.v:1260)
[EFX-0021 ERROR] Elaboration of module 'example_top' failed. Please check previous error messages.

///////////////////////////////////
// Efinity Synthesis Started 
// Sep 21, 2026 23:15:56
///////////////////////////////////

[EFX-0010 VERI-ERROR] instantiating unknown module 'nms_hist' (VERI-1063) (D:\Efinity_Project\Efinity_Project\Ti60F225_OV5640_Face_Reproduction\example_top.v:1260)
[EFX-0021 ERROR] Elaboration of module 'example_top' failed. Please check previous error messages.

///////////////////////////////////
// Efinity Synthesis Started 
// Sep 21, 2026 23:16:48
///////////////////////////////////

[EFX-0010 VERI-ERROR] cannot find port 'th_high_i' on this module (VERI-1010) (D:\Efinity_Project\Efinity_Project\Ti60F225_OV5640_Face_Reproduction\example_top.v:1255)
[EFX-0010 VERI-ERROR] cannot find port 'th_low_i' on this module (VERI-1010) (D:\Efinity_Project\Efinity_Project\Ti60F225_OV5640_Face_Reproduction\example_top.v:1256)
[EFX-0021 ERROR] Elaboration of module 'example_top' failed. Please check previous error messages.

///////////////////////////////////
// Efinity Synthesis Started 
// Sep 21, 2026 23:18:14
///////////////////////////////////

[EFX-0010 VERI-ERROR] module 'edge_despeckle' does not have a parameter named THRESH (VERI-1184) (D:\Efinity_Project\Efinity_Project\Ti60F225_OV5640_Face_Reproduction\example_top.v:1352)
[EFX-0021 ERROR] Elaboration of module 'example_top' failed. Please check previous error messages.

///////////////////////////////////
// Efinity Synthesis Started 
// Sep 21, 2026 23:18:43
///////////////////////////////////


///////////////////////////////////
// Efinity Synthesis Started 
// Sep 22, 2026 10:24:04
///////////////////////////////////

