
Efinix FPGA Placement and Routing.
Version: 2025.1.110.5.9 
Date: Fri Sep 25 14:31:11 2026

Copyright (C) 2013 - 2025 Efinix, Inc. All rights reserved.
 
Family: Titanium 
Device: Ti60F225
Top-level Entity Name: Ti60_Demo


---------- GBUFCE Assignments (begin) ----------


+---------------+----------+----------+
|   Clock Net   | GBUFCE_X | GBUFCE_Y |
+---------------+----------+----------+
|    clk_27m    |   218    |   163    |
|  clk_lvds_1x  |   218    |   162    |
|  clk_lvds_7x  |   218    |   158    |
|   clk_pixel   |    1     |   159    |
| clk_pixel_10x |    1     |   164    |
|    clk_sys    |    1     |   162    |
|   cmos_pclk   |   111    |   322    |
|   core_clk    |   218    |   164    |
| dsi_byteclk_i |   112    |    1     |
| dsi_serclk_i  |   107    |    1     |
| dsi_txcclk_i  |   108    |    1     |
|    tac_clk    |   111    |    1     |
|   tdqss_clk   |   110    |    1     |
|    twd_clk    |   218    |   159    |
+---------------+----------+----------+


----------- GBUFCE Assignments (end) ----------



---------- Resource Summary (begin) ----------
Inputs: 67 / 1703 (3.93%)
Outputs: 485 / 2267 (21.39%)
Global Clocks (GBUF): 14 / 32 (43.75%)
Regional Clocks (RBUF): 0 / 32 (0.00%)
	RBUF: Core: 0 / 16 (0.00%)
	RBUF: Periphery: 0 / 8 (0.00%)
	RBUF: Multi-Region: 0 / 8 (0.00%)
XLRs: 16172 / 60800 (26.60%)
	XLRs needed for Logic: 6569 / 60800 (10.80%)
	XLRs needed for Logic + FF: 2553 / 60800 (4.20%)
	XLRs needed for Adder: 2441 / 60800 (4.01%)
	XLRs needed for Adder + FF: 382 / 60800 (0.63%)
	XLRs needed for FF: 3735 / 60800 (6.14%)
	XLRs needed for SRL8: 492 / 14720 (3.34%)
	XLRs needed for SRL8+FF: 0 / 14720 (0.00%)
	XLRs needed for Routing: 0 / 60800 (0.00%)
Memory Blocks: 186 / 256 (72.66%)
DSP Blocks: 14 / 160 (8.75%)
---------- Resource Summary (end) ----------


---------- DSP Packer Summary (begin) ----------

	DSP48 blocks required to legally pack design: 14
	DSP48 blocks recoverable by optimizing:
		-> DSP24/12 control signals & parameters: 0
	Best case scenario DSP count after optimizing: 14

---------- DSP Packer Summary (end) ----------

Elapsed time for entire flow: 0 hours 1 minutes 38 seconds
