
///////////////////////////////////
// Efinity Synthesis Started 
// Sep 26, 2026 16:54:01
///////////////////////////////////

[EFX-0011 VERI-WARNING] port 'cal_shift_val' remains unconnected for this instance (VERI-1927) (D:\house-1\9.25.1_ding_Ti60F225_Canny_Face_Parallel\example_top.v:613)
[EFX-0011 VERI-WARNING] port 'axi_awid' remains unconnected for this instance (VERI-1927) (D:\house-1\9.25.1_ding_Ti60F225_Canny_Face_Parallel\example_top.v:974)
[EFX-0011 VERI-WARNING] port 'TMDS_Clk_p' remains unconnected for this instance (VERI-1927) (D:\house-1\9.25.1_ding_Ti60F225_Canny_Face_Parallel\example_top.v:1084)
[EFX-0011 VERI-WARNING] expression size 32 truncated to fit in target size 1 (VERI-1209) (D:\house-1\9.25.1_ding_Ti60F225_Canny_Face_Parallel\example_top.v:444)
[EFX-0011 VERI-WARNING] port 'wr_busy' remains unconnected for this instance (VERI-1927) (D:\house-1\9.25.1_ding_Ti60F225_Canny_Face_Parallel\ip/DdrCtrl\DdrCtrl.sv:184)
[EFX-0011 VERI-WARNING] port 'wr_data' is not connected on this instance (VERI-2435) (D:\house-1\9.25.1_ding_Ti60F225_Canny_Face_Parallel\ip/DdrCtrl\DdrCtrl.sv:184)
[EFX-0011 VERI-WARNING] port '**' is not connected on this instance (VERI-2435) (D:\house-1\9.25.1_ding_Ti60F225_Canny_Face_Parallel\ip/DdrCtrl\DdrCtrl.sv:2496)
[EFX-0011 VERI-WARNING] expression size ** truncated to fit in target size ** (VERI-1209) (D:\house-1\9.25.1_ding_Ti60F225_Canny_Face_Parallel\ip/DdrCtrl\DdrCtrl.sv:2611)
[EFX-0011 VERI-WARNING] actual bit length ** differs from formal bit length *** for port '**' (VERI-1330) (D:\house-1\9.25.1_ding_Ti60F225_Canny_Face_Parallel\ip/DdrCtrl\DdrCtrl.sv:2496)
[EFX-0011 VERI-WARNING] expression size ** truncated to fit in target size ** (VERI-1209) (D:\house-1\9.25.1_ding_Ti60F225_Canny_Face_Parallel\ip/DdrCtrl\DdrCtrl.sv:2611)
[EFX-0011 VERI-WARNING] expression size ** truncated to fit in target size ** (VERI-1209) (D:\house-1\9.25.1_ding_Ti60F225_Canny_Face_Parallel\ip/DdrCtrl\DdrCtrl.sv:2611)
[EFX-0011 VERI-WARNING] actual bit length ** differs from formal bit length *** for port '**' (VERI-1330) (D:\house-1\9.25.1_ding_Ti60F225_Canny_Face_Parallel\ip/DdrCtrl\DdrCtrl.sv:2496)
[EFX-0011 VERI-WARNING] port '**' remains unconnected for this instance (VERI-1927) (D:\house-1\9.25.1_ding_Ti60F225_Canny_Face_Parallel\ip/DdrCtrl\DdrCtrl.sv:590)
[EFX-0011 VERI-WARNING] actual bit length ** differs from formal bit length *** for port '**' (VERI-1330) (D:\house-1\9.25.1_ding_Ti60F225_Canny_Face_Parallel\ip/DdrCtrl\DdrCtrl.sv:590)
[EFX-0011 VERI-WARNING] port '**' remains unconnected for this instance (VERI-1927) (D:\house-1\9.25.1_ding_Ti60F225_Canny_Face_Parallel\ip/DdrCtrl\DdrCtrl.sv:1460)
[EFX-0011 VERI-WARNING] port '**' remains unconnected for this instance (VERI-1927) (D:\house-1\9.25.1_ding_Ti60F225_Canny_Face_Parallel\ip/DdrCtrl\DdrCtrl.sv:4817)
[EFX-0011 VERI-WARNING] actual bit length ** differs from formal bit length *** for port '**' (VERI-1330) (D:\house-1\9.25.1_ding_Ti60F225_Canny_Face_Parallel\ip/DdrCtrl\DdrCtrl.sv:4817)
[EFX-0011 VERI-WARNING] input port '**' is not connected on this instance (VDB-1013) (D:\house-1\9.25.1_ding_Ti60F225_Canny_Face_Parallel\ip/DdrCtrl\DdrCtrl.sv:4817)
[EFX-0011 VERI-WARNING] expression size ** truncated to fit in target size ** (VERI-1209) (D:\house-1\9.25.1_ding_Ti60F225_Canny_Face_Parallel\ip/DdrCtrl\DdrCtrl.sv:1460)
[EFX-0011 VERI-WARNING] net '**' does not have a driver (VDB-1002) (D:\house-1\9.25.1_ding_Ti60F225_Canny_Face_Parallel\ip/DdrCtrl\DdrCtrl.sv:1460)
[EFX-0011 VERI-WARNING] net '**' does not have a driver (VDB-1002) (D:\house-1\9.25.1_ding_Ti60F225_Canny_Face_Parallel\ip/DdrCtrl\DdrCtrl.sv:590)
[EFX-0011 VERI-WARNING] input port '**' is not connected on this instance (VDB-1013) (D:\house-1\9.25.1_ding_Ti60F225_Canny_Face_Parallel\ip/DdrCtrl\DdrCtrl.sv:590)
[EFX-0011 VERI-WARNING] input port '**' is not connected on this instance (VDB-1013) (D:\house-1\9.25.1_ding_Ti60F225_Canny_Face_Parallel\ip/DdrCtrl\DdrCtrl.sv:2496)
[EFX-0011 VERI-WARNING] input port 'wr_data[127]' is not connected on this instance (VDB-1013) (D:\house-1\9.25.1_ding_Ti60F225_Canny_Face_Parallel\ip/DdrCtrl\DdrCtrl.sv:117)
[EFX-0011 VERI-WARNING] actual bit length 4 differs from formal bit length 8 for port 'axi_aid' (VERI-1330) (D:\house-1\9.25.1_ding_Ti60F225_Canny_Face_Parallel\example_top.v:580)
[EFX-0011 VERI-WARNING] actual bit length 4 differs from formal bit length 8 for port 'axi_wid' (VERI-1330) (D:\house-1\9.25.1_ding_Ti60F225_Canny_Face_Parallel\example_top.v:587)
[EFX-0011 VERI-WARNING] actual bit length 4 differs from formal bit length 8 for port 'axi_bid' (VERI-1330) (D:\house-1\9.25.1_ding_Ti60F225_Canny_Face_Parallel\example_top.v:596)
[EFX-0011 VERI-WARNING] actual bit length 4 differs from formal bit length 8 for port 'axi_rid' (VERI-1330) (D:\house-1\9.25.1_ding_Ti60F225_Canny_Face_Parallel\example_top.v:602)
[EFX-0011 VERI-WARNING] expression size 2 truncated to fit in target size 1 (VERI-1209) (D:\house-1\9.25.1_ding_Ti60F225_Canny_Face_Parallel\src\axi\AXI4_AWARMux.v:90)
[EFX-0011 VERI-WARNING] expression size 3 truncated to fit in target size 2 (VERI-1209) (D:\house-1\9.25.1_ding_Ti60F225_Canny_Face_Parallel\example_top.v:714)
[EFX-0011 VERI-WARNING] expression size 5 truncated to fit in target size 4 (VERI-1209) (D:\house-1\9.25.1_ding_Ti60F225_Canny_Face_Parallel\example_top.v:715)
[EFX-0011 VERI-WARNING] actual bit length 64 differs from formal bit length 8 for port 'image_out_data' (VERI-1330) (D:\house-1\9.25.1_ding_Ti60F225_Canny_Face_Parallel\example_top.v:862)
[EFX-0011 VERI-WARNING] expression size 32 truncated to fit in target size 16 (VERI-1209) (D:\house-1\9.25.1_ding_Ti60F225_Canny_Face_Parallel\src\axi\axi4_ctrl.v:93)
[EFX-0011 VERI-WARNING] expression size 3 truncated to fit in target size 2 (VERI-1209) (D:\house-1\9.25.1_ding_Ti60F225_Canny_Face_Parallel\src\axi\axi4_ctrl.v:163)
[EFX-0011 VERI-WARNING] expression size 2 truncated to fit in target size 1 (VERI-1209) (D:\house-1\9.25.1_ding_Ti60F225_Canny_Face_Parallel\src\axi\axi4_ctrl.v:205)
[EFX-0011 VERI-WARNING] expression size 23 truncated to fit in target size 22 (VERI-1209) (D:\house-1\9.25.1_ding_Ti60F225_Canny_Face_Parallel\src\axi\axi4_ctrl.v:224)
[EFX-0011 VERI-WARNING] port 'a_wr_rst_i' remains unconnected for this instance (VERI-1927) (D:\house-1\9.25.1_ding_Ti60F225_Canny_Face_Parallel\ip/W0_FIFO_8\W0_FIFO_8.sv:116)
[EFX-0011 VERI-WARNING] expression size 32 truncated to fit in target size 14 (VERI-1209) (D:\house-1\9.25.1_ding_Ti60F225_Canny_Face_Parallel\ip/W0_FIFO_8\W0_FIFO_8.sv:1251)
[EFX-0011 VERI-WARNING] expression size 32 truncated to fit in target size 10 (VERI-1209) (D:\house-1\9.25.1_ding_Ti60F225_Canny_Face_Parallel\ip/W0_FIFO_8\W0_FIFO_8.sv:1252)
[EFX-0011 VERI-WARNING] input port 'a_wr_rst_i' is not connected on this instance (VDB-1013) (D:\house-1\9.25.1_ding_Ti60F225_Canny_Face_Parallel\ip/W0_FIFO_8\W0_FIFO_8.sv:95)
[EFX-0011 VERI-WARNING] port 'a_wr_rst_i' remains unconnected for this instance (VERI-1927) (D:\house-1\9.25.1_ding_Ti60F225_Canny_Face_Parallel\ip/R0_FIFO_16\R0_FIFO_16.sv:116)
[EFX-0011 VERI-WARNING] expression size 32 truncated to fit in target size 10 (VERI-1209) (D:\house-1\9.25.1_ding_Ti60F225_Canny_Face_Parallel\ip/R0_FIFO_16\R0_FIFO_16.sv:1236)
[EFX-0011 VERI-WARNING] expression size 32 truncated to fit in target size 13 (VERI-1209) (D:\house-1\9.25.1_ding_Ti60F225_Canny_Face_Parallel\ip/R0_FIFO_16\R0_FIFO_16.sv:1237)
[EFX-0011 VERI-WARNING] input port 'a_wr_rst_i' is not connected on this instance (VDB-1013) (D:\house-1\9.25.1_ding_Ti60F225_Canny_Face_Parallel\ip/R0_FIFO_16\R0_FIFO_16.sv:95)
[EFX-0011 VERI-WARNING] expression size 17 truncated to fit in target size 16 (VERI-1209) (D:\house-1\9.25.1_ding_Ti60F225_Canny_Face_Parallel\src\axi\axi4_ctrl.v:431)
[EFX-0011 VERI-WARNING] expression size 23 truncated to fit in target size 22 (VERI-1209) (D:\house-1\9.25.1_ding_Ti60F225_Canny_Face_Parallel\src\axi\axi4_ctrl.v:541)
[EFX-0011 VERI-WARNING] actual bit length 32 differs from formal bit length 4 for port 'axi_bid' (VERI-1330) (D:\house-1\9.25.1_ding_Ti60F225_Canny_Face_Parallel\example_top.v:945)
[EFX-0011 VERI-WARNING] actual bit length 32 differs from formal bit length 2 for port 'axi_bresp' (VERI-1330) (D:\house-1\9.25.1_ding_Ti60F225_Canny_Face_Parallel\example_top.v:946)
[EFX-0011 VERI-WARNING] actual bit length 32 differs from formal bit length 1 for port 'axi_bvalid' (VERI-1330) (D:\house-1\9.25.1_ding_Ti60F225_Canny_Face_Parallel\example_top.v:947)
[EFX-0011 VERI-WARNING] actual bit length 32 differs from formal bit length 2 for port 'axi_rresp' (VERI-1330) (D:\house-1\9.25.1_ding_Ti60F225_Canny_Face_Parallel\example_top.v:957)
[EFX-0011 VERI-WARNING] actual bit length 64 differs from formal bit length 8 for port 'wframe_data' (VERI-1330) (D:\house-1\9.25.1_ding_Ti60F225_Canny_Face_Parallel\example_top.v:965)
[EFX-0011 VERI-WARNING] actual bit length 8 differs from formal bit length 32 for port 'tp_o' (VERI-1330) (D:\house-1\9.25.1_ding_Ti60F225_Canny_Face_Parallel\example_top.v:973)
[EFX-0011 VERI-WARNING] expression size 8 truncated to fit in target size 4 (VERI-1209) (D:\house-1\9.25.1_ding_Ti60F225_Canny_Face_Parallel\example_top.v:975)
[EFX-0011 VERI-WARNING] expression size 14 truncated to fit in target size 12 (VERI-1209) (D:\house-1\9.25.1_ding_Ti60F225_Canny_Face_Parallel\src\lcd_driver.v:145)
[EFX-0011 VERI-WARNING] actual bit length 24 differs from formal bit length 48 for port 'lcd_data' (VERI-1330) (D:\house-1\9.25.1_ding_Ti60F225_Canny_Face_Parallel\example_top.v:1026)
[EFX-0011 VERI-WARNING] expression size 8 truncated to fit in target size 4 (VERI-1209) (D:\house-1\9.25.1_ding_Ti60F225_Canny_Face_Parallel\src\parallel\uart_params.v:62)
[EFX-0011 VERI-WARNING] expression size 13 truncated to fit in target size 12 (VERI-1209) (D:\house-1\9.25.1_ding_Ti60F225_Canny_Face_Parallel\src\parallel\uart_params.v:67)
[EFX-0011 VERI-WARNING] expression size 32 truncated to fit in target size 12 (VERI-1209) (D:\house-1\9.25.1_ding_Ti60F225_Canny_Face_Parallel\src\parallel\uart_params.v:68)
[EFX-0011 VERI-WARNING] expression size 13 truncated to fit in target size 12 (VERI-1209) (D:\house-1\9.25.1_ding_Ti60F225_Canny_Face_Parallel\src\vision\sobel3x3.v:94)
[EFX-0011 VERI-WARNING] expression size 13 truncated to fit in target size 12 (VERI-1209) (D:\house-1\9.25.1_ding_Ti60F225_Canny_Face_Parallel\src\vision\sobel3x3.v:95)
[EFX-0011 VERI-WARNING] expression size 14 truncated to fit in target size 13 (VERI-1209) (D:\house-1\9.25.1_ding_Ti60F225_Canny_Face_Parallel\src\parallel\video_delay.v:13)
[EFX-0011 VERI-WARNING] expression size 14 truncated to fit in target size 13 (VERI-1209) (D:\house-1\9.25.1_ding_Ti60F225_Canny_Face_Parallel\src\parallel\video_delay.v:21)
[EFX-0011 VERI-WARNING] expression size 13 truncated to fit in target size 12 (VERI-1209) (D:\house-1\9.25.1_ding_Ti60F225_Canny_Face_Parallel\src\parallel\video_delay.v:13)
[EFX-0011 VERI-WARNING] expression size 13 truncated to fit in target size 12 (VERI-1209) (D:\house-1\9.25.1_ding_Ti60F225_Canny_Face_Parallel\src\parallel\video_delay.v:21)
[EFX-0011 VERI-WARNING] expression size 14 truncated to fit in target size 13 (VERI-1209) (D:\house-1\9.25.1_ding_Ti60F225_Canny_Face_Parallel\src\parallel\video_delay.v:13)
[EFX-0011 VERI-WARNING] expression size 14 truncated to fit in target size 13 (VERI-1209) (D:\house-1\9.25.1_ding_Ti60F225_Canny_Face_Parallel\src\parallel\video_delay.v:21)
[EFX-0011 VERI-WARNING] expression size 13 truncated to fit in target size 12 (VERI-1209) (D:\house-1\9.25.1_ding_Ti60F225_Canny_Face_Parallel\src\parallel\video_delay.v:13)
[EFX-0011 VERI-WARNING] expression size 13 truncated to fit in target size 12 (VERI-1209) (D:\house-1\9.25.1_ding_Ti60F225_Canny_Face_Parallel\src\parallel\video_delay.v:21)
[EFX-0011 VERI-WARNING] expression size 14 truncated to fit in target size 13 (VERI-1209) (D:\house-1\9.25.1_ding_Ti60F225_Canny_Face_Parallel\src\parallel\video_delay.v:13)
[EFX-0011 VERI-WARNING] expression size 14 truncated to fit in target size 13 (VERI-1209) (D:\house-1\9.25.1_ding_Ti60F225_Canny_Face_Parallel\src\parallel\video_delay.v:21)
[EFX-0011 VERI-WARNING] expression size 8 truncated to fit in target size 7 (VERI-1209) (D:\house-1\9.25.1_ding_Ti60F225_Canny_Face_Parallel\src\parallel\face_grid_regions.v:30)
[EFX-0011 VERI-WARNING] expression size 16 truncated to fit in target size 14 (VERI-1209) (D:\house-1\9.25.1_ding_Ti60F225_Canny_Face_Parallel\src\parallel\face_grid_regions.v:33)
[EFX-0011 VERI-WARNING] expression size 32 truncated to fit in target size 8 (VERI-1209) (D:\house-1\9.25.1_ding_Ti60F225_Canny_Face_Parallel\src\parallel\face_grid_regions.v:91)
[EFX-0011 VERI-WARNING] expression size 32 truncated to fit in target size 11 (VERI-1209) (D:\house-1\9.25.1_ding_Ti60F225_Canny_Face_Parallel\src\parallel\face_grid_regions.v:93)
[EFX-0011 VERI-WARNING] expression size 32 truncated to fit in target size 10 (VERI-1209) (D:\house-1\9.25.1_ding_Ti60F225_Canny_Face_Parallel\src\parallel\face_grid_regions.v:94)
[EFX-0011 VERI-WARNING] expression size 32 truncated to fit in target size 12 (VERI-1209) (D:\house-1\9.25.1_ding_Ti60F225_Canny_Face_Parallel\src\parallel\face_grid_regions.v:95)
[EFX-0011 VERI-WARNING] expression size 32 truncated to fit in target size 11 (VERI-1209) (D:\house-1\9.25.1_ding_Ti60F225_Canny_Face_Parallel\src\parallel\face_grid_regions.v:96)
[EFX-0011 VERI-WARNING] expression size 16 truncated to fit in target size 14 (VERI-1209) (D:\house-1\9.25.1_ding_Ti60F225_Canny_Face_Parallel\src\parallel\face_grid_regions.v:143)
[EFX-0011 VERI-WARNING] expression size 32 truncated to fit in target size 11 (VERI-1209) (D:\house-1\9.25.1_ding_Ti60F225_Canny_Face_Parallel\src\parallel\vision_hud.v:5)
[EFX-0011 VERI-WARNING] expression size 11 truncated to fit in target size 5 (VERI-1209) (D:\house-1\9.25.1_ding_Ti60F225_Canny_Face_Parallel\src\parallel\vision_hud.v:6)
[EFX-0011 VERI-WARNING] expression size 32 truncated to fit in target size 8 (VERI-1209) (D:\house-1\9.25.1_ding_Ti60F225_Canny_Face_Parallel\src\parallel\vision_hud.v:11)
[EFX-0011 VERI-WARNING] actual bit length 32 differs from formal bit length 4 for port 'data_island_data' (VERI-1330) (D:\house-1\9.25.1_ding_Ti60F225_Canny_Face_Parallel\src\hdmi_ip\rgb2dvi.v:50)
[EFX-0011 VERI-WARNING] actual bit length 4 differs from formal bit length 3 for port 'mode' (VERI-1330) (D:\house-1\9.25.1_ding_Ti60F225_Canny_Face_Parallel\src\hdmi_ip\rgb2dvi.v:52)
[EFX-0011 VERI-WARNING] actual bit length 32 differs from formal bit length 4 for port 'data_island_data' (VERI-1330) (D:\house-1\9.25.1_ding_Ti60F225_Canny_Face_Parallel\src\hdmi_ip\rgb2dvi.v:58)
[EFX-0011 VERI-WARNING] actual bit length 4 differs from formal bit length 3 for port 'mode' (VERI-1330) (D:\house-1\9.25.1_ding_Ti60F225_Canny_Face_Parallel\src\hdmi_ip\rgb2dvi.v:60)
[EFX-0011 VERI-WARNING] actual bit length 32 differs from formal bit length 4 for port 'data_island_data' (VERI-1330) (D:\house-1\9.25.1_ding_Ti60F225_Canny_Face_Parallel\src\hdmi_ip\rgb2dvi.v:66)
[EFX-0011 VERI-WARNING] actual bit length 4 differs from formal bit length 3 for port 'mode' (VERI-1330) (D:\house-1\9.25.1_ding_Ti60F225_Canny_Face_Parallel\src\hdmi_ip\rgb2dvi.v:68)
[EFX-0011 VERI-WARNING] actual bit length 32 differs from formal bit length 1 for port 'oe_i' (VERI-1330) (D:\house-1\9.25.1_ding_Ti60F225_Canny_Face_Parallel\example_top.v:1066)
[EFX-0011 VERI-WARNING] net 'w_dev_index_o[7]' does not have a driver (VDB-1002) (D:\house-1\9.25.1_ding_Ti60F225_Canny_Face_Parallel\example_top.v:429)
[EFX-0011 VERI-WARNING] net 'w_dev_cmd_o[7]' does not have a driver (VDB-1002) (D:\house-1\9.25.1_ding_Ti60F225_Canny_Face_Parallel\example_top.v:430)
[EFX-0011 VERI-WARNING] net 'w_dev_wdata_o[31]' does not have a driver (VDB-1002) (D:\house-1\9.25.1_ding_Ti60F225_Canny_Face_Parallel\example_top.v:431)
[EFX-0011 VERI-WARNING] net 'w_dev_wvalid_o' does not have a driver (VDB-1002) (D:\house-1\9.25.1_ding_Ti60F225_Canny_Face_Parallel\example_top.v:432)
[EFX-0011 VERI-WARNING] net 'w_spi_ssn_o' does not have a driver (VDB-1002) (D:\house-1\9.25.1_ding_Ti60F225_Canny_Face_Parallel\example_top.v:436)
[EFX-0011 VERI-WARNING] net 'w_spi_data_o[3]' does not have a driver (VDB-1002) (D:\house-1\9.25.1_ding_Ti60F225_Canny_Face_Parallel\example_top.v:437)
[EFX-0011 VERI-WARNING] net 'w_lcd_b_o[7]' does not have a driver (VDB-1002) (D:\house-1\9.25.1_ding_Ti60F225_Canny_Face_Parallel\example_top.v:454)
[EFX-0011 VERI-WARNING] input port 'SerialClk' is not connected on this instance (VDB-1013) (D:\house-1\9.25.1_ding_Ti60F225_Canny_Face_Parallel\example_top.v:1059)
[EFX-0256 WARNING] The primary output port 'csi_ctl0_o' wire 'csi_ctl0_o' is not driven.
[EFX-0256 WARNING] The primary output port 'csi_ctl1_o' wire 'csi_ctl1_o' is not driven.
[EFX-0256 WARNING] The primary output port 'csi_scl_o' wire 'csi_scl_o' is not driven.
[EFX-0256 WARNING] The primary output port 'csi_scl_oe' wire 'csi_scl_oe' is not driven.
[EFX-0256 WARNING] The primary output port 'csi_sda_o' wire 'csi_sda_o' is not driven.
[EFX-0256 WARNING] The primary output port 'csi_sda_oe' wire 'csi_sda_oe' is not driven.
[EFX-0256 WARNING] The primary output port 'csi_rxc_hs_en_o' wire 'csi_rxc_hs_en_o' is not driven.
[EFX-0256 WARNING] The primary output port 'csi_rxc_hs_term_en_o' wire 'csi_rxc_hs_term_en_o' is not driven.
[EFX-0256 WARNING] The primary output port 'csi_rxd0_rst_o' wire 'csi_rxd0_rst_o' is not driven.
[EFX-0256 WARNING] The primary output port 'csi_rxd0_hs_en_o' wire 'csi_rxd0_hs_en_o' is not driven.
[EFX-0256 WARNING] The primary output port 'csi_rxd0_hs_term_en_o' wire 'csi_rxd0_hs_term_en_o' is not driven.
[EFX-0256 WARNING] The primary output port 'csi_rxd1_rst_o' wire 'csi_rxd1_rst_o' is not driven.
[EFX-0256 WARNING] The primary output port 'csi_rxd1_hs_en_o' wire 'csi_rxd1_hs_en_o' is not driven.
[EFX-0256 WARNING] The primary output port 'csi_rxd1_hs_term_en_o' wire 'csi_rxd1_hs_term_en_o' is not driven.
[EFX-0256 WARNING] The primary output port 'csi_rxd2_rst_o' wire 'csi_rxd2_rst_o' is not driven.
[EFX-0256 WARNING] The primary output port 'csi_rxd2_hs_en_o' wire 'csi_rxd2_hs_en_o' is not driven.
[EFX-0256 WARNING] The primary output port 'csi_rxd2_hs_term_en_o' wire 'csi_rxd2_hs_term_en_o' is not driven.
[EFX-0256 WARNING] The primary output port 'csi_rxd3_rst_o' wire 'csi_rxd3_rst_o' is not driven.
[EFX-0256 WARNING] The primary output port 'csi_rxd3_hs_en_o' wire 'csi_rxd3_hs_en_o' is not driven.
[EFX-0256 WARNING] The primary output port 'csi_rxd3_hs_term_en_o' wire 'csi_rxd3_hs_term_en_o' is not driven.
[EFX-0256 WARNING] The primary output port 'dsi_txc_rst_o' wire 'dsi_txc_rst_o' is not driven.
[EFX-0256 WARNING] The primary output port 'dsi_txc_lp_p_oe' wire 'dsi_txc_lp_p_oe' is not driven.
[EFX-0256 WARNING] The primary output port 'dsi_txc_lp_p_o' wire 'dsi_txc_lp_p_o' is not driven.
[EFX-0256 WARNING] The primary output port 'dsi_txc_lp_n_oe' wire 'dsi_txc_lp_n_oe' is not driven.
[EFX-0256 WARNING] The primary output port 'dsi_txc_lp_n_o' wire 'dsi_txc_lp_n_o' is not driven.
[EFX-0256 WARNING] The primary output port 'dsi_txc_hs_oe' wire 'dsi_txc_hs_oe' is not driven.
[EFX-0256 WARNING] The primary output port 'dsi_txc_hs_o[7]' wire 'dsi_txc_hs_o[7]' is not driven.
[EFX-0256 WARNING] The primary output port 'dsi_txc_hs_o[6]' wire 'dsi_txc_hs_o[6]' is not driven.
[EFX-0256 WARNING] The primary output port 'dsi_txc_hs_o[5]' wire 'dsi_txc_hs_o[5]' is not driven.
[EFX-0256 WARNING] The primary output port 'dsi_txc_hs_o[4]' wire 'dsi_txc_hs_o[4]' is not driven.
[EFX-0256 WARNING] The primary output port 'dsi_txc_hs_o[3]' wire 'dsi_txc_hs_o[3]' is not driven.
[EFX-0256 WARNING] The primary output port 'dsi_txc_hs_o[2]' wire 'dsi_txc_hs_o[2]' is not driven.
[EFX-0256 WARNING] The primary output port 'dsi_txc_hs_o[1]' wire 'dsi_txc_hs_o[1]' is not driven.
[EFX-0256 WARNING] The primary output port 'dsi_txc_hs_o[0]' wire 'dsi_txc_hs_o[0]' is not driven.
[EFX-0256 WARNING] The primary output port 'dsi_txd0_rst_o' wire 'dsi_txd0_rst_o' is not driven.
[EFX-0256 WARNING] The primary output port 'dsi_txd0_hs_oe' wire 'dsi_txd0_hs_oe' is not driven.
[EFX-0256 WARNING] The primary output port 'dsi_txd0_hs_o[7]' wire 'dsi_txd0_hs_o[7]' is not driven.
[EFX-0256 WARNING] The primary output port 'dsi_txd0_hs_o[6]' wire 'dsi_txd0_hs_o[6]' is not driven.
[EFX-0256 WARNING] The primary output port 'dsi_txd0_hs_o[5]' wire 'dsi_txd0_hs_o[5]' is not driven.
[EFX-0256 WARNING] The primary output port 'dsi_txd0_hs_o[4]' wire 'dsi_txd0_hs_o[4]' is not driven.
[EFX-0256 WARNING] The primary output port 'dsi_txd0_hs_o[3]' wire 'dsi_txd0_hs_o[3]' is not driven.
[EFX-0256 WARNING] The primary output port 'dsi_txd0_hs_o[2]' wire 'dsi_txd0_hs_o[2]' is not driven.
[EFX-0256 WARNING] The primary output port 'dsi_txd0_hs_o[1]' wire 'dsi_txd0_hs_o[1]' is not driven.
[EFX-0256 WARNING] The primary output port 'dsi_txd0_hs_o[0]' wire 'dsi_txd0_hs_o[0]' is not driven.
[EFX-0256 WARNING] The primary output port 'dsi_txd0_lp_p_oe' wire 'dsi_txd0_lp_p_oe' is not driven.
[EFX-0256 WARNING] The primary output port 'dsi_txd0_lp_p_o' wire 'dsi_txd0_lp_p_o' is not driven.
[EFX-0256 WARNING] The primary output port 'dsi_txd0_lp_n_oe' wire 'dsi_txd0_lp_n_oe' is not driven.
[EFX-0256 WARNING] The primary output port 'dsi_txd0_lp_n_o' wire 'dsi_txd0_lp_n_o' is not driven.
[EFX-0256 WARNING] The primary output port 'dsi_txd1_rst_o' wire 'dsi_txd1_rst_o' is not driven.
[EFX-0256 WARNING] The primary output port 'dsi_txd1_lp_p_oe' wire 'dsi_txd1_lp_p_oe' is not driven.
[EFX-0256 WARNING] The primary output port 'dsi_txd1_lp_p_o' wire 'dsi_txd1_lp_p_o' is not driven.
[EFX-0256 WARNING] The primary output port 'dsi_txd1_lp_n_oe' wire 'dsi_txd1_lp_n_oe' is not driven.
[EFX-0256 WARNING] The primary output port 'dsi_txd1_lp_n_o' wire 'dsi_txd1_lp_n_o' is not driven.
[EFX-0256 WARNING] The primary output port 'dsi_txd1_hs_oe' wire 'dsi_txd1_hs_oe' is not driven.
[EFX-0256 WARNING] The primary output port 'dsi_txd1_hs_o[7]' wire 'dsi_txd1_hs_o[7]' is not driven.
[EFX-0256 WARNING] The primary output port 'dsi_txd1_hs_o[6]' wire 'dsi_txd1_hs_o[6]' is not driven.
[EFX-0256 WARNING] The primary output port 'dsi_txd1_hs_o[5]' wire 'dsi_txd1_hs_o[5]' is not driven.
[EFX-0256 WARNING] The primary output port 'dsi_txd1_hs_o[4]' wire 'dsi_txd1_hs_o[4]' is not driven.
[EFX-0256 WARNING] The primary output port 'dsi_txd1_hs_o[3]' wire 'dsi_txd1_hs_o[3]' is not driven.
[EFX-0256 WARNING] The primary output port 'dsi_txd1_hs_o[2]' wire 'dsi_txd1_hs_o[2]' is not driven.
[EFX-0256 WARNING] The primary output port 'dsi_txd1_hs_o[1]' wire 'dsi_txd1_hs_o[1]' is not driven.
[EFX-0256 WARNING] The primary output port 'dsi_txd1_hs_o[0]' wire 'dsi_txd1_hs_o[0]' is not driven.
[EFX-0256 WARNING] The primary output port 'dsi_txd2_rst_o' wire 'dsi_txd2_rst_o' is not driven.
[EFX-0256 WARNING] The primary output port 'dsi_txd2_lp_p_oe' wire 'dsi_txd2_lp_p_oe' is not driven.
[EFX-0256 WARNING] The primary output port 'dsi_txd2_lp_p_o' wire 'dsi_txd2_lp_p_o' is not driven.
[EFX-0256 WARNING] The primary output port 'dsi_txd2_lp_n_oe' wire 'dsi_txd2_lp_n_oe' is not driven.
[EFX-0256 WARNING] The primary output port 'dsi_txd2_lp_n_o' wire 'dsi_txd2_lp_n_o' is not driven.
[EFX-0256 WARNING] The primary output port 'dsi_txd2_hs_oe' wire 'dsi_txd2_hs_oe' is not driven.
[EFX-0256 WARNING] The primary output port 'dsi_txd2_hs_o[7]' wire 'dsi_txd2_hs_o[7]' is not driven.
[EFX-0256 WARNING] The primary output port 'dsi_txd2_hs_o[6]' wire 'dsi_txd2_hs_o[6]' is not driven.
[EFX-0256 WARNING] The primary output port 'dsi_txd2_hs_o[5]' wire 'dsi_txd2_hs_o[5]' is not driven.
[EFX-0256 WARNING] The primary output port 'dsi_txd2_hs_o[4]' wire 'dsi_txd2_hs_o[4]' is not driven.
[EFX-0256 WARNING] The primary output port 'dsi_txd2_hs_o[3]' wire 'dsi_txd2_hs_o[3]' is not driven.
[EFX-0256 WARNING] The primary output port 'dsi_txd2_hs_o[2]' wire 'dsi_txd2_hs_o[2]' is not driven.
[EFX-0256 WARNING] The primary output port 'dsi_txd2_hs_o[1]' wire 'dsi_txd2_hs_o[1]' is not driven.
[EFX-0256 WARNING] The primary output port 'dsi_txd2_hs_o[0]' wire 'dsi_txd2_hs_o[0]' is not driven.
[EFX-0256 WARNING] The primary output port 'dsi_txd3_rst_o' wire 'dsi_txd3_rst_o' is not driven.
[EFX-0256 WARNING] The primary output port 'dsi_txd3_lp_p_oe' wire 'dsi_txd3_lp_p_oe' is not driven.
[EFX-0256 WARNING] The primary output port 'dsi_txd3_lp_p_o' wire 'dsi_txd3_lp_p_o' is not driven.
[EFX-0256 WARNING] The primary output port 'dsi_txd3_lp_n_oe' wire 'dsi_txd3_lp_n_oe' is not driven.
[EFX-0256 WARNING] The primary output port 'dsi_txd3_lp_n_o' wire 'dsi_txd3_lp_n_o' is not driven.
[EFX-0256 WARNING] The primary output port 'dsi_txd3_hs_oe' wire 'dsi_txd3_hs_oe' is not driven.
[EFX-0256 WARNING] The primary output port 'dsi_txd3_hs_o[7]' wire 'dsi_txd3_hs_o[7]' is not driven.
[EFX-0256 WARNING] The primary output port 'dsi_txd3_hs_o[6]' wire 'dsi_txd3_hs_o[6]' is not driven.
[EFX-0256 WARNING] The primary output port 'dsi_txd3_hs_o[5]' wire 'dsi_txd3_hs_o[5]' is not driven.
[EFX-0256 WARNING] The primary output port 'dsi_txd3_hs_o[4]' wire 'dsi_txd3_hs_o[4]' is not driven.
[EFX-0256 WARNING] The primary output port 'dsi_txd3_hs_o[3]' wire 'dsi_txd3_hs_o[3]' is not driven.
[EFX-0256 WARNING] The primary output port 'dsi_txd3_hs_o[2]' wire 'dsi_txd3_hs_o[2]' is not driven.
[EFX-0256 WARNING] The primary output port 'dsi_txd3_hs_o[1]' wire 'dsi_txd3_hs_o[1]' is not driven.
[EFX-0256 WARNING] The primary output port 'dsi_txd3_hs_o[0]' wire 'dsi_txd3_hs_o[0]' is not driven.
[EFX-0256 WARNING] The primary output port 'lvds_txc_oe' wire 'lvds_txc_oe' is not driven.
[EFX-0256 WARNING] The primary output port 'lvds_txc_o[6]' wire 'lvds_txc_o[6]' is not driven.
[EFX-0256 WARNING] The primary output port 'lvds_txc_o[5]' wire 'lvds_txc_o[5]' is not driven.
[EFX-0256 WARNING] The primary output port 'lvds_txc_o[4]' wire 'lvds_txc_o[4]' is not driven.
[EFX-0256 WARNING] The primary output port 'lvds_txc_o[3]' wire 'lvds_txc_o[3]' is not driven.
[EFX-0256 WARNING] The primary output port 'lvds_txc_o[2]' wire 'lvds_txc_o[2]' is not driven.
[EFX-0256 WARNING] The primary output port 'lvds_txc_o[1]' wire 'lvds_txc_o[1]' is not driven.
[EFX-0256 WARNING] The primary output port 'lvds_txc_o[0]' wire 'lvds_txc_o[0]' is not driven.
[EFX-0256 WARNING] The primary output port 'lvds_txc_rst_o' wire 'lvds_txc_rst_o' is not driven.
[EFX-0256 WARNING] The primary output port 'lvds_txd0_oe' wire 'lvds_txd0_oe' is not driven.
[EFX-0256 WARNING] The primary output port 'lvds_txd0_o[6]' wire 'lvds_txd0_o[6]' is not driven.
[EFX-0256 WARNING] The primary output port 'lvds_txd0_o[5]' wire 'lvds_txd0_o[5]' is not driven.
[EFX-0256 WARNING] The primary output port 'lvds_txd0_o[4]' wire 'lvds_txd0_o[4]' is not driven.
[EFX-0256 WARNING] The primary output port 'lvds_txd0_o[3]' wire 'lvds_txd0_o[3]' is not driven.
[EFX-0256 WARNING] The primary output port 'lvds_txd0_o[2]' wire 'lvds_txd0_o[2]' is not driven.
[EFX-0256 WARNING] The primary output port 'lvds_txd0_o[1]' wire 'lvds_txd0_o[1]' is not driven.
[EFX-0256 WARNING] The primary output port 'lvds_txd0_o[0]' wire 'lvds_txd0_o[0]' is not driven.
[EFX-0256 WARNING] The primary output port 'lvds_txd0_rst_o' wire 'lvds_txd0_rst_o' is not driven.
[EFX-0256 WARNING] The primary output port 'lvds_txd1_oe' wire 'lvds_txd1_oe' is not driven.
[EFX-0256 WARNING] The primary output port 'lvds_txd1_o[6]' wire 'lvds_txd1_o[6]' is not driven.
[EFX-0256 WARNING] The primary output port 'lvds_txd1_o[5]' wire 'lvds_txd1_o[5]' is not driven.
[EFX-0256 WARNING] The primary output port 'lvds_txd1_o[4]' wire 'lvds_txd1_o[4]' is not driven.
[EFX-0256 WARNING] The primary output port 'lvds_txd1_o[3]' wire 'lvds_txd1_o[3]' is not driven.
[EFX-0256 WARNING] The primary output port 'lvds_txd1_o[2]' wire 'lvds_txd1_o[2]' is not driven.
[EFX-0256 WARNING] The primary output port 'lvds_txd1_o[1]' wire 'lvds_txd1_o[1]' is not driven.
[EFX-0256 WARNING] The primary output port 'lvds_txd1_o[0]' wire 'lvds_txd1_o[0]' is not driven.
[EFX-0256 WARNING] The primary output port 'lvds_txd1_rst_o' wire 'lvds_txd1_rst_o' is not driven.
[EFX-0256 WARNING] The primary output port 'lvds_txd2_oe' wire 'lvds_txd2_oe' is not driven.
[EFX-0256 WARNING] The primary output port 'lvds_txd2_o[6]' wire 'lvds_txd2_o[6]' is not driven.
[EFX-0256 WARNING] The primary output port 'lvds_txd2_o[5]' wire 'lvds_txd2_o[5]' is not driven.
[EFX-0256 WARNING] The primary output port 'lvds_txd2_o[4]' wire 'lvds_txd2_o[4]' is not driven.
[EFX-0256 WARNING] The primary output port 'lvds_txd2_o[3]' wire 'lvds_txd2_o[3]' is not driven.
[EFX-0256 WARNING] The primary output port 'lvds_txd2_o[2]' wire 'lvds_txd2_o[2]' is not driven.
[EFX-0256 WARNING] The primary output port 'lvds_txd2_o[1]' wire 'lvds_txd2_o[1]' is not driven.
[EFX-0256 WARNING] The primary output port 'lvds_txd2_o[0]' wire 'lvds_txd2_o[0]' is not driven.
[EFX-0256 WARNING] The primary output port 'lvds_txd2_rst_o' wire 'lvds_txd2_rst_o' is not driven.
[EFX-0256 WARNING] The primary output port 'lvds_txd3_oe' wire 'lvds_txd3_oe' is not driven.
[EFX-0256 WARNING] The primary output port 'lvds_txd3_o[6]' wire 'lvds_txd3_o[6]' is not driven.
[EFX-0256 WARNING] The primary output port 'lvds_txd3_o[5]' wire 'lvds_txd3_o[5]' is not driven.
[EFX-0256 WARNING] The primary output port 'lvds_txd3_o[4]' wire 'lvds_txd3_o[4]' is not driven.
[EFX-0256 WARNING] The primary output port 'lvds_txd3_o[3]' wire 'lvds_txd3_o[3]' is not driven.
[EFX-0256 WARNING] The primary output port 'lvds_txd3_o[2]' wire 'lvds_txd3_o[2]' is not driven.
[EFX-0256 WARNING] The primary output port 'lvds_txd3_o[1]' wire 'lvds_txd3_o[1]' is not driven.
[EFX-0256 WARNING] The primary output port 'lvds_txd3_o[0]' wire 'lvds_txd3_o[0]' is not driven.
[EFX-0256 WARNING] The primary output port 'lvds_txd3_rst_o' wire 'lvds_txd3_rst_o' is not driven.
[EFX-0256 WARNING] The primary output port 'lcd_tp_sda_o' wire 'lcd_tp_sda_o' is not driven.
[EFX-0256 WARNING] The primary output port 'lcd_tp_sda_oe' wire 'lcd_tp_sda_oe' is not driven.
[EFX-0256 WARNING] The primary output port 'lcd_tp_scl_o' wire 'lcd_tp_scl_o' is not driven.
[EFX-0256 WARNING] The primary output port 'lcd_tp_scl_oe' wire 'lcd_tp_scl_oe' is not driven.
[EFX-0256 WARNING] The primary output port 'lcd_tp_int_o' wire 'lcd_tp_int_o' is not driven.
[EFX-0256 WARNING] The primary output port 'lcd_tp_int_oe' wire 'lcd_tp_int_oe' is not driven.
[EFX-0256 WARNING] The primary output port 'lcd_tp_rst_o' wire 'lcd_tp_rst_o' is not driven.
[EFX-0256 WARNING] The primary output port 'lcd_pwm_o' wire 'lcd_pwm_o' is not driven.
[EFX-0256 WARNING] The primary output port 'lcd_blen_o' wire 'lcd_blen_o' is not driven.
[EFX-0256 WARNING] The primary output port 'lcd_vs_o' wire 'lcd_vs_o' is not driven.
[EFX-0256 WARNING] The primary output port 'lcd_hs_o' wire 'lcd_hs_o' is not driven.
[EFX-0200 WARNING] Removing redundant signal : Shift_Q7_Out[4][7]. (D:\house-1\9.25.1_ding_Ti60F225_Canny_Face_Parallel\ip/DdrCtrl\DdrCtrl.sv:2611)
[EFX-0200 WARNING] Removing redundant signal : Shift_Q7_Out[4][6]. (D:\house-1\9.25.1_ding_Ti60F225_Canny_Face_Parallel\ip/DdrCtrl\DdrCtrl.sv:2611)
[EFX-0200 WARNING] Removing redundant signal : Shift_Q7_Out[4][5]. (D:\house-1\9.25.1_ding_Ti60F225_Canny_Face_Parallel\ip/DdrCtrl\DdrCtrl.sv:2611)
[EFX-0200 WARNING] Removing redundant signal : Shift_Q7_Out[4][4]. (D:\house-1\9.25.1_ding_Ti60F225_Canny_Face_Parallel\ip/DdrCtrl\DdrCtrl.sv:2611)
[EFX-0200 WARNING] Removing redundant signal : Shift_Q7_Out[4][3]. (D:\house-1\9.25.1_ding_Ti60F225_Canny_Face_Parallel\ip/DdrCtrl\DdrCtrl.sv:2611)
[EFX-0200 WARNING] Removing redundant signal : Shift_Q7_Out[4][2]. (D:\house-1\9.25.1_ding_Ti60F225_Canny_Face_Parallel\ip/DdrCtrl\DdrCtrl.sv:2611)
[EFX-0200 WARNING] Removing redundant signal : Shift_Q7_Out[4][1]. (D:\house-1\9.25.1_ding_Ti60F225_Canny_Face_Parallel\ip/DdrCtrl\DdrCtrl.sv:2611)
[EFX-0200 WARNING] Removing redundant signal : Shift_Q7_Out[4][0]. (D:\house-1\9.25.1_ding_Ti60F225_Canny_Face_Parallel\ip/DdrCtrl\DdrCtrl.sv:2611)
[EFX-0200 WARNING] Removing redundant signal : Shift_Out[7]. (D:\house-1\9.25.1_ding_Ti60F225_Canny_Face_Parallel\ip/DdrCtrl\DdrCtrl.sv:2611)
[EFX-0200 WARNING] Removing redundant signal : Shift_Out[6]. (D:\house-1\9.25.1_ding_Ti60F225_Canny_Face_Parallel\ip/DdrCtrl\DdrCtrl.sv:2611)
[EFX-0200 WARNING] Removing redundant signal : Shift_Out[5]. (D:\house-1\9.25.1_ding_Ti60F225_Canny_Face_Parallel\ip/DdrCtrl\DdrCtrl.sv:2611)
[EFX-0200 WARNING] Removing redundant signal : Shift_Out[4]. (D:\house-1\9.25.1_ding_Ti60F225_Canny_Face_Parallel\ip/DdrCtrl\DdrCtrl.sv:2611)
[EFX-0200 WARNING] Removing redundant signal : Shift_Out[3]. (D:\house-1\9.25.1_ding_Ti60F225_Canny_Face_Parallel\ip/DdrCtrl\DdrCtrl.sv:2611)
[EFX-0200 WARNING] Removing redundant signal : Shift_Out[2]. (D:\house-1\9.25.1_ding_Ti60F225_Canny_Face_Parallel\ip/DdrCtrl\DdrCtrl.sv:2611)
[EFX-0200 WARNING] Removing redundant signal : Shift_Out[1]. (D:\house-1\9.25.1_ding_Ti60F225_Canny_Face_Parallel\ip/DdrCtrl\DdrCtrl.sv:2611)
[EFX-0200 WARNING] Removing redundant signal : Shift_Out[0]. (D:\house-1\9.25.1_ding_Ti60F225_Canny_Face_Parallel\ip/DdrCtrl\DdrCtrl.sv:2611)
[EFX-0200 WARNING] Removing redundant signal : Shift_Q7_Out[4][31]. (D:\house-1\9.25.1_ding_Ti60F225_Canny_Face_Parallel\ip/DdrCtrl\DdrCtrl.sv:2611)
[EFX-0200 WARNING] Removing redundant signal : Shift_Q7_Out[4][30]. (D:\house-1\9.25.1_ding_Ti60F225_Canny_Face_Parallel\ip/DdrCtrl\DdrCtrl.sv:2611)
[EFX-0200 WARNING] Removing redundant signal : Shift_Q7_Out[4][29]. (D:\house-1\9.25.1_ding_Ti60F225_Canny_Face_Parallel\ip/DdrCtrl\DdrCtrl.sv:2611)
[EFX-0200 WARNING] Removing redundant signal : Shift_Q7_Out[4][28]. (D:\house-1\9.25.1_ding_Ti60F225_Canny_Face_Parallel\ip/DdrCtrl\DdrCtrl.sv:2611)
[EFX-0201 WARNING] Re-wiring to GND non-driven net 'u_efx_fifo_top.a_rst_i'. (D:\house-1\9.25.1_ding_Ti60F225_Canny_Face_Parallel\ip/DdrCtrl\DdrCtrl.sv:4817)
[EFX-0201 WARNING] Re-wiring to GND non-driven net 'u_efx_fifo_top.clk_i'. (D:\house-1\9.25.1_ding_Ti60F225_Canny_Face_Parallel\ip/DdrCtrl\DdrCtrl.sv:4817)
[EFX-0201 WARNING] Re-wiring to GND non-driven net 'r_rd_fifo_wr_en_p[31]'. (D:\house-1\9.25.1_ding_Ti60F225_Canny_Face_Parallel\ip/DdrCtrl\DdrCtrl.sv:1460)
[EFX-0201 WARNING] Re-wiring to GND non-driven net 'r_rd_fifo_wr_en_p[30]'. (D:\house-1\9.25.1_ding_Ti60F225_Canny_Face_Parallel\ip/DdrCtrl\DdrCtrl.sv:1460)
[EFX-0201 WARNING] Re-wiring to GND non-driven net 'r_rd_fifo_wr_en_p[29]'. (D:\house-1\9.25.1_ding_Ti60F225_Canny_Face_Parallel\ip/DdrCtrl\DdrCtrl.sv:1460)
[EFX-0201 WARNING] Re-wiring to GND non-driven net 'r_rd_fifo_wr_en_p[28]'. (D:\house-1\9.25.1_ding_Ti60F225_Canny_Face_Parallel\ip/DdrCtrl\DdrCtrl.sv:1460)
[EFX-0201 WARNING] Re-wiring to GND non-driven net 'r_rd_fifo_wr_en_p[27]'. (D:\house-1\9.25.1_ding_Ti60F225_Canny_Face_Parallel\ip/DdrCtrl\DdrCtrl.sv:1460)
[EFX-0201 WARNING] Re-wiring to GND non-driven net 'r_rd_fifo_wr_en_p[26]'. (D:\house-1\9.25.1_ding_Ti60F225_Canny_Face_Parallel\ip/DdrCtrl\DdrCtrl.sv:1460)
[EFX-0201 WARNING] Re-wiring to GND non-driven net 'r_rd_fifo_wr_en_p[25]'. (D:\house-1\9.25.1_ding_Ti60F225_Canny_Face_Parallel\ip/DdrCtrl\DdrCtrl.sv:1460)
[EFX-0201 WARNING] Re-wiring to GND non-driven net 'r_rd_fifo_wr_en_p[24]'. (D:\house-1\9.25.1_ding_Ti60F225_Canny_Face_Parallel\ip/DdrCtrl\DdrCtrl.sv:1460)
[EFX-0657 WARNING] Mapping into logic memory block 'u_parallel/u_regions/cell_sum' (1120 bits) (D:\house-1\9.25.1_ding_Ti60F225_Canny_Face_Parallel\src\parallel\face_grid_regions.v:26) because read port is not synchronous.
