
Efinix FPGA Placement and Routing.
Version: 2025.1.110.5.9 
Date: Tue Sep 15 17:12:05 2026

Copyright (C) 2013 - 2025 Efinix, Inc. All rights reserved.
 
Family: Titanium 
Device: Ti60F225
Top-level Entity Name: Ti60_Demo


---------- GBUFCE Assignments (begin) ----------


+---------------+----------+----------+
|   Clock Net   | GBUFCE_X | GBUFCE_Y |
+---------------+----------+----------+
|    clk_27m    |   218    |   163    |
|  clk_lvds_1x  |   218    |   162    |
|  clk_lvds_7x  |   218    |   158    |
|   clk_pixel   |    1     |   159    |
| clk_pixel_10x |    1     |   164    |
|    clk_sys    |    1     |   162    |
|   cmos_pclk   |   111    |   322    |
|   core_clk    |   218    |   164    |
| dsi_byteclk_i |   112    |    1     |
| dsi_serclk_i  |   107    |    1     |
| dsi_txcclk_i  |   108    |    1     |
|    tac_clk    |   111    |    1     |
|   tdqss_clk   |   110    |    1     |
|    twd_clk    |   218    |   159    |
+---------------+----------+----------+


----------- GBUFCE Assignments (end) ----------



---------- Resource Summary (begin) ----------
Inputs: 66 / 1703 (3.88%)
Outputs: 481 / 2267 (21.22%)
Global Clocks (GBUF): 14 / 32 (43.75%)
Regional Clocks (RBUF): 0 / 32 (0.00%)
	RBUF: Core: 0 / 16 (0.00%)
	RBUF: Periphery: 0 / 8 (0.00%)
	RBUF: Multi-Region: 0 / 8 (0.00%)
XLRs: 42262 / 60800 (69.51%)
	XLRs needed for Logic: 22103 / 60800 (36.35%)
	XLRs needed for Logic + FF: 1969 / 60800 (3.24%)
	XLRs needed for Adder: 1117 / 60800 (1.84%)
	XLRs needed for Adder + FF: 242 / 60800 (0.40%)
	XLRs needed for FF: 16338 / 60800 (26.87%)
	XLRs needed for SRL8: 493 / 14720 (3.35%)
	XLRs needed for SRL8+FF: 0 / 14720 (0.00%)
	XLRs needed for Routing: 0 / 60800 (0.00%)
Memory Blocks: 85 / 256 (33.20%)
DSP Blocks: 14 / 160 (8.75%)
---------- Resource Summary (end) ----------


---------- DSP Packer Summary (begin) ----------

	DSP48 blocks required to legally pack design: 14
	DSP48 blocks recoverable by optimizing:
		-> DSP24/12 control signals & parameters: 0
	Best case scenario DSP count after optimizing: 14

---------- DSP Packer Summary (end) ----------

Elapsed time for entire flow: 0 hours 3 minutes 4 seconds
