
Efinix FPGA Placement and Routing.
Version: 2025.1.110.5.9 
Date: Mon Sep 14 22:36:15 2026

Copyright (C) 2013 - 2025 Efinix, Inc. All rights reserved.
 
Family: Titanium 
Device: Ti60F225
Top-level Entity Name: Hello_LED


---------- GBUFCE Assignments (begin) ----------


+-----------+----------+----------+
| Clock Net | GBUFCE_X | GBUFCE_Y |
+-----------+----------+----------+
|    clk    |   218    |   165    |
+-----------+----------+----------+


----------- GBUFCE Assignments (end) ----------



---------- Resource Summary (begin) ----------
Inputs: 2 / 1703 (0.12%)
Outputs: 8 / 2267 (0.35%)
Global Clocks (GBUF): 1 / 32 (3.12%)
Regional Clocks (RBUF): 0 / 32 (0.00%)
	RBUF: Core: 0 / 16 (0.00%)
	RBUF: Periphery: 0 / 8 (0.00%)
	RBUF: Multi-Region: 0 / 8 (0.00%)
XLRs: 58 / 60800 (0.10%)
	XLRs needed for Logic: 12 / 60800 (0.02%)
	XLRs needed for Logic + FF: 13 / 60800 (0.02%)
	XLRs needed for Adder: 13 / 60800 (0.02%)
	XLRs needed for Adder + FF: 18 / 60800 (0.03%)
	XLRs needed for FF: 2 / 60800 (0.00%)
	XLRs needed for SRL8: 0 / 14720 (0.00%)
	XLRs needed for SRL8+FF: 0 / 14720 (0.00%)
	XLRs needed for Routing: 0 / 60800 (0.00%)
Memory Blocks: 0 / 256 (0.00%)
DSP Blocks: 0 / 160 (0.00%)
---------- Resource Summary (end) ----------

Elapsed time for entire flow: 0 hours 0 minutes 7 seconds
