Vivado Simulator 2019.2
Copyright 1986-1999, 2001-2019 Xilinx, Inc. All Rights Reserved.
Running: D:/Vivado/Vivado/2019.2/bin/unwrapped/win64.o/xelab.exe tb_720p -s tb_720p -mt 2 -debug typical 
Using 2 slave threads.
Starting static elaboration
Pass Through NonSizing Optimizer
Completed static elaboration
Starting simulation data flow analysis
Completed simulation data flow analysis
Time Resolution for simulation is 1ps
Compiling module work.rgb565_to_gray
Compiling module work.line_buffer_3x3
Compiling module work.median3x3
Compiling module work.sobel3x3
Compiling module work.gaussian3x3
Compiling module work.line_buffer_3x3(DWIDTH=14)
Compiling module work.nms3x3
Compiling module work.canny_threshold(TH_HIGH=12'b0101...
Compiling module work.line_buffer_3x3(DWIDTH=2)
Compiling module work.hysteresis_local
Compiling module work.canny_stream(GAUSSIAN=1)
Compiling module work.video_delay(BITS=40)
Compiling module work.rgb565_to_rgb888
Compiling module work.rgb565_to_ycbcr_skin
Compiling module work.line_buffer_3x3(DWIDTH=1)
Compiling module work.face_morph
Compiling module work.video_delay(BITS=24,LATENCY=3309...
Compiling module work.video_delay(BITS=9,LATENCY=6617)
Compiling module work.video_delay(BITS=10,LATENCY=3309...
Compiling module work.video_delay(BITS=9,LATENCY=4963)
Compiling module work.face_grid_regions_default
Compiling module work.vision_hud
Compiling module work.parallel_overlay
Compiling module work.parallel_video(CANNY_GAUSSIAN=1)
Compiling module work.tb_720p
Built simulation snapshot tb_720p

****** Webtalk v2019.2 (64-bit)
  **** SW Build 2708876 on Wed Nov  6 21:40:23 MST 2019
  **** IP Build 2700528 on Thu Nov  7 00:09:20 MST 2019
    ** Copyright 1986-2019 Xilinx, Inc. All Rights Reserved.

source D:/house-1/9.25.1_ding_Ti60F225_Canny_Face_Parallel/reports/remove_modes_20260926/sim/xsim.dir/tb_720p/webtalk/xsim_webtalk.tcl -notrace
INFO: [Common 17-206] Exiting Webtalk at Sat Sep 26 16:33:21 2026...
