Vivado Simulator 2019.2
Copyright 1986-1999, 2001-2019 Xilinx, Inc. All Rights Reserved.
Running: D:/Vivado/Vivado/2019.2/bin/unwrapped/win64.o/xelab.exe tb_controls -s tb_controls -mt 2 -debug typical 
Using 2 slave threads.
Starting static elaboration
Pass Through NonSizing Optimizer
WARNING: [VRFC 10-3645] port 'raw_strength' remains unconnected for this instance [D:/house-1/9.25.1_ding_Ti60F225_Canny_Face_Parallel/tb/parallel/tb_controls.v:19]
Completed static elaboration
Starting simulation data flow analysis
Completed simulation data flow analysis
Time Resolution for simulation is 1ps
Compiling module work.uart_params(CLKS_PER_BIT=8,KEY_D...
Compiling module work.vision_hud
Compiling module work.parallel_overlay
Compiling module work.parallel_overlay(DEBUG_BOXES=1)
Compiling module work.parallel_overlay(HUD_ENABLE=1)
Compiling module work.tb_controls
Built simulation snapshot tb_controls

****** Webtalk v2019.2 (64-bit)
  **** SW Build 2708876 on Wed Nov  6 21:40:23 MST 2019
  **** IP Build 2700528 on Thu Nov  7 00:09:20 MST 2019
    ** Copyright 1986-2019 Xilinx, Inc. All Rights Reserved.

source D:/house-1/9.25.1_ding_Ti60F225_Canny_Face_Parallel/reports/remove_modes_20260926/sim/xsim.dir/tb_controls/webtalk/xsim_webtalk.tcl -notrace
INFO: [Common 17-206] Exiting Webtalk at Sat Sep 26 16:33:12 2026...
