
****** xsim v2018.3 (64-bit)
  **** SW Build 2405991 on Thu Dec  6 23:38:27 MST 2018
  **** IP Build 2404404 on Fri Dec  7 01:43:56 MST 2018
    ** Copyright 1986-2018 Xilinx, Inc. All Rights Reserved.

source xsim.dir/tb_freeze/xsim_script.tcl
# xsim {tb_freeze} -wdb {freeze.wdb} -autoloadwcfg -tclbatch {../../../tools/wave_freeze.tcl}
Vivado Simulator 2018.3
Time resolution is 1 ps
source ../../../tools/wave_freeze.tcl
## open_vcd freeze.vcd
## log_vcd [get_objects /tb_freeze/clk]
## log_vcd [get_objects /tb_freeze/pixel_clk]
## log_vcd [get_objects /tb_freeze/reset]
## log_vcd [get_objects /tb_freeze/key_n]
## log_vcd [get_objects /tb_freeze/pulse]
## log_vcd [get_objects /tb_freeze/request]
## log_vcd [get_objects /tb_freeze/wr]
## log_vcd [get_objects /tb_freeze/rd]
## log_vcd [get_objects /tb_freeze/ws]
## log_vcd [get_objects /tb_freeze/rs]
## log_vcd [get_objects /tb_freeze/frozen]
## log_vcd [get_objects /tb_freeze/have_frame]
## run all
PASS freeze: async K2 debounce/hold/boot, 2556 cycles, startup, simultaneous events, latest frame, no slot collision/overwrite, resume/reset
$finish called at time : 25660 ns : File "D:/yilingsi_fpga/Efinity_Project/2026.9.25/9.25.1_ding_Ti60F225_Canny_Face_Parallel/tb/parallel/tb_freeze.v" Line 57
## close_vcd
## quit
INFO: [Common 17-206] Exiting xsim at Fri Sep 25 14:30:54 2026...
