#-----------------------------------------------------------
# xsim v2018.3 (64-bit)
# SW Build 2405991 on Thu Dec  6 23:38:27 MST 2018
# IP Build 2404404 on Fri Dec  7 01:43:56 MST 2018
# Start of session at: Fri Sep 25 14:25:26 2026
# Process ID: 13832
# Current directory: D:/yilingsi_fpga/Efinity_Project/2026.9.25/9.25.1_ding_Ti60F225_Canny_Face_Parallel/reports/contest_20260925/sim_03
# Command line: xsim.exe -mode tcl -source {xsim.dir/tb_720p/xsim_script.tcl}
# Log file: D:/yilingsi_fpga/Efinity_Project/2026.9.25/9.25.1_ding_Ti60F225_Canny_Face_Parallel/reports/contest_20260925/sim_03/xsim.log
# Journal file: D:/yilingsi_fpga/Efinity_Project/2026.9.25/9.25.1_ding_Ti60F225_Canny_Face_Parallel/reports/contest_20260925/sim_03\xsim.jou
#-----------------------------------------------------------
source xsim.dir/tb_720p/xsim_script.tcl
# xsim {tb_720p} -autoloadwcfg -runall
Vivado Simulator 2018.3
Time resolution is 1 ps
run -all
PASS 720p modes 5/6/7 exact RGB/DE/HS/VS: 2764800 display pixels
PASS 720p three frames: valid=2716992, uniform edges=0, worst CCL processing=443411 pixel clocks
$finish called at time : 43125040 ns : File "D:/yilingsi_fpga/Efinity_Project/2026.9.25/9.25.1_ding_Ti60F225_Canny_Face_Parallel/tb/parallel/tb_720p.v" Line 57
run: Time (s): cpu = 00:00:00 ; elapsed = 00:01:07 . Memory (MB): peak = 218.777 ; gain = 0.000
exit
INFO: [Common 17-206] Exiting xsim at Fri Sep 25 14:26:36 2026...
