
Efinix FPGA Placement and Routing.
Version: 2025.1.110.5.9 
Date: Thu Sep 17 18:50:43 2026

Copyright (C) 2013 - 2025 Efinix, Inc. All rights reserved.
 
Family: Titanium 
Device: Ti60F225
Top-level Entity Name: Ti60_Demo


---------- GBUFCE Assignments (begin) ----------


+---------------+----------+----------+
|   Clock Net   | GBUFCE_X | GBUFCE_Y |
+---------------+----------+----------+
|    clk_27m    |   218    |   163    |
|  clk_lvds_1x  |   218    |   162    |
|  clk_lvds_7x  |   218    |   158    |
|   clk_pixel   |    1     |   159    |
| clk_pixel_10x |    1     |   164    |
|    clk_sys    |    1     |   162    |
|   cmos_pclk   |   111    |   322    |
|   core_clk    |   218    |   164    |
| dsi_byteclk_i |   112    |    1     |
| dsi_serclk_i  |   107    |    1     |
| dsi_txcclk_i  |   108    |    1     |
|    tac_clk    |   111    |    1     |
|   tdqss_clk   |   110    |    1     |
|    twd_clk    |   218    |   159    |
+---------------+----------+----------+


----------- GBUFCE Assignments (end) ----------



---------- Resource Summary (begin) ----------
Inputs: 64 / 1703 (3.76%)
Outputs: 487 / 2267 (21.48%)
Global Clocks (GBUF): 14 / 32 (43.75%)
Regional Clocks (RBUF): 0 / 32 (0.00%)
	RBUF: Core: 0 / 16 (0.00%)
	RBUF: Periphery: 0 / 8 (0.00%)
	RBUF: Multi-Region: 0 / 8 (0.00%)
XLRs: 9075 / 60800 (14.93%)
	XLRs needed for Logic: 2414 / 60800 (3.97%)
	XLRs needed for Logic + FF: 1364 / 60800 (2.24%)
	XLRs needed for Adder: 719 / 60800 (1.18%)
	XLRs needed for Adder + FF: 157 / 60800 (0.26%)
	XLRs needed for FF: 1285 / 60800 (2.11%)
	XLRs needed for SRL8: 3136 / 14720 (21.30%)
	XLRs needed for SRL8+FF: 0 / 14720 (0.00%)
	XLRs needed for Routing: 0 / 60800 (0.00%)
Memory Blocks: 46 / 256 (17.97%)
DSP Blocks: 0 / 160 (0.00%)
---------- Resource Summary (end) ----------

Elapsed time for entire flow: 0 hours 0 minutes 43 seconds
