
Efinix FPGA Placement and Routing.
Version: 2025.1.110.5.9 
Date: Tue Sep 22 10:28:50 2026

Copyright (C) 2013 - 2025 Efinix, Inc. All rights reserved.
 
Family: Titanium 
Device: Ti60F225
Top-level Entity Name: Ti60_Demo


---------- GBUFCE Assignments (begin) ----------


+---------------+----------+----------+
|   Clock Net   | GBUFCE_X | GBUFCE_Y |
+---------------+----------+----------+
|    clk_27m    |   218    |   163    |
|  clk_lvds_1x  |   218    |   162    |
|  clk_lvds_7x  |   218    |   158    |
|   clk_pixel   |    1     |   159    |
| clk_pixel_10x |    1     |   164    |
|    clk_sys    |    1     |   162    |
|   cmos_pclk   |   111    |   322    |
|   core_clk    |   218    |   164    |
| dsi_byteclk_i |   112    |    1     |
| dsi_serclk_i  |   107    |    1     |
| dsi_txcclk_i  |   108    |    1     |
|    tac_clk    |   111    |    1     |
|   tdqss_clk   |   110    |    1     |
|    twd_clk    |   218    |   159    |
+---------------+----------+----------+


----------- GBUFCE Assignments (end) ----------



---------- Resource Summary (begin) ----------
Inputs: 64 / 1703 (3.76%)
Outputs: 487 / 2267 (21.48%)
Global Clocks (GBUF): 14 / 32 (43.75%)
Regional Clocks (RBUF): 0 / 32 (0.00%)
	RBUF: Core: 0 / 16 (0.00%)
	RBUF: Periphery: 0 / 8 (0.00%)
	RBUF: Multi-Region: 0 / 8 (0.00%)
XLRs: 24519 / 60800 (40.33%)
	XLRs needed for Logic: 10511 / 60800 (17.29%)
	XLRs needed for Logic + FF: 1899 / 60800 (3.12%)
	XLRs needed for Adder: 1165 / 60800 (1.92%)
	XLRs needed for Adder + FF: 369 / 60800 (0.61%)
	XLRs needed for FF: 10074 / 60800 (16.57%)
	XLRs needed for SRL8: 501 / 14720 (3.40%)
	XLRs needed for SRL8+FF: 0 / 14720 (0.00%)
	XLRs needed for Routing: 0 / 60800 (0.00%)
Memory Blocks: 103 / 256 (40.23%)
DSP Blocks: 15 / 160 (9.38%)
---------- Resource Summary (end) ----------


---------- DSP Packer Summary (begin) ----------

	DSP48 blocks required to legally pack design: 15
	DSP48 blocks recoverable by optimizing:
		-> DSP24/12 control signals & parameters: 0
	Best case scenario DSP count after optimizing: 15

---------- DSP Packer Summary (end) ----------

Elapsed time for entire flow: 0 hours 4 minutes 26 seconds
