WARNING  : [SDC D:/Efinity_Project/Efinity_Project/Ti60F225_OV5640_Face_Reproduction/Ti60_Demo.pt.sdc:14] No valid object(s) found for 'dsi_refclk_i'
WARNING  : [SDC D:/Efinity_Project/Efinity_Project/Ti60F225_OV5640_Face_Reproduction/Ti60_Demo.pt.sdc:14] No valid pin(s) found for clock
WARNING  : [SDC D:/Efinity_Project/Efinity_Project/Ti60F225_OV5640_Face_Reproduction/Ti60_Demo.pt.sdc:14] Unable to run 'create_clock' constraint due to warnings found
WARNING  : [SDC D:/Efinity_Project/Efinity_Project/Ti60F225_OV5640_Face_Reproduction/Ti60_Demo.pt.sdc:24] No valid object(s) found for 'clk_pixel_2x'
WARNING  : [SDC D:/Efinity_Project/Efinity_Project/Ti60F225_OV5640_Face_Reproduction/Ti60_Demo.pt.sdc:24] No valid pin(s) found for clock
WARNING  : [SDC D:/Efinity_Project/Efinity_Project/Ti60F225_OV5640_Face_Reproduction/Ti60_Demo.pt.sdc:24] Unable to run 'create_clock' constraint due to warnings found
WARNING  : [SDC D:/Efinity_Project/Efinity_Project/Ti60F225_OV5640_Face_Reproduction/Ti60_Demo.pt.sdc:29] No valid object(s) found for 'clk_54m'
WARNING  : [SDC D:/Efinity_Project/Efinity_Project/Ti60F225_OV5640_Face_Reproduction/Ti60_Demo.pt.sdc:29] No valid pin(s) found for clock
WARNING  : [SDC D:/Efinity_Project/Efinity_Project/Ti60F225_OV5640_Face_Reproduction/Ti60_Demo.pt.sdc:29] Unable to run 'create_clock' constraint due to warnings found
WARNING  : No ports matched 'csi_rxc_i'
WARNING  : [SDC D:/Efinity_Project/Efinity_Project/Ti60F225_OV5640_Face_Reproduction/Ti60_Demo.pt.sdc:33] No valid pin(s) found for clock
WARNING  : [SDC D:/Efinity_Project/Efinity_Project/Ti60F225_OV5640_Face_Reproduction/Ti60_Demo.pt.sdc:33] Unable to run 'create_clock' constraint due to warnings found
WARNING  : [SDC D:/Efinity_Project/Efinity_Project/Ti60F225_OV5640_Face_Reproduction/Ti60_Demo.pt.sdc:35] set_clock_groups: Defaulting to -exclusive since none of the required option was specified
WARNING  : No clocks matched 'csi_rxc_i'
WARNING  : No clocks matched 'csi_rxc_i'
WARNING  : No ports matched 'i_dqs_n_hi[0]'
WARNING  : No ports matched 'i_dqs_n_lo[0]'
WARNING  : [SDC D:/Efinity_Project/Efinity_Project/Ti60F225_OV5640_Face_Reproduction/Ti60_Demo.pt.sdc:341] set_input_delay: No valid input port(s) found
WARNING  : [SDC D:/Efinity_Project/Efinity_Project/Ti60F225_OV5640_Face_Reproduction/Ti60_Demo.pt.sdc:341] Unable to run 'set_input_delay' constraint due to warnings found
WARNING  : No ports matched 'i_dqs_n_lo[0]'
WARNING  : No ports matched 'i_dqs_n_hi[0]'
WARNING  : [SDC D:/Efinity_Project/Efinity_Project/Ti60F225_OV5640_Face_Reproduction/Ti60_Demo.pt.sdc:342] set_input_delay: No valid input port(s) found
WARNING  : [SDC D:/Efinity_Project/Efinity_Project/Ti60F225_OV5640_Face_Reproduction/Ti60_Demo.pt.sdc:342] Unable to run 'set_input_delay' constraint due to warnings found
WARNING  : No ports matched 'i_dqs_n_lo[1]'
WARNING  : No ports matched 'i_dqs_n_hi[1]'
WARNING  : [SDC D:/Efinity_Project/Efinity_Project/Ti60F225_OV5640_Face_Reproduction/Ti60_Demo.pt.sdc:347] set_input_delay: No valid input port(s) found
WARNING  : [SDC D:/Efinity_Project/Efinity_Project/Ti60F225_OV5640_Face_Reproduction/Ti60_Demo.pt.sdc:347] Unable to run 'set_input_delay' constraint due to warnings found
WARNING  : No ports matched 'i_dqs_n_lo[1]'
WARNING  : No ports matched 'i_dqs_n_hi[1]'
WARNING  : [SDC D:/Efinity_Project/Efinity_Project/Ti60F225_OV5640_Face_Reproduction/Ti60_Demo.pt.sdc:348] set_input_delay: No valid input port(s) found
WARNING  : [SDC D:/Efinity_Project/Efinity_Project/Ti60F225_OV5640_Face_Reproduction/Ti60_Demo.pt.sdc:348] Unable to run 'set_input_delay' constraint due to warnings found
WARNING  : No ports matched 'csi_rxc_i~CLKOUT~218~278'
WARNING  : No ports matched 'csi_rxd0_fifo_rd_o'
WARNING  : [SDC D:/Efinity_Project/Efinity_Project/Ti60F225_OV5640_Face_Reproduction/Ti60_Demo.pt.sdc:576] No clocks matched 'csi_rxc_i'
WARNING  : [SDC D:/Efinity_Project/Efinity_Project/Ti60F225_OV5640_Face_Reproduction/Ti60_Demo.pt.sdc:576] set_output_delay: No valid clock found for -clock
WARNING  : [SDC D:/Efinity_Project/Efinity_Project/Ti60F225_OV5640_Face_Reproduction/Ti60_Demo.pt.sdc:576] Unable to run 'set_output_delay' constraint due to warnings found
WARNING  : No ports matched 'csi_rxc_i~CLKOUT~218~278'
WARNING  : No ports matched 'csi_rxd0_fifo_rd_o'
WARNING  : [SDC D:/Efinity_Project/Efinity_Project/Ti60F225_OV5640_Face_Reproduction/Ti60_Demo.pt.sdc:577] No clocks matched 'csi_rxc_i'
WARNING  : [SDC D:/Efinity_Project/Efinity_Project/Ti60F225_OV5640_Face_Reproduction/Ti60_Demo.pt.sdc:577] set_output_delay: No valid clock found for -clock
WARNING  : [SDC D:/Efinity_Project/Efinity_Project/Ti60F225_OV5640_Face_Reproduction/Ti60_Demo.pt.sdc:577] Unable to run 'set_output_delay' constraint due to warnings found
WARNING  : No ports matched 'csi_rxc_i~CLKOUT~218~278'
WARNING  : [SDC D:/Efinity_Project/Efinity_Project/Ti60F225_OV5640_Face_Reproduction/Ti60_Demo.pt.sdc:578] No clocks matched 'csi_rxc_i'
WARNING  : [SDC D:/Efinity_Project/Efinity_Project/Ti60F225_OV5640_Face_Reproduction/Ti60_Demo.pt.sdc:578] set_output_delay: No valid clock found for -clock
WARNING  : [SDC D:/Efinity_Project/Efinity_Project/Ti60F225_OV5640_Face_Reproduction/Ti60_Demo.pt.sdc:578] Unable to run 'set_output_delay' constraint due to warnings found
WARNING  : No ports matched 'csi_rxc_i~CLKOUT~218~278'
WARNING  : [SDC D:/Efinity_Project/Efinity_Project/Ti60F225_OV5640_Face_Reproduction/Ti60_Demo.pt.sdc:579] No clocks matched 'csi_rxc_i'
WARNING  : [SDC D:/Efinity_Project/Efinity_Project/Ti60F225_OV5640_Face_Reproduction/Ti60_Demo.pt.sdc:579] set_output_delay: No valid clock found for -clock
WARNING  : [SDC D:/Efinity_Project/Efinity_Project/Ti60F225_OV5640_Face_Reproduction/Ti60_Demo.pt.sdc:579] Unable to run 'set_output_delay' constraint due to warnings found
WARNING  : No ports matched 'csi_rxc_i~CLKOUT~218~278'
WARNING  : No ports matched 'csi_rxd0_fifo_empty_i'
WARNING  : [SDC D:/Efinity_Project/Efinity_Project/Ti60F225_OV5640_Face_Reproduction/Ti60_Demo.pt.sdc:580] No clocks matched 'csi_rxc_i'
WARNING  : [SDC D:/Efinity_Project/Efinity_Project/Ti60F225_OV5640_Face_Reproduction/Ti60_Demo.pt.sdc:580] set_input_delay: No valid clock found for -clock
WARNING  : [SDC D:/Efinity_Project/Efinity_Project/Ti60F225_OV5640_Face_Reproduction/Ti60_Demo.pt.sdc:580] Unable to run 'set_input_delay' constraint due to warnings found
WARNING  : No ports matched 'csi_rxc_i~CLKOUT~218~278'
WARNING  : No ports matched 'csi_rxd0_fifo_empty_i'
WARNING  : [SDC D:/Efinity_Project/Efinity_Project/Ti60F225_OV5640_Face_Reproduction/Ti60_Demo.pt.sdc:581] No clocks matched 'csi_rxc_i'
WARNING  : [SDC D:/Efinity_Project/Efinity_Project/Ti60F225_OV5640_Face_Reproduction/Ti60_Demo.pt.sdc:581] set_input_delay: No valid clock found for -clock
WARNING  : [SDC D:/Efinity_Project/Efinity_Project/Ti60F225_OV5640_Face_Reproduction/Ti60_Demo.pt.sdc:581] Unable to run 'set_input_delay' constraint due to warnings found
WARNING  : No ports matched 'csi_rxc_i~CLKOUT~218~278'
WARNING  : No ports matched 'csi_rxd0_hs_i[*]'
WARNING  : [SDC D:/Efinity_Project/Efinity_Project/Ti60F225_OV5640_Face_Reproduction/Ti60_Demo.pt.sdc:582] No clocks matched 'csi_rxc_i'
WARNING  : [SDC D:/Efinity_Project/Efinity_Project/Ti60F225_OV5640_Face_Reproduction/Ti60_Demo.pt.sdc:582] set_input_delay: No valid clock found for -clock
WARNING  : [SDC D:/Efinity_Project/Efinity_Project/Ti60F225_OV5640_Face_Reproduction/Ti60_Demo.pt.sdc:582] Unable to run 'set_input_delay' constraint due to warnings found
WARNING  : No ports matched 'csi_rxc_i~CLKOUT~218~278'
WARNING  : No ports matched 'csi_rxd0_hs_i[*]'
WARNING  : [SDC D:/Efinity_Project/Efinity_Project/Ti60F225_OV5640_Face_Reproduction/Ti60_Demo.pt.sdc:583] No clocks matched 'csi_rxc_i'
WARNING  : [SDC D:/Efinity_Project/Efinity_Project/Ti60F225_OV5640_Face_Reproduction/Ti60_Demo.pt.sdc:583] set_input_delay: No valid clock found for -clock
WARNING  : [SDC D:/Efinity_Project/Efinity_Project/Ti60F225_OV5640_Face_Reproduction/Ti60_Demo.pt.sdc:583] Unable to run 'set_input_delay' constraint due to warnings found
WARNING  : No ports matched 'csi_rxc_i~CLKOUT~218~294'
WARNING  : No ports matched 'csi_rxd1_fifo_rd_o'
WARNING  : [SDC D:/Efinity_Project/Efinity_Project/Ti60F225_OV5640_Face_Reproduction/Ti60_Demo.pt.sdc:584] No clocks matched 'csi_rxc_i'
WARNING  : [SDC D:/Efinity_Project/Efinity_Project/Ti60F225_OV5640_Face_Reproduction/Ti60_Demo.pt.sdc:584] set_output_delay: No valid clock found for -clock
WARNING  : [SDC D:/Efinity_Project/Efinity_Project/Ti60F225_OV5640_Face_Reproduction/Ti60_Demo.pt.sdc:584] Unable to run 'set_output_delay' constraint due to warnings found
WARNING  : No ports matched 'csi_rxc_i~CLKOUT~218~294'
WARNING  : No ports matched 'csi_rxd1_fifo_rd_o'
WARNING  : [SDC D:/Efinity_Project/Efinity_Project/Ti60F225_OV5640_Face_Reproduction/Ti60_Demo.pt.sdc:585] No clocks matched 'csi_rxc_i'
WARNING  : [SDC D:/Efinity_Project/Efinity_Project/Ti60F225_OV5640_Face_Reproduction/Ti60_Demo.pt.sdc:585] set_output_delay: No valid clock found for -clock
WARNING  : [SDC D:/Efinity_Project/Efinity_Project/Ti60F225_OV5640_Face_Reproduction/Ti60_Demo.pt.sdc:585] Unable to run 'set_output_delay' constraint due to warnings found
WARNING  : No ports matched 'csi_rxc_i~CLKOUT~218~294'
WARNING  : [SDC D:/Efinity_Project/Efinity_Project/Ti60F225_OV5640_Face_Reproduction/Ti60_Demo.pt.sdc:586] No clocks matched 'csi_rxc_i'
WARNING  : [SDC D:/Efinity_Project/Efinity_Project/Ti60F225_OV5640_Face_Reproduction/Ti60_Demo.pt.sdc:586] set_output_delay: No valid clock found for -clock
WARNING  : [SDC D:/Efinity_Project/Efinity_Project/Ti60F225_OV5640_Face_Reproduction/Ti60_Demo.pt.sdc:586] Unable to run 'set_output_delay' constraint due to warnings found
WARNING  : No ports matched 'csi_rxc_i~CLKOUT~218~294'
WARNING  : [SDC D:/Efinity_Project/Efinity_Project/Ti60F225_OV5640_Face_Reproduction/Ti60_Demo.pt.sdc:587] No clocks matched 'csi_rxc_i'
WARNING  : [SDC D:/Efinity_Project/Efinity_Project/Ti60F225_OV5640_Face_Reproduction/Ti60_Demo.pt.sdc:587] set_output_delay: No valid clock found for -clock
WARNING  : [SDC D:/Efinity_Project/Efinity_Project/Ti60F225_OV5640_Face_Reproduction/Ti60_Demo.pt.sdc:587] Unable to run 'set_output_delay' constraint due to warnings found
WARNING  : No ports matched 'csi_rxc_i~CLKOUT~218~294'
WARNING  : No ports matched 'csi_rxd1_fifo_empty_i'
WARNING  : [SDC D:/Efinity_Project/Efinity_Project/Ti60F225_OV5640_Face_Reproduction/Ti60_Demo.pt.sdc:588] No clocks matched 'csi_rxc_i'
WARNING  : [SDC D:/Efinity_Project/Efinity_Project/Ti60F225_OV5640_Face_Reproduction/Ti60_Demo.pt.sdc:588] set_input_delay: No valid clock found for -clock
WARNING  : [SDC D:/Efinity_Project/Efinity_Project/Ti60F225_OV5640_Face_Reproduction/Ti60_Demo.pt.sdc:588] Unable to run 'set_input_delay' constraint due to warnings found
WARNING  : No ports matched 'csi_rxc_i~CLKOUT~218~294'
WARNING  : No ports matched 'csi_rxd1_fifo_empty_i'
WARNING  : [SDC D:/Efinity_Project/Efinity_Project/Ti60F225_OV5640_Face_Reproduction/Ti60_Demo.pt.sdc:589] No clocks matched 'csi_rxc_i'
WARNING  : [SDC D:/Efinity_Project/Efinity_Project/Ti60F225_OV5640_Face_Reproduction/Ti60_Demo.pt.sdc:589] set_input_delay: No valid clock found for -clock
WARNING  : [SDC D:/Efinity_Project/Efinity_Project/Ti60F225_OV5640_Face_Reproduction/Ti60_Demo.pt.sdc:589] Unable to run 'set_input_delay' constraint due to warnings found
WARNING  : No ports matched 'csi_rxc_i~CLKOUT~218~294'
WARNING  : No ports matched 'csi_rxd1_hs_i[*]'
WARNING  : [SDC D:/Efinity_Project/Efinity_Project/Ti60F225_OV5640_Face_Reproduction/Ti60_Demo.pt.sdc:590] No clocks matched 'csi_rxc_i'
WARNING  : [SDC D:/Efinity_Project/Efinity_Project/Ti60F225_OV5640_Face_Reproduction/Ti60_Demo.pt.sdc:590] set_input_delay: No valid clock found for -clock
WARNING  : [SDC D:/Efinity_Project/Efinity_Project/Ti60F225_OV5640_Face_Reproduction/Ti60_Demo.pt.sdc:590] Unable to run 'set_input_delay' constraint due to warnings found
WARNING  : No ports matched 'csi_rxc_i~CLKOUT~218~294'
WARNING  : No ports matched 'csi_rxd1_hs_i[*]'
WARNING  : [SDC D:/Efinity_Project/Efinity_Project/Ti60F225_OV5640_Face_Reproduction/Ti60_Demo.pt.sdc:591] No clocks matched 'csi_rxc_i'
WARNING  : [SDC D:/Efinity_Project/Efinity_Project/Ti60F225_OV5640_Face_Reproduction/Ti60_Demo.pt.sdc:591] set_input_delay: No valid clock found for -clock
WARNING  : [SDC D:/Efinity_Project/Efinity_Project/Ti60F225_OV5640_Face_Reproduction/Ti60_Demo.pt.sdc:591] Unable to run 'set_input_delay' constraint due to warnings found
WARNING  : No ports matched 'csi_rxc_i~CLKOUT~218~245'
WARNING  : No ports matched 'csi_rxd2_fifo_rd_o'
WARNING  : [SDC D:/Efinity_Project/Efinity_Project/Ti60F225_OV5640_Face_Reproduction/Ti60_Demo.pt.sdc:592] No clocks matched 'csi_rxc_i'
WARNING  : [SDC D:/Efinity_Project/Efinity_Project/Ti60F225_OV5640_Face_Reproduction/Ti60_Demo.pt.sdc:592] set_output_delay: No valid clock found for -clock
WARNING  : [SDC D:/Efinity_Project/Efinity_Project/Ti60F225_OV5640_Face_Reproduction/Ti60_Demo.pt.sdc:592] Unable to run 'set_output_delay' constraint due to warnings found
WARNING  : No ports matched 'csi_rxc_i~CLKOUT~218~245'
WARNING  : No ports matched 'csi_rxd2_fifo_rd_o'
WARNING  : [SDC D:/Efinity_Project/Efinity_Project/Ti60F225_OV5640_Face_Reproduction/Ti60_Demo.pt.sdc:593] No clocks matched 'csi_rxc_i'
WARNING  : [SDC D:/Efinity_Project/Efinity_Project/Ti60F225_OV5640_Face_Reproduction/Ti60_Demo.pt.sdc:593] set_output_delay: No valid clock found for -clock
WARNING  : [SDC D:/Efinity_Project/Efinity_Project/Ti60F225_OV5640_Face_Reproduction/Ti60_Demo.pt.sdc:593] Unable to run 'set_output_delay' constraint due to warnings found
WARNING  : No ports matched 'csi_rxc_i~CLKOUT~218~245'
WARNING  : [SDC D:/Efinity_Project/Efinity_Project/Ti60F225_OV5640_Face_Reproduction/Ti60_Demo.pt.sdc:594] No clocks matched 'csi_rxc_i'
WARNING  : [SDC D:/Efinity_Project/Efinity_Project/Ti60F225_OV5640_Face_Reproduction/Ti60_Demo.pt.sdc:594] set_output_delay: No valid clock found for -clock
WARNING  : [SDC D:/Efinity_Project/Efinity_Project/Ti60F225_OV5640_Face_Reproduction/Ti60_Demo.pt.sdc:594] Unable to run 'set_output_delay' constraint due to warnings found
WARNING  : No ports matched 'csi_rxc_i~CLKOUT~218~245'
WARNING  : [SDC D:/Efinity_Project/Efinity_Project/Ti60F225_OV5640_Face_Reproduction/Ti60_Demo.pt.sdc:595] No clocks matched 'csi_rxc_i'
WARNING  : [SDC D:/Efinity_Project/Efinity_Project/Ti60F225_OV5640_Face_Reproduction/Ti60_Demo.pt.sdc:595] set_output_delay: No valid clock found for -clock
WARNING  : [SDC D:/Efinity_Project/Efinity_Project/Ti60F225_OV5640_Face_Reproduction/Ti60_Demo.pt.sdc:595] Unable to run 'set_output_delay' constraint due to warnings found
WARNING  : No ports matched 'csi_rxc_i~CLKOUT~218~245'
WARNING  : No ports matched 'csi_rxd2_fifo_empty_i'
WARNING  : [SDC D:/Efinity_Project/Efinity_Project/Ti60F225_OV5640_Face_Reproduction/Ti60_Demo.pt.sdc:596] No clocks matched 'csi_rxc_i'
WARNING  : [SDC D:/Efinity_Project/Efinity_Project/Ti60F225_OV5640_Face_Reproduction/Ti60_Demo.pt.sdc:596] set_input_delay: No valid clock found for -clock
WARNING  : [SDC D:/Efinity_Project/Efinity_Project/Ti60F225_OV5640_Face_Reproduction/Ti60_Demo.pt.sdc:596] Unable to run 'set_input_delay' constraint due to warnings found
WARNING  : No ports matched 'csi_rxc_i~CLKOUT~218~245'
WARNING  : No ports matched 'csi_rxd2_fifo_empty_i'
WARNING  : [SDC D:/Efinity_Project/Efinity_Project/Ti60F225_OV5640_Face_Reproduction/Ti60_Demo.pt.sdc:597] No clocks matched 'csi_rxc_i'
WARNING  : [SDC D:/Efinity_Project/Efinity_Project/Ti60F225_OV5640_Face_Reproduction/Ti60_Demo.pt.sdc:597] set_input_delay: No valid clock found for -clock
WARNING  : [SDC D:/Efinity_Project/Efinity_Project/Ti60F225_OV5640_Face_Reproduction/Ti60_Demo.pt.sdc:597] Unable to run 'set_input_delay' constraint due to warnings found
WARNING  : No ports matched 'csi_rxc_i~CLKOUT~218~245'
WARNING  : No ports matched 'csi_rxd2_hs_i[*]'
WARNING  : [SDC D:/Efinity_Project/Efinity_Project/Ti60F225_OV5640_Face_Reproduction/Ti60_Demo.pt.sdc:598] No clocks matched 'csi_rxc_i'
WARNING  : [SDC D:/Efinity_Project/Efinity_Project/Ti60F225_OV5640_Face_Reproduction/Ti60_Demo.pt.sdc:598] set_input_delay: No valid clock found for -clock
WARNING  : [SDC D:/Efinity_Project/Efinity_Project/Ti60F225_OV5640_Face_Reproduction/Ti60_Demo.pt.sdc:598] Unable to run 'set_input_delay' constraint due to warnings found
WARNING  : No ports matched 'csi_rxc_i~CLKOUT~218~245'
WARNING  : No ports matched 'csi_rxd2_hs_i[*]'
WARNING  : [SDC D:/Efinity_Project/Efinity_Project/Ti60F225_OV5640_Face_Reproduction/Ti60_Demo.pt.sdc:599] No clocks matched 'csi_rxc_i'
WARNING  : [SDC D:/Efinity_Project/Efinity_Project/Ti60F225_OV5640_Face_Reproduction/Ti60_Demo.pt.sdc:599] set_input_delay: No valid clock found for -clock
WARNING  : [SDC D:/Efinity_Project/Efinity_Project/Ti60F225_OV5640_Face_Reproduction/Ti60_Demo.pt.sdc:599] Unable to run 'set_input_delay' constraint due to warnings found
WARNING  : No ports matched 'csi_rxc_i~CLKOUT~218~255'
WARNING  : No ports matched 'csi_rxd3_fifo_rd_o'
WARNING  : [SDC D:/Efinity_Project/Efinity_Project/Ti60F225_OV5640_Face_Reproduction/Ti60_Demo.pt.sdc:600] No clocks matched 'csi_rxc_i'
WARNING  : [SDC D:/Efinity_Project/Efinity_Project/Ti60F225_OV5640_Face_Reproduction/Ti60_Demo.pt.sdc:600] set_output_delay: No valid clock found for -clock
WARNING  : [SDC D:/Efinity_Project/Efinity_Project/Ti60F225_OV5640_Face_Reproduction/Ti60_Demo.pt.sdc:600] Unable to run 'set_output_delay' constraint due to warnings found
WARNING  : No ports matched 'csi_rxc_i~CLKOUT~218~255'
WARNING  : No ports matched 'csi_rxd3_fifo_rd_o'
WARNING  : [SDC D:/Efinity_Project/Efinity_Project/Ti60F225_OV5640_Face_Reproduction/Ti60_Demo.pt.sdc:601] No clocks matched 'csi_rxc_i'
WARNING  : [SDC D:/Efinity_Project/Efinity_Project/Ti60F225_OV5640_Face_Reproduction/Ti60_Demo.pt.sdc:601] set_output_delay: No valid clock found for -clock
WARNING  : [SDC D:/Efinity_Project/Efinity_Project/Ti60F225_OV5640_Face_Reproduction/Ti60_Demo.pt.sdc:601] Unable to run 'set_output_delay' constraint due to warnings found
WARNING  : No ports matched 'csi_rxc_i~CLKOUT~218~255'
WARNING  : [SDC D:/Efinity_Project/Efinity_Project/Ti60F225_OV5640_Face_Reproduction/Ti60_Demo.pt.sdc:602] No clocks matched 'csi_rxc_i'
WARNING  : [SDC D:/Efinity_Project/Efinity_Project/Ti60F225_OV5640_Face_Reproduction/Ti60_Demo.pt.sdc:602] set_output_delay: No valid clock found for -clock
WARNING  : [SDC D:/Efinity_Project/Efinity_Project/Ti60F225_OV5640_Face_Reproduction/Ti60_Demo.pt.sdc:602] Unable to run 'set_output_delay' constraint due to warnings found
WARNING  : No ports matched 'csi_rxc_i~CLKOUT~218~255'
WARNING  : [SDC D:/Efinity_Project/Efinity_Project/Ti60F225_OV5640_Face_Reproduction/Ti60_Demo.pt.sdc:603] No clocks matched 'csi_rxc_i'
WARNING  : [SDC D:/Efinity_Project/Efinity_Project/Ti60F225_OV5640_Face_Reproduction/Ti60_Demo.pt.sdc:603] set_output_delay: No valid clock found for -clock
WARNING  : [SDC D:/Efinity_Project/Efinity_Project/Ti60F225_OV5640_Face_Reproduction/Ti60_Demo.pt.sdc:603] Unable to run 'set_output_delay' constraint due to warnings found
WARNING  : No ports matched 'csi_rxc_i~CLKOUT~218~255'
WARNING  : No ports matched 'csi_rxd3_fifo_empty_i'
WARNING  : [SDC D:/Efinity_Project/Efinity_Project/Ti60F225_OV5640_Face_Reproduction/Ti60_Demo.pt.sdc:604] No clocks matched 'csi_rxc_i'
WARNING  : [SDC D:/Efinity_Project/Efinity_Project/Ti60F225_OV5640_Face_Reproduction/Ti60_Demo.pt.sdc:604] set_input_delay: No valid clock found for -clock
WARNING  : [SDC D:/Efinity_Project/Efinity_Project/Ti60F225_OV5640_Face_Reproduction/Ti60_Demo.pt.sdc:604] Unable to run 'set_input_delay' constraint due to warnings found
WARNING  : No ports matched 'csi_rxc_i~CLKOUT~218~255'
WARNING  : No ports matched 'csi_rxd3_fifo_empty_i'
WARNING  : [SDC D:/Efinity_Project/Efinity_Project/Ti60F225_OV5640_Face_Reproduction/Ti60_Demo.pt.sdc:605] No clocks matched 'csi_rxc_i'
WARNING  : [SDC D:/Efinity_Project/Efinity_Project/Ti60F225_OV5640_Face_Reproduction/Ti60_Demo.pt.sdc:605] set_input_delay: No valid clock found for -clock
WARNING  : [SDC D:/Efinity_Project/Efinity_Project/Ti60F225_OV5640_Face_Reproduction/Ti60_Demo.pt.sdc:605] Unable to run 'set_input_delay' constraint due to warnings found
WARNING  : No ports matched 'csi_rxc_i~CLKOUT~218~255'
WARNING  : No ports matched 'csi_rxd3_hs_i[*]'
WARNING  : [SDC D:/Efinity_Project/Efinity_Project/Ti60F225_OV5640_Face_Reproduction/Ti60_Demo.pt.sdc:606] No clocks matched 'csi_rxc_i'
WARNING  : [SDC D:/Efinity_Project/Efinity_Project/Ti60F225_OV5640_Face_Reproduction/Ti60_Demo.pt.sdc:606] set_input_delay: No valid clock found for -clock
WARNING  : [SDC D:/Efinity_Project/Efinity_Project/Ti60F225_OV5640_Face_Reproduction/Ti60_Demo.pt.sdc:606] Unable to run 'set_input_delay' constraint due to warnings found
WARNING  : No ports matched 'csi_rxc_i~CLKOUT~218~255'
WARNING  : No ports matched 'csi_rxd3_hs_i[*]'
WARNING  : [SDC D:/Efinity_Project/Efinity_Project/Ti60F225_OV5640_Face_Reproduction/Ti60_Demo.pt.sdc:607] No clocks matched 'csi_rxc_i'
WARNING  : [SDC D:/Efinity_Project/Efinity_Project/Ti60F225_OV5640_Face_Reproduction/Ti60_Demo.pt.sdc:607] set_input_delay: No valid clock found for -clock
WARNING  : [SDC D:/Efinity_Project/Efinity_Project/Ti60F225_OV5640_Face_Reproduction/Ti60_Demo.pt.sdc:607] Unable to run 'set_input_delay' constraint due to warnings found
INFO     : ~~~~~~~~~~~~~~~~~~~~~~~~~~~~~~~~~~~~~~~~~~~~~~~~~~~~~~~~~~~~~~~~~~~~~~~~~~~~~~~~
INFO     : Router Setup
INFO     : ~~~~~~~~~~~~~~~~~~~~~~~~~~~~~~~~~~~~~~~~~~~~~~~~~~~~~~~~~~~~~~~~~~~~~~~~~~~~~~~~
INFO     : [Setup Parallel Routing Scheduler]
INFO     : ~~~~~~~~~~~~~~~~~~~~~~~~~~~~~~~~~~~~~~~~~~~~~~~~~~~~~~~~~~~~~~~~~~~~~~~~~~~~~~~~
INFO     : Route Circuit with 32 threads
INFO     : ~~~~~~~~~~~~~~~~~~~~~~~~~~~~~~~~~~~~~~~~~~~~~~~~~~~~~~~~~~~~~~~~~~~~~~~~~~~~~~~~
INFO     : Beneficial skew enabled! Optimizing clock skews ... 
INFO     : Non-legalized beneficial skew improved geomean CPD by 0.00% (from 3578ps to 3578ps)
INFO     : CSS improved CPD of clock tdqss_clk by 0.00% (from 2039ps to 2039ps)
INFO     : CSS improved CPD of clock core_clk by 1.28% (from 3908ps to 3858ps)
INFO     : CSS improved CPD of clock tac_clk by 0.00% (from 1860ps to 1860ps)
INFO     : CSS improved CPD of clock twd_clk by 0.00% (from 1899ps to 1899ps)
INFO     : CSS improved CPD of clock clk_sys by 0.00% (from 6346ps to 6346ps)
INFO     : CSS improved CPD of clock clk_pixel by 0.00% (from 12618ps to 12618ps)
INFO     : CSS improved CPD of clock cmos_pclk by 0.00% (from 3333ps to 3333ps)
INFO     : Discretized beneficial skew improved geomean CPD by 0.20% (from 3578ps to 3571ps in 4 iterations and 0.4 sec)
INFO     : ~~~~~~~~~~~~~~~~~~~~~~~~~~~~~~~~~~~~~~~~~~~~~~~~~~~~~~~~~~~~~~~~~~~~~~~~~~~~~~~~
INFO     : Overridding delay budgets for 406 synchronizer-related pins

INFO     : Iter  1: overlap=50543   heapops=10006798   (0%) cpd=229   frr=1.00  msec=2468
INFO     : [Setup Delay Budgets | 298.1 ms]
INFO     : ~~~~~~~~~~~~~~~~~~~~~~~~~~~~~~~~~~~~~~~~~~~~~~~~~~~~~~~~~~~~~~~~~~~~~~~~~~~~~~~~
INFO     : Hold Fixing
INFO     : ~~~~~~~~~~~~~~~~~~~~~~~~~~~~~~~~~~~~~~~~~~~~~~~~~~~~~~~~~~~~~~~~~~~~~~~~~~~~~~~~
INFO     : Total min wire delay:   7617633
INFO     : Hold fix wire delay:        425
INFO     : Hold fix delay ratio:     0.01%
INFO     : Pins requiring hold fix:  0.00%
INFO     : ~~~~~~~~~~~~~~~~~~~~~~~~~~~~~~~~~~~~~~~~~~~~~~~~~~~~~~~~~~~~~~~~~~~~~~~~~~~~~~~~
INFO     : Iter  2: overlap=25336   heapops=8539675    (24%) cpd=229   frr=1.00  msec=1534
INFO     : Iter  3: overlap=19167   heapops=8025436    (32%) cpd=229   frr=1.00  msec=1477
INFO     : Iter  4: overlap=15052   heapops=7666566    (46%) cpd=229   frr=1.00  msec=1427
INFO     : Iter  5: overlap=11032   heapops=7057157    (47%) cpd=229   frr=1.00  msec=1399
INFO     : Iter  6: overlap=8336    heapops=6547527    (53%) cpd=229   frr=1.00  msec=1317
INFO     : Iter  7: overlap=6337    heapops=6313827    (61%) cpd=229   frr=1.00  msec=1278
INFO     : Iter  8: overlap=3971    heapops=4931761    (64%) cpd=229   frr=1.00  msec=1079
INFO     : Iter  9: overlap=2324    heapops=3398073    (82%) cpd=229   frr=1.00  msec=765
INFO     : Iter 10: overlap=1430    heapops=2540536    (85%) cpd=229   frr=1.00  msec=653
INFO     : Iter 11: overlap=821     heapops=1757935    (88%) cpd=229   frr=1.00  msec=513
INFO     : Iter 12: overlap=339     heapops=957176     (91%) cpd=229   frr=1.00  msec=374
INFO     : [Rebuild Parallel Routing Scheduler]
INFO     : Iter 13: overlap=135     heapops=520696     (93%) cpd=229   frr=1.00  msec=342
INFO     : Iter 14: overlap=50      heapops=226366     (94%) cpd=229   frr=1.00  msec=237
INFO     : Iter 15: overlap=23      heapops=94271      (94%) cpd=229   frr=1.00  msec=194
INFO     : Iter 16: overlap=9       heapops=89566      (94%) cpd=229   frr=1.00  msec=200
INFO     : Iter 17: overlap=3       heapops=100856     (94%) cpd=229   frr=1.00  msec=199
INFO     : Iter 18: overlap=3       heapops=171401     (94%) cpd=229   frr=1.00  msec=226
INFO     : Iter 19: overlap=3       heapops=62312      (94%) cpd=229   frr=1.00  msec=176
INFO     : Iter 20: overlap=4       heapops=70977      (94%) cpd=229   frr=1.00  msec=181
INFO     : Iter 21: overlap=2       heapops=194539     (94%) cpd=229   frr=1.00  msec=247
INFO     : Iter 22: overlap=1       heapops=93205      (94%) cpd=229   frr=1.00  msec=194
INFO     : ~~~~~~~~~~~~~~~~~~~~~~~~~~~~~~~~~~~~~~~~~~~~~~~~~~~~~~~~~~~~~~~~~~~~~~~~~~~~~~~~
INFO     : Beneficial skew enabled! Optimizing clock skews ... 
INFO     : Non-legalized beneficial skew improved geomean CPD by 0.00% (from 3718ps to 3718ps)
INFO     : CSS improved CPD of clock tdqss_clk by 0.00% (from 2039ps to 2039ps)
INFO     : CSS improved CPD of clock core_clk by -1.21% (from 4117ps to 4167ps)
INFO     : CSS improved CPD of clock tac_clk by -1.73% (from 1965ps to 1999ps)
INFO     : CSS improved CPD of clock twd_clk by 0.00% (from 2111ps to 2111ps)
INFO     : CSS improved CPD of clock clk_sys by 0.00% (from 6579ps to 6579ps)
INFO     : CSS improved CPD of clock clk_pixel by 0.00% (from 12691ps to 12691ps)
INFO     : CSS improved CPD of clock cmos_pclk by 0.00% (from 3379ps to 3379ps)
INFO     : Discretized beneficial skew improved geomean CPD by -0.40% (from 3718ps to 3733ps in 1 iterations and 0.5 sec)
INFO     : ~~~~~~~~~~~~~~~~~~~~~~~~~~~~~~~~~~~~~~~~~~~~~~~~~~~~~~~~~~~~~~~~~~~~~~~~~~~~~~~~
INFO     : Iter 23: overlap=0       heapops=55177      (94%) cpd=229   frr=1.00  msec=702
INFO     : ~~~~~~~~~~~~~~~~~~~~~~~~~~~~~~~~~~~~~~~~~~~~~~~~~~~~~~~~~~~~~~~~~~~~~~~~~~~~~~~~
INFO     : Routing Result
INFO     : ~~~~~~~~~~~~~~~~~~~~~~~~~~~~~~~~~~~~~~~~~~~~~~~~~~~~~~~~~~~~~~~~~~~~~~~~~~~~~~~~
INFO     : Routing Succeeded in 17.81 seconds taking 23 iterations! 
INFO     : 
INFO     : First iteration critical path delay = 0.229 ns 
INFO     : Last iteration critical path delay  = 0.229 ns (ratio = 1.00)
INFO     : Max Routing Heap Size = 49,374
INFO     : Routing trace written to file 'D:/Efinity_Project/Efinity_Project/Ti60F225_OV5640_Face_Reproduction/outflow/Ti60_Demo.troutingtraces' 
INFO     : ~~~~~~~~~~~~~~~~~~~~~~~~~~~~~~~~~~~~~~~~~~~~~~~~~~~~~~~~~~~~~~~~~~~~~~~~~~~~~~~~
INFO     : Routing took 22.4095 seconds.
INFO     : 	Routing took 44.6875 seconds (approximately) in total CPU time.
INFO     : Routing virtual memory usage: begin = 250.624 MB, end = 387.916 MB, delta = 137.292 MB
INFO     : 	Routing peak virtual memory usage = 533.524 MB
INFO     : Routing resident set memory usage: begin = 260.344 MB, end = 395.156 MB, delta = 134.812 MB
INFO     : 	Routing peak resident set memory usage = 532.516 MB
           ***** Beginning stage final timing analysis ... *****
WARNING  : [SDC D:/Efinity_Project/Efinity_Project/Ti60F225_OV5640_Face_Reproduction/Ti60_Demo.pt.sdc:14] No valid object(s) found for 'dsi_refclk_i'
WARNING  : [SDC D:/Efinity_Project/Efinity_Project/Ti60F225_OV5640_Face_Reproduction/Ti60_Demo.pt.sdc:14] No valid pin(s) found for clock
WARNING  : [SDC D:/Efinity_Project/Efinity_Project/Ti60F225_OV5640_Face_Reproduction/Ti60_Demo.pt.sdc:14] Unable to run 'create_clock' constraint due to warnings found
WARNING  : [SDC D:/Efinity_Project/Efinity_Project/Ti60F225_OV5640_Face_Reproduction/Ti60_Demo.pt.sdc:24] No valid object(s) found for 'clk_pixel_2x'
WARNING  : [SDC D:/Efinity_Project/Efinity_Project/Ti60F225_OV5640_Face_Reproduction/Ti60_Demo.pt.sdc:24] No valid pin(s) found for clock
WARNING  : [SDC D:/Efinity_Project/Efinity_Project/Ti60F225_OV5640_Face_Reproduction/Ti60_Demo.pt.sdc:24] Unable to run 'create_clock' constraint due to warnings found
WARNING  : [SDC D:/Efinity_Project/Efinity_Project/Ti60F225_OV5640_Face_Reproduction/Ti60_Demo.pt.sdc:29] No valid object(s) found for 'clk_54m'
WARNING  : [SDC D:/Efinity_Project/Efinity_Project/Ti60F225_OV5640_Face_Reproduction/Ti60_Demo.pt.sdc:29] No valid pin(s) found for clock
WARNING  : [SDC D:/Efinity_Project/Efinity_Project/Ti60F225_OV5640_Face_Reproduction/Ti60_Demo.pt.sdc:29] Unable to run 'create_clock' constraint due to warnings found
WARNING  : No ports matched 'csi_rxc_i'
WARNING  : [SDC D:/Efinity_Project/Efinity_Project/Ti60F225_OV5640_Face_Reproduction/Ti60_Demo.pt.sdc:33] No valid pin(s) found for clock
WARNING  : [SDC D:/Efinity_Project/Efinity_Project/Ti60F225_OV5640_Face_Reproduction/Ti60_Demo.pt.sdc:33] Unable to run 'create_clock' constraint due to warnings found
WARNING  : [SDC D:/Efinity_Project/Efinity_Project/Ti60F225_OV5640_Face_Reproduction/Ti60_Demo.pt.sdc:35] set_clock_groups: Defaulting to -exclusive since none of the required option was specified
WARNING  : No clocks matched 'csi_rxc_i'
WARNING  : No clocks matched 'csi_rxc_i'
WARNING  : No ports matched 'i_dqs_n_hi[0]'
WARNING  : No ports matched 'i_dqs_n_lo[0]'
WARNING  : [SDC D:/Efinity_Project/Efinity_Project/Ti60F225_OV5640_Face_Reproduction/Ti60_Demo.pt.sdc:341] set_input_delay: No valid input port(s) found
WARNING  : [SDC D:/Efinity_Project/Efinity_Project/Ti60F225_OV5640_Face_Reproduction/Ti60_Demo.pt.sdc:341] Unable to run 'set_input_delay' constraint due to warnings found
WARNING  : No ports matched 'i_dqs_n_lo[0]'
WARNING  : No ports matched 'i_dqs_n_hi[0]'
WARNING  : [SDC D:/Efinity_Project/Efinity_Project/Ti60F225_OV5640_Face_Reproduction/Ti60_Demo.pt.sdc:342] set_input_delay: No valid input port(s) found
WARNING  : [SDC D:/Efinity_Project/Efinity_Project/Ti60F225_OV5640_Face_Reproduction/Ti60_Demo.pt.sdc:342] Unable to run 'set_input_delay' constraint due to warnings found
WARNING  : No ports matched 'i_dqs_n_hi[1]'
WARNING  : No ports matched 'i_dqs_n_lo[1]'
WARNING  : [SDC D:/Efinity_Project/Efinity_Project/Ti60F225_OV5640_Face_Reproduction/Ti60_Demo.pt.sdc:347] set_input_delay: No valid input port(s) found
WARNING  : [SDC D:/Efinity_Project/Efinity_Project/Ti60F225_OV5640_Face_Reproduction/Ti60_Demo.pt.sdc:347] Unable to run 'set_input_delay' constraint due to warnings found
WARNING  : No ports matched 'i_dqs_n_lo[1]'
WARNING  : No ports matched 'i_dqs_n_hi[1]'
WARNING  : [SDC D:/Efinity_Project/Efinity_Project/Ti60F225_OV5640_Face_Reproduction/Ti60_Demo.pt.sdc:348] set_input_delay: No valid input port(s) found
WARNING  : [SDC D:/Efinity_Project/Efinity_Project/Ti60F225_OV5640_Face_Reproduction/Ti60_Demo.pt.sdc:348] Unable to run 'set_input_delay' constraint due to warnings found
WARNING  : No ports matched 'csi_rxc_i~CLKOUT~218~278'
WARNING  : No ports matched 'csi_rxd0_fifo_rd_o'
WARNING  : [SDC D:/Efinity_Project/Efinity_Project/Ti60F225_OV5640_Face_Reproduction/Ti60_Demo.pt.sdc:576] No clocks matched 'csi_rxc_i'
WARNING  : [SDC D:/Efinity_Project/Efinity_Project/Ti60F225_OV5640_Face_Reproduction/Ti60_Demo.pt.sdc:576] set_output_delay: No valid clock found for -clock
WARNING  : [SDC D:/Efinity_Project/Efinity_Project/Ti60F225_OV5640_Face_Reproduction/Ti60_Demo.pt.sdc:576] Unable to run 'set_output_delay' constraint due to warnings found
WARNING  : No ports matched 'csi_rxc_i~CLKOUT~218~278'
WARNING  : No ports matched 'csi_rxd0_fifo_rd_o'
WARNING  : [SDC D:/Efinity_Project/Efinity_Project/Ti60F225_OV5640_Face_Reproduction/Ti60_Demo.pt.sdc:577] No clocks matched 'csi_rxc_i'
WARNING  : [SDC D:/Efinity_Project/Efinity_Project/Ti60F225_OV5640_Face_Reproduction/Ti60_Demo.pt.sdc:577] set_output_delay: No valid clock found for -clock
WARNING  : [SDC D:/Efinity_Project/Efinity_Project/Ti60F225_OV5640_Face_Reproduction/Ti60_Demo.pt.sdc:577] Unable to run 'set_output_delay' constraint due to warnings found
WARNING  : No ports matched 'csi_rxc_i~CLKOUT~218~278'
WARNING  : [SDC D:/Efinity_Project/Efinity_Project/Ti60F225_OV5640_Face_Reproduction/Ti60_Demo.pt.sdc:578] No clocks matched 'csi_rxc_i'
WARNING  : [SDC D:/Efinity_Project/Efinity_Project/Ti60F225_OV5640_Face_Reproduction/Ti60_Demo.pt.sdc:578] set_output_delay: No valid clock found for -clock
WARNING  : [SDC D:/Efinity_Project/Efinity_Project/Ti60F225_OV5640_Face_Reproduction/Ti60_Demo.pt.sdc:578] Unable to run 'set_output_delay' constraint due to warnings found
WARNING  : No ports matched 'csi_rxc_i~CLKOUT~218~278'
WARNING  : [SDC D:/Efinity_Project/Efinity_Project/Ti60F225_OV5640_Face_Reproduction/Ti60_Demo.pt.sdc:579] No clocks matched 'csi_rxc_i'
WARNING  : [SDC D:/Efinity_Project/Efinity_Project/Ti60F225_OV5640_Face_Reproduction/Ti60_Demo.pt.sdc:579] set_output_delay: No valid clock found for -clock
WARNING  : [SDC D:/Efinity_Project/Efinity_Project/Ti60F225_OV5640_Face_Reproduction/Ti60_Demo.pt.sdc:579] Unable to run 'set_output_delay' constraint due to warnings found
WARNING  : No ports matched 'csi_rxc_i~CLKOUT~218~278'
WARNING  : No ports matched 'csi_rxd0_fifo_empty_i'
WARNING  : [SDC D:/Efinity_Project/Efinity_Project/Ti60F225_OV5640_Face_Reproduction/Ti60_Demo.pt.sdc:580] No clocks matched 'csi_rxc_i'
WARNING  : [SDC D:/Efinity_Project/Efinity_Project/Ti60F225_OV5640_Face_Reproduction/Ti60_Demo.pt.sdc:580] set_input_delay: No valid clock found for -clock
WARNING  : [SDC D:/Efinity_Project/Efinity_Project/Ti60F225_OV5640_Face_Reproduction/Ti60_Demo.pt.sdc:580] Unable to run 'set_input_delay' constraint due to warnings found
WARNING  : No ports matched 'csi_rxc_i~CLKOUT~218~278'
WARNING  : No ports matched 'csi_rxd0_fifo_empty_i'
WARNING  : [SDC D:/Efinity_Project/Efinity_Project/Ti60F225_OV5640_Face_Reproduction/Ti60_Demo.pt.sdc:581] No clocks matched 'csi_rxc_i'
WARNING  : [SDC D:/Efinity_Project/Efinity_Project/Ti60F225_OV5640_Face_Reproduction/Ti60_Demo.pt.sdc:581] set_input_delay: No valid clock found for -clock
WARNING  : [SDC D:/Efinity_Project/Efinity_Project/Ti60F225_OV5640_Face_Reproduction/Ti60_Demo.pt.sdc:581] Unable to run 'set_input_delay' constraint due to warnings found
WARNING  : No ports matched 'csi_rxc_i~CLKOUT~218~278'
WARNING  : No ports matched 'csi_rxd0_hs_i[*]'
WARNING  : [SDC D:/Efinity_Project/Efinity_Project/Ti60F225_OV5640_Face_Reproduction/Ti60_Demo.pt.sdc:582] No clocks matched 'csi_rxc_i'
WARNING  : [SDC D:/Efinity_Project/Efinity_Project/Ti60F225_OV5640_Face_Reproduction/Ti60_Demo.pt.sdc:582] set_input_delay: No valid clock found for -clock
WARNING  : [SDC D:/Efinity_Project/Efinity_Project/Ti60F225_OV5640_Face_Reproduction/Ti60_Demo.pt.sdc:582] Unable to run 'set_input_delay' constraint due to warnings found
WARNING  : No ports matched 'csi_rxc_i~CLKOUT~218~278'
WARNING  : No ports matched 'csi_rxd0_hs_i[*]'
WARNING  : [SDC D:/Efinity_Project/Efinity_Project/Ti60F225_OV5640_Face_Reproduction/Ti60_Demo.pt.sdc:583] No clocks matched 'csi_rxc_i'
WARNING  : [SDC D:/Efinity_Project/Efinity_Project/Ti60F225_OV5640_Face_Reproduction/Ti60_Demo.pt.sdc:583] set_input_delay: No valid clock found for -clock
WARNING  : [SDC D:/Efinity_Project/Efinity_Project/Ti60F225_OV5640_Face_Reproduction/Ti60_Demo.pt.sdc:583] Unable to run 'set_input_delay' constraint due to warnings found
WARNING  : No ports matched 'csi_rxc_i~CLKOUT~218~294'
WARNING  : No ports matched 'csi_rxd1_fifo_rd_o'
WARNING  : [SDC D:/Efinity_Project/Efinity_Project/Ti60F225_OV5640_Face_Reproduction/Ti60_Demo.pt.sdc:584] No clocks matched 'csi_rxc_i'
WARNING  : [SDC D:/Efinity_Project/Efinity_Project/Ti60F225_OV5640_Face_Reproduction/Ti60_Demo.pt.sdc:584] set_output_delay: No valid clock found for -clock
WARNING  : [SDC D:/Efinity_Project/Efinity_Project/Ti60F225_OV5640_Face_Reproduction/Ti60_Demo.pt.sdc:584] Unable to run 'set_output_delay' constraint due to warnings found
WARNING  : No ports matched 'csi_rxc_i~CLKOUT~218~294'
WARNING  : No ports matched 'csi_rxd1_fifo_rd_o'
WARNING  : [SDC D:/Efinity_Project/Efinity_Project/Ti60F225_OV5640_Face_Reproduction/Ti60_Demo.pt.sdc:585] No clocks matched 'csi_rxc_i'
WARNING  : [SDC D:/Efinity_Project/Efinity_Project/Ti60F225_OV5640_Face_Reproduction/Ti60_Demo.pt.sdc:585] set_output_delay: No valid clock found for -clock
WARNING  : [SDC D:/Efinity_Project/Efinity_Project/Ti60F225_OV5640_Face_Reproduction/Ti60_Demo.pt.sdc:585] Unable to run 'set_output_delay' constraint due to warnings found
WARNING  : No ports matched 'csi_rxc_i~CLKOUT~218~294'
WARNING  : [SDC D:/Efinity_Project/Efinity_Project/Ti60F225_OV5640_Face_Reproduction/Ti60_Demo.pt.sdc:586] No clocks matched 'csi_rxc_i'
WARNING  : [SDC D:/Efinity_Project/Efinity_Project/Ti60F225_OV5640_Face_Reproduction/Ti60_Demo.pt.sdc:586] set_output_delay: No valid clock found for -clock
WARNING  : [SDC D:/Efinity_Project/Efinity_Project/Ti60F225_OV5640_Face_Reproduction/Ti60_Demo.pt.sdc:586] Unable to run 'set_output_delay' constraint due to warnings found
WARNING  : No ports matched 'csi_rxc_i~CLKOUT~218~294'
WARNING  : [SDC D:/Efinity_Project/Efinity_Project/Ti60F225_OV5640_Face_Reproduction/Ti60_Demo.pt.sdc:587] No clocks matched 'csi_rxc_i'
WARNING  : [SDC D:/Efinity_Project/Efinity_Project/Ti60F225_OV5640_Face_Reproduction/Ti60_Demo.pt.sdc:587] set_output_delay: No valid clock found for -clock
WARNING  : [SDC D:/Efinity_Project/Efinity_Project/Ti60F225_OV5640_Face_Reproduction/Ti60_Demo.pt.sdc:587] Unable to run 'set_output_delay' constraint due to warnings found
WARNING  : No ports matched 'csi_rxc_i~CLKOUT~218~294'
WARNING  : No ports matched 'csi_rxd1_fifo_empty_i'
WARNING  : [SDC D:/Efinity_Project/Efinity_Project/Ti60F225_OV5640_Face_Reproduction/Ti60_Demo.pt.sdc:588] No clocks matched 'csi_rxc_i'
WARNING  : [SDC D:/Efinity_Project/Efinity_Project/Ti60F225_OV5640_Face_Reproduction/Ti60_Demo.pt.sdc:588] set_input_delay: No valid clock found for -clock
WARNING  : [SDC D:/Efinity_Project/Efinity_Project/Ti60F225_OV5640_Face_Reproduction/Ti60_Demo.pt.sdc:588] Unable to run 'set_input_delay' constraint due to warnings found
WARNING  : No ports matched 'csi_rxc_i~CLKOUT~218~294'
WARNING  : No ports matched 'csi_rxd1_fifo_empty_i'
WARNING  : [SDC D:/Efinity_Project/Efinity_Project/Ti60F225_OV5640_Face_Reproduction/Ti60_Demo.pt.sdc:589] No clocks matched 'csi_rxc_i'
WARNING  : [SDC D:/Efinity_Project/Efinity_Project/Ti60F225_OV5640_Face_Reproduction/Ti60_Demo.pt.sdc:589] set_input_delay: No valid clock found for -clock
WARNING  : [SDC D:/Efinity_Project/Efinity_Project/Ti60F225_OV5640_Face_Reproduction/Ti60_Demo.pt.sdc:589] Unable to run 'set_input_delay' constraint due to warnings found
WARNING  : No ports matched 'csi_rxc_i~CLKOUT~218~294'
WARNING  : No ports matched 'csi_rxd1_hs_i[*]'
WARNING  : [SDC D:/Efinity_Project/Efinity_Project/Ti60F225_OV5640_Face_Reproduction/Ti60_Demo.pt.sdc:590] No clocks matched 'csi_rxc_i'
WARNING  : [SDC D:/Efinity_Project/Efinity_Project/Ti60F225_OV5640_Face_Reproduction/Ti60_Demo.pt.sdc:590] set_input_delay: No valid clock found for -clock
WARNING  : [SDC D:/Efinity_Project/Efinity_Project/Ti60F225_OV5640_Face_Reproduction/Ti60_Demo.pt.sdc:590] Unable to run 'set_input_delay' constraint due to warnings found
WARNING  : No ports matched 'csi_rxc_i~CLKOUT~218~294'
WARNING  : No ports matched 'csi_rxd1_hs_i[*]'
WARNING  : [SDC D:/Efinity_Project/Efinity_Project/Ti60F225_OV5640_Face_Reproduction/Ti60_Demo.pt.sdc:591] No clocks matched 'csi_rxc_i'
WARNING  : [SDC D:/Efinity_Project/Efinity_Project/Ti60F225_OV5640_Face_Reproduction/Ti60_Demo.pt.sdc:591] set_input_delay: No valid clock found for -clock
WARNING  : [SDC D:/Efinity_Project/Efinity_Project/Ti60F225_OV5640_Face_Reproduction/Ti60_Demo.pt.sdc:591] Unable to run 'set_input_delay' constraint due to warnings found
WARNING  : No ports matched 'csi_rxc_i~CLKOUT~218~245'
WARNING  : No ports matched 'csi_rxd2_fifo_rd_o'
WARNING  : [SDC D:/Efinity_Project/Efinity_Project/Ti60F225_OV5640_Face_Reproduction/Ti60_Demo.pt.sdc:592] No clocks matched 'csi_rxc_i'
WARNING  : [SDC D:/Efinity_Project/Efinity_Project/Ti60F225_OV5640_Face_Reproduction/Ti60_Demo.pt.sdc:592] set_output_delay: No valid clock found for -clock
WARNING  : [SDC D:/Efinity_Project/Efinity_Project/Ti60F225_OV5640_Face_Reproduction/Ti60_Demo.pt.sdc:592] Unable to run 'set_output_delay' constraint due to warnings found
WARNING  : No ports matched 'csi_rxc_i~CLKOUT~218~245'
WARNING  : No ports matched 'csi_rxd2_fifo_rd_o'
WARNING  : [SDC D:/Efinity_Project/Efinity_Project/Ti60F225_OV5640_Face_Reproduction/Ti60_Demo.pt.sdc:593] No clocks matched 'csi_rxc_i'
WARNING  : [SDC D:/Efinity_Project/Efinity_Project/Ti60F225_OV5640_Face_Reproduction/Ti60_Demo.pt.sdc:593] set_output_delay: No valid clock found for -clock
WARNING  : [SDC D:/Efinity_Project/Efinity_Project/Ti60F225_OV5640_Face_Reproduction/Ti60_Demo.pt.sdc:593] Unable to run 'set_output_delay' constraint due to warnings found
WARNING  : No ports matched 'csi_rxc_i~CLKOUT~218~245'
WARNING  : [SDC D:/Efinity_Project/Efinity_Project/Ti60F225_OV5640_Face_Reproduction/Ti60_Demo.pt.sdc:594] No clocks matched 'csi_rxc_i'
WARNING  : [SDC D:/Efinity_Project/Efinity_Project/Ti60F225_OV5640_Face_Reproduction/Ti60_Demo.pt.sdc:594] set_output_delay: No valid clock found for -clock
WARNING  : [SDC D:/Efinity_Project/Efinity_Project/Ti60F225_OV5640_Face_Reproduction/Ti60_Demo.pt.sdc:594] Unable to run 'set_output_delay' constraint due to warnings found
WARNING  : No ports matched 'csi_rxc_i~CLKOUT~218~245'
WARNING  : [SDC D:/Efinity_Project/Efinity_Project/Ti60F225_OV5640_Face_Reproduction/Ti60_Demo.pt.sdc:595] No clocks matched 'csi_rxc_i'
WARNING  : [SDC D:/Efinity_Project/Efinity_Project/Ti60F225_OV5640_Face_Reproduction/Ti60_Demo.pt.sdc:595] set_output_delay: No valid clock found for -clock
WARNING  : [SDC D:/Efinity_Project/Efinity_Project/Ti60F225_OV5640_Face_Reproduction/Ti60_Demo.pt.sdc:595] Unable to run 'set_output_delay' constraint due to warnings found
WARNING  : No ports matched 'csi_rxc_i~CLKOUT~218~245'
WARNING  : No ports matched 'csi_rxd2_fifo_empty_i'
WARNING  : [SDC D:/Efinity_Project/Efinity_Project/Ti60F225_OV5640_Face_Reproduction/Ti60_Demo.pt.sdc:596] No clocks matched 'csi_rxc_i'
WARNING  : [SDC D:/Efinity_Project/Efinity_Project/Ti60F225_OV5640_Face_Reproduction/Ti60_Demo.pt.sdc:596] set_input_delay: No valid clock found for -clock
WARNING  : [SDC D:/Efinity_Project/Efinity_Project/Ti60F225_OV5640_Face_Reproduction/Ti60_Demo.pt.sdc:596] Unable to run 'set_input_delay' constraint due to warnings found
WARNING  : No ports matched 'csi_rxc_i~CLKOUT~218~245'
WARNING  : No ports matched 'csi_rxd2_fifo_empty_i'
WARNING  : [SDC D:/Efinity_Project/Efinity_Project/Ti60F225_OV5640_Face_Reproduction/Ti60_Demo.pt.sdc:597] No clocks matched 'csi_rxc_i'
WARNING  : [SDC D:/Efinity_Project/Efinity_Project/Ti60F225_OV5640_Face_Reproduction/Ti60_Demo.pt.sdc:597] set_input_delay: No valid clock found for -clock
WARNING  : [SDC D:/Efinity_Project/Efinity_Project/Ti60F225_OV5640_Face_Reproduction/Ti60_Demo.pt.sdc:597] Unable to run 'set_input_delay' constraint due to warnings found
WARNING  : No ports matched 'csi_rxc_i~CLKOUT~218~245'
WARNING  : No ports matched 'csi_rxd2_hs_i[*]'
WARNING  : [SDC D:/Efinity_Project/Efinity_Project/Ti60F225_OV5640_Face_Reproduction/Ti60_Demo.pt.sdc:598] No clocks matched 'csi_rxc_i'
WARNING  : [SDC D:/Efinity_Project/Efinity_Project/Ti60F225_OV5640_Face_Reproduction/Ti60_Demo.pt.sdc:598] set_input_delay: No valid clock found for -clock
WARNING  : [SDC D:/Efinity_Project/Efinity_Project/Ti60F225_OV5640_Face_Reproduction/Ti60_Demo.pt.sdc:598] Unable to run 'set_input_delay' constraint due to warnings found
WARNING  : No ports matched 'csi_rxc_i~CLKOUT~218~245'
WARNING  : No ports matched 'csi_rxd2_hs_i[*]'
WARNING  : [SDC D:/Efinity_Project/Efinity_Project/Ti60F225_OV5640_Face_Reproduction/Ti60_Demo.pt.sdc:599] No clocks matched 'csi_rxc_i'
WARNING  : [SDC D:/Efinity_Project/Efinity_Project/Ti60F225_OV5640_Face_Reproduction/Ti60_Demo.pt.sdc:599] set_input_delay: No valid clock found for -clock
WARNING  : [SDC D:/Efinity_Project/Efinity_Project/Ti60F225_OV5640_Face_Reproduction/Ti60_Demo.pt.sdc:599] Unable to run 'set_input_delay' constraint due to warnings found
WARNING  : No ports matched 'csi_rxc_i~CLKOUT~218~255'
WARNING  : No ports matched 'csi_rxd3_fifo_rd_o'
WARNING  : [SDC D:/Efinity_Project/Efinity_Project/Ti60F225_OV5640_Face_Reproduction/Ti60_Demo.pt.sdc:600] No clocks matched 'csi_rxc_i'
WARNING  : [SDC D:/Efinity_Project/Efinity_Project/Ti60F225_OV5640_Face_Reproduction/Ti60_Demo.pt.sdc:600] set_output_delay: No valid clock found for -clock
WARNING  : [SDC D:/Efinity_Project/Efinity_Project/Ti60F225_OV5640_Face_Reproduction/Ti60_Demo.pt.sdc:600] Unable to run 'set_output_delay' constraint due to warnings found
WARNING  : No ports matched 'csi_rxc_i~CLKOUT~218~255'
WARNING  : No ports matched 'csi_rxd3_fifo_rd_o'
WARNING  : [SDC D:/Efinity_Project/Efinity_Project/Ti60F225_OV5640_Face_Reproduction/Ti60_Demo.pt.sdc:601] No clocks matched 'csi_rxc_i'
WARNING  : [SDC D:/Efinity_Project/Efinity_Project/Ti60F225_OV5640_Face_Reproduction/Ti60_Demo.pt.sdc:601] set_output_delay: No valid clock found for -clock
WARNING  : [SDC D:/Efinity_Project/Efinity_Project/Ti60F225_OV5640_Face_Reproduction/Ti60_Demo.pt.sdc:601] Unable to run 'set_output_delay' constraint due to warnings found
WARNING  : No ports matched 'csi_rxc_i~CLKOUT~218~255'
WARNING  : [SDC D:/Efinity_Project/Efinity_Project/Ti60F225_OV5640_Face_Reproduction/Ti60_Demo.pt.sdc:602] No clocks matched 'csi_rxc_i'
WARNING  : [SDC D:/Efinity_Project/Efinity_Project/Ti60F225_OV5640_Face_Reproduction/Ti60_Demo.pt.sdc:602] set_output_delay: No valid clock found for -clock
WARNING  : [SDC D:/Efinity_Project/Efinity_Project/Ti60F225_OV5640_Face_Reproduction/Ti60_Demo.pt.sdc:602] Unable to run 'set_output_delay' constraint due to warnings found
WARNING  : No ports matched 'csi_rxc_i~CLKOUT~218~255'
WARNING  : [SDC D:/Efinity_Project/Efinity_Project/Ti60F225_OV5640_Face_Reproduction/Ti60_Demo.pt.sdc:603] No clocks matched 'csi_rxc_i'
WARNING  : [SDC D:/Efinity_Project/Efinity_Project/Ti60F225_OV5640_Face_Reproduction/Ti60_Demo.pt.sdc:603] set_output_delay: No valid clock found for -clock
WARNING  : [SDC D:/Efinity_Project/Efinity_Project/Ti60F225_OV5640_Face_Reproduction/Ti60_Demo.pt.sdc:603] Unable to run 'set_output_delay' constraint due to warnings found
WARNING  : No ports matched 'csi_rxc_i~CLKOUT~218~255'
WARNING  : No ports matched 'csi_rxd3_fifo_empty_i'
WARNING  : [SDC D:/Efinity_Project/Efinity_Project/Ti60F225_OV5640_Face_Reproduction/Ti60_Demo.pt.sdc:604] No clocks matched 'csi_rxc_i'
WARNING  : [SDC D:/Efinity_Project/Efinity_Project/Ti60F225_OV5640_Face_Reproduction/Ti60_Demo.pt.sdc:604] set_input_delay: No valid clock found for -clock
WARNING  : [SDC D:/Efinity_Project/Efinity_Project/Ti60F225_OV5640_Face_Reproduction/Ti60_Demo.pt.sdc:604] Unable to run 'set_input_delay' constraint due to warnings found
WARNING  : No ports matched 'csi_rxc_i~CLKOUT~218~255'
WARNING  : No ports matched 'csi_rxd3_fifo_empty_i'
WARNING  : [SDC D:/Efinity_Project/Efinity_Project/Ti60F225_OV5640_Face_Reproduction/Ti60_Demo.pt.sdc:605] No clocks matched 'csi_rxc_i'
WARNING  : [SDC D:/Efinity_Project/Efinity_Project/Ti60F225_OV5640_Face_Reproduction/Ti60_Demo.pt.sdc:605] set_input_delay: No valid clock found for -clock
WARNING  : [SDC D:/Efinity_Project/Efinity_Project/Ti60F225_OV5640_Face_Reproduction/Ti60_Demo.pt.sdc:605] Unable to run 'set_input_delay' constraint due to warnings found
WARNING  : No ports matched 'csi_rxc_i~CLKOUT~218~255'
WARNING  : No ports matched 'csi_rxd3_hs_i[*]'
WARNING  : [SDC D:/Efinity_Project/Efinity_Project/Ti60F225_OV5640_Face_Reproduction/Ti60_Demo.pt.sdc:606] No clocks matched 'csi_rxc_i'
WARNING  : [SDC D:/Efinity_Project/Efinity_Project/Ti60F225_OV5640_Face_Reproduction/Ti60_Demo.pt.sdc:606] set_input_delay: No valid clock found for -clock
WARNING  : [SDC D:/Efinity_Project/Efinity_Project/Ti60F225_OV5640_Face_Reproduction/Ti60_Demo.pt.sdc:606] Unable to run 'set_input_delay' constraint due to warnings found
WARNING  : No ports matched 'csi_rxc_i~CLKOUT~218~255'
WARNING  : No ports matched 'csi_rxd3_hs_i[*]'
WARNING  : [SDC D:/Efinity_Project/Efinity_Project/Ti60F225_OV5640_Face_Reproduction/Ti60_Demo.pt.sdc:607] No clocks matched 'csi_rxc_i'
WARNING  : [SDC D:/Efinity_Project/Efinity_Project/Ti60F225_OV5640_Face_Reproduction/Ti60_Demo.pt.sdc:607] set_input_delay: No valid clock found for -clock
WARNING  : [SDC D:/Efinity_Project/Efinity_Project/Ti60F225_OV5640_Face_Reproduction/Ti60_Demo.pt.sdc:607] Unable to run 'set_input_delay' constraint due to warnings found
INFO     : Timer::BuildGraph: ============ Cutting edge BACK edge from u_face_ccl/u_true_ccl/i119:in[1] to u_face_ccl/u_true_ccl/i119:out 
Maximum possible analyzed clocks frequency
 Clock Name  Period (ns)  Frequency (MHz)     Edge
 tdqss_clk       2.149       465.333         (R-R)
 core_clk        4.277       233.809         (R-R)
 tac_clk         2.109       474.158         (R-R)
 twd_clk         2.221       450.248         (R-R)
 clk_sys         6.689       149.499         (R-R)
 clk_pixel      12.801        78.119         (R-R)
 cmos_pclk       6.978       143.308         (F-R)

Geomean max period: 4.266

Setup (Max) Clock Relationship
  Launch Clock    Capture Clock   Constraint (ns)     Slack (ns)          Edge
   tdqss_clk        tdqss_clk           2.604           0.455            (R-R)
   tdqss_clk        core_clk            2.604           1.911            (R-R)
   core_clk         tdqss_clk           2.604           1.452            (R-R)
   core_clk         core_clk            5.208           0.931            (R-R)
   core_clk         tac_clk             2.604           2.002            (R-R)
   core_clk         twd_clk             0.541           0.312            (R-R)
   tac_clk          core_clk            2.604           1.663            (R-R)
   tac_clk          tac_clk             2.604           0.495            (R-R)
   twd_clk          twd_clk             2.604           0.383            (R-R)
   clk_sys          clk_sys            10.417           3.728            (R-R)
   clk_pixel        clk_pixel          13.441           0.640            (R-R)
   cmos_pclk        cmos_pclk          10.000           6.170            (R-R)
   cmos_pclk        cmos_pclk           5.000           1.511            (F-R)

Hold (Min) Clock Relationship
  Launch Clock    Capture Clock   Constraint (ns)     Slack (ns)          Edge
   tdqss_clk        tdqss_clk           0.000           0.047            (R-R)
   tdqss_clk        core_clk            0.000           0.146            (R-R)
   core_clk         tdqss_clk           0.000           0.067            (R-R)
   core_clk         core_clk            0.000           0.026            (R-R)
   core_clk         tac_clk             0.000           0.051            (R-R)
   core_clk         twd_clk            -1.883           2.016            (R-R)
   tac_clk          core_clk            0.000           0.151            (R-R)
   tac_clk          tac_clk             0.000           0.028            (R-R)
   twd_clk          twd_clk             0.000           0.064            (R-R)
   clk_sys          clk_sys             0.000           0.026            (R-R)
   clk_pixel        clk_pixel           0.000           0.029            (R-R)
   cmos_pclk        cmos_pclk           0.000           0.104            (R-R)
   cmos_pclk        cmos_pclk          -5.000           6.210            (F-R)

INFO     : Write Timing Report to "D:/Efinity_Project/Efinity_Project/Ti60F225_OV5640_Face_Reproduction/outflow\Ti60_Demo.timing.rpt" ...
INFO     : final timing analysis took 10.4628 seconds.
INFO     : 	final timing analysis took 10.9688 seconds (approximately) in total CPU time.
INFO     : final timing analysis virtual memory usage: begin = 433.86 MB, end = 524.34 MB, delta = 90.48 MB
INFO     : 	final timing analysis peak virtual memory usage = 533.524 MB
INFO     : final timing analysis resident set memory usage: begin = 439.484 MB, end = 523.952 MB, delta = 84.468 MB
INFO     : 	final timing analysis peak resident set memory usage = 532.516 MB
           ***** Ending stage final timing analysis *****
           
           ***** Beginning stage netlist pre-processing ... *****
INFO     : Successfully Read in Verific binary Netlist dump file "D:/Efinity_Project/Efinity_Project/Ti60F225_OV5640_Face_Reproduction/outflow/Ti60_Demo.vdb".
INFO     : ***** Beginning VDB Netlist Checker ... *****
WARNING  : D:\Efinity_Project\Efinity_Project\Ti60F225_OV5640_Face_Reproduction\example_top.v(11): Input/inout port clk_24m is unconnected and will be removed. [VDB-8003]
WARNING  : D:\Efinity_Project\Efinity_Project\Ti60F225_OV5640_Face_Reproduction\example_top.v(12): Input/inout port clk_25m is unconnected and will be removed. [VDB-8003]
WARNING  : D:\Efinity_Project\Efinity_Project\Ti60F225_OV5640_Face_Reproduction\example_top.v(21): Input/inout port clk_pixel_2x is unconnected and will be removed. [VDB-8003]
WARNING  : D:\Efinity_Project\Efinity_Project\Ti60F225_OV5640_Face_Reproduction\example_top.v(22): Input/inout port clk_pixel_10x is unconnected and will be removed. [VDB-8003]
WARNING  : D:\Efinity_Project\Efinity_Project\Ti60F225_OV5640_Face_Reproduction\example_top.v(30): Input/inout port dsi_refclk_i is unconnected and will be removed. [VDB-8003]
WARNING  : D:\Efinity_Project\Efinity_Project\Ti60F225_OV5640_Face_Reproduction\example_top.v(31): Input/inout port dsi_byteclk_i is unconnected and will be removed. [VDB-8003]
WARNING  : D:\Efinity_Project\Efinity_Project\Ti60F225_OV5640_Face_Reproduction\example_top.v(32): Input/inout port dsi_serclk_i is unconnected and will be removed. [VDB-8003]
WARNING  : D:\Efinity_Project\Efinity_Project\Ti60F225_OV5640_Face_Reproduction\example_top.v(33): Input/inout port dsi_txcclk_i is unconnected and will be removed. [VDB-8003]
WARNING  : D:\Efinity_Project\Efinity_Project\Ti60F225_OV5640_Face_Reproduction\example_top.v(60): Input/inout port clk_lvds_1x is unconnected and will be removed. [VDB-8003]
WARNING  : D:\Efinity_Project\Efinity_Project\Ti60F225_OV5640_Face_Reproduction\example_top.v(61): Input/inout port clk_lvds_7x is unconnected and will be removed. [VDB-8003]
WARNING  : D:\Efinity_Project\Efinity_Project\Ti60F225_OV5640_Face_Reproduction\example_top.v(62): Input/inout port clk_27m is unconnected and will be removed. [VDB-8003]
WARNING  : D:\Efinity_Project\Efinity_Project\Ti60F225_OV5640_Face_Reproduction\example_top.v(63): Input/inout port clk_54m is unconnected and will be removed. [VDB-8003]
WARNING  : D:\Efinity_Project\Efinity_Project\Ti60F225_OV5640_Face_Reproduction\example_top.v(97): Input/inout port i_dqs_n_hi[1] is unconnected and will be removed. [VDB-8003]
WARNING  : D:\Efinity_Project\Efinity_Project\Ti60F225_OV5640_Face_Reproduction\example_top.v(98): Input/inout port i_dqs_n_lo[1] is unconnected and will be removed. [VDB-8003]
WARNING  : D:\Efinity_Project\Efinity_Project\Ti60F225_OV5640_Face_Reproduction\example_top.v(121): Input/inout port csi_ctl0_i is unconnected and will be removed. [VDB-8003]
WARNING  : D:\Efinity_Project\Efinity_Project\Ti60F225_OV5640_Face_Reproduction\example_top.v(125): Input/inout port csi_ctl1_i is unconnected and will be removed. [VDB-8003]
WARNING  : D:\Efinity_Project\Efinity_Project\Ti60F225_OV5640_Face_Reproduction\example_top.v(129): Input/inout port csi_scl_i is unconnected and will be removed. [VDB-8003]
WARNING  : D:\Efinity_Project\Efinity_Project\Ti60F225_OV5640_Face_Reproduction\example_top.v(133): Input/inout port csi_sda_i is unconnected and will be removed. [VDB-8003]
WARNING  : D:\Efinity_Project\Efinity_Project\Ti60F225_OV5640_Face_Reproduction\example_top.v(136): Input/inout port csi_rxc_lp_p_i is unconnected and will be removed. [VDB-8003]
WARNING  : D:\Efinity_Project\Efinity_Project\Ti60F225_OV5640_Face_Reproduction\example_top.v(137): Input/inout port csi_rxc_lp_n_i is unconnected and will be removed. [VDB-8003]
WARNING  : D:\Efinity_Project\Efinity_Project\Ti60F225_OV5640_Face_Reproduction\example_top.v(140): Input/inout port csi_rxc_i is unconnected and will be removed. [VDB-8003]
WARNING  : D:\Efinity_Project\Efinity_Project\Ti60F225_OV5640_Face_Reproduction\example_top.v(147): Input/inout port csi_rxd0_lp_p_i is unconnected and will be removed. [VDB-8003]
WARNING  : D:\Efinity_Project\Efinity_Project\Ti60F225_OV5640_Face_Reproduction\example_top.v(148): Input/inout port csi_rxd0_lp_n_i is unconnected and will be removed. [VDB-8003]
WARNING  : D:\Efinity_Project\Efinity_Project\Ti60F225_OV5640_Face_Reproduction\example_top.v(149): Input/inout port csi_rxd0_hs_i[7] is unconnected and will be removed. [VDB-8003]
WARNING  : D:\Efinity_Project\Efinity_Project\Ti60F225_OV5640_Face_Reproduction\example_top.v(156): Input/inout port csi_rxd1_lp_n_i is unconnected and will be removed. [VDB-8003]
WARNING  : D:\Efinity_Project\Efinity_Project\Ti60F225_OV5640_Face_Reproduction\example_top.v(157): Input/inout port csi_rxd1_lp_p_i is unconnected and will be removed. [VDB-8003]
WARNING  : D:\Efinity_Project\Efinity_Project\Ti60F225_OV5640_Face_Reproduction\example_top.v(158): Input/inout port csi_rxd1_hs_i[7] is unconnected and will be removed. [VDB-8003]
WARNING  : D:\Efinity_Project\Efinity_Project\Ti60F225_OV5640_Face_Reproduction\example_top.v(165): Input/inout port csi_rxd2_lp_p_i is unconnected and will be removed. [VDB-8003]
WARNING  : D:\Efinity_Project\Efinity_Project\Ti60F225_OV5640_Face_Reproduction\example_top.v(166): Input/inout port csi_rxd2_lp_n_i is unconnected and will be removed. [VDB-8003]
WARNING  : D:\Efinity_Project\Efinity_Project\Ti60F225_OV5640_Face_Reproduction\example_top.v(167): Input/inout port csi_rxd2_hs_i[7] is unconnected and will be removed. [VDB-8003]
WARNING  : D:\Efinity_Project\Efinity_Project\Ti60F225_OV5640_Face_Reproduction\example_top.v(174): Input/inout port csi_rxd3_lp_p_i is unconnected and will be removed. [VDB-8003]
WARNING  : D:\Efinity_Project\Efinity_Project\Ti60F225_OV5640_Face_Reproduction\example_top.v(175): Input/inout port csi_rxd3_lp_n_i is unconnected and will be removed. [VDB-8003]
WARNING  : D:\Efinity_Project\Efinity_Project\Ti60F225_OV5640_Face_Reproduction\example_top.v(176): Input/inout port csi_rxd3_hs_i[7] is unconnected and will be removed. [VDB-8003]
WARNING  : D:\Efinity_Project\Efinity_Project\Ti60F225_OV5640_Face_Reproduction\example_top.v(235): Input/inout port dsi_txd0_lp_p_i is unconnected and will be removed. [VDB-8003]
WARNING  : D:\Efinity_Project\Efinity_Project\Ti60F225_OV5640_Face_Reproduction\example_top.v(236): Input/inout port dsi_txd0_lp_n_i is unconnected and will be removed. [VDB-8003]
WARNING  : D:\Efinity_Project\Efinity_Project\Ti60F225_OV5640_Face_Reproduction\example_top.v(237): Input/inout port dsi_txd1_lp_p_i is unconnected and will be removed. [VDB-8003]
WARNING  : D:\Efinity_Project\Efinity_Project\Ti60F225_OV5640_Face_Reproduction\example_top.v(238): Input/inout port dsi_txd1_lp_n_i is unconnected and will be removed. [VDB-8003]
WARNING  : D:\Efinity_Project\Efinity_Project\Ti60F225_OV5640_Face_Reproduction\example_top.v(239): Input/inout port dsi_txd2_lp_p_i is unconnected and will be removed. [VDB-8003]
WARNING  : D:\Efinity_Project\Efinity_Project\Ti60F225_OV5640_Face_Reproduction\example_top.v(240): Input/inout port dsi_txd2_lp_n_i is unconnected and will be removed. [VDB-8003]
WARNING  : D:\Efinity_Project\Efinity_Project\Ti60F225_OV5640_Face_Reproduction\example_top.v(241): Input/inout port dsi_txd3_lp_p_i is unconnected and will be removed. [VDB-8003]
WARNING  : D:\Efinity_Project\Efinity_Project\Ti60F225_OV5640_Face_Reproduction\example_top.v(242): Input/inout port dsi_txd3_lp_n_i is unconnected and will be removed. [VDB-8003]
WARNING  : D:\Efinity_Project\Efinity_Project\Ti60F225_OV5640_Face_Reproduction\example_top.v(247): Input/inout port uart_rx_i is unconnected and will be removed. [VDB-8003]
WARNING  : D:\Efinity_Project\Efinity_Project\Ti60F225_OV5640_Face_Reproduction\example_top.v(257): Input/inout port cmos_sdat_IN is unconnected and will be removed. [VDB-8003]
WARNING  : D:\Efinity_Project\Efinity_Project\Ti60F225_OV5640_Face_Reproduction\example_top.v(269): Input/inout port cmos_ctl1_i is unconnected and will be removed. [VDB-8003]
WARNING  : D:\Efinity_Project\Efinity_Project\Ti60F225_OV5640_Face_Reproduction\example_top.v(272): Input/inout port cmos_ctl2_i is unconnected and will be removed. [VDB-8003]
WARNING  : D:\Efinity_Project\Efinity_Project\Ti60F225_OV5640_Face_Reproduction\example_top.v(275): Input/inout port cmos_ctl3_i is unconnected and will be removed. [VDB-8003]
WARNING  : D:\Efinity_Project\Efinity_Project\Ti60F225_OV5640_Face_Reproduction\example_top.v(323): Input/inout port lcd_tp_sda_i is unconnected and will be removed. [VDB-8003]
WARNING  : D:\Efinity_Project\Efinity_Project\Ti60F225_OV5640_Face_Reproduction\example_top.v(327): Input/inout port lcd_tp_scl_i is unconnected and will be removed. [VDB-8003]
WARNING  : D:\Efinity_Project\Efinity_Project\Ti60F225_OV5640_Face_Reproduction\example_top.v(331): Input/inout port lcd_tp_int_i is unconnected and will be removed. [VDB-8003]
WARNING  : D:\Efinity_Project\Efinity_Project\Ti60F225_OV5640_Face_Reproduction\example_top.v(351): Input/inout port lcd_b7_0_i[7] is unconnected and will be removed. [VDB-8003]
WARNING  : D:\Efinity_Project\Efinity_Project\Ti60F225_OV5640_Face_Reproduction\example_top.v(352): Input/inout port lcd_g7_0_i[7] is unconnected and will be removed. [VDB-8003]
WARNING  : D:\Efinity_Project\Efinity_Project\Ti60F225_OV5640_Face_Reproduction\example_top.v(353): Input/inout port lcd_r7_0_i[7] is unconnected and will be removed. [VDB-8003]
WARNING  : CE port of EFX_DSP48 instance u_face_bbox_filter/n379_pp_0x0 is permanently disabled [VDB-8002]
WARNING  : CE port of EFX_DSP48 instance u_face_bbox_filter/n620_pp_1x0 is permanently disabled [VDB-8002]
WARNING  : CE port of EFX_DSP48 instance u_face_bbox_filter/n620_pp_0x0 is permanently disabled [VDB-8002]
WARNING  : CE port of EFX_DSP48 instance u_face_bbox_filter/n379_pp_1x0 is permanently disabled [VDB-8002]
WARNING  : Found 107 warnings in the post-synthesis netlist.
INFO     : VDB Netlist Checker took 0.0208932 seconds.
INFO     : 	VDB Netlist Checker took 0.015625 seconds (approximately) in total CPU time.
INFO     : VDB Netlist Checker virtual memory usage: begin = 439.02 MB, end = 439.14 MB, delta = 0.12 MB
INFO     : 	VDB Netlist Checker peak virtual memory usage = 533.524 MB
INFO     : VDB Netlist Checker resident set memory usage: begin = 447.652 MB, end = 447.764 MB, delta = 0.112 MB
INFO     : 	VDB Netlist Checker peak resident set memory usage = 532.516 MB
INFO     : ***** Ending VDB Netlist Checker ... *****
INFO     : Reading core interface constraints file "D:/Efinity_Project/Efinity_Project/Ti60F225_OV5640_Face_Reproduction/outflow/Ti60_Demo.interface.csv"
INFO     : Successfully read core interface constraints file "D:/Efinity_Project/Efinity_Project/Ti60F225_OV5640_Face_Reproduction/outflow/Ti60_Demo.interface.csv"
INFO     : Net clk_lvds_1x promoted to global due to interface constraints.
INFO     : Net clk_pixel_10x promoted to global due to interface constraints.
INFO     : Net clk_lvds_7x promoted to global due to interface constraints.
INFO     : Net clk_27m promoted to global due to interface constraints.
INFO     : Net dsi_serclk_i promoted to global due to interface constraints.
INFO     : Net dsi_byteclk_i promoted to global due to interface constraints.
INFO     : Net dsi_txcclk_i promoted to global due to interface constraints.
INFO     : Found 0 constant generator nets.
INFO     : Pass 0: Swept away 0 nets with no fanout.
INFO     : logical_block #0(clk_24m) has no fanout.
INFO     : Removing input.
INFO     : logical_block #1(clk_25m) has no fanout.
INFO     : Removing input.
INFO     : logical_block #5(clk_pixel_2x) has no fanout.
INFO     : Removing input.
INFO     : logical_block #9(dsi_refclk_i) has no fanout.
INFO     : Removing input.
INFO     : logical_block #33(clk_54m) has no fanout.
INFO     : Removing input.
INFO     : logical_block #149(i_dqs_n_hi[1]) has no fanout.
INFO     : Removing input.
INFO     : logical_block #150(i_dqs_n_hi[0]) has no fanout.
INFO     : Removing input.
INFO     : logical_block #151(i_dqs_n_lo[1]) has no fanout.
INFO     : Removing input.
INFO     : logical_block #152(i_dqs_n_lo[0]) has no fanout.
INFO     : Removing input.
INFO     : logical_block #171(csi_ctl0_i) has no fanout.
INFO     : Removing input.
INFO     : logical_block #174(csi_ctl1_i) has no fanout.
INFO     : Removing input.
INFO     : logical_block #177(csi_scl_i) has no fanout.
INFO     : Removing input.
INFO     : logical_block #180(csi_sda_i) has no fanout.
INFO     : Removing input.
INFO     : logical_block #181(csi_rxc_lp_p_i) has no fanout.
INFO     : Removing input.
INFO     : logical_block #182(csi_rxc_lp_n_i) has no fanout.
INFO     : Removing input.
INFO     : logical_block #185(csi_rxc_i) has no fanout.
INFO     : Removing input.
INFO     : logical_block #189(csi_rxd0_lp_p_i) has no fanout.
INFO     : Removing input.
INFO     : logical_block #190(csi_rxd0_lp_n_i) has no fanout.
INFO     : Removing input.
INFO     : logical_block #191(csi_rxd0_hs_i[7]) has no fanout.
INFO     : Removing input.
INFO     : logical_block #192(csi_rxd0_hs_i[6]) has no fanout.
INFO     : Removing input.
INFO     : logical_block #193(csi_rxd0_hs_i[5]) has no fanout.
INFO     : Removing input.
INFO     : logical_block #194(csi_rxd0_hs_i[4]) has no fanout.
INFO     : Removing input.
INFO     : logical_block #195(csi_rxd0_hs_i[3]) has no fanout.
INFO     : Removing input.
INFO     : logical_block #196(csi_rxd0_hs_i[2]) has no fanout.
INFO     : Removing input.
INFO     : logical_block #197(csi_rxd0_hs_i[1]) has no fanout.
INFO     : Removing input.
INFO     : logical_block #198(csi_rxd0_hs_i[0]) has no fanout.
INFO     : Removing input.
INFO     : logical_block #202(csi_rxd1_lp_n_i) has no fanout.
INFO     : Removing input.
INFO     : logical_block #203(csi_rxd1_lp_p_i) has no fanout.
INFO     : Removing input.
INFO     : logical_block #204(csi_rxd1_hs_i[7]) has no fanout.
INFO     : Removing input.
INFO     : logical_block #205(csi_rxd1_hs_i[6]) has no fanout.
INFO     : Removing input.
INFO     : logical_block #206(csi_rxd1_hs_i[5]) has no fanout.
INFO     : Removing input.
INFO     : logical_block #207(csi_rxd1_hs_i[4]) has no fanout.
INFO     : Removing input.
INFO     : logical_block #208(csi_rxd1_hs_i[3]) has no fanout.
INFO     : Removing input.
INFO     : logical_block #209(csi_rxd1_hs_i[2]) has no fanout.
INFO     : Removing input.
INFO     : logical_block #210(csi_rxd1_hs_i[1]) has no fanout.
INFO     : Removing input.
INFO     : logical_block #211(csi_rxd1_hs_i[0]) has no fanout.
INFO     : Removing input.
INFO     : logical_block #215(csi_rxd2_lp_p_i) has no fanout.
INFO     : Removing input.
INFO     : logical_block #216(csi_rxd2_lp_n_i) has no fanout.
INFO     : Removing input.
INFO     : logical_block #217(csi_rxd2_hs_i[7]) has no fanout.
INFO     : Removing input.
INFO     : logical_block #218(csi_rxd2_hs_i[6]) has no fanout.
INFO     : Removing input.
INFO     : logical_block #219(csi_rxd2_hs_i[5]) has no fanout.
INFO     : Removing input.
INFO     : logical_block #220(csi_rxd2_hs_i[4]) has no fanout.
INFO     : Removing input.
INFO     : logical_block #221(csi_rxd2_hs_i[3]) has no fanout.
INFO     : Removing input.
INFO     : logical_block #222(csi_rxd2_hs_i[2]) has no fanout.
INFO     : Removing input.
INFO     : logical_block #223(csi_rxd2_hs_i[1]) has no fanout.
INFO     : Removing input.
INFO     : logical_block #224(csi_rxd2_hs_i[0]) has no fanout.
INFO     : Removing input.
INFO     : logical_block #228(csi_rxd3_lp_p_i) has no fanout.
INFO     : Removing input.
INFO     : logical_block #229(csi_rxd3_lp_n_i) has no fanout.
INFO     : Removing input.
INFO     : logical_block #230(csi_rxd3_hs_i[7]) has no fanout.
INFO     : Removing input.
INFO     : logical_block #231(csi_rxd3_hs_i[6]) has no fanout.
INFO     : Removing input.
INFO     : logical_block #232(csi_rxd3_hs_i[5]) has no fanout.
INFO     : Removing input.
INFO     : logical_block #233(csi_rxd3_hs_i[4]) has no fanout.
INFO     : Removing input.
INFO     : logical_block #234(csi_rxd3_hs_i[3]) has no fanout.
INFO     : Removing input.
INFO     : logical_block #235(csi_rxd3_hs_i[2]) has no fanout.
INFO     : Removing input.
INFO     : logical_block #236(csi_rxd3_hs_i[1]) has no fanout.
INFO     : Removing input.
INFO     : logical_block #237(csi_rxd3_hs_i[0]) has no fanout.
INFO     : Removing input.
INFO     : logical_block #310(dsi_txd0_lp_p_i) has no fanout.
INFO     : Removing input.
INFO     : logical_block #311(dsi_txd0_lp_n_i) has no fanout.
INFO     : Removing input.
INFO     : logical_block #312(dsi_txd1_lp_p_i) has no fanout.
INFO     : Removing input.
INFO     : logical_block #313(dsi_txd1_lp_n_i) has no fanout.
INFO     : Removing input.
INFO     : logical_block #314(dsi_txd2_lp_p_i) has no fanout.
INFO     : Removing input.
INFO     : logical_block #315(dsi_txd2_lp_n_i) has no fanout.
INFO     : Removing input.
INFO     : logical_block #316(dsi_txd3_lp_p_i) has no fanout.
INFO     : Removing input.
INFO     : logical_block #317(dsi_txd3_lp_n_i) has no fanout.
INFO     : Removing input.
INFO     : logical_block #318(uart_rx_i) has no fanout.
INFO     : Removing input.
INFO     : logical_block #327(cmos_sdat_IN) has no fanout.
INFO     : Removing input.
INFO     : logical_block #343(cmos_ctl1_i) has no fanout.
INFO     : Removing input.
INFO     : logical_block #346(cmos_ctl2_i) has no fanout.
INFO     : Removing input.
INFO     : logical_block #349(cmos_ctl3_i) has no fanout.
INFO     : Removing input.
INFO     : logical_block #445(lcd_tp_sda_i) has no fanout.
INFO     : Removing input.
INFO     : logical_block #448(lcd_tp_scl_i) has no fanout.
INFO     : Removing input.
INFO     : logical_block #451(lcd_tp_int_i) has no fanout.
INFO     : Removing input.
INFO     : logical_block #506(lcd_b7_0_i[7]) has no fanout.
INFO     : Removing input.
INFO     : logical_block #507(lcd_b7_0_i[6]) has no fanout.
INFO     : Removing input.
INFO     : logical_block #508(lcd_b7_0_i[5]) has no fanout.
INFO     : Removing input.
INFO     : logical_block #509(lcd_b7_0_i[4]) has no fanout.
INFO     : Removing input.
INFO     : logical_block #510(lcd_b7_0_i[3]) has no fanout.
INFO     : Removing input.
INFO     : logical_block #511(lcd_b7_0_i[2]) has no fanout.
INFO     : Removing input.
INFO     : logical_block #512(lcd_b7_0_i[1]) has no fanout.
INFO     : Removing input.
INFO     : logical_block #513(lcd_b7_0_i[0]) has no fanout.
INFO     : Removing input.
INFO     : logical_block #514(lcd_g7_0_i[7]) has no fanout.
INFO     : Removing input.
INFO     : logical_block #515(lcd_g7_0_i[6]) has no fanout.
INFO     : Removing input.
INFO     : logical_block #516(lcd_g7_0_i[5]) has no fanout.
INFO     : Removing input.
INFO     : logical_block #517(lcd_g7_0_i[4]) has no fanout.
INFO     : Removing input.
INFO     : logical_block #518(lcd_g7_0_i[3]) has no fanout.
INFO     : Removing input.
INFO     : logical_block #519(lcd_g7_0_i[2]) has no fanout.
INFO     : Removing input.
INFO     : logical_block #520(lcd_g7_0_i[1]) has no fanout.
INFO     : Removing input.
INFO     : logical_block #521(lcd_g7_0_i[0]) has no fanout.
INFO     : Removing input.
INFO     : logical_block #522(lcd_r7_0_i[7]) has no fanout.
INFO     : Removing input.
INFO     : logical_block #523(lcd_r7_0_i[6]) has no fanout.
INFO     : Removing input.
INFO     : logical_block #524(lcd_r7_0_i[5]) has no fanout.
INFO     : Removing input.
INFO     : logical_block #525(lcd_r7_0_i[4]) has no fanout.
INFO     : Removing input.
INFO     : logical_block #526(lcd_r7_0_i[3]) has no fanout.
INFO     : Removing input.
INFO     : logical_block #527(lcd_r7_0_i[2]) has no fanout.
INFO     : Removing input.
INFO     : logical_block #528(lcd_r7_0_i[1]) has no fanout.
INFO     : Removing input.
INFO     : logical_block #529(lcd_r7_0_i[0]) has no fanout.
INFO     : Removing input.
INFO     : Pass 0: Swept away 96 blocks with no fanout.
INFO     : Pass 1: Swept away 0 nets with no fanout.
INFO     : Pass 1: Swept away 0 blocks with no fanout.
INFO     : Swept away 0 nets and 96 blocks in total.
INFO     : Removed 0 LUT buffers
INFO     : Sweept away 96 nodes
INFO     : Successfully created VPR logical netlist from Verific binary DataBase file "D:/Efinity_Project/Efinity_Project/Ti60F225_OV5640_Face_Reproduction/outflow/Ti60_Demo.vdb".
INFO     : Netlist pre-processing took 0.226427 seconds.
INFO     : 	Netlist pre-processing took 0.21875 seconds (approximately) in total CPU time.
INFO     : Netlist pre-processing virtual memory usage: begin = 406.348 MB, end = 462.02 MB, delta = 55.672 MB
INFO     : 	Netlist pre-processing peak virtual memory usage = 533.524 MB
INFO     : Netlist pre-processing resident set memory usage: begin = 415.04 MB, end = 469.66 MB, delta = 54.62 MB
INFO     : 	Netlist pre-processing peak resident set memory usage = 532.516 MB
           ***** Ending stage netlist pre-processing *****
           
           ***** Beginning stage packed netlist loading ... *****
INFO     : Load Global Network took 0.413837 seconds.
INFO     : 	Load Global Network took 0.21875 seconds (approximately) in total CPU time.
INFO     : Load Global Network virtual memory usage: begin = 462.02 MB, end = 463.34 MB, delta = 1.32 MB
INFO     : 	Load Global Network peak virtual memory usage = 533.524 MB
INFO     : Load Global Network resident set memory usage: begin = 469.66 MB, end = 471.272 MB, delta = 1.612 MB
INFO     : 	Load Global Network peak resident set memory usage = 532.516 MB
INFO     : Reading D:/Efinity/arch/.\rr_pb_hier_mapping.xml
INFO     : Read proto netlist file D:/Efinity_Project/Efinity_Project/Ti60F225_OV5640_Face_Reproduction/work_pnr\Ti60_Demo.net_proto
INFO     : Read proto netlist for file "D:/Efinity_Project/Efinity_Project/Ti60F225_OV5640_Face_Reproduction/work_pnr\Ti60_Demo.net_proto" took 0.027 seconds
INFO     : Setup net and block data structure took 0.17 seconds
INFO     : Reading core interface constraints file "D:/Efinity_Project/Efinity_Project/Ti60F225_OV5640_Face_Reproduction/outflow/Ti60_Demo.interface.csv"
INFO     : Successfully read core interface constraints file "D:/Efinity_Project/Efinity_Project/Ti60F225_OV5640_Face_Reproduction/outflow/Ti60_Demo.interface.csv"
INFO     : Packed netlist loading took 0.796837 seconds.
INFO     : 	Packed netlist loading took 0.5625 seconds (approximately) in total CPU time.
INFO     : Packed netlist loading virtual memory usage: begin = 462.02 MB, end = 497.516 MB, delta = 35.496 MB
INFO     : 	Packed netlist loading peak virtual memory usage = 533.524 MB
INFO     : Packed netlist loading resident set memory usage: begin = 469.66 MB, end = 504.048 MB, delta = 34.388 MB
INFO     : 	Packed netlist loading peak resident set memory usage = 532.516 MB
           ***** Ending stage packed netlist loading *****
           
INFO     : Run checks after load placement.
INFO     : Reading core interface constraints file "D:/Efinity_Project/Efinity_Project/Ti60F225_OV5640_Face_Reproduction/outflow/Ti60_Demo.interface.csv"
INFO     : Successfully read core interface constraints file "D:/Efinity_Project/Efinity_Project/Ti60F225_OV5640_Face_Reproduction/outflow/Ti60_Demo.interface.csv"
INFO     : Successfully loaded placement data from "D:/Efinity_Project/Efinity_Project/Ti60F225_OV5640_Face_Reproduction/outflow/Ti60_Demo.place".
           ***** Beginning stage bitstream generation ... *****
INFO     : Reading core interface constraints file "D:/Efinity_Project/Efinity_Project/Ti60F225_OV5640_Face_Reproduction/outflow/Ti60_Demo.interface.csv"
INFO     : Successfully read core interface constraints file "D:/Efinity_Project/Efinity_Project/Ti60F225_OV5640_Face_Reproduction/outflow/Ti60_Demo.interface.csv"
INFO     : Finished writing bitstream file D:/Efinity_Project/Efinity_Project/Ti60F225_OV5640_Face_Reproduction/work_pnr\Ti60_Demo.lbf.
INFO     : Bitstream generation took 1.54735 seconds.
INFO     : 	Bitstream generation took 1.45312 seconds (approximately) in total CPU time.
INFO     : Bitstream generation virtual memory usage: begin = 460.38 MB, end = 580.02 MB, delta = 119.64 MB
INFO     : 	Bitstream generation peak virtual memory usage = 580.02 MB
INFO     : Bitstream generation resident set memory usage: begin = 467.108 MB, end = 588.048 MB, delta = 120.94 MB
INFO     : 	Bitstream generation peak resident set memory usage = 588.048 MB
           ***** Ending stage bitstream generation *****
           
INFO     : The entire flow of EFX_PNR took 266.018 seconds.
INFO     : 	The entire flow of EFX_PNR took 526.719 seconds (approximately) in total CPU time.
INFO     : The entire flow of EFX_PNR virtual memory usage: begin = 19.904 MB, end = 580.02 MB, delta = 560.116 MB
INFO     : 	The entire flow of EFX_PNR peak virtual memory usage = 580.02 MB
INFO     : The entire flow of EFX_PNR resident set memory usage: begin = 21.268 MB, end = 588.068 MB, delta = 566.8 MB
INFO     : 	The entire flow of EFX_PNR peak resident set memory usage = 588.068 MB
