#-----------------------------------------------------------
# xsim v2018.3 (64-bit)
# SW Build 2405991 on Thu Dec  6 23:38:27 MST 2018
# IP Build 2404404 on Fri Dec  7 01:43:56 MST 2018
# Start of session at: Thu Sep 24 13:15:31 2026
# Process ID: 40348
# Current directory: D:/yilingsi_fpga/Efinity_Project/2026.9.22/9.22.2_ding_Ti60F225_Canny_Face_Parallel/reports/stage1_20260924/sim_run01
# Command line: xsim.exe -mode tcl -source {xsim.dir/hysteresis_local_tb/xsim_script.tcl}
# Log file: D:/yilingsi_fpga/Efinity_Project/2026.9.22/9.22.2_ding_Ti60F225_Canny_Face_Parallel/reports/stage1_20260924/sim_run01/xsim.log
# Journal file: D:/yilingsi_fpga/Efinity_Project/2026.9.22/9.22.2_ding_Ti60F225_Canny_Face_Parallel/reports/stage1_20260924/sim_run01\xsim.jou
#-----------------------------------------------------------
source xsim.dir/hysteresis_local_tb/xsim_script.tcl
# xsim {hysteresis_local_tb} -autoloadwcfg -runall
Vivado Simulator 2018.3
Time resolution is 1 ps
run -all
==================================================
  hysteresis_local_tb: ok=100015 err=0
  *** ALL PASS ***
==================================================
$finish called at time : 2000360 ns : File "D:/yilingsi_fpga/Efinity_Project/2026.9.22/9.22.2_ding_Ti60F225_Canny_Face_Parallel/tb/vision/hysteresis_local_tb.v" Line 178
exit
INFO: [Common 17-206] Exiting xsim at Thu Sep 24 13:15:35 2026...
