Vivado Simulator 2019.2
Copyright 1986-1999, 2001-2019 Xilinx, Inc. All Rights Reserved.
Running: D:/Vivado/Vivado/2019.2/bin/unwrapped/win64.o/xelab.exe tb_contest_video -s tb_contest_video -mt 2 -debug typical 
Using 2 slave threads.
Starting static elaboration
Pass Through NonSizing Optimizer
Completed static elaboration
Starting simulation data flow analysis
Completed simulation data flow analysis
Time Resolution for simulation is 1ps
Compiling module work.rgb565_to_gray
Compiling module work.line_buffer_3x3(WIDTH=128)
Compiling module work.median3x3
Compiling module work.sobel3x3
Compiling module work.gaussian3x3
Compiling module work.line_buffer_3x3(WIDTH=128,DWIDTH...
Compiling module work.nms3x3
Compiling module work.canny_threshold(TH_HIGH=12'b0101...
Compiling module work.line_buffer_3x3(WIDTH=128,DWIDTH...
Compiling module work.hysteresis_local
Compiling module work.canny_stream(WIDTH=128,GAUSSIAN=...
Compiling module work.video_delay(BITS=40,LATENCY=658)
Compiling module work.rgb565_to_rgb888
Compiling module work.rgb565_to_ycbcr_skin
Compiling module work.line_buffer_3x3(WIDTH=128,DWIDTH...
Compiling module work.face_morph(WIDTH=128)
Compiling module work.video_delay(BITS=24,LATENCY=329)
Compiling module work.video_delay(BITS=8,LATENCY=657)
Compiling module work.video_delay(BITS=9,LATENCY=329)
Compiling module work.video_delay(BITS=1,LATENCY=493)
Compiling module work.face_grid_regions(WIDTH=128,HEIG...
Compiling module work.vision_hud
Compiling module work.parallel_overlay(WIDTH=128,HEIGH...
Compiling module work.parallel_video(WIDTH=128,HEIGHT=...
Compiling module work.tb_contest_video
Built simulation snapshot tb_contest_video

****** Webtalk v2019.2 (64-bit)
  **** SW Build 2708876 on Wed Nov  6 21:40:23 MST 2019
  **** IP Build 2700528 on Thu Nov  7 00:09:20 MST 2019
    ** Copyright 1986-2019 Xilinx, Inc. All Rights Reserved.

source D:/house-1/9.25.1_ding_Ti60F225_Canny_Face_Parallel/reports/remove_modes67_20260926/sim/xsim.dir/tb_contest_video/webtalk/xsim_webtalk.tcl -notrace
INFO: [Common 17-206] Exiting Webtalk at Sat Sep 26 17:20:51 2026...
