
****** xsim v2019.2 (64-bit)
  **** SW Build 2708876 on Wed Nov  6 21:40:23 MST 2019
  **** IP Build 2700528 on Thu Nov  7 00:09:20 MST 2019
    ** Copyright 1986-2019 Xilinx, Inc. All Rights Reserved.

source xsim.dir/tb_stage1_display/xsim_script.tcl
# xsim {tb_stage1_display} -autoloadwcfg -runall
Vivado Simulator 2019.2
Time resolution is 1 ps
run -all
PASS stage1 frame=0 mode=5 threshold=40
PASS stage1 frame=1 mode=5 threshold=48
PASS stage1 frame=2 mode=5 threshold=56
PASS stage1 frame=3 mode=5 threshold=64
PASS stage1 frame=4 mode=5 threshold=72
PASS stage1 frame=5 mode=5 threshold=80
PASS stage1 frame=6 mode=5 threshold=88
PASS stage1 frame=7 mode=5 threshold=96
PASS stage1 mode5 independent full-raster reference: 65536 pixels; preserved raw/clean skin checked internally, Sobel, borders, frame commit, config, reset
$finish called at time : 1056360 ns : File "D:/house-1/9.25.1_ding_Ti60F225_Canny_Face_Parallel/tb/parallel/tb_stage1_display.v" Line 141
run: Time (s): cpu = 00:00:00 ; elapsed = 00:00:08 . Memory (MB): peak = 225.324 ; gain = 0.000
exit
INFO: [Common 17-206] Exiting xsim at Sat Sep 26 17:20:47 2026...
