#-----------------------------------------------------------
# xsim v2019.2 (64-bit)
# SW Build 2708876 on Wed Nov  6 21:40:23 MST 2019
# IP Build 2700528 on Thu Nov  7 00:09:20 MST 2019
# Start of session at: Sat Sep 26 17:23:03 2026
# Process ID: 38108
# Current directory: D:/house-1/9.25.1_ding_Ti60F225_Canny_Face_Parallel/reports/remove_modes67_20260926/sim
# Command line: xsim.exe -mode tcl -source {xsim.dir/tb_freeze/xsim_script.tcl}
# Log file: D:/house-1/9.25.1_ding_Ti60F225_Canny_Face_Parallel/reports/remove_modes67_20260926/sim/xsim.log
# Journal file: D:/house-1/9.25.1_ding_Ti60F225_Canny_Face_Parallel/reports/remove_modes67_20260926/sim\xsim.jou
#-----------------------------------------------------------
source xsim.dir/tb_freeze/xsim_script.tcl
# xsim {tb_freeze} -autoloadwcfg -runall
Vivado Simulator 2019.2
Time resolution is 1 ps
run -all
PASS freeze: async K2 debounce/hold/boot, 2556 cycles, startup, simultaneous events, latest frame, no slot collision/overwrite, resume/reset
$finish called at time : 25660 ns : File "D:/house-1/9.25.1_ding_Ti60F225_Canny_Face_Parallel/tb/parallel/tb_freeze.v" Line 57
exit
INFO: [Common 17-206] Exiting xsim at Sat Sep 26 17:23:08 2026...
