
****** xsim v2018.3 (64-bit)
  **** SW Build 2405991 on Thu Dec  6 23:38:27 MST 2018
  **** IP Build 2404404 on Fri Dec  7 01:43:56 MST 2018
    ** Copyright 1986-2018 Xilinx, Inc. All Rights Reserved.

source xsim.dir/tb_contest_video/xsim_script.tcl
# xsim {tb_contest_video} -autoloadwcfg -runall
Vivado Simulator 2018.3
Time resolution is 1 ps
run -all
PASS new mode 8 independent pixel reference
PASS new mode 9 independent pixel reference
PASS new mode 10 independent pixel reference
PASS new mode 11 independent pixel reference
PASS new mode 13 independent pixel reference
PASS new mode 1 independent pixel reference
PASS new mode 12 independent pixel reference
PASS new mode 5 independent pixel reference
PASS contest full raster 65536 pixels; Gaussian local-Canny edges=1148; Sobel/median/neon/overlay/ROI/commit
$finish called at time : 1056310 ns : File "D:/yilingsi_fpga/Efinity_Project/2026.9.25/9.25.1_ding_Ti60F225_Canny_Face_Parallel/tb/parallel/tb_contest_video.v" Line 129
run: Time (s): cpu = 00:00:00 ; elapsed = 00:00:09 . Memory (MB): peak = 218.055 ; gain = 0.000
exit
INFO: [Common 17-206] Exiting xsim at Fri Sep 25 14:35:19 2026...
