#-----------------------------------------------------------
# xsim v2018.3 (64-bit)
# SW Build 2405991 on Thu Dec  6 23:38:27 MST 2018
# IP Build 2404404 on Fri Dec  7 01:43:56 MST 2018
# Start of session at: Fri Sep 25 14:34:58 2026
# Process ID: 17432
# Current directory: D:/yilingsi_fpga/Efinity_Project/2026.9.25/9.25.1_ding_Ti60F225_Canny_Face_Parallel/reports/contest_20260925/final_sim
# Command line: xsim.exe -mode tcl -source {xsim.dir/tb_shape/xsim_script.tcl}
# Log file: D:/yilingsi_fpga/Efinity_Project/2026.9.25/9.25.1_ding_Ti60F225_Canny_Face_Parallel/reports/contest_20260925/final_sim/xsim.log
# Journal file: D:/yilingsi_fpga/Efinity_Project/2026.9.25/9.25.1_ding_Ti60F225_Canny_Face_Parallel/reports/contest_20260925/final_sim\xsim.jou
#-----------------------------------------------------------
source xsim.dir/tb_shape/xsim_script.tcl
# xsim {tb_shape} -autoloadwcfg -runall
Vivado Simulator 2018.3
Time resolution is 1 ps
run -all
PASS ROI shape: measured rectangle/circle, startup, empty stale clear, noise/diagonal/open-rectangle rejection
$finish called at time : 7436200 ns : File "D:/yilingsi_fpga/Efinity_Project/2026.9.25/9.25.1_ding_Ti60F225_Canny_Face_Parallel/tb/parallel/tb_shape.v" Line 37
exit
INFO: [Common 17-206] Exiting xsim at Fri Sep 25 14:35:03 2026...
