
****** xsim v2019.2 (64-bit)
  **** SW Build 2708876 on Wed Nov  6 21:40:23 MST 2019
  **** IP Build 2700528 on Thu Nov  7 00:09:20 MST 2019
    ** Copyright 1986-2019 Xilinx, Inc. All Rights Reserved.

source xsim.dir/tb_contest_video/xsim_script.tcl
# xsim {tb_contest_video} -autoloadwcfg -runall
Vivado Simulator 2019.2
Time resolution is 1 ps
run -all
PASS new mode 10 independent pixel reference
PASS new mode 10 independent pixel reference
PASS new mode 10 independent pixel reference
PASS new mode 0 independent pixel reference
PASS new mode 13 independent pixel reference
PASS new mode 1 independent pixel reference
PASS new mode 0 independent pixel reference
PASS new mode 5 independent pixel reference
PASS contest full raster 65536 pixels; Gaussian local-Canny edges=1148; Sobel/median/red-overlay at thresholds 40/80/160/RGB/commit
$finish called at time : 1056310 ns : File "D:/house-1/9.25.1_ding_Ti60F225_Canny_Face_Parallel/tb/parallel/tb_contest_video.v" Line 121
run: Time (s): cpu = 00:00:00 ; elapsed = 00:00:06 . Memory (MB): peak = 224.398 ; gain = 0.000
exit
INFO: [Common 17-206] Exiting xsim at Sat Sep 26 16:56:25 2026...
