#-----------------------------------------------------------
# xsim v2019.2 (64-bit)
# SW Build 2708876 on Wed Nov  6 21:40:23 MST 2019
# IP Build 2700528 on Thu Nov  7 00:09:20 MST 2019
# Start of session at: Sat Sep 26 16:58:53 2026
# Process ID: 10256
# Current directory: D:/house-1/9.25.1_ding_Ti60F225_Canny_Face_Parallel/reports/remove_modes2489_20260926/sim
# Command line: xsim.exe -mode tcl -source {xsim.dir/tb_filters/xsim_script.tcl}
# Log file: D:/house-1/9.25.1_ding_Ti60F225_Canny_Face_Parallel/reports/remove_modes2489_20260926/sim/xsim.log
# Journal file: D:/house-1/9.25.1_ding_Ti60F225_Canny_Face_Parallel/reports/remove_modes2489_20260926/sim\xsim.jou
#-----------------------------------------------------------
source xsim.dir/tb_filters/xsim_script.tcl
# xsim {tb_filters} -autoloadwcfg -runall
Vivado Simulator 2019.2
Time resolution is 1 ps
run -all
PASS Gaussian and median: 1012 windows, zero/full-scale, all impulse positions, randomized sort/math, coordinates/valid
$finish called at time : 10170 ns : File "D:/house-1/9.25.1_ding_Ti60F225_Canny_Face_Parallel/tb/parallel/tb_filters.v" Line 25
exit
INFO: [Common 17-206] Exiting xsim at Sat Sep 26 16:58:57 2026...
