#-----------------------------------------------------------
# xsim v2019.2 (64-bit)
# SW Build 2708876 on Wed Nov  6 21:40:23 MST 2019
# IP Build 2700528 on Thu Nov  7 00:09:20 MST 2019
# Start of session at: Sat Sep 26 16:58:12 2026
# Process ID: 39192
# Current directory: D:/house-1/9.25.1_ding_Ti60F225_Canny_Face_Parallel/reports/remove_modes2489_20260926/sim
# Command line: xsim.exe -mode tcl -source {xsim.dir/hysteresis_local_tb/xsim_script.tcl}
# Log file: D:/house-1/9.25.1_ding_Ti60F225_Canny_Face_Parallel/reports/remove_modes2489_20260926/sim/xsim.log
# Journal file: D:/house-1/9.25.1_ding_Ti60F225_Canny_Face_Parallel/reports/remove_modes2489_20260926/sim\xsim.jou
#-----------------------------------------------------------
source xsim.dir/hysteresis_local_tb/xsim_script.tcl
# xsim {hysteresis_local_tb} -autoloadwcfg -runall
Vivado Simulator 2019.2
Time resolution is 1 ps
run -all
==================================================
  hysteresis_local_tb: ok=100015 err=0
  *** ALL PASS ***
==================================================
$finish called at time : 2000360 ns : File "D:/house-1/9.25.1_ding_Ti60F225_Canny_Face_Parallel/tb/vision/hysteresis_local_tb.v" Line 178
exit
INFO: [Common 17-206] Exiting xsim at Sat Sep 26 16:58:17 2026...
