
Efinix FPGA Placement and Routing.
Version: 2025.1.110.5.9 
Date: Wed Oct  7 18:49:49 2026

Copyright (C) 2013 - 2025 Efinix, Inc. All rights reserved.
 
Family: Titanium 
Device: Ti60F225
Top-level Entity Name: Ti60_Demo


---------- GBUFCE Assignments (begin) ----------


+---------------+----------+----------+
|   Clock Net   | GBUFCE_X | GBUFCE_Y |
+---------------+----------+----------+
|    clk_27m    |   218    |   163    |
|  clk_lvds_1x  |   218    |   162    |
|  clk_lvds_7x  |   218    |   158    |
|   clk_pixel   |    1     |   159    |
| clk_pixel_10x |    1     |   164    |
|    clk_sys    |    1     |   162    |
|   cmos_pclk   |   111    |   322    |
|   core_clk    |   218    |   164    |
| dsi_byteclk_i |   112    |    1     |
| dsi_serclk_i  |   107    |    1     |
| dsi_txcclk_i  |   108    |    1     |
|    tac_clk    |   111    |    1     |
|   tdqss_clk   |   110    |    1     |
|    twd_clk    |   218    |   159    |
+---------------+----------+----------+


----------- GBUFCE Assignments (end) ----------



---------- Resource Summary (begin) ----------
Inputs: 68 / 1703 (3.99%)
Outputs: 485 / 2267 (21.39%)
Global Clocks (GBUF): 14 / 32 (43.75%)
Regional Clocks (RBUF): 0 / 32 (0.00%)
	RBUF: Core: 0 / 16 (0.00%)
	RBUF: Periphery: 0 / 8 (0.00%)
	RBUF: Multi-Region: 0 / 8 (0.00%)
XLRs: 34883 / 60800 (57.37%)
	XLRs needed for Logic: 16023 / 60800 (26.35%)
	XLRs needed for Logic + FF: 5419 / 60800 (8.91%)
	XLRs needed for Adder: 4082 / 60800 (6.71%)
	XLRs needed for Adder + FF: 908 / 60800 (1.49%)
	XLRs needed for FF: 7959 / 60800 (13.09%)
	XLRs needed for SRL8: 492 / 14720 (3.34%)
	XLRs needed for SRL8+FF: 0 / 14720 (0.00%)
	XLRs needed for Routing: 0 / 60800 (0.00%)
Memory Blocks: 244 / 256 (95.31%)
DSP Blocks: 37 / 160 (23.12%)
---------- Resource Summary (end) ----------


---------- DSP Packer Summary (begin) ----------

	DSP48 blocks required to legally pack design: 37
	DSP48 blocks recoverable by optimizing:
		-> DSP24/12 control signals & parameters: 1
	Best case scenario DSP count after optimizing: 36

---------- DSP Packer Summary (end) ----------

Elapsed time for entire flow: 0 hours 4 minutes 42 seconds
