#-----------------------------------------------------------
# xsim v2019.2 (64-bit)
# SW Build 2708876 on Wed Nov  6 21:40:23 MST 2019
# IP Build 2700528 on Thu Nov  7 00:09:20 MST 2019
# Start of session at: Wed Oct  7 18:47:04 2026
# Process ID: 25644
# Current directory: D:/FPGA/Ti60_Vision6_WaveFix
# Command line: xsim.exe -log reports/tb_controls6.log -mode tcl -source {xsim.dir/tb_controls6/xsim_script.tcl}
# Log file: D:/FPGA/Ti60_Vision6_WaveFix/reports/tb_controls6.log
# Journal file: D:/FPGA/Ti60_Vision6_WaveFix\xsim.jou
#-----------------------------------------------------------
source xsim.dir/tb_controls6/xsim_script.tcl
# xsim {tb_controls6} -autoloadwcfg -runall
Vivado Simulator 2019.2
Time resolution is 1 ps
run -all
PASS: six-mode keys, UART, pure_en capture, optional detection and auxiliary modes
$finish called at time : 20646 ns : File "D:/FPGA/Ti60_Vision6_WaveFix/sim/tb_controls6.sv" Line 20
exit
INFO: [Common 17-206] Exiting xsim at Wed Oct  7 18:47:08 2026...
