#-----------------------------------------------------------
# xsim v2019.2 (64-bit)
# SW Build 2708876 on Wed Nov  6 21:40:23 MST 2019
# IP Build 2700528 on Thu Nov  7 00:09:20 MST 2019
# Start of session at: Wed Oct  7 18:44:06 2026
# Process ID: 47936
# Current directory: D:/FPGA/Ti60_Vision6_WaveFix
# Command line: xsim.exe -log reports/tb_h5_wave.log -mode tcl -source {xsim.dir/tb_h5_wave/xsim_script.tcl}
# Log file: D:/FPGA/Ti60_Vision6_WaveFix/reports/tb_h5_wave.log
# Journal file: D:/FPGA/Ti60_Vision6_WaveFix\xsim.jou
#-----------------------------------------------------------
source xsim.dir/tb_h5_wave/xsim_script.tcl
# xsim {tb_h5_wave} -autoloadwcfg -runall
Vivado Simulator 2019.2
Time resolution is 1 ps
run -all
PASS: wrist-only and translational wave, two blurred frames, static jitter/one-way/unknown/thumb/heart rejection, timeout, removal, target change and disable
$finish called at time : 6610 ns : File "D:/FPGA/Ti60_Vision6_WaveFix/sim/tb_h5_wave.sv" Line 38
exit
INFO: [Common 17-206] Exiting xsim at Wed Oct  7 18:44:09 2026...
