#-----------------------------------------------------------
# xsim v2019.2 (64-bit)
# SW Build 2708876 on Wed Nov  6 21:40:23 MST 2019
# IP Build 2700528 on Thu Nov  7 00:09:20 MST 2019
# Start of session at: Wed Oct  7 18:44:11 2026
# Process ID: 39420
# Current directory: D:/FPGA/Ti60_Vision6_WaveFix
# Command line: xsim.exe -log reports/tb_h5_raster.log -mode tcl -source {xsim.dir/tb_h5_raster/xsim_script.tcl}
# Log file: D:/FPGA/Ti60_Vision6_WaveFix/reports/tb_h5_raster.log
# Journal file: D:/FPGA/Ti60_Vision6_WaveFix\xsim.jou
#-----------------------------------------------------------
source xsim.dir/tb_h5_raster/xsim_script.tcl
# xsim {tb_h5_raster} -autoloadwcfg -runall
Vivado Simulator 2019.2
Time resolution is 1 ps
run -all
Enrolled 1 in 9 frames
Enrolled 2 in 8 frames
Enrolled 3 in 8 frames
WRIST tilt=0 cls=1 lean=120 phase=2 dir=0 extreme=120 credit=6 cx=159
WRIST tilt=2 cls=1 lean=120 phase=2 dir=0 extreme=120 credit=6 cx=159
WRIST tilt=4 cls=1 lean=120 phase=2 dir=0 extreme=120 credit=6 cx=159
WRIST tilt=6 cls=1 lean=120 phase=2 dir=0 extreme=120 credit=6 cx=159
WRIST tilt=8 cls=1 lean=119 phase=2 dir=0 extreme=120 credit=6 cx=159
WRIST tilt=10 cls=1 lean=125 phase=2 dir=0 extreme=120 credit=6 cx=159
WRIST tilt=12 cls=1 lean=125 phase=2 dir=0 extreme=120 credit=6 cx=159
WRIST tilt=12 cls=1 lean=130 phase=2 dir=0 extreme=120 credit=6 cx=159
WRIST tilt=10 cls=1 lean=130 phase=2 dir=0 extreme=120 credit=6 cx=159
WRIST tilt=8 cls=1 lean=125 phase=2 dir=0 extreme=120 credit=6 cx=159
WRIST tilt=6 cls=1 lean=125 phase=2 dir=0 extreme=120 credit=6 cx=159
WRIST tilt=4 cls=1 lean=119 phase=2 dir=0 extreme=120 credit=6 cx=159
WRIST tilt=2 cls=1 lean=120 phase=2 dir=0 extreme=120 credit=6 cx=159
WRIST tilt=0 cls=1 lean=120 phase=2 dir=0 extreme=120 credit=6 cx=159
WRIST tilt=-2 cls=1 lean=120 phase=2 dir=0 extreme=120 credit=6 cx=159
WRIST tilt=-4 cls=1 lean=120 phase=2 dir=0 extreme=120 credit=6 cx=159
WRIST tilt=-6 cls=1 lean=119 phase=2 dir=0 extreme=120 credit=6 cx=159
WRIST tilt=-8 cls=1 lean=111 phase=2 dir=2 extreme=111 credit=6 cx=159
WRIST tilt=-10 cls=1 lean=111 phase=3 dir=2 extreme=111 credit=6 cx=159
WRIST tilt=-12 cls=1 lean=109 phase=3 dir=2 extreme=109 credit=6 cx=159
WRIST return=-12 cls=1 lean=108 phase=3 dir=2 cx=159
WRIST return=-10 cls=1 lean=108 phase=3 dir=2 cx=159
WRIST return=-8 cls=1 lean=109 phase=3 dir=2 cx=159
WRIST return=-6 cls=1 lean=111 phase=3 dir=2 cx=159
WRIST return=-4 cls=1 lean=111 phase=3 dir=2 cx=159
WRIST return=-2 cls=1 lean=119 phase=3 dir=2 cx=159
WRIST return=0 cls=1 lean=120 phase=3 dir=2 cx=159
WRIST return=2 cls=1 lean=120 phase=3 dir=2 cx=159
WRIST return=4 cls=1 lean=120 phase=3 dir=2 cx=159
WRIST return=6 cls=1 lean=120 phase=3 dir=2 cx=159
WRIST return=8 cls=1 lean=119 phase=3 dir=2 cx=159
WRIST return=10 cls=1 lean=125 phase=3 dir=2 cx=159
WRIST return=12 cls=1 lean=125 phase=3 dir=2 cx=159
Independent evidence used on 33 tilted-palm frames
PASS: H5 RGB-to-template button enrollment and changed-shape wrist-wave; multi-tone fingers; learned thumb/heart/dynamic wave; static/jitter/fist/blank rejection; freeze and mode persistence
$finish called at time : 220320190 ns : File "D:/FPGA/Ti60_Vision6_WaveFix/sim/tb_h5_raster.sv" Line 81
run: Time (s): cpu = 00:00:00 ; elapsed = 00:02:07 . Memory (MB): peak = 224.082 ; gain = 0.000
exit
INFO: [Common 17-206] Exiting xsim at Wed Oct  7 18:46:20 2026...
