#-----------------------------------------------------------
# xsim v2019.2 (64-bit)
# SW Build 2708876 on Wed Nov  6 21:40:23 MST 2019
# IP Build 2700528 on Thu Nov  7 00:09:20 MST 2019
# Start of session at: Wed Oct  7 18:44:03 2026
# Process ID: 34992
# Current directory: D:/FPGA/Ti60_Vision6_WaveFix
# Command line: xsim.exe -log reports/tb_h5_palm.log -mode tcl -source {xsim.dir/tb_h5_palm/xsim_script.tcl}
# Log file: D:/FPGA/Ti60_Vision6_WaveFix/reports/tb_h5_palm.log
# Journal file: D:/FPGA/Ti60_Vision6_WaveFix\xsim.jou
#-----------------------------------------------------------
source xsim.dir/tb_h5_palm/xsim_script.tcl
# xsim {tb_h5_palm} -autoloadwcfg -runall
Vivado Simulator 2019.2
Time resolution is 1 ps
run -all
PASS: independent upright/sideways open-palm evidence, exact upper-hand centroid, thumb/heart/fist/checkerboard/empty/invalid rejection
$finish called at time : 3390 ns : File "D:/FPGA/Ti60_Vision6_WaveFix/sim/tb_h5_palm.sv" Line 27
exit
INFO: [Common 17-206] Exiting xsim at Wed Oct  7 18:44:05 2026...
