#-----------------------------------------------------------
# xsim v2019.2 (64-bit)
# SW Build 2708876 on Wed Nov  6 21:40:23 MST 2019
# IP Build 2700528 on Thu Nov  7 00:09:20 MST 2019
# Start of session at: Wed Oct  7 18:47:21 2026
# Process ID: 46944
# Current directory: D:/FPGA/Ti60_Vision6_WaveFix
# Command line: xsim.exe -log reports/tb_menu_render.log -mode tcl -source {xsim.dir/tb_menu_render/xsim_script.tcl}
# Log file: D:/FPGA/Ti60_Vision6_WaveFix/reports/tb_menu_render.log
# Journal file: D:/FPGA/Ti60_Vision6_WaveFix\xsim.jou
#-----------------------------------------------------------
source xsim.dir/tb_menu_render/xsim_script.tcl
# xsim {tb_menu_render} -autoloadwcfg -runall
Vivado Simulator 2019.2
Time resolution is 1 ps
run -all
PASS: final-font full raster mode 0
PASS: final-font full raster mode 1
PASS: final-font full raster mode 10
PASS: final-font full raster mode 9
PASS: final-font full raster mode 14
PASS: final-font full raster mode 15
$finish called at time : 73728571 ns : File "D:/FPGA/Ti60_Vision6_WaveFix/sim/tb_menu_render.sv" Line 27
run: Time (s): cpu = 00:00:00 ; elapsed = 00:00:12 . Memory (MB): peak = 225.301 ; gain = 0.000
exit
INFO: [Common 17-206] Exiting xsim at Wed Oct  7 18:47:38 2026...
