#-----------------------------------------------------------
# xsim v2018.3 (64-bit)
# SW Build 2405991 on Thu Dec  6 23:38:27 MST 2018
# IP Build 2404404 on Fri Dec  7 01:43:56 MST 2018
# Start of session at: Thu Sep 24 12:58:11 2026
# Process ID: 35068
# Current directory: D:/yilingsi_fpga/Efinity_Project/2026.9.22/9.22.2_ding_Ti60F225_Canny_Face_Parallel/sim_parallel
# Command line: xsim.exe -mode tcl -source {xsim.dir/canny_threshold_ports_tb/xsim_script.tcl}
# Log file: D:/yilingsi_fpga/Efinity_Project/2026.9.22/9.22.2_ding_Ti60F225_Canny_Face_Parallel/sim_parallel/xsim.log
# Journal file: D:/yilingsi_fpga/Efinity_Project/2026.9.22/9.22.2_ding_Ti60F225_Canny_Face_Parallel/sim_parallel\xsim.jou
#-----------------------------------------------------------
source xsim.dir/canny_threshold_ports_tb/xsim_script.tcl
# xsim {canny_threshold_ports_tb} -autoloadwcfg -runall
Vivado Simulator 2018.3
Time resolution is 1 ps
run -all
==================================================
  canny_threshold_ports_tb: ok=150018 err=0
  *** ALL PASS ***
==================================================
$finish called at time : 3000960 ns : File "D:/yilingsi_fpga/Efinity_Project/2026.9.22/9.22.2_ding_Ti60F225_Canny_Face_Parallel/tb/vision/canny_threshold_ports_tb.v" Line 172
exit
INFO: [Common 17-206] Exiting xsim at Thu Sep 24 12:58:14 2026...
