#-----------------------------------------------------------
# xsim v2018.3 (64-bit)
# SW Build 2405991 on Thu Dec  6 23:38:27 MST 2018
# IP Build 2404404 on Fri Dec  7 01:43:56 MST 2018
# Start of session at: Tue Sep 22 23:01:47 2026
# Process ID: 38552
# Current directory: D:/yilingsi_fpga/Efinity_Project/2026.9.22/9.22.2_ding_Ti60F225_Canny_Face_Parallel/sim_parallel
# Command line: xsim.exe -mode tcl -source {xsim.dir/tb_controls/xsim_script.tcl}
# Log file: D:/yilingsi_fpga/Efinity_Project/2026.9.22/9.22.2_ding_Ti60F225_Canny_Face_Parallel/sim_parallel/xsim.log
# Journal file: D:/yilingsi_fpga/Efinity_Project/2026.9.22/9.22.2_ding_Ti60F225_Canny_Face_Parallel/sim_parallel\xsim.jou
#-----------------------------------------------------------
source xsim.dir/tb_controls/xsim_script.tcl
# xsim {tb_controls} -autoloadwcfg -runall
Vivado Simulator 2018.3
Time resolution is 1 ps
run -all
PASS UART 0-4/m/+/-/reset/clamps and five-mode colour priority with sync
$finish called at time : 255530 ns : File "D:/yilingsi_fpga/Efinity_Project/2026.9.22/9.22.2_ding_Ti60F225_Canny_Face_Parallel/tb/parallel/tb_controls.v" Line 31
exit
INFO: [Common 17-206] Exiting xsim at Tue Sep 22 23:01:49 2026...
