Vivado Simulator 2018.3
Copyright 1986-1999, 2001-2018 Xilinx, Inc. All Rights Reserved.
Running: D:/Xilinx/Vivado/2018.3/bin/unwrapped/win64.o/xelab.exe tb_controls -s tb_controls -mt 2 
Using 2 slave threads.
Starting static elaboration
Completed static elaboration
Starting simulation data flow analysis
Completed simulation data flow analysis
Time Resolution for simulation is 1ps
Compiling module work.uart_params(CLKS_PER_BIT=8)
Compiling module work.parallel_overlay(WIDTH=64)
Compiling module work.parallel_overlay(WIDTH=64,DEBUG_...
Compiling module work.tb_controls
Built simulation snapshot tb_controls

****** Webtalk v2018.3 (64-bit)
  **** SW Build 2405991 on Thu Dec  6 23:38:27 MST 2018
  **** IP Build 2404404 on Fri Dec  7 01:43:56 MST 2018
    ** Copyright 1986-2018 Xilinx, Inc. All Rights Reserved.

source D:/yilingsi_fpga/Efinity_Project/2026.9.22/9.22.2_ding_Ti60F225_Canny_Face_Parallel/reports/stage1_20260924/sim_run03/xsim.dir/tb_controls/webtalk/xsim_webtalk.tcl -notrace
INFO: [Common 17-206] Exiting Webtalk at Thu Sep 24 13:22:28 2026...
